 cgamex86

 Timestamp is 4ee97f55 (Wed Dec 14 21:02:13 2011)

 Preferred load address is 30000000

 Start         Length     Name                   Class
 0001:00000000 000964c8H .text                   CODE
 0001:000964c8 00000014H .text$yd                CODE
 0002:00000000 00000160H .idata$5                DATA
 0002:00000160 00000004H .CRT$XCA                DATA
 0002:00000164 00000004H .CRT$XCZ                DATA
 0002:00000168 00000004H .CRT$XIA                DATA
 0002:0000016c 00000014H .CRT$XIC                DATA
 0002:00000180 00000004H .CRT$XIZ                DATA
 0002:00000184 00000004H .CRT$XPA                DATA
 0002:00000188 00000004H .CRT$XPX                DATA
 0002:0000018c 00000004H .CRT$XPXA               DATA
 0002:00000190 00000004H .CRT$XPZ                DATA
 0002:00000194 00000004H .CRT$XTA                DATA
 0002:00000198 00000004H .CRT$XTZ                DATA
 0002:000001a0 00023ca0H .rdata                  DATA
 0002:00023e40 000000dcH .rdata$r                DATA
 0002:00023f20 0000000cH .rdata$sxdata           DATA
 0002:00023f2c 00000004H .rtc$IAA                DATA
 0002:00023f30 00000004H .rtc$IZZ                DATA
 0002:00023f34 00000004H .rtc$TAA                DATA
 0002:00023f38 00000004H .rtc$TZZ                DATA
 0002:00023f40 0000056cH .xdata$x                DATA
 0002:000244ac 00000028H .idata$2                DATA
 0002:000244d4 00000014H .idata$3                DATA
 0002:000244e8 00000160H .idata$4                DATA
 0002:00024648 0000063eH .idata$6                DATA
 0002:00024c90 00000059H .edata                  DATA
 0003:00000000 0000c350H .data                   DATA
 0003:0000c360 00b1af48H .bss                    DATA
 0004:00000000 00000058H .rsrc$01                DATA
 0004:00000060 00000338H .rsrc$02                DATA

  Address         Publics by Value              Rva+Base       Lib:Object

 0000:00000000       __except_list              00000000     <absolute>
 0000:00000003       ___safe_se_handler_count   00000003     <absolute>
 0000:00000000       ___ImageBase               30000000     <linker-defined>
 0001:000000c0       ?detour_gen_brk@@YAPAEPAE0@Z 300010c0 f i detours:detours.obj
 0001:000000f0       ?detour_does_code_end_function@@YAHPAE@Z 300010f0 f i detours:detours.obj
 0001:00000430       _DetourCodeFromPointer@8   30001430 f   detours:detours.obj
 0001:00000480       _DetourTransactionBegin@0  30001480 f   detours:detours.obj
 0001:00000500       _DetourTransactionAbort@0  30001500 f   detours:detours.obj
 0001:00000600       _DetourTransactionCommit@0 30001600 f   detours:detours.obj
 0001:00000610       _DetourTransactionCommitEx@4 30001610 f   detours:detours.obj
 0001:00000940       _DetourUpdateThread@4      30001940 f   detours:detours.obj
 0001:000009d0       _DetourAttach@8            300019d0 f   detours:detours.obj
 0001:000009e0       _DetourAttachEx@20         300019e0 f   detours:detours.obj
 0001:00000c10       _DetourDetach@8            30001c10 f   detours:detours.obj
 0001:00000d30       _DetourEnumerateModules@4  30001d30 f   detours:modules.obj
 0001:00000f90       _DetourFindPayload@12      30001f90 f   detours:modules.obj
 0001:000010f0       _DetourRestoreAfterWithEx@8 300020f0 f   detours:modules.obj
 0001:000011f0       _DetourRestoreAfterWith@0  300021f0 f   detours:modules.obj
 0001:00001240       _DetourCopyInstructionEx@16 30002240 f   detours:disasm.obj
 0001:000012d0       ?CopyBytes@CDetourDis@@IAEPAEPBUCOPYENTRY@1@PAE1@Z 300022d0 f   detours:disasm.obj
 0001:000013e0       ?CopyBytesPrefix@CDetourDis@@IAEPAEPBUCOPYENTRY@1@PAE1@Z 300023e0 f   detours:disasm.obj
 0001:00001420       ?AdjustTarget@CDetourDis@@IAEPAEPAE0JJJ@Z 30002420 f   detours:disasm.obj
 0001:00001510       ?Invalid@CDetourDis@@IAEPAEPBUCOPYENTRY@1@PAE1@Z 30002510 f   detours:disasm.obj
 0001:00001520       ?Copy0F@CDetourDis@@IAEPAEPBUCOPYENTRY@1@PAE1@Z 30002520 f   detours:disasm.obj
 0001:00001560       ?Copy66@CDetourDis@@IAEPAEPBUCOPYENTRY@1@PAE1@Z 30002560 f   detours:disasm.obj
 0001:000015a0       ?Copy67@CDetourDis@@IAEPAEPBUCOPYENTRY@1@PAE1@Z 300025a0 f   detours:disasm.obj
 0001:000015e0       ?CopyF6@CDetourDis@@IAEPAEPBUCOPYENTRY@1@PAE1@Z 300025e0 f   detours:disasm.obj
 0001:00001630       ?CopyF7@CDetourDis@@IAEPAEPBUCOPYENTRY@1@PAE1@Z 30002630 f   detours:disasm.obj
 0001:00001680       ?CopyFF@CDetourDis@@IAEPAEPBUCOPYENTRY@1@PAE1@Z 30002680 f   detours:disasm.obj
 0001:000016e0       _DllMain@12                300026e0 f   detours:detoured.obj
 0001:00001a50       _G_SetAnimalVehicleFunctions 30002a50 f   AnimalNPC.obj
 0001:00001a80       _G_CreateWalkerNPC         30002a80 f   WalkerNPC.obj
 0001:00001a80       _G_CreateFighterNPC        30002a80 f   FighterNPC.obj
 0001:00001a80       _G_CreateAnimalNPC         30002a80 f   AnimalNPC.obj
 0001:00001a80       _G_CreateSpeederNPC        30002a80 f   SpeederNPC.obj
 0001:00001ad0       _BG_AttachToRancor         30002ad0 f   bg_g2_utils.obj
 0001:00001c90       _BG_GetRootSurfNameWithVariant 30002c90 f   bg_g2_utils.obj
 0001:00001d80       _BG_FileExists             30002d80 f   bg_misc.obj
 0001:00001dc0       _BG_ParseField             30002dc0 f   bg_misc.obj
 0001:00001ef0       _vectoyaw                  30002ef0 f   bg_misc.obj
 0001:00001f90       _BG_HasYsalamiri           30002f90 f   bg_misc.obj
 0001:00001fd0       _BG_CanUseFPNow            30002fd0 f   bg_misc.obj
 0001:000020c0       _BG_FindItemForPowerup     300030c0 f   bg_misc.obj
 0001:00002120       _BG_FindItemForHoldable    30003120 f   bg_misc.obj
 0001:00002180       _BG_FindItemForWeapon      30003180 f   bg_misc.obj
 0001:000021d0       _BG_ProperForceIndex       300031d0 f   bg_misc.obj
 0001:00002200       _BG_CycleForce             30003200 f   bg_misc.obj
 0001:000022e0       _BG_GetItemIndexByTag      300032e0 f   bg_misc.obj
 0001:00002320       _BG_IsItemSelectable       30003320 f   bg_misc.obj
 0001:00002340       _BG_CycleInven             30003340 f   bg_misc.obj
 0001:00002410       _BG_CanItemBeGrabbed       30003410 f   bg_misc.obj
 0001:00002710       _BG_EvaluateTrajectory     30003710 f   bg_misc.obj
 0001:00002900       _BG_EvaluateTrajectoryDelta 30003900 f   bg_misc.obj
 0001:00002ac0       _BG_AddPredictableEventToPlayerstate 30003ac0 f   bg_misc.obj
 0001:00002b00       _BG_TouchJumpPad           30003b00 f   bg_misc.obj
 0001:00002b80       _BG_EmplacedView           30003b80 f   bg_misc.obj
 0001:00002c60       _BG_IsValidCharacterModel  30003c60 f   bg_misc.obj
 0001:00002ce0       _BG_ValidateSkinForTeam    30003ce0 f   bg_misc.obj
 0001:00002f10       _BG_PlayerStateToEntityState 30003f10 f   bg_misc.obj
 0001:000032c0       _BG_ModelCache             300042c0 f   bg_misc.obj
 0001:000032f0       _BG_Alloc                  300042f0 f   bg_misc.obj
 0001:00003340       _BG_TempAlloc              30004340 f   bg_misc.obj
 0001:00003380       _BG_TempFree               30004380 f   bg_misc.obj
 0001:000033c0       _BG_PlayerTouchesItem      300043c0 f   bg_misc.obj
 0001:00003460       _BG_InSaberStandAnim       30004460 f   bg_panimate.obj
 0001:00003490       _BG_InReboundJump          30004490 f   bg_panimate.obj
 0001:000034b0       _BG_InReboundHold          300044b0 f   bg_panimate.obj
 0001:000034d0       _BG_InBackFlip             300044d0 f   bg_panimate.obj
 0001:000034f0       _BG_SaberInAttack          300044f0 f   bg_panimate.obj
 0001:00003520       _BG_SaberInKata            30004520 f   bg_panimate.obj
 0001:00003540       _BG_InKataAnim             30004540 f   bg_panimate.obj
 0001:00003560       _BG_SaberInSpecial         30004560 f   bg_panimate.obj
 0001:00003580       _BG_KickMove               30004580 f   bg_panimate.obj
 0001:000035a0       _BG_SaberInIdle            300045a0 f   bg_panimate.obj
 0001:000035c0       _BG_FlippingAnim           300045c0 f   bg_panimate.obj
 0001:000036a0       _BG_SpinningSaberAnim      300046a0 f   bg_panimate.obj
 0001:00003900       _BG_SaberInSpecialAttack   30004900 f   bg_panimate.obj
 0001:00003a60       _BG_KickingAnim            30004a60 f   bg_panimate.obj
 0001:00003ac0       _BG_InGrappleMove          30004ac0 f   bg_panimate.obj
 0001:00003b10       _BG_InRoll                 30004b10 f   bg_panimate.obj
 0001:00003ba0       _BG_InDeathAnim            30004ba0 f   bg_panimate.obj
 0001:00003be0       _BG_InKnockDownOnly        30004be0 f   bg_panimate.obj
 0001:00003c00       _BG_InSaberLockOld         30004c00 f   bg_panimate.obj
 0001:00003c40       _BG_InSaberLock            30004c40 f   bg_panimate.obj
 0001:00003d00       _PM_SaberBounceForAttack   30004d00 f   bg_panimate.obj
 0001:00003d80       _PM_SaberInParry           30004d80 f   bg_panimate.obj
 0001:00003da0       _PM_SaberInKnockaway       30004da0 f   bg_panimate.obj
 0001:00003dc0       _PM_SaberInReflect         30004dc0 f   bg_panimate.obj
 0001:00003de0       _PM_SaberInStart           30004de0 f   bg_panimate.obj
 0001:00003e00       _PM_SaberInReturn          30004e00 f   bg_panimate.obj
 0001:00003e20       _PM_InSaberAnim            30004e20 f   bg_panimate.obj
 0001:00003e40       _PM_InKnockDown            30004e40 f   bg_panimate.obj
 0001:00003ea0       _PM_PainAnim               30004ea0 f   bg_panimate.obj
 0001:00003ec0       _PM_JumpingAnim            30004ec0 f   bg_panimate.obj
 0001:00003ee0       _PM_LandingAnim            30004ee0 f   bg_panimate.obj
 0001:00003f30       _PM_InOnGroundAnim         30004f30 f   bg_panimate.obj
 0001:00003f70       _PM_InRollComplete         30004f70 f   bg_panimate.obj
 0001:00003fa0       _PM_CanRollFromSoulCal     30004fa0 f   bg_panimate.obj
 0001:00003fd0       _BG_SuperBreakLoseAnim     30004fd0 f   bg_panimate.obj
 0001:00004060       _BG_SuperBreakWinAnim      30005060 f   bg_panimate.obj
 0001:000040f0       _BG_SaberLockBreakAnim     300050f0 f   bg_panimate.obj
 0001:00004280       _BG_FullBodyTauntAnim      30005280 f   bg_panimate.obj
 0001:000042d0       _BG_AnimLength             300052d0 f   bg_panimate.obj
 0001:00004320       _PM_AnimLength             30005320 f   bg_panimate.obj
 0001:00004390       _PM_SaberInTransition      30005390 f   bg_panimate.obj
 0001:000043b0       _BG_SaberInTransitionAny   300053b0 f   bg_panimate.obj
 0001:000043e0       _BG_InitAnimsets           300053e0 f   bg_panimate.obj
 0001:00004400       _BG_AnimsetAlloc           30005400 f   bg_panimate.obj
 0001:00004430       _CheckAnimFrameForEventType 30005430 f   bg_panimate.obj
 0001:00004460       _ParseAnimationEvtBlock    30005460 f   bg_panimate.obj
 0001:00004a20       _BG_ParseAnimationEvtFile  30005a20 f   bg_panimate.obj
 0001:00004d10       _BG_ParseAnimationFile     30005d10 f   bg_panimate.obj
 0001:00005040       _PM_ContinueLegsAnim       30006040 f   bg_panimate.obj
 0001:00005090       _PM_StartTorsoAnim         30006090 f   bg_panimate.obj
 0001:000050c0       _BG_SaberStartTransAnim    300060c0 f   bg_panimate.obj
 0001:000051c0       _BG_SetAnimFinal           300061c0 f   bg_panimate.obj
 0001:00005420       _BG_SetAnim                30006420 f   bg_panimate.obj
 0001:000054d0       _PM_SetAnim                300064d0 f   bg_panimate.obj
 0001:00005500       _BG_InSpecialJump          30006500 f   bg_panimate.obj
 0001:00005600       _PM_ForceLegsAnim          30006600 f   bg_panimate.obj
 0001:00005760       _PM_BGEntForNum            30006760 f   bg_pmove.obj
 0001:00005790       _BG_SabersOff              30006790 f   bg_pmove.obj
 0001:000057c0       _BG_KnockDownable          300067c0 f   bg_pmove.obj
 0001:000057f0       _PM_GetSaberStance         300067f0 f   bg_pmove.obj
 0001:000058e0       _PM_pitch_roll_for_slope   300068e0 f   bg_pmove.obj
 0001:00005bc0       _PM_SetSpecialMoveValues   30006bc0 f   bg_pmove.obj
 0001:00005fb0       _BG_VehicleTurnRateForSpeed 30006fb0 f   bg_pmove.obj
 0001:00006080       _PM_AddEvent               30007080 f   bg_pmove.obj
 0001:000060a0       _PM_AddEventWithParm       300070a0 f   bg_pmove.obj
 0001:000060c0       _PM_AddTouchEnt            300070c0 f   bg_pmove.obj
 0001:00006110       _PM_ClipVelocity           30007110 f   bg_pmove.obj
 0001:00006770       _PM_ForceJumpingUp         30007770 f   bg_pmove.obj
 0001:000068d0       _PM_SetPMViewAngle         300078d0 f   bg_pmove.obj
 0001:00006940       _PM_AdjustAngleForWallRun  30007940 f   bg_pmove.obj
 0001:00006ce0       _PM_AdjustAngleForWallRunUp 30007ce0 f   bg_pmove.obj
 0001:00007080       _PM_AdjustAngleForWallJump 30008080 f   bg_pmove.obj
 0001:00007480       _PM_SetForceJumpZStart     30008480 f   bg_pmove.obj
 0001:000074c0       _PM_GrabWallForJump        300084c0 f   bg_pmove.obj
 0001:0000ad50       _PM_CheckDualForwardJumpDuck 3000bd50 f   bg_pmove.obj
 0001:0000ade0       _PM_CheckFixMins           3000bde0 f   bg_pmove.obj
 0001:0000b390       _PM_Use                    3000c390 f   bg_pmove.obj
 0001:0000b3f0       _PM_WalkingAnim            3000c3f0 f   bg_pmove.obj
 0001:0000b450       _PM_RunningAnim            3000c450 f   bg_pmove.obj
 0001:0000b4a0       _PM_SwimmingAnim           3000c4a0 f   bg_pmove.obj
 0001:0000b4c0       _PM_FootSlopeTrace         3000c4c0 f   bg_pmove.obj
 0001:0000b690       _BG_InSlopeAnim            3000c690 f   bg_pmove.obj
 0001:0000b6b0       _PM_AdjustStandAnimForSlope 3000c6b0 f   bg_pmove.obj
 0001:0000bb90       _PM_LegsSlopeBackTransition 3000cb90 f   bg_pmove.obj
 0001:0000c530       _BG_ClearRocketLock        3000d530 f   bg_pmove.obj
 0001:0000c560       _PM_BeginWeaponChange      3000d560 f   bg_pmove.obj
 0001:0000c610       _PM_FinishWeaponChange     3000d610 f   bg_pmove.obj
 0001:0000c690       _BG_VehTraceFromCamPos     3000d690 f   bg_pmove.obj
 0001:0000c840       _PM_RocketLock             3000d840 f   bg_pmove.obj
 0001:0000d170       _PM_VehicleWeaponAnimate   3000e170 f   bg_pmove.obj
 0001:0000eb00       _BG_UnrestrainedPitchRoll  3000fb00 f   bg_pmove.obj
 0001:0000eb60       _PM_UpdateViewAngles       3000fb60 f   bg_pmove.obj
 0001:0000ec00       _PM_AdjustAttackStates     3000fc00 f   bg_pmove.obj
 0001:0000eef0       _BG_CmdForRoll             3000fef0 f   bg_pmove.obj
 0001:0000f0c0       _BG_AdjustClientSpeed      300100c0 f   bg_pmove.obj
 0001:0000f430       _BG_InKnockDown            30010430 f   bg_pmove.obj
 0001:0000f480       _BG_InRollES               30010480 f   bg_pmove.obj
 0001:0000f4a0       _BG_IK_MoveArm             300104a0 f   bg_pmove.obj
 0001:0000f8b0       _BG_UpdateLookAngles       300108b0 f   bg_pmove.obj
 0001:000101d0       _BG_InRoll2                300111d0 f   bg_pmove.obj
 0001:00010260       _BG_G2PlayerAngles         30011260 f   bg_pmove.obj
 0001:00010da0       _BG_G2ATSTAngles           30011da0 f   bg_pmove.obj
 0001:000110f0       _PM_VehicleViewAngles      300120f0 f   bg_pmove.obj
 0001:00011330       _PM_WeaponOkOnVehicle      30012330 f   bg_pmove.obj
 0001:00011350       _PM_GetOkWeaponForVehicle  30012350 f   bg_pmove.obj
 0001:00011390       _PM_VehForcedTurning       30012390 f   bg_pmove.obj
 0001:00011520       _PM_VehFaceHyperspacePoint 30012520 f   bg_pmove.obj
 0001:000117d0       _BG_VehicleAdjustBBoxForOrientation 300127d0 f   bg_pmove.obj
 0001:00011c30       _PM_MoveForKata            30012c30 f   bg_pmove.obj
 0001:00011d90       _PM_HoverTrace             30012d90 f   bg_pmove.obj
 0001:00012200       _PmoveSingle               30013200 f   bg_pmove.obj
 0001:00013760       _Pmove                     30014760 f   bg_pmove.obj
 0001:00013810       _PM_irand_timesync         30014810 f   bg_saber.obj
 0001:00013860       _BG_ForcePowerDrain        30014860 f   bg_saber.obj
 0001:00013950       _BG_EnoughForcePowerForMove 30014950 f   bg_saber.obj
 0001:00013980       _PM_SaberMoveQuadrantForMovement 30014980 f   bg_saber.obj
 0001:000139e0       _PM_SaberInBounce          300149e0 f   bg_saber.obj
 0001:00013a10       _PM_SaberAttackChainAngle  30014a10 f   bg_saber.obj
 0001:00013a50       _PM_SaberKataDone          30014a50 f   bg_saber.obj
 0001:00013ba0       _PM_SaberLockWinAnim       30014ba0 f   bg_saber.obj
 0001:00013d00       _PM_SaberLockLoseAnim      30014d00 f   bg_saber.obj
 0001:00013dc0       _PM_SaberLockResultAnim    30014dc0 f   bg_saber.obj
 0001:00013ea0       _PM_SaberLockBreak         30014ea0 f   bg_saber.obj
 0001:000141d0       _PM_SaberLocked            300151d0 f   bg_saber.obj
 0001:00014680       _PM_SaberInBrokenParry     30015680 f   bg_saber.obj
 0001:000146b0       _PM_BrokenParryForParry    300156b0 f   bg_saber.obj
 0001:000147c0       _PM_CanBackstab            300157c0 f   bg_saber.obj
 0001:000148e0       _PM_GroundDistance         300158e0 f   bg_saber.obj
 0001:00014990       _PM_WalkableGroundDistance 30015990 f   bg_saber.obj
 0001:00014a60       _PM_KickMoveForConditions  30015a60 f   bg_saber.obj
 0001:00014aa0       _PM_SaberPowerCheck        30015aa0 f   bg_saber.obj
 0001:00014af0       _BG_MySaber                30015af0 f   bg_saber.obj
 0001:00014b50       _PM_SaberAnimTransitionAnim 30015b50 f   bg_saber.obj
 0001:00014cd0       _PM_CheckStabDown          30015cd0 f   bg_saber.obj
 0001:00014ee0       _PM_SaberFlipOverAttackMove 30015ee0 f   bg_saber.obj
 0001:00015070       _PM_SaberBackflipAttackMove 30016070 f   bg_saber.obj
 0001:00015180       _PM_SaberLungeAttackMove   30016180 f   bg_saber.obj
 0001:00015310       _PM_SaberJumpAttackMove2   30016310 f   bg_saber.obj
 0001:00015420       _PM_SaberJumpAttackMove    30016420 f   bg_saber.obj
 0001:00015630       _PM_SaberAttackForMovement 30016630 f   bg_saber.obj
 0001:00016380       _PM_CanDoKata              30017380 f   bg_saber.obj
 0001:000164b0       _PM_CheckAltKickAttack     300174b0 f   bg_saber.obj
 0001:00016550       _PM_CanDoRollStab          30017550 f   bg_saber.obj
 0001:000165b0       _PM_SetSaberMove           300175b0 f   bg_saber.obj
 0001:00016cb0       _PM_WeaponLightsaber       30017cb0 f   bg_saber.obj
 0001:00018a20       _BG_ParseLiteral           30019a20 f   bg_saberLoad.obj
 0001:00018a80       _TranslateSaberColor       30019a80 f   bg_saberLoad.obj
 0001:00018b40       _TranslateSaberStyle       30019b40 f   bg_saberLoad.obj
 0001:00018c00       _WP_SaberBladeUseSecondBladeStyle 30019c00 f   bg_saberLoad.obj
 0001:00018c30       _WP_SaberSetDefaults       30019c30 f   bg_saberLoad.obj
 0001:00018f70       _WP_SaberParseParms        30019f70 f   bg_saberLoad.obj
 0001:0001b580       _WP_SaberParseParm         3001c580 f   bg_saberLoad.obj
 0001:0001b6b0       _WP_SaberValidForPlayerInMP 3001c6b0 f   bg_saberLoad.obj
 0001:0001b710       _WP_SaberLoadParms         3001c710 f   bg_saberLoad.obj
 0001:0001b850       _BG_SI_SetLength           3001c850 f   bg_saberLoad.obj
 0001:0001b880       _BG_SI_SetDesiredLength    3001c880 f   bg_saberLoad.obj
 0001:0001b8d0       _BG_SI_SetLengthGradual    3001c8d0 f   bg_saberLoad.obj
 0001:0001ba50       _WP_RemoveSaber            3001ca50 f   bg_saberLoad.obj
 0001:0001bae0       _WP_SetSaber               3001cae0 f   bg_saberLoad.obj
 0001:0001bba0       _BG_SiegeStripTabs         3001cba0 f   bg_saga.obj
 0001:0001bbe0       _BG_SiegeGetValueGroup     3001cbe0 f   bg_saga.obj
 0001:0001bef0       _BG_SiegeGetPairedValue    3001cef0 f   bg_saga.obj
 0001:0001c160       _BG_SiegeTranslateForcePowers 3001d160 f   bg_saga.obj
 0001:0001c340       _BG_SiegeTranslateGenericTable 3001d340 f   bg_saga.obj
 0001:0001c430       _BG_SiegeParseClassFile    3001d430 f   bg_saga.obj
 0001:0001cd20       _BG_SiegeLoadClasses       3001dd20 f   bg_saga.obj
 0001:0001ce30       _BG_SiegeFindClassByName   3001de30 f   bg_saga.obj
 0001:0001ce80       _BG_SiegeLoadTeams         3001de80 f   bg_saga.obj
 0001:0001d1b0       _BG_SiegeFindThemeForTeam  3001e1b0 f   bg_saga.obj
 0001:0001d1e0       _BG_PrecacheSabersForSiegeTeam 3001e1e0 f   bg_saga.obj
 0001:0001d2c0       _BG_SiegeFindTeamForTheme  3001e2c0 f   bg_saga.obj
 0001:0001d320       _BG_SiegeSetTeamTheme      3001e320 f   bg_saga.obj
 0001:0001d350       _BG_SiegeFindClassIndexByName 3001e350 f   bg_saga.obj
 0001:0001d3a0       _PM_VehicleImpact          3001e3a0 f   bg_slidemove.obj
 0001:0001d990       _PM_GroundSlideOkay        3001e990 f   bg_slidemove.obj
 0001:0001da10       _PM_SlideMove              3001ea10 f   bg_slidemove.obj
 0001:0001e140       _PM_StepSlideMove          3001f140 f   bg_slidemove.obj
 0001:0001e950       _VEH_LoadVehWeapon         3001f950 f   bg_vehicleLoad.obj
 0001:0001eb30       _VEH_VehWeaponIndexForName 3001fb30 f   bg_vehicleLoad.obj
 0001:0001ebd0       _BG_SetSharedVehicleFunctions 3001fbd0 f   bg_vehicleLoad.obj
 0001:0001ec30       _BG_VehicleClampData       3001fc30 f   bg_vehicleLoad.obj
 0001:0001ef90       _BG_VehWeaponLoadParms     3001ff90 f   bg_vehicleLoad.obj
 0001:0001f110       _BG_VehicleLoadParms       30020110 f   bg_vehicleLoad.obj
 0001:0001f330       _AttachRidersGeneric       30020330 f   bg_vehicleLoad.obj
 0001:0001f3d0       _VEH_LoadVehicle           300203d0 f   bg_vehicleLoad.obj
 0001:0001fbd0       _VEH_VehicleIndexForName   30020bd0 f   bg_vehicleLoad.obj
 0001:0001fc70       _BG_VehicleGetIndex        30020c70 f   bg_vehicleLoad.obj
 0001:0001fc80       _BG_GetVehicleModelName    30020c80 f   bg_vehicleLoad.obj
 0001:0001fcd0       _BG_GetVehicleSkinName     30020cd0 f   bg_vehicleLoad.obj
 0001:0001fd30       _CG_TargetCommand_f        30020d30 f   cg_consolecmds.obj
 0001:000206a0       _reCalc                    300216a0 f   cg_consolecmds.obj
 0001:00021800       _CG_DumpLoc_f              30022800 f   cg_consolecmds.obj
 0001:00023000       _FS_BuildOSPath            30024000 f   cg_consolecmds.obj
 0001:000232d0       _SaveTGA                   300242d0 f   cg_consolecmds.obj
 0001:00023420       _SavePNG                   30024420 f   cg_consolecmds.obj
 0001:00023600       _R_MME_SaveShot            30024600 f   cg_consolecmds.obj
 0001:00023b30       _R_MME_CheckCvars          30024b30 f   cg_consolecmds.obj
 0001:00023c90       _my_glFrustum@48           30024c90 f   cg_consolecmds.obj
 0001:00023cd0       _my_glMatrixMode@4         30024cd0 f   cg_consolecmds.obj
 0001:00023cf0       _my_glLoadMatrixf@4        30024cf0 f   cg_consolecmds.obj
 0001:00023d50       _R_MME_TakeShot            30024d50 f   cg_consolecmds.obj
 0001:000241b0       _R_MME_CaptureShotCmd      300251b0 f   cg_consolecmds.obj
 0001:00024350       _R_MME_Init                30025350 f   cg_consolecmds.obj
 0001:000243e0       _R_MME_Shutdown            300253e0 f   cg_consolecmds.obj
 0001:00024400       _R_ScreenShot_f            30025400 f   cg_consolecmds.obj
 0001:000244a0       _CG_ConsoleCommand         300254a0 f   cg_consolecmds.obj
 0001:000244f0       _CG_InitConsoleCommands    300254f0 f   cg_consolecmds.obj
 0001:000248b0       _CG_Text_Width             300258b0 f   cg_draw.obj
 0001:00024900       _CG_Text_Height            30025900 f   cg_draw.obj
 0001:00024970       _CG_Text_Paint             30025970 f   cg_draw.obj
 0001:00025200       _CG_Draw3DModel            30026200 f   cg_draw.obj
 0001:00025330       _CG_DrawFlagModel          30026330 f   cg_draw.obj
 0001:000254b0       _CG_DrawHealth             300264b0 f   cg_draw.obj
 0001:00025600       _CG_DrawArmor              30026600 f   cg_draw.obj
 0001:00025b80       _CG_DrawForcePower         30026b80 f   cg_draw.obj
 0001:00025db0       _CG_DrawHUD                30026db0 f   cg_draw.obj
 0001:00026220       _CG_DrawForceSelect        30027220 f   cg_draw.obj
 0001:00026580       _CG_DrawInvenSelect        30027580 f   cg_draw.obj
 0001:00026930       _CG_CheckTargetVehicle     30027930 f   cg_draw.obj
 0001:00026a60       _CG_DrawVehicleShields     30027a60 f   cg_draw.obj
 0001:00026bd0       _CG_DrawVehicleAmmo        30027bd0 f   cg_draw.obj
 0001:00026d80       _CG_DrawVehicleAmmoUpper   30027d80 f   cg_draw.obj
 0001:00026f30       _CG_DrawVehicleAmmoLower   30027f30 f   cg_draw.obj
 0001:000270e0       _CG_DrawVehicleTurboRecharge 300280e0 f   cg_draw.obj
 0001:000271c0       _CG_DrawVehicleWeaponsLinked 300281c0 f   cg_draw.obj
 0001:00027290       _CG_DrawVehicleSpeed       30028290 f   cg_draw.obj
 0001:00027470       _CG_DrawVehicleArmor       30028470 f   cg_draw.obj
 0001:000275d0       _CG_DrawVehicleDamage      300285d0 f   cg_draw.obj
 0001:00027720       _CG_DrawVehicleDamageHUD   30028720 f   cg_draw.obj
 0001:00027a40       _CG_DrawVehicleHud         30028a40 f   cg_draw.obj
 0001:00027d00       _CG_DrawTeamBackground     30028d00 f   cg_draw.obj
 0001:00028110       _CG_DrawHealthBarRough     30029110 f   cg_draw.obj
 0001:00028230       _CG_DrawDuelistHealth      30029230 f   cg_draw.obj
 0001:00028300       _CG_DrawRadar              30029300 f   cg_draw.obj
 0001:00029a10       _CG_AddLagometerFrameInfo  3002aa10 f   cg_draw.obj
 0001:00029a40       _CG_AddLagometerSnapshotInfo 3002aa40 f   cg_draw.obj
 0001:00029fa0       _CG_DrawSiegeMessage       3002afa0 f   cg_draw.obj
 0001:00029fe0       _CG_CenterPrint            3002afe0 f   cg_draw.obj
 0001:0002a230       _CG_DrawSiegeInfo          3002b230 f   cg_draw.obj
 0001:0002a580       _CG_DrawHealthBar          3002b580 f   cg_draw.obj
 0001:0002a700       _CG_DrawHaqrBar            3002b700 f   cg_draw.obj
 0001:0002a8a0       _CG_DrawGenericTimerBar    3002b8a0 f   cg_draw.obj
 0001:0002aa00       _CG_WorldCoordToScreenCoordFloat 3002ba00 f   cg_draw.obj
 0001:0002ab20       _CG_WorldCoordToScreenCoord 3002bb20 f   cg_draw.obj
 0001:0002ab60       _CG_SaberClashFlare        3002bb60 f   cg_draw.obj
 0001:0002ad10       _CG_DottedLine             3002bd10 f   cg_draw.obj
 0001:0002adf0       _CG_BracketEntity          3002bdf0 f   cg_draw.obj
 0001:0002b370       _CG_InFighter              3002c370 f   cg_draw.obj
 0001:0002b3b0       _CG_InATST                 3002c3b0 f   cg_draw.obj
 0001:0002b3f0       _CG_DrawBracketedEntities  3002c3f0 f   cg_draw.obj
 0001:0002bad0       _CG_CalcVehicleMuzzlePoint 3002cad0 f   cg_draw.obj
 0001:0002bcc0       _CG_CalcEWebMuzzlePoint    3002ccc0 f   cg_draw.obj
 0001:0002bda0       _CG_SanitizeString         3002cda0 f   cg_draw.obj
 0001:0002cf50       _CG_DrawFlagStatus         3002df50 f   cg_draw.obj
 0001:0002d070       _CG_DrawJetpackFuel        3002e070 f   cg_draw.obj
 0001:0002d1b0       _CG_DrawEWebHealth         3002e1b0 f   cg_draw.obj
 0001:0002d340       _CG_DrawCloakFuel          3002e340 f   cg_draw.obj
 0001:0002d820       _CG_ChatBox_StrInsert      3002e820 f   cg_draw.obj
 0001:0002d890       _CG_ChatBox_AddString      3002e890 f   cg_draw.obj
 0001:0002da10       _CG_ChatBox_ArrayInsert    3002ea10 f   cg_draw.obj
 0001:0002ed40       _CG_DrawSiegeMessageNonMenu 3002fd40 f   cg_draw.obj
 0001:00030560       _CG_DrawActive             30031560 f   cg_draw.obj
 0001:000306f0       _CG_GetColorForHealth      300316f0 f   cg_drawtools.obj
 0001:00030790       _CG_DrawSides              30031790 f   cg_drawtools.obj
 0001:00030830       _CG_DrawTopBottom          30031830 f   cg_drawtools.obj
 0001:000308d0       _CG_FillRect               300318d0 f   cg_drawtools.obj
 0001:00030930       _CG_DrawPic                30031930 f   cg_drawtools.obj
 0001:00030980       _CG_DrawRotatePic          30031980 f   cg_drawtools.obj
 0001:000309d0       _CG_DrawRotatePic2         300319d0 f   cg_drawtools.obj
 0001:00030a20       _CG_DrawChar               30031a20 f   cg_drawtools.obj
 0001:00030ac0       _CG_DrawStringExt          30031ac0 f   cg_drawtools.obj
 0001:00030c50       _CG_DrawBigString          30031c50 f   cg_drawtools.obj
 0001:00030c90       _CG_DrawSmallString        30031c90 f   cg_drawtools.obj
 0001:00030cd0       _CG_DrawStrlen             30031cd0 f   cg_drawtools.obj
 0001:00030da0       _CG_TileClear              30031da0 f   cg_drawtools.obj
 0001:00030e50       _CG_FadeColor              30031e50 f   cg_drawtools.obj
 0001:00030eb0       _CG_ColorForGivenHealth    30031eb0 f   cg_drawtools.obj
 0001:00030f20       _CG_ColorForHealth         30031f20 f   cg_drawtools.obj
 0001:00030f90       _CG_DrawNumField           30031f90 f   cg_drawtools.obj
 0001:00031240       _UI_DrawProportionalString 30032240 f   cg_drawtools.obj
 0001:000312f0       _UI_DrawScaledProportionalString 300322f0 f   cg_drawtools.obj
 0001:00031380       _CG_DrawRect               30032380 f   cg_drawtools.obj
 0001:000313f0       _CG_BubbleTrail            300323f0 f   cg_effects.obj
 0001:00031670       _CG_SmokePuff              30032670 f   cg_effects.obj
 0001:00031820       _CG_TestLine               30032820 f   cg_effects.obj
 0001:000320e0       _CG_InitGlass              300330e0 f   cg_effects.obj
 0001:00032180       _CG_DoGlass                30033180 f   cg_effects.obj
 0001:00032550       _CG_GlassShatter           30033550 f   cg_effects.obj
 0001:000325b0       _CG_MiscModelExplosion     300335b0 f   cg_effects.obj
 0001:000327c0       _CG_Chunks                 300337c0 f   cg_effects.obj
 0001:00032e40       _CG_ScorePlum              30033e40 f   cg_effects.obj
 0001:00032fb0       _CG_PositionEntityOnTag    30033fb0 f   cg_ents.obj
 0001:000330a0       _CG_PositionRotatedEntityOnTag 300340a0 f   cg_ents.obj
 0001:00033190       _CG_SetEntitySoundPosition 30034190 f   cg_ents.obj
 0001:00033210       _CG_S_AddLoopingSound      30034210 f   cg_ents.obj
 0001:000332d0       _CG_S_AddRealLoopingSound  300342d0 f   cg_ents.obj
 0001:000332e0       _CG_S_StopLoopingSound     300342e0 f   cg_ents.obj
 0001:00033380       _CG_S_UpdateLoopingSounds  30034380 f   cg_ents.obj
 0001:000335d0       _FX_AddOrientedLine        300345d0 f   cg_ents.obj
 0001:000336e0       _FX_DrawPortableShield     300346e0 f   cg_ents.obj
 0001:00033860       _CG_Special                30034860 f   cg_ents.obj
 0001:00033890       _CG_SetGhoul2Info          30034890 f   cg_ents.obj
 0001:00033900       _ScaleModelAxis            30034900 f   cg_ents.obj
 0001:000339f0       _CG_Disintegration         300349f0 f   cg_ents.obj
 0001:00033d30       _CG_AddRadarEnt            30034d30 f   cg_ents.obj
 0001:00033d60       _CG_AddBracketedEnt        30034d60 f   cg_ents.obj
 0001:00033d90       _G_GetDismemberBolt        30034d90 f   cg_ents.obj
 0001:00034050       _G_Dismember               30035050 f   cg_ents.obj
 0001:000364e0       _CG_GreyItem               300374e0 f   cg_ents.obj
 0001:00037740       _CG_PlayDoorLoopSound      30038740 f   cg_ents.obj
 0001:00037800       _CG_PlayDoorSound          30038800 f   cg_ents.obj
 0001:00037b40       _CG_Beam                   30038b40 f   cg_ents.obj
 0001:00037d50       _CG_AdjustPositionForMover 30038d50 f   cg_ents.obj
 0001:00037f60       _CG_CalcEntityLerpPositions 30038f60 f   cg_ents.obj
 0001:00038500       _CG_ManualEntityRender     30039500 f   cg_ents.obj
 0001:00038510       _CG_AddPacketEntities      30039510 f   cg_ents.obj
 0001:00038810       _CG_ROFF_NotetrackCallback 30039810 f   cg_ents.obj
 0001:00038c10       _CG_Cube                   30039c10 f   cg_ents.obj
 0001:00038dd0       _CG_PlaceString            30039dd0 f   cg_event.obj
 0001:00039690       _CG_ToggleBinoculars       3003a690 f   cg_event.obj
 0001:00039720       _CG_LocalTimingBar         3003a720 f   cg_event.obj
 0001:00039a00       _CG_PainEvent              3003aa00 f   cg_event.obj
 0001:00039a80       _CG_ReattachLimb           3003aa80 f   cg_event.obj
 0001:00039ae0       _CG_PrintCTFMessage        3003aae0 f   cg_event.obj
 0001:00039c90       _CG_GetCTFMessageEvent     3003ac90 f   cg_event.obj
 0001:00039d00       _DoFall                    3003ad00 f   cg_event.obj
 0001:00039ea0       _CG_InClientBitflags       3003aea0 f   cg_event.obj
 0001:00039f40       _CG_TryPlayCustomSound     3003af40 f   cg_event.obj
 0001:00039f70       _CG_G2MarkEvent            3003af70 f   cg_event.obj
 0001:0003a1a0       _CG_CalcVehMuzzle          3003b1a0 f   cg_event.obj
 0001:0003a290       _CG_VehMuzzleFireFX        3003b290 f   cg_event.obj
 0001:0003a3a0       _CG_GetStringForVoiceSound 3003b3a0 f   cg_event.obj
 0001:0003a400       _CG_EntityEvent            3003b400 f   cg_event.obj
 0001:0003e020       _CG_CheckEvents            3003f020 f   cg_event.obj
 0001:0003e0b0       _CG_LoadingString          3003f0b0 f   cg_info.obj
 0001:0003e0d0       _CG_LoadingItem            3003f0d0 f   cg_info.obj
 0001:0003e140       _CG_LoadingClient          3003f140 f   cg_info.obj
 0001:0003e1a0       _CG_LoadBar                3003f1a0 f   cg_info.obj
 0001:0003e2b0       _CG_DrawInformation        3003f2b0 f   cg_info.obj
 0001:0003ebe0       _CG_RunLightStyles         3003fbe0 f   cg_light.obj
 0001:0003ec70       _CG_SetLightstyle          3003fc70 f   cg_light.obj
 0001:0003ed30       _CG_ClearLightStyles       3003fd30 f   cg_light.obj
 0001:0003ee20       _CG_InitLocalEntities      3003fe20 f   cg_localents.obj
 0001:0003ee70       _CG_FreeLocalEntity        3003fe70 f   cg_localents.obj
 0001:0003eeb0       _CG_AllocLocalEntity       3003feb0 f   cg_localents.obj
 0001:0003ef40       _CG_BloodTrail             3003ff40 f   cg_localents.obj
 0001:0003f010       _CG_FragmentBounceMark     30040010 f   cg_localents.obj
 0001:0003f040       _CG_FragmentBounceSound    30040040 f   cg_localents.obj
 0001:0003f0d0       _CG_ReflectVelocity        300400d0 f   cg_localents.obj
 0001:0003f200       _CG_AddFragment            30040200 f   cg_localents.obj
 0001:0003f440       _CG_AddFadeRGB             30040440 f   cg_localents.obj
 0001:000403c0       _CG_AddRefEntity           300413c0 f   cg_localents.obj
 0001:00040420       _CG_AddScorePlum           30041420 f   cg_localents.obj
 0001:000406e0       _CG_AddOLine               300416e0 f   cg_localents.obj
 0001:00040800       _CG_AddLine                30041800 f   cg_localents.obj
 0001:00040820       _CG_AddLocalEntities       30041820 f   cg_localents.obj
 0001:000409f0       _CG_NoUseableForce         300419f0 f   cg_main.obj
 0001:00040ec0       _CG_DrawMiscEnts           30041ec0 f   cg_main.obj
 0001:00040fc0       _CG_RegisterCvars          30041fc0 f   cg_main.obj
 0001:000412d0       _CG_CrosshairPlayer        300422d0 f   cg_main.obj
 0001:000412f0       _CG_LastAttacker           300422f0 f   cg_main.obj
 0001:00041310       _CG_Error                  30042310 f   cg_main.obj
 0001:00041310       _CG_Printf                 30042310 f   cg_main.obj
 0001:00041340       _Com_Error                 30042340 f   cg_main.obj
 0001:00041380       _Com_Printf                30042380 f   cg_main.obj
 0001:000413c0       _CG_Argv                   300423c0 f   cg_main.obj
 0001:000413e0       _BG_GetTime                300423e0 f   cg_main.obj
 0001:00041540       _CG_ParseWeatherEffect     30042540 f   cg_main.obj
 0001:00041560       _CG_ParseSiegeState        30042560 f   cg_main.obj
 0001:000416e0       _CG_GetStringEdString      300426e0 f   cg_main.obj
 0001:00041730       _CG_SiegeCountCvars        30042730 f   cg_main.obj
 0001:00041970       _CG_BuildSpectatorString   30042970 f   cg_main.obj
 0001:000419f0       _CG_ConfigString           300429f0 f   cg_main.obj
 0001:00041a20       _CG_StartMusic             30042a20 f   cg_main.obj
 0001:00041a90       _CG_Asset_Parse            30042a90 f   cg_main.obj
 0001:00041f50       _CG_ParseMenu              30042f50 f   cg_main.obj
 0001:000420a0       _CG_SetScoreSelection      300430a0 f   cg_main.obj
 0001:00042450       _CG_Cvar_Get               30043450 f   cg_main.obj
 0001:000424a0       _CG_Cvar_Int               300434a0 f   cg_main.obj
 0001:000424e0       _CG_Cvar_String            300434e0 f   cg_main.obj
 0001:00042530       _CG_Text_PaintWithCursor   30043530 f   cg_main.obj
 0001:000426e0       _CG_LoadMenus              300436e0 f   cg_main.obj
 0001:00042870       _CG_LoadHudMenu            30043870 f   cg_main.obj
 0001:00042aa0       _CG_AssetCache             30043aa0 f   cg_main.obj
 0001:00042bb0       _CG_TransitionPermanent    30043bb0 f   cg_main.obj
 0001:00042c60       _CG_NewString              30043c60 f   cg_main.obj
 0001:00042d00       _CG_CreateWeatherZoneFromSpawnEnt 30043d00 f   cg_main.obj
 0001:00042d30       _CG_CreateModelFromSpawnEnt 30043d30 f   cg_main.obj
 0001:00042f00       _CG_ParseSpawnVars         30043f00 f   cg_main.obj
 0001:000430c0       _CG_SpawnCGameEntFromVars  300440c0 f   cg_main.obj
 0001:00043270       _CG_GetLocationString      30044270 f   cg_main.obj
 0001:000432a0       _CG_DestroyAllGhoul2       300442a0 f   cg_main.obj
 0001:00043310       _CG_Shutdown               30044310 f   cg_main.obj
 0001:000433a0       _CG_NextInventory_f        300443a0 f   cg_main.obj
 0001:00043430       _CG_PrevInventory_f        30044430 f   cg_main.obj
 0001:000435c0       _CG_MiscEnt                300445c0 f   cg_main.obj
 0001:00043780       _CG_UpdateCvars            30044780 f   cg_main.obj
 0001:00045580       _CG_Init                   30046580 f   cg_main.obj
 0001:00045a40       _CG_NextForcePower_f       30046a40 f   cg_main.obj
 0001:00045af0       _CG_PrevForcePower_f       30046af0 f   cg_main.obj
 0001:00045ba0       _vmMain                    30046ba0 f   cg_main.obj
 0001:00045f40       _CG_InitMarkPolys          30046f40 f   cg_marks.obj
 0001:00045f90       _CG_AllocMark              30046f90 f   cg_marks.obj
 0001:00046020       _CG_ImpactMark             30047020 f   cg_marks.obj
 0001:00046410       _CG_AddMarks               30047410 f   cg_marks.obj
 0001:00046620       _CG_ClearParticles         30047620 f   cg_marks.obj
 0001:00046690       _CG_AddParticleToScene     30047690 f   cg_marks.obj
 0001:00048030       _CG_AddParticles           30049030 f   cg_marks.obj
 0001:00048320       _CG_GetSelectedPlayer      30049320 f   cg_newDraw.obj
 0001:00048340       _CG_StatusHandle           30049340 f   cg_newDraw.obj
 0001:000483a0       _CG_GetValue               300493a0 f   cg_newDraw.obj
 0001:000484e0       _CG_OtherTeamHasFlag       300494e0 f   cg_newDraw.obj
 0001:00048520       _CG_YourTeamHasFlag        30049520 f   cg_newDraw.obj
 0001:00048560       _CG_OwnerDrawVisible       30049560 f   cg_newDraw.obj
 0001:000486b0       _CG_GetKillerText          300496b0 f   cg_newDraw.obj
 0001:000486f0       _CG_GetGameStatusText      300496f0 f   cg_newDraw.obj
 0001:00048800       _CG_GameTypeString         30049800 f   cg_newDraw.obj
 0001:00048860       _CG_OwnerDraw              30049860 f   cg_newDraw.obj
 0001:00048860       _BG_ClearAnimsets          30049860 f   bg_panimate.obj
 0001:00048860       _CG_RunMenuScript          30049860 f   cg_newDraw.obj
 0001:00048870       _CG_MouseEvent             30049870 f   cg_newDraw.obj
 0001:00048960       _CG_EventHandling          30049960 f   cg_newDraw.obj
 0001:00048990       _CG_KeyEvent               30049990 f   cg_newDraw.obj
 0001:00048a40       _CG_GetTeamColor           30049a40 f   cg_newDraw.obj
 0001:00048ae0       _CG_CustomSound            30049ae0 f   cg_players.obj
 0001:00048e30       _CG_ParseSurfsFile         30049e30 f   cg_players.obj
 0001:00049660       _CG_G2SkelForModel         3004a660 f   cg_players.obj
 0001:000496e0       _CG_G2EvIndexForModel      3004a6e0 f   cg_players.obj
 0001:00049740       _CG_LoadCISounds           3004a740 f   cg_players.obj
 0001:00049fe0       _CG_LoadDeferredPlayers    3004afe0 f   cg_players.obj
 0001:0004a4c0       _CG_PlayerAnimEventDo      3004b4c0 f   cg_players.obj
 0001:0004a850       _CG_PlayerAnimEvents       3004b850 f   cg_players.obj
 0001:0004ab50       _CG_TriggerAnimSounds      3004bb50 f   cg_players.obj
 0001:0004b590       _CG_RagDoll                3004c590 f   cg_players.obj
 0001:0004c3e0       _CG_G2ServerBoneAngles     3004d3e0 f   cg_players.obj
 0001:0004c6d0       _CG_G2PlayerHeadAnims      3004d6d0 f   cg_players.obj
 0001:0004dad0       _CG_PlayerShieldHit        3004ead0 f   cg_players.obj
 0001:0004db60       _CG_DrawPlayerShield       3004eb60 f   cg_players.obj
 0001:0004dcf0       _CG_PlayerHitFX            3004ecf0 f   cg_players.obj
 0001:0004e290       _CG_DoSaber                3004f290 f   cg_players.obj
 0001:0004e5b0       _CG_CreateSaberMarks       3004f5b0 f   cg_players.obj
 0001:0004ec90       _CG_G2TraceCollide         3004fc90 f   cg_players.obj
 0001:0004ee60       _CG_G2SaberEffects         3004fe60 f   cg_players.obj
 0001:0004f0a0       _CG_AddGhoul2Mark          300500a0 f   cg_players.obj
 0001:0004f210       _CG_SaberCompWork          30050210 f   cg_players.obj
 0001:0004f610       _CG_AddSaberBlade          30050610 f   cg_players.obj
 0001:00050290       _CG_IsMindTricked          30051290 f   cg_players.obj
 0001:00050330       _CG_DrawPlayerSphere       30051330 f   cg_players.obj
 0001:000506a0       _CG_ThereIsAMaster         300516a0 f   cg_players.obj
 0001:000506d0       _CG_HandleAppendedSkin     300516d0 f   cg_players.obj
 0001:00050790       _CG_CacheG2AnimInfo        30051790 f   cg_players.obj
 0001:00050940       _CG_G2AnimEntModelLoad     30051940 f   cg_players.obj
 0001:00051270       _CG_VehicleShouldDrawShields 30052270 f   cg_players.obj
 0001:000512b0       _CG_VehicleAttachDroidUnit 300522b0 f   cg_players.obj
 0001:000513d0       _CG_CreateNPCClient        300523d0 f   cg_players.obj
 0001:000513f0       _CG_DestroyNPCClient       300523f0 f   cg_players.obj
 0001:00051a10       _CG_InitJetpackGhoul2      30052a10 f   cg_players.obj
 0001:00051a70       _CG_CleanJetpackGhoul2     30052a70 f   cg_players.obj
 0001:00052220       _CG_RadiusForCent          30053220 f   cg_players.obj
 0001:00052280       _CG_CheckThirdPersonAlpha  30053280 f   cg_players.obj
 0001:00052510       _CG_ResetPlayerEntity      30053510 f   cg_players.obj
 0001:00052940       _CG_LoadClientInfo         30053940 f   cg_players.obj
 0001:00052d70       _CG_NewClientInfo          30053d70 f   cg_players.obj
 0001:00053850       _CG_ActualLoadDeferredPlayers 30054850 f   cg_players.obj
 0001:00053f20       _CG_AddRefEntityWithPowerups 30054f20 f   cg_players.obj
 0001:00053f70       _CG_Player                 30054f70 f   cg_players.obj
 0001:00058340       _CG_G2Animated             30059340 f   cg_players.obj
 0001:00058530       _CG_DamageFeedback         30059530 f   cg_playerstate.obj
 0001:00058810       _CG_Respawn                30059810 f   cg_playerstate.obj
 0001:00058840       _CG_CheckPlayerstateEvents 30059840 f   cg_playerstate.obj
 0001:00058940       _CG_CheckLocalSounds       30059940 f   cg_playerstate.obj
 0001:00058b80       _CG_TransitionPlayerState  30059b80 f   cg_playerstate.obj
 0001:00058d00       _CG_BuildSolidList         30059d00 f   cg_predict.obj
 0001:00059320       _CG_Trace                  3005a320 f   cg_predict.obj
 0001:000593a0       _CG_G2Trace                3005a3a0 f   cg_predict.obj
 0001:00059420       _CG_PointContents          3005a420 f   cg_predict.obj
 0001:000599c0       _CG_PmoveClientPointerUpdate 3005a9c0 f   cg_predict.obj
 0001:00059a60       _CG_UsingEWeb              3005aa60 f   cg_predict.obj
 0001:00059a90       _CG_PredictPlayerState     3005aa90 f   cg_predict.obj
 0001:0005b150       _CG_PrecacheSiegeObjectiveAssetsForTeam 3005c150 f   cg_saga.obj
 0001:0005b300       _CG_PrecachePlayersForSiegeTeam 3005c300 f   cg_saga.obj
 0001:0005b4b0       _CG_SiegeRoundOver         3005c4b0 f   cg_saga.obj
 0001:0005b620       _CG_SiegeGetObjectiveDescription 3005c620 f   cg_saga.obj
 0001:0005b6d0       _CG_SiegeGetObjectiveFinal 3005c6d0 f   cg_saga.obj
 0001:0005b790       _CG_SiegeBriefingDisplay   3005c790 f   cg_saga.obj
 0001:0005bc60       _CG_SiegeObjectiveCompleted 3005cc60 f   cg_saga.obj
 0001:0005be10       _CG_ParseSiegeExtendedData 3005ce10 f   cg_saga.obj
 0001:0005bfc0       _CG_SetSiegeTimerCvar      3005cfc0 f   cg_saga.obj
 0001:0005c030       _CG_InitSiegeMode          3005d030 f   cg_saga.obj
 0001:0005c6e0       _CG_ParseSiegeObjectiveStatus 3005d6e0 f   cg_saga.obj
 0001:0005cfc0       _CG_GetClassCount          3005dfc0 f   cg_scoreboard.obj
 0001:0005d010       _CG_GetTeamNonScoreCount   3005e010 f   cg_scoreboard.obj
 0001:0005d060       _CG_GetTeamCount           3005e060 f   cg_scoreboard.obj
 0001:0005d0b0       _CG_DrawOldScoreboard      3005e0b0 f   cg_scoreboard.obj
 0001:0005dd20       _CG_ParseServerinfo        3005ed20 f   cg_servercmds.obj
 0001:0005e0e0       _CG_SetConfigValues        3005f0e0 f   cg_servercmds.obj
 0001:0005e210       _CG_ShaderStateChanged     3005f210 f   cg_servercmds.obj
 0001:0005e2f0       _SetCustomSoundForType     3005f2f0 f   cg_servercmds.obj
 0001:0005e500       _CG_PrecacheNPCSounds      3005f500 f   cg_servercmds.obj
 0001:0005e620       _CG_HandleNPCSounds        3005f620 f   cg_servercmds.obj
 0001:0005eab0       _SetDuelistHealthsFromConfigString 3005fab0 f   cg_servercmds.obj
 0001:0005f0b0       _CG_KillCEntityG2          300600b0 f   cg_servercmds.obj
 0001:0005f210       _CG_KillCEntityInstances   30060210 f   cg_servercmds.obj
 0001:0005f4c0       _CG_CheckSVStringEdRef     300604c0 f   cg_servercmds.obj
 0001:00060430       _CG_ExecuteNewServerCommands 30061430 f   cg_servercmds.obj
 0001:00060500       _CG_SetInitialSnapshot     30061500 f   cg_snapshot.obj
 0001:00060a40       _CG_ProcessSnapshots       30061a40 f   cg_snapshot.obj
 0001:00060b60       _strap_G2API_GetBoltMatrix 30061b60 f   cg_strap.obj
 0001:00060b70       _strap_G2API_GetBoltMatrix_NoRecNoRot 30061b70 f   cg_strap.obj
 0001:00060b80       _strap_G2API_SetBoneAngles 30061b80 f   cg_strap.obj
 0001:00060b90       _strap_G2API_SetBoneAnim   30061b90 f   cg_strap.obj
 0001:00060bd0       _strap_G2API_GetBoneAnim   30061bd0 f   cg_strap.obj
 0001:00060be0       _strap_G2API_AnimateG2Models 30061be0 f   cg_strap.obj
 0001:00060bf0       _strap_G2API_SetBoneIKState 30061bf0 f   cg_strap.obj
 0001:00060c00       _strap_G2API_IKMove        30061c00 f   cg_strap.obj
 0001:00060c10       _dllEntry                  30061c10 f   cg_syscalls.obj
 0001:00060c20       _trap_Print                30061c20 f   cg_syscalls.obj
 0001:00060c40       _trap_Milliseconds         30061c40 f   cg_syscalls.obj
 0001:00060c50       _trap_Cvar_Register        30061c50 f   cg_syscalls.obj
 0001:00060c70       _trap_Cvar_Update          30061c70 f   cg_syscalls.obj
 0001:00060c90       _trap_Cvar_Set             30061c90 f   cg_syscalls.obj
 0001:00060cb0       _trap_Cvar_VariableStringBuffer 30061cb0 f   cg_syscalls.obj
 0001:00060cd0       _trap_Argc                 30061cd0 f   cg_syscalls.obj
 0001:00060ce0       _trap_Argv                 30061ce0 f   cg_syscalls.obj
 0001:00060d00       _trap_Args                 30061d00 f   cg_syscalls.obj
 0001:00060d20       _trap_FS_FOpenFile         30061d20 f   cg_syscalls.obj
 0001:00060d40       _trap_FS_Read              30061d40 f   cg_syscalls.obj
 0001:00060d60       _trap_FS_Write             30061d60 f   cg_syscalls.obj
 0001:00060d80       _trap_FS_FCloseFile        30061d80 f   cg_syscalls.obj
 0001:00060da0       _trap_FS_GetFileList       30061da0 f   cg_syscalls.obj
 0001:00060dc0       _trap_SendConsoleCommand   30061dc0 f   cg_syscalls.obj
 0001:00060de0       _trap_AddCommand           30061de0 f   cg_syscalls.obj
 0001:00060e00       _trap_SendClientCommand    30061e00 f   cg_syscalls.obj
 0001:00060e20       _trap_UpdateScreen         30061e20 f   cg_syscalls.obj
 0001:00060e30       _trap_CM_LoadMap           30061e30 f   cg_syscalls.obj
 0001:00060e50       _trap_CM_NumInlineModels   30061e50 f   cg_syscalls.obj
 0001:00060e60       _trap_CM_InlineModel       30061e60 f   cg_syscalls.obj
 0001:00060e80       _trap_CM_TempBoxModel      30061e80 f   cg_syscalls.obj
 0001:00060ea0       _trap_CM_PointContents     30061ea0 f   cg_syscalls.obj
 0001:00060ec0       _trap_CM_TransformedPointContents 30061ec0 f   cg_syscalls.obj
 0001:00060ee0       _trap_CM_BoxTrace          30061ee0 f   cg_syscalls.obj
 0001:00060f10       _trap_CM_TransformedBoxTrace 30061f10 f   cg_syscalls.obj
 0001:00060f50       _trap_CM_MarkFragments     30061f50 f   cg_syscalls.obj
 0001:00060f80       _trap_S_GetVoiceVolume     30061f80 f   cg_syscalls.obj
 0001:00060fa0       _trap_S_MuteSound          30061fa0 f   cg_syscalls.obj
 0001:00060fc0       _trap_S_StartSound         30061fc0 f   cg_syscalls.obj
 0001:00060fe0       _trap_S_StartLocalSound    30061fe0 f   cg_syscalls.obj
 0001:00061020       _trap_S_ClearLoopingSounds 30062020 f   cg_syscalls.obj
 0001:00061030       _trap_S_AddLoopingSound    30062030 f   cg_syscalls.obj
 0001:00061050       _trap_S_UpdateEntityPosition 30062050 f   cg_syscalls.obj
 0001:00061070       _trap_S_AddRealLoopingSound 30062070 f   cg_syscalls.obj
 0001:00061090       _trap_S_Respatialize       30062090 f   cg_syscalls.obj
 0001:000610b0       _trap_S_ShutUp             300620b0 f   cg_syscalls.obj
 0001:000610d0       _trap_S_RegisterSound      300620d0 f   cg_syscalls.obj
 0001:000610f0       _trap_S_StartBackgroundTrack 300620f0 f   cg_syscalls.obj
 0001:00061110       _trap_S_UpdateAmbientSet   30062110 f   cg_syscalls.obj
 0001:00061130       _trap_AS_ParseSets         30062130 f   cg_syscalls.obj
 0001:00061140       _trap_AS_AddPrecacheEntry  30062140 f   cg_syscalls.obj
 0001:00061160       _trap_S_AddLocalSet        30062160 f   cg_syscalls.obj
 0001:00061190       _trap_AS_GetBModelSound    30062190 f   cg_syscalls.obj
 0001:000611b0       _trap_R_LoadWorldMap       300621b0 f   cg_syscalls.obj
 0001:000611d0       _trap_R_RegisterModel      300621d0 f   cg_syscalls.obj
 0001:000611f0       _trap_R_RegisterSkin       300621f0 f   cg_syscalls.obj
 0001:00061210       _trap_R_RegisterShader     30062210 f   cg_syscalls.obj
 0001:00061230       _trap_R_RegisterShaderNoMip 30062230 f   cg_syscalls.obj
 0001:00061250       _trap_R_RegisterFont       30062250 f   cg_syscalls.obj
 0001:00061270       _trap_R_Font_StrLenPixels  30062270 f   cg_syscalls.obj
 0001:000612a0       _trap_R_Font_StrLenChars   300622a0 f   cg_syscalls.obj
 0001:000612c0       _trap_R_Font_HeightPixels  300622c0 f   cg_syscalls.obj
 0001:000612e0       _trap_R_Font_DrawString    300622e0 f   cg_syscalls.obj
 0001:00061320       _trap_Language_IsAsian     30062320 f   cg_syscalls.obj
 0001:00061330       _trap_Language_UsesSpaces  30062330 f   cg_syscalls.obj
 0001:00061340       _trap_AnyLanguage_ReadCharFromString 30062340 f   cg_syscalls.obj
 0001:00061360       _trap_R_ClearScene         30062360 f   cg_syscalls.obj
 0001:00061370       _trap_R_ClearDecals        30062370 f   cg_syscalls.obj
 0001:00061380       _trap_R_AddRefEntityToScene 30062380 f   cg_syscalls.obj
 0001:000613a0       _trap_R_AddPolyToScene     300623a0 f   cg_syscalls.obj
 0001:000613c0       _trap_R_AddDecalToScene    300623c0 f   cg_syscalls.obj
 0001:00061430       _trap_R_AddLightToScene    30062430 f   cg_syscalls.obj
 0001:00061470       _trap_R_RenderScene        30062470 f   cg_syscalls.obj
 0001:00061490       _trap_R_SetColor           30062490 f   cg_syscalls.obj
 0001:000614b0       _trap_R_DrawStretchPic     300624b0 f   cg_syscalls.obj
 0001:00061520       _trap_R_ModelBounds        30062520 f   cg_syscalls.obj
 0001:00061540       _trap_R_LerpTag            30062540 f   cg_syscalls.obj
 0001:00061580       _trap_R_DrawRotatePic      30062580 f   cg_syscalls.obj
 0001:00061600       _trap_R_DrawRotatePic2     30062600 f   cg_syscalls.obj
 0001:00061680       _trap_R_SetRangeFog        30062680 f   cg_syscalls.obj
 0001:000616a0       _trap_R_SetRefractProp     300626a0 f   cg_syscalls.obj
 0001:000616d0       _trap_R_RemapShader        300626d0 f   cg_syscalls.obj
 0001:000616f0       _trap_R_SetLightStyle      300626f0 f   cg_syscalls.obj
 0001:00061710       _trap_R_GetBModelVerts     30062710 f   cg_syscalls.obj
 0001:00061730       _trap_R_GetDistanceCull    30062730 f   cg_syscalls.obj
 0001:00061750       _trap_R_GetRealRes         30062750 f   cg_syscalls.obj
 0001:00061770       _trap_R_AutomapElevAdj     30062770 f   cg_syscalls.obj
 0001:00061790       _trap_R_InitWireframeAutomap 30062790 f   cg_syscalls.obj
 0001:000617a0       _trap_FX_AddLine           300627a0 f   cg_syscalls.obj
 0001:00061820       _trap_GetGlconfig          30062820 f   cg_syscalls.obj
 0001:00061840       _trap_GetGameState         30062840 f   cg_syscalls.obj
 0001:00061860       _trap_GetCurrentSnapshotNumber 30062860 f   cg_syscalls.obj
 0001:00061880       _trap_GetSnapshot          30062880 f   cg_syscalls.obj
 0001:000618a0       _trap_GetDefaultState      300628a0 f   cg_syscalls.obj
 0001:000618c0       _trap_GetServerCommand     300628c0 f   cg_syscalls.obj
 0001:000618e0       _trap_GetCurrentCmdNumber  300628e0 f   cg_syscalls.obj
 0001:000618f0       _trap_GetUserCmd           300628f0 f   cg_syscalls.obj
 0001:00061910       _trap_SetUserCmdValue      30062910 f   cg_syscalls.obj
 0001:00061960       _trap_SetClientForceAngle  30062960 f   cg_syscalls.obj
 0001:00061980       _trap_OpenUIMenu           30062980 f   cg_syscalls.obj
 0001:000619a0       _trap_Key_GetCatcher       300629a0 f   cg_syscalls.obj
 0001:000619b0       _trap_Key_SetCatcher       300629b0 f   cg_syscalls.obj
 0001:000619d0       _trap_PC_LoadSource        300629d0 f   cg_syscalls.obj
 0001:000619f0       _trap_PC_FreeSource        300629f0 f   cg_syscalls.obj
 0001:00061a10       _trap_PC_ReadToken         30062a10 f   cg_syscalls.obj
 0001:00061a30       _trap_PC_SourceFileAndLine 30062a30 f   cg_syscalls.obj
 0001:00061a50       _trap_S_StopBackgroundTrack 30062a50 f   cg_syscalls.obj
 0001:00061a60       _trap_RealTime             30062a60 f   cg_syscalls.obj
 0001:00061a80       _trap_SnapVector           30062a80 f   cg_syscalls.obj
 0001:00061aa0       _trap_CIN_PlayCinematic    30062aa0 f   cg_syscalls.obj
 0001:00061ad0       _trap_CIN_StopCinematic    30062ad0 f   cg_syscalls.obj
 0001:00061af0       _trap_CIN_RunCinematic     30062af0 f   cg_syscalls.obj
 0001:00061b10       _trap_CIN_DrawCinematic    30062b10 f   cg_syscalls.obj
 0001:00061b30       _trap_CIN_SetExtents       30062b30 f   cg_syscalls.obj
 0001:00061b60       _trap_GetEntityToken       30062b60 f   cg_syscalls.obj
 0001:00061b80       _trap_R_inPVS              30062b80 f   cg_syscalls.obj
 0001:00061ba0       _trap_FX_RegisterEffect    30062ba0 f   cg_syscalls.obj
 0001:00061bc0       _trap_FX_PlayEffectID      30062bc0 f   cg_syscalls.obj
 0001:00061ca0       _trap_FX_PlayEffectIDFix   30062ca0 f   cg_syscalls.obj
 0001:00061d10       _trap_FX_PlayPortalEffectID 30062d10 f   cg_syscalls.obj
 0001:00061d30       _trap_FX_PlayEntityEffectID 30062d30 f   cg_syscalls.obj
 0001:00061d60       _trap_FX_PlayBoltedEffectID 30062d60 f   cg_syscalls.obj
 0001:00061da0       _trap_FX_AddScheduledEffects 30062da0 f   cg_syscalls.obj
 0001:00061dc0       _trap_FX_InitSystem        30062dc0 f   cg_syscalls.obj
 0001:00061de0       _trap_FX_FreeSystem        30062de0 f   cg_syscalls.obj
 0001:00061df0       _trap_FX_AdjustTime        30062df0 f   cg_syscalls.obj
 0001:00061e10       _trap_FX_AddPoly           30062e10 f   cg_syscalls.obj
 0001:00061e30       _trap_FX_AddBezier         30062e30 f   cg_syscalls.obj
 0001:00061e50       _trap_FX_AddPrimitive      30062e50 f   cg_syscalls.obj
 0001:00061e70       _trap_FX_AddSprite         30062e70 f   cg_syscalls.obj
 0001:00061e90       _trap_FX_AddElectricity    30062e90 f   cg_syscalls.obj
 0001:00061eb0       _trap_SP_GetStringTextString 30062eb0 f   cg_syscalls.obj
 0001:00061ed0       _trap_ROFF_Clean           30062ed0 f   cg_syscalls.obj
 0001:00061ee0       _trap_ROFF_UpdateEntities  30062ee0 f   cg_syscalls.obj
 0001:00061ef0       _trap_ROFF_Play            30062ef0 f   cg_syscalls.obj
 0001:00061f10       _trap_TrueMalloc           30062f10 f   cg_syscalls.obj
 0001:00061f50       _trap_TrueFree             30062f50 f   cg_syscalls.obj
 0001:00061f70       _trap_G2_HaveWeGhoul2Models 30062f70 f   cg_syscalls.obj
 0001:00061f90       _trap_G2API_GetBoltMatrix  30062f90 f   cg_syscalls.obj
 0001:00061fd0       _trap_G2API_GetBoltMatrix_NoRecNoRot 30062fd0 f   cg_syscalls.obj
 0001:00062010       _trap_G2API_InitGhoul2Model 30063010 f   cg_syscalls.obj
 0001:00062040       _trap_G2API_SetSkin        30063040 f   cg_syscalls.obj
 0001:00062070       _trap_G2API_CollisionDetect 30063070 f   cg_syscalls.obj
 0001:000620c0       _trap_G2API_CollisionDetectCache 300630c0 f   cg_syscalls.obj
 0001:00062110       _trap_G2API_CleanGhoul2Models 30063110 f   cg_syscalls.obj
 0001:00062130       _trap_G2API_SetBoneAngles  30063130 f   cg_syscalls.obj
 0001:00062170       _trap_G2API_SetBoneAnim    30063170 f   cg_syscalls.obj
 0001:000621c0       _trap_G2API_GetBoneAnim    300631c0 f   cg_syscalls.obj
 0001:00062200       _trap_G2API_GetBoneFrame   30063200 f   cg_syscalls.obj
 0001:00062230       _trap_G2API_GetGLAName     30063230 f   cg_syscalls.obj
 0001:00062250       _trap_G2API_CopySpecificGhoul2Model 30063250 f   cg_syscalls.obj
 0001:00062280       _trap_G2API_DuplicateGhoul2Instance 30063280 f   cg_syscalls.obj
 0001:000622a0       _trap_G2API_HasGhoul2ModelOnIndex 300632a0 f   cg_syscalls.obj
 0001:000622c0       _trap_G2API_RemoveGhoul2Model 300632c0 f   cg_syscalls.obj
 0001:000622e0       _trap_G2API_SkinlessModel  300632e0 f   cg_syscalls.obj
 0001:00062300       _trap_G2API_GetNumGoreMarks 30063300 f   cg_syscalls.obj
 0001:00062320       _trap_G2API_AddSkinGore    30063320 f   cg_syscalls.obj
 0001:00062340       _trap_G2API_ClearSkinGore  30063340 f   cg_syscalls.obj
 0001:00062360       _trap_G2API_AddBolt        30063360 f   cg_syscalls.obj
 0001:00062380       _trap_G2API_SetBoltInfo    30063380 f   cg_syscalls.obj
 0001:000623a0       _trap_G2API_SetRootSurface 300633a0 f   cg_syscalls.obj
 0001:000623c0       _trap_G2API_SetSurfaceOnOff 300633c0 f   cg_syscalls.obj
 0001:000623e0       _trap_G2API_SetNewOrigin   300633e0 f   cg_syscalls.obj
 0001:00062400       _trap_G2API_GetSurfaceRenderStatus 30063400 f   cg_syscalls.obj
 0001:00062420       _trap_G2API_AbsurdSmoothing 30063420 f   cg_syscalls.obj
 0001:00062440       _trap_G2API_SetRagDoll     30063440 f   cg_syscalls.obj
 0001:00062460       _trap_G2API_AnimateG2Models 30063460 f   cg_syscalls.obj
 0001:00062480       _trap_G2API_RagPCJConstraint 30063480 f   cg_syscalls.obj
 0001:000624b0       _trap_G2API_RagPCJGradientSpeed 300634b0 f   cg_syscalls.obj
 0001:000624e0       _trap_G2API_RagEffectorGoal 300634e0 f   cg_syscalls.obj
 0001:00062500       _trap_G2API_RagEffectorKick 30063500 f   cg_syscalls.obj
 0001:00062520       _trap_G2API_RagForceSolve  30063520 f   cg_syscalls.obj
 0001:00062540       _trap_G2API_SetBoneIKState 30063540 f   cg_syscalls.obj
 0001:00062570       _trap_G2API_IKMove         30063570 f   cg_syscalls.obj
 0001:00062590       _trap_G2API_AttachInstanceToEntNum 30063590 f   cg_syscalls.obj
 0001:000625b0       _trap_G2API_ClearAttachedInstance 300635b0 f   cg_syscalls.obj
 0001:000625d0       _trap_CG_RegisterSharedMemory 300635d0 f   cg_syscalls.obj
 0001:000625f0       _trap_R_WeatherContentsOverride 300635f0 f   cg_syscalls.obj
 0001:00062610       _trap_R_WorldEffectCommand 30063610 f   cg_syscalls.obj
 0001:00062630       _trap_WE_AddWeatherZone    30063630 f   cg_syscalls.obj
 0001:00062650       _CreepToPosition           30063650 f   cg_turret.obj
 0001:00062820       _TurretClientRun           30063820 f   cg_turret.obj
 0001:00062bc0       _CG_TestModel_f            30063bc0 f   cg_view.obj
 0001:00062ce0       _CG_TestGun_f              30063ce0 f   cg_view.obj
 0001:00062d00       _CG_TestModelNextFrame_f   30063d00 f   cg_view.obj
 0001:00062d20       _CG_TestModelPrevFrame_f   30063d20 f   cg_view.obj
 0001:00062d50       _CG_TestModelNextSkin_f    30063d50 f   cg_view.obj
 0001:00062d70       _CG_TestModelPrevSkin_f    30063d70 f   cg_view.obj
 0001:00063e50       _CG_GetVehicleCamPos       30064e50 f   cg_view.obj
 0001:00064e10       _CG_CheckPassengerTurretView 30065e10 f   cg_view.obj
 0001:00065090       _CG_DrawSkyBoxPortal       30066090 f   cg_view.obj
 0001:000654b0       _CG_AddBufferedSound       300664b0 f   cg_view.obj
 0001:00065560       _CG_UpdateSoundTrackers    30066560 f   cg_view.obj
 0001:00065610       _CG_SE_UpdateShake         30066610 f   cg_view.obj
 0001:00065730       _CG_SE_UpdateMusic         30066730 f   cg_view.obj
 0001:00065870       _CGCam_Shake               30066870 f   cg_view.obj
 0001:000658c0       _CG_DoCameraShake          300668c0 f   cg_view.obj
 0001:00065960       _CGCam_SetMusicMult        30066960 f   cg_view.obj
 0001:000659c0       _CG_EmplacedView           300669c0 f   cg_view.obj
 0001:00065b90       _CG_AddRadarAutomapEnts    30066b90 f   cg_view.obj
 0001:00065cf0       _CG_DrawAutoMap            30066cf0 f   cg_view.obj
 0001:00066240       _drawSplines               30067240 f   cg_view.obj
 0001:00066af0       _CG_DrawActiveFrame        30067af0 f   cg_view.obj
 0001:00068db0       _CG_RegisterWeapon         30069db0 f   cg_weaponinit.obj
 0001:00069d80       _CG_RegisterItemVisuals    3006ad80 f   cg_weapons.obj
 0001:0006a1e0       _CG_AddPlayerWeapon        3006b1e0 f   cg_weapons.obj
 0001:0006aa30       _CG_AddViewWeapon          3006ba30 f   cg_weapons.obj
 0001:0006acf0       _CG_DrawIconBackground     3006bcf0 f   cg_weapons.obj
 0001:0006af00       _CG_DrawWeaponSelect       3006bf00 f   cg_weapons.obj
 0001:0006b420       _CG_NextWeapon_f           3006c420 f   cg_weapons.obj
 0001:0006b5c0       _CG_PrevWeapon_f           3006c5c0 f   cg_weapons.obj
 0001:0006b770       _CG_Weapon_f               3006c770 f   cg_weapons.obj
 0001:0006b8a0       _CG_WeaponClean_f          3006c8a0 f   cg_weapons.obj
 0001:0006b9d0       _CG_OutOfAmmoChange        3006c9d0 f   cg_weapons.obj
 0001:0006ba90       _CG_GetClientWeaponMuzzleBoltPoint 3006ca90 f   cg_weapons.obj
 0001:0006bb30       _CG_FireWeapon             3006cb30 f   cg_weapons.obj
 0001:0006bd50       _CG_VehicleWeaponImpact    3006cd50 f   cg_weapons.obj
 0001:0006bdd0       _CG_MissileHitWall         3006cdd0 f   cg_weapons.obj
 0001:0006bfe0       _CG_MissileHitPlayer       3006cfe0 f   cg_weapons.obj
 0001:0006c1c0       _CG_CalcMuzzlePoint        3006d1c0 f   cg_weapons.obj
 0001:0006c4b0       _CG_InitG2Weapons          3006d4b0 f   cg_weapons.obj
 0001:0006c560       _CG_ShutDownG2Weapons      3006d560 f   cg_weapons.obj
 0001:0006c580       _CG_G2WeaponInstance       3006d580 f   cg_weapons.obj
 0001:0006c5f0       _CG_CopyG2WeaponInstance   3006d5f0 f   cg_weapons.obj
 0001:0006c750       _CG_CheckPlayerG2Weapons   3006d750 f   cg_weapons.obj
 0001:0006c9e0       _BG_FighterUpdate          3006d9e0 f   FighterNPC.obj
 0001:0006cb70       _FighterOverValidLandingSurface 3006db70 f   FighterNPC.obj
 0001:0006cbb0       _FighterIsLanded           3006dbb0 f   FighterNPC.obj
 0001:0006cc00       _FighterIsLanding          3006dc00 f   FighterNPC.obj
 0001:0006cc60       _FighterIsLaunching        3006dc60 f   FighterNPC.obj
 0001:0006da60       _FighterYawAdjust          3006ea60 f   FighterNPC.obj
 0001:0006db50       _FighterPitchAdjust        3006eb50 f   FighterNPC.obj
 0001:0006e400       _G_SetFighterVehicleFunctions 3006f400 f   FighterNPC.obj
 0001:0006e430       _FX_BlasterProjectileThink 3006f430 f   fx_blaster.obj
 0001:0006e480       _FX_BlasterWeaponHitWall   3006f480 f   fx_blaster.obj
 0001:0006e4a0       _FX_BlasterWeaponHitPlayer 3006f4a0 f   fx_blaster.obj
 0001:0006e4d0       _FX_BowcasterHitPlayer     3006f4d0 f   fx_bowcaster.obj
 0001:0006e4d0       _FX_BowcasterHitWall       3006f4d0 f   fx_bowcaster.obj
 0001:0006e4f0       _FX_BowcasterAltProjectileThink 3006f4f0 f   fx_bowcaster.obj
 0001:0006e4f0       _FX_BowcasterProjectileThink 3006f4f0 f   fx_bowcaster.obj
 0001:0006e540       _FX_BryarProjectileThink   3006f540 f   fx_bryarpistol.obj
 0001:0006e590       _FX_BryarAltProjectileThink 3006f590 f   fx_bryarpistol.obj
 0001:0006e620       _FX_BryarAltHitWall        3006f620 f   fx_bryarpistol.obj
 0001:0006e680       _FX_TurretProjectileThink  3006f680 f   fx_bryarpistol.obj
 0001:0006e6d0       _FX_BryarHitWall           3006f6d0 f   fx_bryarpistol.obj
 0001:0006e6d0       _FX_TurretHitWall          3006f6d0 f   fx_bryarpistol.obj
 0001:0006e6f0       _FX_BryarAltHitPlayer      3006f6f0 f   fx_bryarpistol.obj
 0001:0006e6f0       _FX_TurretHitPlayer        3006f6f0 f   fx_bryarpistol.obj
 0001:0006e6f0       _FX_BryarHitPlayer         3006f6f0 f   fx_bryarpistol.obj
 0001:0006e720       _FX_ConcussionHitWall      3006f720 f   fx_bryarpistol.obj
 0001:0006e720       _FX_ConcussionHitPlayer    3006f720 f   fx_bryarpistol.obj
 0001:0006e740       _FX_ConcussionProjectileThink 3006f740 f   fx_bryarpistol.obj
 0001:0006e790       _FX_ConcAltShot            3006f790 f   fx_bryarpistol.obj
 0001:0006e860       _FX_DEMP2_ProjectileThink  3006f860 f   fx_demp2.obj
 0001:0006e8b0       _FX_DEMP2_HitWall          3006f8b0 f   fx_demp2.obj
 0001:0006e8d0       _FX_DEMP2_HitPlayer        3006f8d0 f   fx_demp2.obj
 0001:0006e8f0       _FX_DEMP2_AltDetonate      3006f8f0 f   fx_demp2.obj
 0001:0006e990       _FX_DisruptorMainShot      3006f990 f   fx_disruptor.obj
 0001:0006ea00       _FX_DisruptorAltShot       3006fa00 f   fx_disruptor.obj
 0001:0006eaf0       _FX_DisruptorAltMiss       3006faf0 f   fx_disruptor.obj
 0001:0006ec90       _FX_DisruptorAltHit        3006fc90 f   fx_disruptor.obj
 0001:0006ecb0       _FX_DisruptorHitWall       3006fcb0 f   fx_disruptor.obj
 0001:0006ecd0       _FX_DisruptorHitPlayer     3006fcd0 f   fx_disruptor.obj
 0001:0006ecf0       _FX_FlechetteProjectileThink 3006fcf0 f   fx_flechette.obj
 0001:0006ed40       _FX_FlechetteWeaponHitWall 3006fd40 f   fx_flechette.obj
 0001:0006ed60       _FX_FlechetteWeaponHitPlayer 3006fd60 f   fx_flechette.obj
 0001:0006ed80       _FX_FlechetteAltProjectileThink 3006fd80 f   fx_flechette.obj
 0001:0006edd0       _FX_RepeaterProjectileThink 3006fdd0 f   fx_heavyrepeater.obj
 0001:0006ee20       _FX_RepeaterHitWall        3006fe20 f   fx_heavyrepeater.obj
 0001:0006ee40       _FX_RepeaterHitPlayer      3006fe40 f   fx_heavyrepeater.obj
 0001:0006f090       _FX_RepeaterAltProjectileThink 30070090 f   fx_heavyrepeater.obj
 0001:0006f0f0       _FX_RepeaterAltHitWall     300700f0 f   fx_heavyrepeater.obj
 0001:0006f0f0       _FX_RepeaterAltHitPlayer   300700f0 f   fx_heavyrepeater.obj
 0001:0006fb90       _FX_RocketProjectileThink  30070b90 f   fx_rocketlauncher.obj
 0001:0006fb90       _FX_RocketAltProjectileThink 30070b90 f   fx_rocketlauncher.obj
 0001:0006fc00       _FX_RocketHitWall          30070c00 f   fx_rocketlauncher.obj
 0001:0006fc00       _FX_RocketHitPlayer        30070c00 f   fx_rocketlauncher.obj
 0001:0006fc20       _Q_random                  30070c20 f   q_math.obj
 0001:0006fc50       _ByteToDir                 30070c50 f   q_math.obj
 0001:0006fcb0       _vectoangles               30070cb0 f   q_math.obj
 0001:0006fdd0       _AxisClear                 30070dd0 f   q_math.obj
 0001:0006fe00       _AxisCopy                  30070e00 f   q_math.obj
 0001:0006fe40       _ProjectPointOnPlane       30070e40 f   q_math.obj
 0001:0006fee0       _Q_fabs                    30070ee0 f   q_math.obj
 0001:0006ff00       _LerpAngle                 30070f00 f   q_math.obj
 0001:0006ff80       _AngleSubtract             30070f80 f   q_math.obj
 0001:00070010       _AnglesSubtract            30071010 f   q_math.obj
 0001:00070070       _AngleMod                  30071070 f   q_math.obj
 0001:00070070       _AngleNormalize360         30071070 f   q_math.obj
 0001:000700a0       _AngleNormalize180         300710a0 f   q_math.obj
 0001:000700f0       _AngleDelta                300710f0 f   q_math.obj
 0001:00070140       _VectorNormalize           30071140 f   q_math.obj
 0001:000701b0       _VectorNormalize2          300711b0 f   q_math.obj
 0001:00070230       _MatrixMultiply            30071230 f   q_math.obj
 0001:00070320       _AngleVectors              30071320 f   q_math.obj
 0001:00070480       _PerpendicularVector       30071480 f   q_math.obj
 0001:00070560       _flrand                    30071560 f   q_math.obj
 0001:000705d0       _irand                     300715d0 f   q_math.obj
 0001:000705d0       _Q_irand                   300715d0 f   q_math.obj
 0001:00070610       _FIXEDpowf                 30071610 f   q_math.obj
 0001:00070690       _RotatePointAroundVector   30071690 f   q_math.obj
 0001:00070840       _RotateAroundDirection     30071840 f   q_math.obj
 0001:000708d0       _AnglesToAxis              300718d0 f   q_math.obj
 0001:00070920       _GetStringForID            30071920 f   q_shared.obj
 0001:00070960       _COM_SkipPath              30071960 f   q_shared.obj
 0001:00070990       _COM_StripExtension        30071990 f   q_shared.obj
 0001:000709c0       _COM_Compress              300719c0 f   q_shared.obj
 0001:00070ac0       _COM_ParseExt              30071ac0 f   q_shared.obj
 0001:00070c30       _COM_ParseString           30071c30 f   q_shared.obj
 0001:00070c70       _COM_ParseInt              30071c70 f   q_shared.obj
 0001:00070cb0       _COM_ParseFloat            30071cb0 f   q_shared.obj
 0001:00070cf0       _SkipBracedSection         30071cf0 f   q_shared.obj
 0001:00070e30       _SkipRestOfLine            30071e30 f   q_shared.obj
 0001:00070e60       _Q_strrchr                 30071e60 f   q_shared.obj
 0001:00070e90       _Q_strncpyz                30071e90 f   q_shared.obj
 0001:00070ef0       _Q_stricmpn                30071ef0 f   q_shared.obj
 0001:00070f70       _Q_strncmp                 30071f70 f   q_shared.obj
 0001:00070fb0       _Q_stricmp                 30071fb0 f   q_shared.obj
 0001:00070fe0       _Q_strupr                  30071fe0 f   q_shared.obj
 0001:00071010       _Q_strcat                  30072010 f   q_shared.obj
 0001:00071060       _Q_CleanStr                30072060 f   q_shared.obj
 0001:000710b0       _Com_sprintf               300720b0 f   q_shared.obj
 0001:00071150       _va                        30072150 f   q_shared.obj
 0001:00071190       _Info_ValueForKey          30072190 f   q_shared.obj
 0001:00071280       _GetIDForString            30072280 f   q_shared.obj
 0001:000712d0       _COM_BeginParseSession     300722d0 f   q_shared.obj
 0001:00071300       _COM_Parse                 30072300 f   q_shared.obj
 0001:00071640       _ProcessOrientCommands     30072640 f   SpeederNPC.obj
 0001:00071790       _G_SetSpeederVehicleFunctions 30072790 f   SpeederNPC.obj
 0001:000717c0       _UI_Alloc                  300727c0 f   ui_shared.obj
 0001:00071860       _String_Alloc              30072860 f   ui_shared.obj
 0001:00071980       _PC_SourceError            30072980 f   ui_shared.obj
 0001:000719e0       _Float_Parse               300729e0 f   ui_shared.obj
 0001:00071a20       _PC_Float_Parse            30072a20 f   ui_shared.obj
 0001:00071ac0       _Color_Parse               30072ac0 f   ui_shared.obj
 0001:00071b10       _PC_Color_Parse            30072b10 f   ui_shared.obj
 0001:00071bb0       _Int_Parse                 30072bb0 f   ui_shared.obj
 0001:00071bf0       _PC_Int_Parse              30072bf0 f   ui_shared.obj
 0001:00071c80       _Rect_Parse                30072c80 f   ui_shared.obj
 0001:00071d10       _String_Parse              30072d10 f   ui_shared.obj
 0001:00071d50       _PC_String_Parse           30072d50 f   ui_shared.obj
 0001:00071dc0       _PC_Script_Parse           30072dc0 f   ui_shared.obj
 0001:00071ee0       _Init_Display              30072ee0 f   ui_shared.obj
 0001:00071ef0       _IsVisible                 30072ef0 f   ui_shared.obj
 0001:00071f10       _Rect_ContainsPoint        30072f10 f   ui_shared.obj
 0001:00071f70       _Menu_ItemsMatchingGroup   30072f70 f   ui_shared.obj
 0001:00072000       _Menu_GetMatchingItemByNumber 30073000 f   ui_shared.obj
 0001:00072080       _Script_SetColor           30073080 f   ui_shared.obj
 0001:00072160       _Script_SetAsset           30073160 f   ui_shared.obj
 0001:00072190       _Script_SetBackground      30073190 f   ui_shared.obj
 0001:000721e0       _Menu_FindItemByName       300731e0 f   ui_shared.obj
 0001:00072240       _Script_SetTeamColor       30073240 f   ui_shared.obj
 0001:00072290       _Script_SetItemColor       30073290 f   ui_shared.obj
 0001:00072420       _Script_SetItemColorCvar   30073420 f   ui_shared.obj
 0001:00072690       _Script_SetItemRect        30073690 f   ui_shared.obj
 0001:00072740       _Menu_ShowItemByName       30073740 f   ui_shared.obj
 0001:000727c0       _Menu_FadeItemByName       300737c0 f   ui_shared.obj
 0001:00072820       _Menus_FindByName          30073820 f   ui_shared.obj
 0001:00072870       _Script_Show               30073870 f   ui_shared.obj
 0001:000728c0       _Script_Hide               300738c0 f   ui_shared.obj
 0001:00072910       _Script_FadeIn             30073910 f   ui_shared.obj
 0001:00072960       _Script_FadeOut            30073960 f   ui_shared.obj
 0001:000729b0       _Script_Defer              300739b0 f   ui_shared.obj
 0001:00072a00       _Menu_ItemDisable          30073a00 f   ui_shared.obj
 0001:00072a50       _Script_SetPlayerModel     30073a50 f   ui_shared.obj
 0001:00072aa0       _ParseRect                 30073aa0 f   ui_shared.obj
 0001:00072b00       _Script_SetCvar            30073b00 f   ui_shared.obj
 0001:00072b80       _Script_SetCvarToCvar      30073b80 f   ui_shared.obj
 0001:00072c20       _Script_Exec               30073c20 f   ui_shared.obj
 0001:00072c80       _Script_Play               30073c80 f   ui_shared.obj
 0001:00072ce0       _Script_playLooped         30073ce0 f   ui_shared.obj
 0001:00072d50       _Menu_SetItemBackground    30073d50 f   ui_shared.obj
 0001:00072db0       _Item_RunScript            30073db0 f   ui_shared.obj
 0001:00072ea0       _Item_EnableShowViaCvar    30073ea0 f   ui_shared.obj
 0001:00072fc0       _Item_TextScroll_ThumbPosition 30073fc0 f   ui_shared.obj
 0001:00073050       _Item_TextScroll_OverLB    30074050 f   ui_shared.obj
 0001:000731e0       _Item_TextScroll_HandleKey 300741e0 f   ui_shared.obj
 0001:00073380       _Item_ListBox_MaxScroll    30074380 f   ui_shared.obj
 0001:000733e0       _Item_ListBox_ThumbPosition 300743e0 f   ui_shared.obj
 0001:000734f0       _Item_Slider_ThumbPosition 300744f0 f   ui_shared.obj
 0001:000735b0       _Item_Slider_OverSlider    300745b0 f   ui_shared.obj
 0001:00073630       _Item_ListBox_OverLB       30074630 f   ui_shared.obj
 0001:000739c0       _Item_ListBox_MouseEnter   300749c0 f   ui_shared.obj
 0001:00073b70       _Item_MouseEnter           30074b70 f   ui_shared.obj
 0001:00073cf0       _Item_MouseLeave           30074cf0 f   ui_shared.obj
 0001:00073d40       _Item_OwnerDraw_HandleKey  30074d40 f   ui_shared.obj
 0001:00073dd0       _Item_ListBox_HandleKey    30074dd0 f   ui_shared.obj
 0001:00074230       _Item_YesNo_HandleKey      30075230 f   ui_shared.obj
 0001:00074330       _Item_Multi_FindCvarByValue 30075330 f   ui_shared.obj
 0001:000743f0       _Item_Multi_HandleKey      300753f0 f   ui_shared.obj
 0001:000745c0       _Leaving_EditField         300755c0 f   ui_shared.obj
 0001:00074ae0       _Item_StartCapture         30075ae0 f   ui_shared.obj
 0001:00074d70       _Item_Slider_HandleKey     30075d70 f   ui_shared.obj
 0001:00074ee0       _Item_HandleAccept         30075ee0 f   ui_shared.obj
 0001:00074f10       _Item_Action               30075f10 f   ui_shared.obj
 0001:00075020       _Menus_Activate            30076020 f   ui_shared.obj
 0001:00075090       _Controls_GetConfig        30076090 f   ui_shared.obj
 0001:00075130       _Controls_SetConfig        30076130 f   ui_shared.obj
 0001:00075180       _BindingIDFromName         30076180 f   ui_shared.obj
 0001:000751c0       _Item_Bind_HandleKey       300761c0 f   ui_shared.obj
 0001:00075490       _Menu_Init                 30076490 f   ui_shared.obj
 0001:00075510       _Menu_GetFocused           30076510 f   ui_shared.obj
 0001:00075550       _Menu_ScrollFeeder         30076550 f   ui_shared.obj
 0001:000755d0       _Menu_SetFeederSelection   300765d0 f   ui_shared.obj
 0001:000756a0       _Item_ValidateTypeData     300766a0 f   ui_shared.obj
 0001:000757b0       _ItemParse_name            300767b0 f   ui_shared.obj
 0001:000757d0       _ItemParse_focusSound      300767d0 f   ui_shared.obj
 0001:00075820       _ItemParse_text            30076820 f   ui_shared.obj
 0001:00075840       _ItemParse_descText        30076840 f   ui_shared.obj
 0001:00075860       _ItemParse_text2           30076860 f   ui_shared.obj
 0001:00075860       _MenuParse_soundLoop       30076860 f   ui_shared.obj
 0001:00075880       _ItemParse_text2alignx     30076880 f   ui_shared.obj
 0001:000758a0       _ItemParse_text2aligny     300768a0 f   ui_shared.obj
 0001:000758c0       _ItemParse_group           300768c0 f   ui_shared.obj
 0001:000758e0       _UI_CleanupGhoul2          300768e0 f   ui_shared.obj
 0001:00075920       _ItemParse_asset_model     30076920 f   ui_shared.obj
 0001:00075950       _ItemParse_asset_shader    30076950 f   ui_shared.obj
 0001:000759a0       _ItemParse_model_origin    300769a0 f   ui_shared.obj
 0001:00075a00       _ItemParse_model_rotation  30076a00 f   ui_shared.obj
 0001:00075a30       _ItemParse_model_angle     30076a30 f   ui_shared.obj
 0001:00075a60       _ItemParse_model_g2mins    30076a60 f   ui_shared.obj
 0001:00075ac0       _ItemParse_model_g2maxs    30076ac0 f   ui_shared.obj
 0001:00075b20       _ItemParse_model_g2scale   30076b20 f   ui_shared.obj
 0001:00075b80       _ItemParse_model_g2skin    30076b80 f   ui_shared.obj
 0001:00075be0       _ItemParse_model_g2anim    30076be0 f   ui_shared.obj
 0001:00075c80       _ItemParse_rectcvar        30076c80 f   ui_shared.obj
 0001:00075db0       _ItemParse_rect            30076db0 f   ui_shared.obj
 0001:00075e10       _ItemParse_flag            30076e10 f   ui_shared.obj
 0001:00075eb0       _ItemParse_style           30076eb0 f   ui_shared.obj
 0001:00075ef0       _ItemParse_decoration      30076ef0 f   ui_shared.obj
 0001:00075f10       _ItemParse_notselectable   30076f10 f   ui_shared.obj
 0001:00075f50       _ItemParse_scrollhidden    30076f50 f   ui_shared.obj
 0001:00075f90       _ItemParse_wrapped         30076f90 f   ui_shared.obj
 0001:00075fb0       _ItemParse_autowrapped     30076fb0 f   ui_shared.obj
 0001:00075fd0       _ItemParse_horizontalscroll 30076fd0 f   ui_shared.obj
 0001:00075ff0       _ItemParse_type            30076ff0 f   ui_shared.obj
 0001:00076030       _ItemParse_elementwidth    30077030 f   ui_shared.obj
 0001:00076030       _ItemParse_model_fovx      30077030 f   ui_shared.obj
 0001:00076060       _ItemParse_elementheight   30077060 f   ui_shared.obj
 0001:00076060       _ItemParse_model_fovy      30077060 f   ui_shared.obj
 0001:00076090       _ItemParse_feeder          30077090 f   ui_shared.obj
 0001:00076090       _ItemParse_special         30077090 f   ui_shared.obj
 0001:000760b0       _ItemParse_elementtype     300770b0 f   ui_shared.obj
 0001:000760f0       _ItemParse_columns         300770f0 f   ui_shared.obj
 0001:000761b0       _ItemParse_ownerdraw       300771b0 f   ui_shared.obj
 0001:000761e0       _ItemParse_isCharacter     300771e0 f   ui_shared.obj
 0001:00076230       _ItemParse_textalign       30077230 f   ui_shared.obj
 0001:00076270       _ItemParse_textaligny      30077270 f   ui_shared.obj
 0001:00076290       _ItemParse_textscale       30077290 f   ui_shared.obj
 0001:000762b0       _ItemParse_textstyle       300772b0 f   ui_shared.obj
 0001:000762d0       _ItemParse_invertyesno     300772d0 f   ui_shared.obj
 0001:000762f0       _ItemParse_xoffset         300772f0 f   ui_shared.obj
 0001:00076310       _ItemParse_backcolor       30077310 f   ui_shared.obj
[...]
 0001:00023a70       _accumAddMultiply          30024a70 f   cg_consolecmds.obj
 0001:00023ad0       _accumShift                30024ad0 f   cg_consolecmds.obj
 0001:00024460       _CG_PreviewCam_f           30025460 f   cg_consolecmds.obj
 0001:00024480       _CG_StopPreviewCam_f       30025480 f   cg_consolecmds.obj
 0001:000246f0       _CG_GhostSave_f            300256f0 f   cg_consolecmds.obj
 0001:000247d0       _CG_GhostLoad_f            300257d0 f   cg_consolecmds.obj
 0001:00024a20       _CG_DrawZoomMask           30025a20 f   cg_draw.obj
 0001:00025800       _CG_DrawSaberStyle         30026800 f   cg_draw.obj
 0001:00025900       _CG_DrawAmmo               30026900 f   cg_draw.obj
 0001:00027c30       _CG_DrawStats              30028c30 f   cg_draw.obj
 0001:00027c70       _CG_DrawPickupItem         30028c70 f   cg_draw.obj
 0001:00027d70       _CG_DrawMiniScoreboard     30028d70 f   cg_draw.obj
 0001:00027ed0       _CG_DrawSnapshot           30028ed0 f   cg_draw.obj
 0001:00027f50       _CG_DrawFPS                30028f50 f   cg_draw.obj
 0001:00029280       _CG_DrawTimer              3002a280 f   cg_draw.obj
 0001:00029330       _CG_DrawSpeed              3002a330 f   cg_draw.obj
 0001:000294a0       _CG_DrawTeamOverlay        3002a4a0 f   cg_draw.obj
 0001:000298a0       _CG_DrawPowerupIcons       3002a8a0 f   cg_draw.obj
 0001:00029ac0       _CG_DrawDisconnect         3002aac0 f   cg_draw.obj
 0001:00029c10       _CG_DrawLagometer          3002ac10 f   cg_draw.obj
 0001:0002a0a0       _CG_DrawCenterString       3002b0a0 f   cg_draw.obj
 0001:0002b440       _CG_DrawHolocronIcons      3002c440 f   cg_draw.obj
 0001:0002b500       _CG_DrawActivePowers       3002c500 f   cg_draw.obj
 0001:0002b630       _CG_DrawRocketLocking      3002c630 f   cg_draw.obj
 0001:0002be00       _CG_DrawSpectator          3002ce00 f   cg_draw.obj
 0001:0002c320       _CG_DrawVote               3002d320 f   cg_draw.obj
 0001:0002c810       _CG_DrawTeamVote           3002d810 f   cg_draw.obj
 0001:0002c980       _CG_DrawFollow             3002d980 f   cg_draw.obj
 0001:0002cb70       _CG_DrawWarmup             3002db70 f   cg_draw.obj
 0001:0002d4b0       _CG_DrawSiegeTimer         3002e4b0 f   cg_draw.obj
 0001:0002d5d0       _CG_DrawSiegeDeathTimer    3002e5d0 f   cg_draw.obj
 0001:0002d700       _CG_DrawSiegeHUDItem       3002e700 f   cg_draw.obj
 0001:0002da60       _CG_ChatBox_DrawStrings    3002ea60 f   cg_draw.obj
 0001:0002dbb0       _CG_Draw2DScreenTints      3002ebb0 f   cg_draw.obj
 0001:0002e750       _CG_DrawEnemyInfo          3002f750 f   cg_draw.obj
 0001:0002ec30       _CG_DrawUpperRight         3002fc30 f   cg_draw.obj
 0001:0002ed90       _CG_DrawCrosshair          3002fd90 f   cg_draw.obj
 0001:0002f590       _CG_ScanForCrosshairEntity 30030590 f   cg_draw.obj
 0001:0002fc50       _CG_DrawCrosshairNames     30030c50 f   cg_draw.obj
 0001:0002feb0       _CG_Draw2D                 30030eb0 f   cg_draw.obj
 0001:00030d10       _CG_TileClearBox           30031d10 f   cg_drawtools.obj
 0001:00031960       _CG_DoGlassQuad            30032960 f   cg_effects.obj
 0001:00031b80       _CG_CalcBiLerp             30032b80 f   cg_effects.obj
 0001:00031eb0       _CG_CalcHeightWidth        30032eb0 f   cg_effects.obj
 0001:00032f60       _DistanceSquared           30033f60 f   cg_ents.obj
 0001:00033440       _CG_EntityEffects          30034440 f   cg_ents.obj
 0001:00033c20       _CG_RenderTimeEntBolt      30034c20 f   cg_ents.obj
 0001:000343d0       _CG_General                300353d0 f   cg_ents.obj
 0001:00036430       _CG_Speaker                30037430 f   cg_ents.obj
 0001:00036520       _CG_Item                   30037520 f   cg_ents.obj
 0001:00036f30       _CG_Missile                30037f30 f   cg_ents.obj
 0001:00037850       _CG_Mover                  30038850 f   cg_ents.obj
 0001:00037be0       _CG_Portal                 30038be0 f   cg_ents.obj
 0001:00037e20       _CG_InterpolateEntityPosition 30038e20 f   cg_ents.obj
 0001:00038090       _CG_TeamBase               30039090 f   cg_ents.obj
 0001:00038170       _CG_FX                     30039170 f   cg_ents.obj
 0001:000382d0       _CG_AddCEntity             300392d0 f   cg_ents.obj
 0001:00038da0       _VectorLength              30039da0 f   cg_event.obj
 0001:00038da0       _VectorLength              30039da0 f   cg_event.obj
 0001:00038da0       _VectorLength              30039da0 f   cg_event.obj
 0001:00038f70       _CG_Obituary               30039f70 f   cg_event.obj
 0001:00039760       _CG_UseItem                3003a760 f   cg_event.obj
 0001:000398a0       _CG_ItemPickup             3003a8a0 f   cg_event.obj
 0001:0003f520       _CG_AddFadeScaleModel      30040520 f   cg_localents.obj
 0001:0003f6c0       _CG_AddMoveScaleFade       300406c0 f   cg_localents.obj
 0001:0003f810       _CG_AddPuff                30040810 f   cg_localents.obj
 0001:0003f980       _CG_AddScaleFade           30040980 f   cg_localents.obj
 0001:0003fa90       _CG_AddSmoke               30040a90 f   cg_localents.obj
 0001:0003fbc0       _CG_AddTrail               30040bc0 f   cg_localents.obj
 0001:00040080       _CG_AddFallScaleFade       30041080 f   cg_localents.obj
 0001:00040190       _CG_AddExplosion           30041190 f   cg_localents.obj
 0001:00040250       _CG_AddSpriteExplosion     30041250 f   cg_localents.obj
 0001:000409a0       _Distance                  300419a0 f   cg_main.obj
 0001:000409a0       _Distance                  300419a0 f   cg_main.obj
 0001:000409a0       _Distance                  300419a0 f   cg_main.obj
 0001:000409a0       _Distance                  300419a0 f   cg_main.obj
 0001:00040a30       _C_GetLerpData             30041a30 f   cg_main.obj
 0001:00040af0       _C_Trace                   30041af0 f   cg_main.obj
 0001:00040b20       _C_G2Trace                 30041b20 f   cg_main.obj
 0001:00040b50       _C_G2Mark                  30041b50 f   cg_main.obj
 0001:00040c40       _CG_DebugBoxLines          30041c40 f   cg_main.obj
 0001:00040e60       _C_ImpactMark              30041e60 f   cg_main.obj
 0001:000413f0       _CG_RegisterItemSounds     300423f0 f   cg_main.obj
 0001:00041620       _CG_RegisterEffects        30042620 f   cg_main.obj
 0001:00042010       _CG_FeederCount            30043010 f   cg_main.obj
 0001:00042150       _CG_InfoFromScoreIndex     30043150 f   cg_main.obj
 0001:000421d0       _CG_FeederItemText         300431d0 f   cg_main.obj
 0001:000423e0       _CG_FeederSelection        300433e0 f   cg_main.obj
 0001:00042570       _CG_OwnerDrawWidth         30043570 f   cg_main.obj
 0001:00042640       _CG_PlayCinematic          30043640 f   cg_main.obj
 0001:00042680       _CG_StopCinematic          30043680 f   cg_main.obj
 0001:00042690       _CG_DrawCinematic          30043690 f   cg_main.obj
 0001:000426d0       _CG_RunCinematicFrame      300436d0 f   cg_main.obj
 0001:000434c0       _CG_RagCallback            300444c0 f   cg_main.obj
 0001:00043720       _CG_ForceModelChange       30044720 f   cg_main.obj
 0001:000438b0       _CG_AS_Register            300448b0 f   cg_main.obj
 0001:00043950       _CG_RegisterSounds         30044950 f   cg_main.obj
 0001:000446e0       _CG_RegisterGraphics       300456e0 f   cg_main.obj
 0001:00045500       _CG_RegisterClients        30046500 f   cg_main.obj
 0001:00048860       _PNG_flush_data            30049860 f   cg_newDraw.obj
 0001:00048ab0       _CrossProduct              30049ab0 f   cg_players.obj
 0001:00049000       _CG_RegisterClientModelname 3004a000 f   cg_players.obj
 0001:00049b10       _CG_InitG2SaberData        3004ab10 f   cg_players.obj
 0001:00049c10       _CG_CopyClientInfoModel    3004ac10 f   cg_players.obj
 0001:00049d70       _CG_ScanForExistingClientInfo 3004ad70 f   cg_players.obj
 0001:00049ff0       __PlayerFootStep           3004aff0 f   cg_players.obj
 0001:0004a370       _CG_PlayerFootsteps        3004b370 f   cg_players.obj
 0001:0004ac80       _CG_SetLerpFrameAnimation  3004bc80 f   cg_players.obj
 0001:0004b1e0       _CG_RunLerpFrame           3004c1e0 f   cg_players.obj
 0001:0004b3b0       _CG_PlayerAnimation        3004c3b0 f   cg_players.obj
 0001:0004b510       _CG_RagAnimForPositioning  3004c510 f   cg_players.obj
 0001:0004c4f0       _CG_G2SetHeadBlink         3004d4f0 f   cg_players.obj
 0001:0004c5f0       _CG_G2SetHeadAnim          3004d5f0 f   cg_players.obj
 0001:0004ca10       _CG_G2PlayerAngles         3004da10 f   cg_players.obj
 0001:0004cea0       _CG_PlayerFlag             3004dea0 f   cg_players.obj
 0001:0004d0c0       _CG_PlayerPowerups         3004e0c0 f   cg_players.obj
 0001:0004d200       _CG_PlayerFloatSprite      3004e200 f   cg_players.obj
 0001:0004d2b0       _CG_PlayerSplash           3004e2b0 f   cg_players.obj
 0001:0004d450       _CG_ForcePushBlur          3004e450 f   cg_players.obj
 0001:0004d940       _CG_ForceGripEffect        3004e940 f   cg_players.obj
 0001:0004dd40       _CG_RGBForSaberColor       3004ed40 f   cg_players.obj
 0001:0004dde0       _CG_DoSaberLight           3004ede0 f   cg_players.obj
 0001:00051000       _CG_CreateSurfaceDebris    30052000 f   cg_players.obj
 0001:000511a0       _CG_CreateSurfaceSmoke     300521a0 f   cg_players.obj
 0001:00051410       _CG_ForceElectrocution     30052410 f   cg_players.obj
 0001:00051aa0       _CG_VehicleEffects         30052aa0 f   cg_players.obj
 0001:00052c00       _CG_SetDeferredClientInfo  30053c00 f   cg_players.obj
 0001:00053b70       _CG_PlayerSprites          30054b70 f   cg_players.obj
 0001:00053c10       _CG_PlayerShadow           30054c10 f   cg_players.obj
 0001:00053e30       _CG_ForcePushBodyBlur      30054e30 f   cg_players.obj
 0001:00058ca0       _VectorCompare             30059ca0 f   cg_predict.obj
 0001:00058ca0       _VectorCompare             30059ca0 f   cg_predict.obj
 0001:00058ca0       _VectorCompare             30059ca0 f   cg_predict.obj
 0001:00058ca0       _VectorCompare             30059ca0 f   cg_predict.obj
 0001:00058ce0       _CG_Piloting               30059ce0 f   cg_predict.obj
 0001:00058e90       _CG_VehicleClipCheck       30059e90 f   cg_predict.obj
 0001:00058f40       _CG_ClipMoveToEntities     30059f40 f   cg_predict.obj
 0001:000594a0       _CG_InterpolatePlayerState 3005a4a0 f   cg_predict.obj
 0001:00059600       _CG_InterpolateVehiclePlayerState 3005a600 f   cg_predict.obj
 0001:00059770       _CG_TouchItem              3005a770 f   cg_predict.obj
 0001:000598b0       _CG_TouchTriggerPrediction 3005a8b0 f   cg_predict.obj
 0001:0005b420       _CG_SiegeObjectiveBuffer   3005c420 f   cg_saga.obj
 0001:0005c950       _CG_DrawClientScore        3005d950 f   cg_scoreboard.obj
 0001:0005cf40       _CG_TeamScoreboard         3005df40 f   cg_scoreboard.obj
 0001:0005da80       _CG_ParseScores            3005ea80 f   cg_servercmds.obj
 0001:0005dc50       _CG_ParseTeamInfo          3005ec50 f   cg_servercmds.obj
 0001:0005e390       _CG_RegisterCustomSounds   3005f390 f   cg_servercmds.obj
 0001:0005eb80       _CG_ConfigStringModified   3005fb80 f   cg_servercmds.obj
 0001:0005f3d0       _CG_MapRestart             300603d0 f   cg_servercmds.obj
 0001:0005f490       _CG_RemoveChatEscapeChar   30060490 f   cg_servercmds.obj
 0001:0005f640       _CG_BodyQueueCopy          30060640 f   cg_servercmds.obj
 0001:0005f8a0       _CG_ServerCommand          300608a0 f   cg_servercmds.obj
 0001:00060470       _CG_ResetEntity            30061470 f   cg_snapshot.obj
 0001:00060690       _CG_TransitionSnapshot     30061690 f   cg_snapshot.obj
 0001:00060870       _CG_SetNextSnap            30061870 f   cg_snapshot.obj
 0001:00060980       _CG_ReadNextSnapshot       30061980 f   cg_snapshot.obj
 0001:00062da0       _CG_AddTestModel           30063da0 f   cg_view.obj
 0001:00062f10       _CG_CalcVrect              30063f10 f   cg_view.obj
 0001:00062fd0       _CG_StepOffset             30063fd0 f   cg_view.obj
 0001:00063020       _CG_CalcIdealThirdPersonViewTarget 30064020 f   cg_view.obj
 0001:00063230       _CG_CalcIdealThirdPersonViewLocation 30064230 f   cg_view.obj
 0001:00063330       _CG_ResetThirdPersonViewDamp 30064330 f   cg_view.obj
 0001:000634b0       _CG_UpdateThirdPersonTargetDamp 300644b0 f   cg_view.obj
 0001:00063650       _CG_UpdateThirdPersonCameraDamp 30064650 f   cg_view.obj
 0001:00063970       _CG_OffsetThirdPersonView  30064970 f   cg_view.obj
 0001:00063e80       _CG_OffsetFirstPersonView  30064e80 f   cg_view.obj
 0001:00064280       _CG_OffsetFighterView      30065280 f   cg_view.obj
 0001:000644d0       _CG_CalcFov                300654d0 f   cg_view.obj
 0001:000648a0       _CG_DamageBlendBlob        300658a0 f   cg_view.obj
 0001:00064b70       _CG_ThirdPersonActionCam   30065b70 f   cg_view.obj
 0001:000654f0       _CG_PlayBufferedSounds     300664f0 f   cg_view.obj
 0001:00065a80       _CG_AddRefentForAutoMap    30066a80 f   cg_view.obj
 0001:000661f0       _swapPlayerstates          300671f0 f   cg_view.obj
 0001:000667a0       _CG_CalcViewValues         300677a0 f   cg_view.obj
 0001:00069f30       _CG_MapTorsoToWeaponFrame  3006af30 f   cg_weapons.obj
 0001:0006a040       _CG_CalculateWeaponPosition 3006b040 f   cg_weapons.obj
 0001:0006a180       _CG_AddWeaponWithPowerups  3006b180 f   cg_weapons.obj
 0001:0006ae90       _CG_WeaponSelectable       3006be90 f   cg_weapons.obj
 0001:0006caa0       _PredictedAngularDecrement 3006daa0 f   FighterNPC.obj
 0001:0006ccb0       _ProcessMoveCommands       3006dcb0 f   FighterNPC.obj
 0001:0006d5d0       _FighterWingMalfunctionCheck 3006e5d0 f   FighterNPC.obj
 0001:0006d6f0       _FighterNoseMalfunctionCheck 3006e6f0 f   FighterNPC.obj
 0001:0006d780       _FighterDamageRoutine      3006e780 f   FighterNPC.obj
 0001:0006dc40       _ProcessOrientCommands     3006ec40 f   FighterNPC.obj
 0001:0006ee60       _CG_DistortionOrb          3006fe60 f   fx_heavyrepeater.obj
 0001:0006f110       _CG_RocketTrail            30070110 f   fx_rocketlauncher.obj
 0001:00071320       _ProcessMoveCommands       30072320 f   SpeederNPC.obj
 0001:00071820       _hashForString             30072820 f   ui_shared.obj
 0001:000745f0       _Scroll_TextScroll_AutoFunc 300755f0 f   ui_shared.obj
 0001:00074660       _Scroll_TextScroll_ThumbFunc 30075660 f   ui_shared.obj
 0001:00074790       _Scroll_ListBox_AutoFunc   30075790 f   ui_shared.obj
 0001:00074800       _Scroll_ListBox_ThumbFunc  30075800 f   ui_shared.obj
 0001:00074a10       _Scroll_Slider_ThumbFunc   30075a10 f   ui_shared.obj
 0001:00074f30       _Display_CloseCinematics   30075f30 f   ui_shared.obj
 0001:00076dc0       _CG_OwnerDrawHandleKey     30077dc0 f   ui_shared.obj
 0001:00076dc0       _CG_FeederItemImage        30077dc0 f   ui_shared.obj
 0001:00076fc0       _Item_TextScroll_BuildLines 30077fc0 f   ui_shared.obj
 0001:00077f10       _Menu_OverActiveItem       30078f10 f   ui_shared.obj
 0001:0007a320       _ProcessMoveCommands       3007b320 f   WalkerNPC.obj
 0001:0007a600       _ProcessOrientCommands     3007b600 f   WalkerNPC.obj
 0001:0007cbc0       _png_default_error         3007dbc0 f   libpng:pngerror.obj
 0001:0007cc10       _png_default_warning       3007dc10 f   libpng:pngerror.obj
 0001:0007d180       _png_text_compress         3007e180 f   libpng:pngwutil.obj
 0001:0007d410       _png_write_compressed_data_out 3007e410 f   libpng:pngwutil.obj
 0001:000808f0       _crc32_little              300818f0 f   zlib:crc32.obj
 0001:00080bd0       _putShortMSB               30081bd0 f   zlib:deflate.obj
 0001:00080c00       _flush_pending             30081c00 f   zlib:deflate.obj
 0001:00080d30       _read_buf                  30081d30 f   zlib:deflate.obj
 0001:00080da0       _lm_init                   30081da0 f   zlib:deflate.obj
 0001:00080e30       _longest_match             30081e30 f   zlib:deflate.obj
 0001:00080f90       _fill_window               30081f90 f   zlib:deflate.obj
 0001:000810e0       _deflate_stored            300820e0 f   zlib:deflate.obj
 0001:00081220       _deflate_fast              30082220 f   zlib:deflate.obj
 0001:00081500       _deflate_slow              30082500 f   zlib:deflate.obj
 0001:000818c0       _deflate_rle               300828c0 f   zlib:deflate.obj
 0001:00081b40       _deflate_huff              30082b40 f   zlib:deflate.obj
 0001:00082a50       _init_block                30083a50 f   zlib:trees.obj
 0001:00082ad0       _pqdownheap                30083ad0 f   zlib:trees.obj
 0001:00082bb0       _gen_bitlen                30083bb0 f   zlib:trees.obj
 0001:00082db0       _scan_tree                 30083db0 f   zlib:trees.obj
 0001:00082e90       _send_tree                 30083e90 f   zlib:trees.obj
 0001:00083410       _send_all_trees            30084410 f   zlib:trees.obj
 0001:00083660       _compress_block            30084660 f   zlib:trees.obj
 0001:00083a70       _detect_data_type          30084a70 f   zlib:trees.obj
 0001:00083ae0       _bi_reverse                30084ae0 f   zlib:trees.obj
 0001:00083b00       _bi_flush                  30084b00 f   zlib:trees.obj
 0001:00083b80       _bi_windup                 30084b80 f   zlib:trees.obj
 0001:00083be0       _copy_block                30084be0 f   zlib:trees.obj
 0001:00083ce0       _gen_codes                 30084ce0 f   zlib:trees.obj
 0001:00083d60       _build_tree                30084d60 f   zlib:trees.obj
 0001:00083f60       _build_bl_tree             30084f60 f   zlib:trees.obj
 0001:00084740       _vscan_fn                  30085740 f   LIBCMT:sscanf.obj
 0001:000867a5       ___DllMainCRTStartup       300877a5 f   LIBCMT:dllcrt0.obj
 0001:00086b9b       _flsall                    30087b9b f   LIBCMT:fflush.obj
 0001:000872a8       __shift                    300882a8 f   LIBCMT:cvt.obj
 0001:000872ed       __cftoe2_l                 300882ed f   LIBCMT:cvt.obj
 0001:000878ab       __cftof2_l                 300888ab f   LIBCMT:cvt.obj
 0001:00087d1c       ?CPtoLCID@@YAHH@Z          30088d1c f   LIBCMT:mbctype.obj
 0001:00087d4b       ?setSBCS@@YAXPAUthreadmbcinfostruct@@@Z 30088d4b f   LIBCMT:mbctype.obj
 0001:00087daf       ?setSBUpLow@@YAXPAUthreadmbcinfostruct@@@Z 30088daf f   LIBCMT:mbctype.obj
 0001:00087fe3       ?getSystemCP@@YAHH@Z       30088fe3 f   LIBCMT:mbctype.obj
 0001:0008967b       ?strtoxl@@YAKPAUlocaleinfo_struct@@PBDPAPBDHH@Z 3008a67b f   LIBCMT:strtol.obj
 0001:0008996b       ___check_float_string      3008a96b f   LIBCMT:input.obj
 0001:000899c2       __hextodec                 3008a9c2 f   LIBCMT:input.obj
 0001:000899e2       __inc                      3008a9e2 f   LIBCMT:input.obj
 0001:000899f8       __whiteout                 3008a9f8 f   LIBCMT:input.obj
 0001:0008c130       __unwind_handler4          3008d130 f   LIBCMT:exsup4.obj
 0001:0008d0e7       _write_char                3008e0e7 f   LIBCMT:output.obj
 0001:0008d11a       _write_string              3008e11a f   LIBCMT:output.obj
 0001:0008f124       ?__crtLCMapStringA_stat@@YAHPAUlocaleinfo_struct@@KKPBDHPADHHH@Z 30090124 f   LIBCMT:a_map.obj
 0001:0008f610       _doexit                    30090610 f   LIBCMT:crt0dat.obj
 0001:0008f86f       _parse_cmdline             3009086f f   LIBCMT:stdargv.obj
 0001:0008fff8       _siglookup                 30090ff8 f   LIBCMT:winsig.obj
 0001:00090200       __unwind_handler           30091200 f   LIBCMT:exsup.obj
 0001:00090ade       __onexit_nolock            30091ade f   LIBCMT:onexit.obj
 0001:00091337       ?__crtGetStringTypeA_stat@@YAHPAUlocaleinfo_struct@@KPBDHPAGHHH@Z 30092337 f   LIBCMT:a_str.obj
 0001:0009385c       __tsopen_nolock            3009485c f   LIBCMT:open.obj
 0001:00094cc5       ?x_ismbbtype_l@@YAHPAUlocaleinfo_struct@@IHH@Z 30095cc5 f   LIBCMT:ismbbyte.obj
 0001:00095a36       __hw_cw                    30096a36 f   LIBCMT:_ieee87_.obj
 0001:00095ac4       ___hw_cw_sse2              30096ac4 f   LIBCMT:_ieee87_.obj
 0001:000964c8       ??__Fnomem@?5???2@YAPAXI@Z@YAXXZ 300974c8 f   LIBCMT:new.obj
