 cgamex86

 Timestamp is 4ff6c38d (Fri Jul 06 03:53:01 2012)

 Preferred load address is 30000000

 Start         Length     Name                   Class
 0001:00000000 00097848H .text                   CODE
 0001:00097848 00000014H .text$yd                CODE
 0002:00000000 00000160H .idata$5                DATA
 0002:00000160 00000004H .CRT$XCA                DATA
 0002:00000164 00000004H .CRT$XCZ                DATA
 0002:00000168 00000004H .CRT$XIA                DATA
 0002:0000016c 00000014H .CRT$XIC                DATA
 0002:00000180 00000004H .CRT$XIZ                DATA
 0002:00000184 00000004H .CRT$XPA                DATA
 0002:00000188 00000004H .CRT$XPX                DATA
 0002:0000018c 00000004H .CRT$XPXA               DATA
 0002:00000190 00000004H .CRT$XPZ                DATA
 0002:00000194 00000004H .CRT$XTA                DATA
 0002:00000198 00000004H .CRT$XTZ                DATA
 0002:000001a0 00027650H .rdata                  DATA
 0002:000277f0 000000dcH .rdata$r                DATA
 0002:000278d0 0000000cH .rdata$sxdata           DATA
 0002:000278dc 00000004H .rtc$IAA                DATA
 0002:000278e0 00000004H .rtc$IZZ                DATA
 0002:000278e4 00000004H .rtc$TAA                DATA
 0002:000278e8 00000004H .rtc$TZZ                DATA
 0002:000278f0 0000056cH .xdata$x                DATA
 0002:00027e5c 00000028H .idata$2                DATA
 0002:00027e84 00000014H .idata$3                DATA
 0002:00027e98 00000160H .idata$4                DATA
 0002:00027ff8 0000063eH .idata$6                DATA
 0002:00028640 00000059H .edata                  DATA
 0003:00000000 0000c360H .data                   DATA
 0003:0000c360 00b1b728H .bss                    DATA
 0004:00000000 00000058H .rsrc$01                DATA
 0004:00000060 00000338H .rsrc$02                DATA

  Address         Publics by Value              Rva+Base       Lib:Object

 0000:00000000       __except_list              00000000     <absolute>
 0000:00000003       ___safe_se_handler_count   00000003     <absolute>
 0000:00000000       ___ImageBase               30000000     <linker-defined>
 0001:000000c0       ?detour_gen_brk@@YAPAEPAE0@Z 300010c0 f i detours:detours.obj
 0001:000000f0       ?detour_does_code_end_function@@YAHPAE@Z 300010f0 f i detours:detours.obj
 0001:00000430       _DetourCodeFromPointer@8   30001430 f   detours:detours.obj
 0001:00000480       _DetourTransactionBegin@0  30001480 f   detours:detours.obj
 0001:00000500       _DetourTransactionAbort@0  30001500 f   detours:detours.obj
 0001:00000600       _DetourTransactionCommit@0 30001600 f   detours:detours.obj
 0001:00000610       _DetourTransactionCommitEx@4 30001610 f   detours:detours.obj
 0001:00000940       _DetourUpdateThread@4      30001940 f   detours:detours.obj
 0001:000009d0       _DetourAttach@8            300019d0 f   detours:detours.obj
 0001:000009e0       _DetourAttachEx@20         300019e0 f   detours:detours.obj
 0001:00000c10       _DetourDetach@8            30001c10 f   detours:detours.obj
 0001:00000d30       _DetourEnumerateModules@4  30001d30 f   detours:modules.obj
 0001:00000f90       _DetourFindPayload@12      30001f90 f   detours:modules.obj
 0001:000010f0       _DetourRestoreAfterWithEx@8 300020f0 f   detours:modules.obj
 0001:000011f0       _DetourRestoreAfterWith@0  300021f0 f   detours:modules.obj
 0001:00001240       _DetourCopyInstructionEx@16 30002240 f   detours:disasm.obj
 0001:000012d0       ?CopyBytes@CDetourDis@@IAEPAEPBUCOPYENTRY@1@PAE1@Z 300022d0 f   detours:disasm.obj
 0001:000013e0       ?CopyBytesPrefix@CDetourDis@@IAEPAEPBUCOPYENTRY@1@PAE1@Z 300023e0 f   detours:disasm.obj
 0001:00001420       ?AdjustTarget@CDetourDis@@IAEPAEPAE0JJJ@Z 30002420 f   detours:disasm.obj
 0001:00001510       ?Invalid@CDetourDis@@IAEPAEPBUCOPYENTRY@1@PAE1@Z 30002510 f   detours:disasm.obj
 0001:00001520       ?Copy0F@CDetourDis@@IAEPAEPBUCOPYENTRY@1@PAE1@Z 30002520 f   detours:disasm.obj
 0001:00001560       ?Copy66@CDetourDis@@IAEPAEPBUCOPYENTRY@1@PAE1@Z 30002560 f   detours:disasm.obj
 0001:000015a0       ?Copy67@CDetourDis@@IAEPAEPBUCOPYENTRY@1@PAE1@Z 300025a0 f   detours:disasm.obj
 0001:000015e0       ?CopyF6@CDetourDis@@IAEPAEPBUCOPYENTRY@1@PAE1@Z 300025e0 f   detours:disasm.obj
 0001:00001630       ?CopyF7@CDetourDis@@IAEPAEPBUCOPYENTRY@1@PAE1@Z 30002630 f   detours:disasm.obj
 0001:00001680       ?CopyFF@CDetourDis@@IAEPAEPBUCOPYENTRY@1@PAE1@Z 30002680 f   detours:disasm.obj
 0001:000016e0       _DllMain@12                300026e0 f   detours:detoured.obj
 0001:00001a50       _G_SetAnimalVehicleFunctions 30002a50 f   AnimalNPC.obj
 0001:00001a80       _BG_AttachToRancor         30002a80 f   bg_g2_utils.obj
 0001:00001c40       _BG_GetRootSurfNameWithVariant 30002c40 f   bg_g2_utils.obj
 0001:00001d30       _BG_FileExists             30002d30 f   bg_misc.obj
 0001:00001d70       _BG_ParseField             30002d70 f   bg_misc.obj
 0001:00001ea0       _vectoyaw                  30002ea0 f   bg_misc.obj
 0001:00001f40       _BG_HasYsalamiri           30002f40 f   bg_misc.obj
 0001:00001f80       _BG_CanUseFPNow            30002f80 f   bg_misc.obj
 0001:00002070       _BG_FindItemForPowerup     30003070 f   bg_misc.obj
 0001:000020d0       _BG_FindItemForHoldable    300030d0 f   bg_misc.obj
 0001:00002130       _BG_FindItemForWeapon      30003130 f   bg_misc.obj
 0001:00002180       _BG_ProperForceIndex       30003180 f   bg_misc.obj
 0001:000021b0       _BG_CycleForce             300031b0 f   bg_misc.obj
 0001:00002290       _BG_GetItemIndexByTag      30003290 f   bg_misc.obj
 0001:000022d0       _BG_IsItemSelectable       300032d0 f   bg_misc.obj
 0001:000022f0       _BG_CycleInven             300032f0 f   bg_misc.obj
 0001:000023c0       _BG_CanItemBeGrabbed       300033c0 f   bg_misc.obj
 0001:000026c0       _BG_EvaluateTrajectory     300036c0 f   bg_misc.obj
 0001:000028b0       _BG_EvaluateTrajectoryDelta 300038b0 f   bg_misc.obj
 0001:00002a70       _BG_AddPredictableEventToPlayerstate 30003a70 f   bg_misc.obj
 0001:00002ab0       _BG_TouchJumpPad           30003ab0 f   bg_misc.obj
 0001:00002b30       _BG_EmplacedView           30003b30 f   bg_misc.obj
 0001:00002c10       _BG_IsValidCharacterModel  30003c10 f   bg_misc.obj
 0001:00002c90       _BG_ValidateSkinForTeam    30003c90 f   bg_misc.obj
 0001:00002ec0       _BG_PlayerStateToEntityState 30003ec0 f   bg_misc.obj
 0001:00003270       _BG_ModelCache             30004270 f   bg_misc.obj
 0001:000032a0       _BG_Alloc                  300042a0 f   bg_misc.obj
 0001:000032f0       _BG_TempAlloc              300042f0 f   bg_misc.obj
 0001:00003330       _BG_TempFree               30004330 f   bg_misc.obj
 0001:00003370       _BG_PlayerTouchesItem      30004370 f   bg_misc.obj
 0001:00003410       _BG_InSaberStandAnim       30004410 f   bg_panimate.obj
 0001:00003440       _BG_InReboundJump          30004440 f   bg_panimate.obj
 0001:00003460       _BG_InReboundHold          30004460 f   bg_panimate.obj
 0001:00003480       _BG_InBackFlip             30004480 f   bg_panimate.obj
 0001:000034a0       _BG_SaberInAttack          300044a0 f   bg_panimate.obj
 0001:000034d0       _BG_SaberInKata            300044d0 f   bg_panimate.obj
 0001:000034f0       _BG_InKataAnim             300044f0 f   bg_panimate.obj
 0001:00003510       _BG_SaberInSpecial         30004510 f   bg_panimate.obj
 0001:00003530       _BG_KickMove               30004530 f   bg_panimate.obj
 0001:00003550       _BG_SaberInIdle            30004550 f   bg_panimate.obj
 0001:00003570       _BG_FlippingAnim           30004570 f   bg_panimate.obj
 0001:00003650       _BG_SpinningSaberAnim      30004650 f   bg_panimate.obj
 0001:000038b0       _BG_SaberInSpecialAttack   300048b0 f   bg_panimate.obj
 0001:00003a10       _BG_KickingAnim            30004a10 f   bg_panimate.obj
 0001:00003a70       _BG_InGrappleMove          30004a70 f   bg_panimate.obj
 0001:00003ac0       _BG_InRoll                 30004ac0 f   bg_panimate.obj
 0001:00003b50       _BG_InDeathAnim            30004b50 f   bg_panimate.obj
 0001:00003b90       _BG_InKnockDownOnly        30004b90 f   bg_panimate.obj
 0001:00003bb0       _BG_InSaberLockOld         30004bb0 f   bg_panimate.obj
 0001:00003bf0       _BG_InSaberLock            30004bf0 f   bg_panimate.obj
 0001:00003cb0       _PM_SaberBounceForAttack   30004cb0 f   bg_panimate.obj
 0001:00003d30       _PM_SaberInParry           30004d30 f   bg_panimate.obj
 0001:00003d50       _PM_SaberInKnockaway       30004d50 f   bg_panimate.obj
 0001:00003d70       _PM_SaberInReflect         30004d70 f   bg_panimate.obj
 0001:00003d90       _PM_SaberInStart           30004d90 f   bg_panimate.obj
 0001:00003db0       _PM_SaberInReturn          30004db0 f   bg_panimate.obj
 0001:00003dd0       _PM_InSaberAnim            30004dd0 f   bg_panimate.obj
 0001:00003df0       _PM_InKnockDown            30004df0 f   bg_panimate.obj
 0001:00003e50       _PM_PainAnim               30004e50 f   bg_panimate.obj
 0001:00003e70       _PM_JumpingAnim            30004e70 f   bg_panimate.obj
 0001:00003e90       _PM_LandingAnim            30004e90 f   bg_panimate.obj
 0001:00003ee0       _PM_InOnGroundAnim         30004ee0 f   bg_panimate.obj
 0001:00003f20       _PM_InRollComplete         30004f20 f   bg_panimate.obj
 0001:00003f50       _PM_CanRollFromSoulCal     30004f50 f   bg_panimate.obj
 0001:00003f80       _BG_SuperBreakLoseAnim     30004f80 f   bg_panimate.obj
 0001:00004010       _BG_SuperBreakWinAnim      30005010 f   bg_panimate.obj
 0001:000040a0       _BG_SaberLockBreakAnim     300050a0 f   bg_panimate.obj
 0001:00004230       _BG_FullBodyTauntAnim      30005230 f   bg_panimate.obj
 0001:00004280       _BG_AnimLength             30005280 f   bg_panimate.obj
 0001:000042d0       _PM_AnimLength             300052d0 f   bg_panimate.obj
 0001:00004340       _PM_SaberInTransition      30005340 f   bg_panimate.obj
 0001:00004360       _BG_SaberInTransitionAny   30005360 f   bg_panimate.obj
 0001:00004390       _BG_InitAnimsets           30005390 f   bg_panimate.obj
 0001:000043b0       _CG_RunMenuScript          300053b0 f   cg_newDraw.obj
 0001:000043b0       _BG_ClearAnimsets          300053b0 f   bg_panimate.obj
 0001:000043b0       _CG_OwnerDraw              300053b0 f   cg_newDraw.obj
 0001:000043c0       _BG_AnimsetAlloc           300053c0 f   bg_panimate.obj
 0001:000043f0       _CheckAnimFrameForEventType 300053f0 f   bg_panimate.obj
 0001:00004420       _ParseAnimationEvtBlock    30005420 f   bg_panimate.obj
 0001:000049e0       _BG_ParseAnimationEvtFile  300059e0 f   bg_panimate.obj
 0001:00004cd0       _BG_ParseAnimationFile     30005cd0 f   bg_panimate.obj
 0001:00005000       _PM_ContinueLegsAnim       30006000 f   bg_panimate.obj
 0001:00005050       _PM_StartTorsoAnim         30006050 f   bg_panimate.obj
 0001:00005080       _BG_SaberStartTransAnim    30006080 f   bg_panimate.obj
 0001:00005180       _BG_SetAnimFinal           30006180 f   bg_panimate.obj
 0001:000053e0       _BG_SetAnim                300063e0 f   bg_panimate.obj
 0001:00005490       _PM_SetAnim                30006490 f   bg_panimate.obj
 0001:000054c0       _BG_InSpecialJump          300064c0 f   bg_panimate.obj
 0001:000055c0       _PM_ForceLegsAnim          300065c0 f   bg_panimate.obj
 0001:00005770       _PM_BGEntForNum            30006770 f   bg_pmove.obj
 0001:000057a0       _BG_SabersOff              300067a0 f   bg_pmove.obj
 0001:000057d0       _BG_KnockDownable          300067d0 f   bg_pmove.obj
 0001:00005800       _PM_GetSaberStance         30006800 f   bg_pmove.obj
 0001:000058f0       _PM_pitch_roll_for_slope   300068f0 f   bg_pmove.obj
 0001:00005bd0       _PM_SetSpecialMoveValues   30006bd0 f   bg_pmove.obj
 0001:00005fc0       _BG_VehicleTurnRateForSpeed 30006fc0 f   bg_pmove.obj
 0001:00006090       _PM_AddEvent               30007090 f   bg_pmove.obj
 0001:000060b0       _PM_AddEventWithParm       300070b0 f   bg_pmove.obj
 0001:000060d0       _PM_AddTouchEnt            300070d0 f   bg_pmove.obj
 0001:00006120       _PM_ClipVelocity           30007120 f   bg_pmove.obj
 0001:00006780       _PM_ForceJumpingUp         30007780 f   bg_pmove.obj
 0001:000068e0       _PM_SetPMViewAngle         300078e0 f   bg_pmove.obj
 0001:00006950       _PM_AdjustAngleForWallRun  30007950 f   bg_pmove.obj
 0001:00006cf0       _PM_AdjustAngleForWallRunUp 30007cf0 f   bg_pmove.obj
 0001:00007090       _PM_AdjustAngleForWallJump 30008090 f   bg_pmove.obj
 0001:00007490       _PM_SetForceJumpZStart     30008490 f   bg_pmove.obj
 0001:000074d0       _PM_GrabWallForJump        300084d0 f   bg_pmove.obj
 0001:0000ad60       _PM_CheckDualForwardJumpDuck 3000bd60 f   bg_pmove.obj
 0001:0000adf0       _PM_CheckFixMins           3000bdf0 f   bg_pmove.obj
 0001:0000b3a0       _PM_Use                    3000c3a0 f   bg_pmove.obj
 0001:0000b400       _PM_WalkingAnim            3000c400 f   bg_pmove.obj
 0001:0000b460       _PM_RunningAnim            3000c460 f   bg_pmove.obj
 0001:0000b4b0       _PM_SwimmingAnim           3000c4b0 f   bg_pmove.obj
 0001:0000b4d0       _PM_FootSlopeTrace         3000c4d0 f   bg_pmove.obj
 0001:0000b6a0       _BG_InSlopeAnim            3000c6a0 f   bg_pmove.obj
 0001:0000b6c0       _PM_AdjustStandAnimForSlope 3000c6c0 f   bg_pmove.obj
 0001:0000bba0       _PM_LegsSlopeBackTransition 3000cba0 f   bg_pmove.obj
 0001:0000c540       _BG_ClearRocketLock        3000d540 f   bg_pmove.obj
 0001:0000c570       _PM_BeginWeaponChange      3000d570 f   bg_pmove.obj
 0001:0000c620       _PM_FinishWeaponChange     3000d620 f   bg_pmove.obj
 0001:0000c6a0       _BG_VehTraceFromCamPos     3000d6a0 f   bg_pmove.obj
 0001:0000c850       _PM_RocketLock             3000d850 f   bg_pmove.obj
 0001:0000d180       _PM_VehicleWeaponAnimate   3000e180 f   bg_pmove.obj
 0001:0000eb10       _BG_UnrestrainedPitchRoll  3000fb10 f   bg_pmove.obj
 0001:0000eb70       _PM_UpdateViewAngles       3000fb70 f   bg_pmove.obj
 0001:0000ec10       _PM_AdjustAttackStates     3000fc10 f   bg_pmove.obj
 0001:0000ef00       _BG_CmdForRoll             3000ff00 f   bg_pmove.obj
 0001:0000f0d0       _BG_AdjustClientSpeed      300100d0 f   bg_pmove.obj
 0001:0000f440       _BG_InKnockDown            30010440 f   bg_pmove.obj
 0001:0000f490       _BG_InRollES               30010490 f   bg_pmove.obj
 0001:0000f4b0       _BG_IK_MoveArm             300104b0 f   bg_pmove.obj
 0001:0000f8c0       _BG_UpdateLookAngles       300108c0 f   bg_pmove.obj
 0001:000101e0       _BG_InRoll2                300111e0 f   bg_pmove.obj
 0001:00010270       _BG_G2PlayerAngles         30011270 f   bg_pmove.obj
 0001:00010db0       _BG_G2ATSTAngles           30011db0 f   bg_pmove.obj
 0001:00011100       _PM_VehicleViewAngles      30012100 f   bg_pmove.obj
 0001:00011340       _PM_WeaponOkOnVehicle      30012340 f   bg_pmove.obj
 0001:00011360       _PM_GetOkWeaponForVehicle  30012360 f   bg_pmove.obj
 0001:000113a0       _PM_VehForcedTurning       300123a0 f   bg_pmove.obj
 0001:00011530       _PM_VehFaceHyperspacePoint 30012530 f   bg_pmove.obj
 0001:000117e0       _BG_VehicleAdjustBBoxForOrientation 300127e0 f   bg_pmove.obj
 0001:00011c40       _PM_MoveForKata            30012c40 f   bg_pmove.obj
 0001:00011da0       _PM_HoverTrace             30012da0 f   bg_pmove.obj
 0001:00012210       _PmoveSingle               30013210 f   bg_pmove.obj
 0001:00013770       _Pmove                     30014770 f   bg_pmove.obj
 0001:00013820       _PM_irand_timesync         30014820 f   bg_saber.obj
 0001:00013870       _BG_ForcePowerDrain        30014870 f   bg_saber.obj
 0001:00013960       _BG_EnoughForcePowerForMove 30014960 f   bg_saber.obj
 0001:00013990       _PM_SaberMoveQuadrantForMovement 30014990 f   bg_saber.obj
 0001:000139f0       _PM_SaberInBounce          300149f0 f   bg_saber.obj
 0001:00013a20       _PM_SaberAttackChainAngle  30014a20 f   bg_saber.obj
 0001:00013a60       _PM_SaberKataDone          30014a60 f   bg_saber.obj
 0001:00013bb0       _PM_SaberLockWinAnim       30014bb0 f   bg_saber.obj
 0001:00013d10       _PM_SaberLockLoseAnim      30014d10 f   bg_saber.obj
 0001:00013dd0       _PM_SaberLockResultAnim    30014dd0 f   bg_saber.obj
 0001:00013eb0       _PM_SaberLockBreak         30014eb0 f   bg_saber.obj
 0001:000141e0       _PM_SaberLocked            300151e0 f   bg_saber.obj
 0001:00014690       _PM_SaberInBrokenParry     30015690 f   bg_saber.obj
 0001:000146c0       _PM_BrokenParryForParry    300156c0 f   bg_saber.obj
 0001:000147d0       _PM_CanBackstab            300157d0 f   bg_saber.obj
 0001:000148f0       _PM_GroundDistance         300158f0 f   bg_saber.obj
 0001:000149a0       _PM_WalkableGroundDistance 300159a0 f   bg_saber.obj
 0001:00014a70       _PM_KickMoveForConditions  30015a70 f   bg_saber.obj
 0001:00014ab0       _PM_SaberPowerCheck        30015ab0 f   bg_saber.obj
 0001:00014b00       _BG_MySaber                30015b00 f   bg_saber.obj
 0001:00014b60       _PM_SaberAnimTransitionAnim 30015b60 f   bg_saber.obj
 0001:00014ce0       _PM_CheckStabDown          30015ce0 f   bg_saber.obj
 0001:00014ef0       _PM_SaberFlipOverAttackMove 30015ef0 f   bg_saber.obj
 0001:00015080       _PM_SaberBackflipAttackMove 30016080 f   bg_saber.obj
 0001:00015190       _PM_SaberLungeAttackMove   30016190 f   bg_saber.obj
 0001:00015320       _PM_SaberJumpAttackMove2   30016320 f   bg_saber.obj
 0001:00015430       _PM_SaberJumpAttackMove    30016430 f   bg_saber.obj
 0001:00015640       _PM_SaberAttackForMovement 30016640 f   bg_saber.obj
 0001:00016390       _PM_CanDoKata              30017390 f   bg_saber.obj
 0001:000164c0       _PM_CheckAltKickAttack     300174c0 f   bg_saber.obj
 0001:00016560       _PM_CanDoRollStab          30017560 f   bg_saber.obj
 0001:000165c0       _PM_SetSaberMove           300175c0 f   bg_saber.obj
 0001:00016cc0       _PM_WeaponLightsaber       30017cc0 f   bg_saber.obj
 0001:00018a30       _BG_ParseLiteral           30019a30 f   bg_saberLoad.obj
 0001:00018a90       _TranslateSaberColor       30019a90 f   bg_saberLoad.obj
 0001:00018b50       _TranslateSaberStyle       30019b50 f   bg_saberLoad.obj
 0001:00018c10       _WP_SaberBladeUseSecondBladeStyle 30019c10 f   bg_saberLoad.obj
 0001:00018c40       _WP_SaberSetDefaults       30019c40 f   bg_saberLoad.obj
 0001:00018f80       _WP_SaberParseParms        30019f80 f   bg_saberLoad.obj
 0001:0001b590       _WP_SaberParseParm         3001c590 f   bg_saberLoad.obj
 0001:0001b6c0       _WP_SaberValidForPlayerInMP 3001c6c0 f   bg_saberLoad.obj
 0001:0001b720       _WP_SaberLoadParms         3001c720 f   bg_saberLoad.obj
 0001:0001b860       _BG_SI_SetLength           3001c860 f   bg_saberLoad.obj
 0001:0001b890       _BG_SI_SetDesiredLength    3001c890 f   bg_saberLoad.obj
 0001:0001b8e0       _BG_SI_SetLengthGradual    3001c8e0 f   bg_saberLoad.obj
 0001:0001ba60       _WP_RemoveSaber            3001ca60 f   bg_saberLoad.obj
 0001:0001baf0       _WP_SetSaber               3001caf0 f   bg_saberLoad.obj
 0001:0001bbb0       _BG_SiegeStripTabs         3001cbb0 f   bg_saga.obj
 0001:0001bbf0       _BG_SiegeGetValueGroup     3001cbf0 f   bg_saga.obj
 0001:0001bf00       _BG_SiegeGetPairedValue    3001cf00 f   bg_saga.obj
 0001:0001c170       _BG_SiegeTranslateForcePowers 3001d170 f   bg_saga.obj
 0001:0001c350       _BG_SiegeTranslateGenericTable 3001d350 f   bg_saga.obj
 0001:0001c440       _BG_SiegeParseClassFile    3001d440 f   bg_saga.obj
 0001:0001cd30       _BG_SiegeLoadClasses       3001dd30 f   bg_saga.obj
 0001:0001ce40       _BG_SiegeFindClassByName   3001de40 f   bg_saga.obj
 0001:0001ce90       _BG_SiegeLoadTeams         3001de90 f   bg_saga.obj
 0001:0001d1c0       _BG_SiegeFindThemeForTeam  3001e1c0 f   bg_saga.obj
 0001:0001d1f0       _BG_PrecacheSabersForSiegeTeam 3001e1f0 f   bg_saga.obj
 0001:0001d2d0       _BG_SiegeFindTeamForTheme  3001e2d0 f   bg_saga.obj
 0001:0001d330       _BG_SiegeSetTeamTheme      3001e330 f   bg_saga.obj
 0001:0001d360       _BG_SiegeFindClassIndexByName 3001e360 f   bg_saga.obj
 0001:0001d3f0       _PM_VehicleImpact          3001e3f0 f   bg_slidemove.obj
 0001:0001d9e0       _PM_GroundSlideOkay        3001e9e0 f   bg_slidemove.obj
 0001:0001da60       _PM_SlideMove              3001ea60 f   bg_slidemove.obj
 0001:0001e190       _PM_StepSlideMove          3001f190 f   bg_slidemove.obj
 0001:0001e9a0       _VEH_LoadVehWeapon         3001f9a0 f   bg_vehicleLoad.obj
 0001:0001eb80       _VEH_VehWeaponIndexForName 3001fb80 f   bg_vehicleLoad.obj
 0001:0001ec20       _BG_SetSharedVehicleFunctions 3001fc20 f   bg_vehicleLoad.obj
 0001:0001ec80       _BG_VehicleClampData       3001fc80 f   bg_vehicleLoad.obj
 0001:0001efe0       _BG_VehWeaponLoadParms     3001ffe0 f   bg_vehicleLoad.obj
 0001:0001f160       _BG_VehicleLoadParms       30020160 f   bg_vehicleLoad.obj
 0001:0001f380       _AttachRidersGeneric       30020380 f   bg_vehicleLoad.obj
 0001:0001f420       _VEH_LoadVehicle           30020420 f   bg_vehicleLoad.obj
 0001:0001fc20       _VEH_VehicleIndexForName   30020c20 f   bg_vehicleLoad.obj
 0001:0001fcc0       _BG_VehicleGetIndex        30020cc0 f   bg_vehicleLoad.obj
 0001:0001fcd0       _BG_GetVehicleModelName    30020cd0 f   bg_vehicleLoad.obj
 0001:0001fd20       _BG_GetVehicleSkinName     30020d20 f   bg_vehicleLoad.obj
 0001:0001fd80       _CG_TargetCommand_f        30020d80 f   cg_consolecmds.obj
 0001:00020790       _reCalc                    30021790 f   cg_consolecmds.obj
 0001:00021db0       _CG_DumpLoc_f              30022db0 f   cg_consolecmds.obj
 0001:000235b0       _FS_BuildOSPath            300245b0 f   cg_consolecmds.obj
 0001:00023880       _SaveTGA                   30024880 f   cg_consolecmds.obj
 0001:000239d0       _SavePNG                   300249d0 f   cg_consolecmds.obj
 0001:00023bb0       _R_MME_SaveShot            30024bb0 f   cg_consolecmds.obj
 0001:000240e0       _R_MME_CheckCvars          300250e0 f   cg_consolecmds.obj
 0001:00024240       _my_glFrustum@48           30025240 f   cg_consolecmds.obj
 0001:00024280       _my_glMatrixMode@4         30025280 f   cg_consolecmds.obj
 0001:000242a0       _my_glLoadMatrixf@4        300252a0 f   cg_consolecmds.obj
 0001:00024300       _R_MME_TakeShot            30025300 f   cg_consolecmds.obj
 0001:00024760       _R_MME_CaptureShotCmd      30025760 f   cg_consolecmds.obj
 0001:00024900       _R_MME_Init                30025900 f   cg_consolecmds.obj
 0001:00024990       _R_MME_Shutdown            30025990 f   cg_consolecmds.obj
 0001:000249b0       _R_ScreenShot_f            300259b0 f   cg_consolecmds.obj
 0001:00024a50       _CG_ConsoleCommand         30025a50 f   cg_consolecmds.obj
 0001:00024aa0       _CG_InitConsoleCommands    30025aa0 f   cg_consolecmds.obj
 0001:00024e60       _CG_Text_Width             30025e60 f   cg_draw.obj
 0001:00024eb0       _CG_Text_Height            30025eb0 f   cg_draw.obj
 0001:00024f20       _CG_Text_Paint             30025f20 f   cg_draw.obj
 0001:000257b0       _CG_Draw3DModel            300267b0 f   cg_draw.obj
 0001:000258e0       _CG_DrawFlagModel          300268e0 f   cg_draw.obj
 0001:00025a60       _CG_DrawHealth             30026a60 f   cg_draw.obj
 0001:00025bb0       _CG_DrawArmor              30026bb0 f   cg_draw.obj
 0001:00026130       _CG_DrawForcePower         30027130 f   cg_draw.obj
 0001:00026360       _CG_DrawHUD                30027360 f   cg_draw.obj
 0001:000267d0       _CG_DrawForceSelect        300277d0 f   cg_draw.obj
 0001:00026b30       _CG_DrawInvenSelect        30027b30 f   cg_draw.obj
 0001:00026ee0       _CG_CheckTargetVehicle     30027ee0 f   cg_draw.obj
 0001:00027010       _CG_DrawVehicleShields     30028010 f   cg_draw.obj
 0001:00027180       _CG_DrawVehicleAmmo        30028180 f   cg_draw.obj
 0001:00027330       _CG_DrawVehicleAmmoUpper   30028330 f   cg_draw.obj
 0001:000274e0       _CG_DrawVehicleAmmoLower   300284e0 f   cg_draw.obj
 0001:00027690       _CG_DrawVehicleTurboRecharge 30028690 f   cg_draw.obj
 0001:00027770       _CG_DrawVehicleWeaponsLinked 30028770 f   cg_draw.obj
 0001:00027840       _CG_DrawVehicleSpeed       30028840 f   cg_draw.obj
 0001:00027a20       _CG_DrawVehicleArmor       30028a20 f   cg_draw.obj
 0001:00027b80       _CG_DrawVehicleDamage      30028b80 f   cg_draw.obj
 0001:00027cd0       _CG_DrawVehicleDamageHUD   30028cd0 f   cg_draw.obj
 0001:00027ff0       _CG_DrawVehicleHud         30028ff0 f   cg_draw.obj
 0001:000282b0       _CG_DrawTeamBackground     300292b0 f   cg_draw.obj
 0001:000286c0       _CG_DrawHealthBarRough     300296c0 f   cg_draw.obj
 0001:000287e0       _CG_DrawDuelistHealth      300297e0 f   cg_draw.obj
 0001:000288b0       _CG_DrawRadar              300298b0 f   cg_draw.obj
 0001:00029fc0       _CG_AddLagometerFrameInfo  3002afc0 f   cg_draw.obj
 0001:00029ff0       _CG_AddLagometerSnapshotInfo 3002aff0 f   cg_draw.obj
 0001:0002a550       _CG_DrawSiegeMessage       3002b550 f   cg_draw.obj
 0001:0002a590       _CG_CenterPrint            3002b590 f   cg_draw.obj
 0001:0002a7e0       _CG_DrawSiegeInfo          3002b7e0 f   cg_draw.obj
 0001:0002ab30       _CG_DrawHealthBar          3002bb30 f   cg_draw.obj
 0001:0002acb0       _CG_DrawHaqrBar            3002bcb0 f   cg_draw.obj
 0001:0002ae50       _CG_DrawGenericTimerBar    3002be50 f   cg_draw.obj
 0001:0002afb0       _CG_WorldCoordToScreenCoordFloat 3002bfb0 f   cg_draw.obj
 0001:0002b0d0       _CG_WorldCoordToScreenCoord 3002c0d0 f   cg_draw.obj
 0001:0002b110       _CG_SaberClashFlare        3002c110 f   cg_draw.obj
 0001:0002b2c0       _CG_DottedLine             3002c2c0 f   cg_draw.obj
 0001:0002b3a0       _CG_BracketEntity          3002c3a0 f   cg_draw.obj
 0001:0002b920       _CG_InFighter              3002c920 f   cg_draw.obj
 0001:0002b960       _CG_InATST                 3002c960 f   cg_draw.obj
 0001:0002b9a0       _CG_DrawBracketedEntities  3002c9a0 f   cg_draw.obj
 0001:0002c080       _CG_CalcVehicleMuzzlePoint 3002d080 f   cg_draw.obj
 0001:0002c270       _CG_CalcEWebMuzzlePoint    3002d270 f   cg_draw.obj
 0001:0002c350       _CG_SanitizeString         3002d350 f   cg_draw.obj
 0001:0002d500       _CG_DrawFlagStatus         3002e500 f   cg_draw.obj
 0001:0002d620       _CG_DrawJetpackFuel        3002e620 f   cg_draw.obj
 0001:0002d760       _CG_DrawEWebHealth         3002e760 f   cg_draw.obj
 0001:0002d8f0       _CG_DrawCloakFuel          3002e8f0 f   cg_draw.obj
 0001:0002ddd0       _CG_ChatBox_StrInsert      3002edd0 f   cg_draw.obj
 0001:0002de40       _CG_ChatBox_AddString      3002ee40 f   cg_draw.obj
 0001:0002dfc0       _CG_ChatBox_ArrayInsert    3002efc0 f   cg_draw.obj
 0001:0002f2f0       _CG_DrawSiegeMessageNonMenu 300302f0 f   cg_draw.obj
 0001:00030b10       _CG_DrawActive             30031b10 f   cg_draw.obj
 0001:00030ca0       _CG_GetColorForHealth      30031ca0 f   cg_drawtools.obj
 0001:00030d40       _CG_DrawSides              30031d40 f   cg_drawtools.obj
 0001:00030de0       _CG_DrawTopBottom          30031de0 f   cg_drawtools.obj
 0001:00030e80       _CG_FillRect               30031e80 f   cg_drawtools.obj
 0001:00030ee0       _CG_DrawPic                30031ee0 f   cg_drawtools.obj
 0001:00030f30       _CG_DrawRotatePic          30031f30 f   cg_drawtools.obj
 0001:00030f80       _CG_DrawRotatePic2         30031f80 f   cg_drawtools.obj
 0001:00030fd0       _CG_DrawChar               30031fd0 f   cg_drawtools.obj
 0001:00031070       _CG_DrawStringExt          30032070 f   cg_drawtools.obj
 0001:00031200       _CG_DrawBigString          30032200 f   cg_drawtools.obj
 0001:00031240       _CG_DrawSmallString        30032240 f   cg_drawtools.obj
 0001:00031280       _CG_DrawStrlen             30032280 f   cg_drawtools.obj
 0001:00031350       _CG_TileClear              30032350 f   cg_drawtools.obj
 0001:00031400       _CG_FadeColor              30032400 f   cg_drawtools.obj
 0001:00031460       _CG_ColorForGivenHealth    30032460 f   cg_drawtools.obj
 0001:000314d0       _CG_ColorForHealth         300324d0 f   cg_drawtools.obj
 0001:00031540       _CG_DrawNumField           30032540 f   cg_drawtools.obj
 0001:000317f0       _UI_DrawProportionalString 300327f0 f   cg_drawtools.obj
 0001:000318a0       _UI_DrawScaledProportionalString 300328a0 f   cg_drawtools.obj
 0001:00031930       _CG_DrawRect               30032930 f   cg_drawtools.obj
 0001:000319a0       _CG_BubbleTrail            300329a0 f   cg_effects.obj
 0001:00031c20       _CG_SmokePuff              30032c20 f   cg_effects.obj
 0001:00031dd0       _CG_TestLine               30032dd0 f   cg_effects.obj
 0001:00032690       _CG_InitGlass              30033690 f   cg_effects.obj
 0001:00032730       _CG_DoGlass                30033730 f   cg_effects.obj
 0001:00032b00       _CG_GlassShatter           30033b00 f   cg_effects.obj
 0001:00032b60       _CG_MiscModelExplosion     30033b60 f   cg_effects.obj
 0001:00032d70       _CG_Chunks                 30033d70 f   cg_effects.obj
 0001:000333f0       _CG_ScorePlum              300343f0 f   cg_effects.obj
 0001:00033560       _CG_PositionEntityOnTag    30034560 f   cg_ents.obj
 0001:00033650       _CG_PositionRotatedEntityOnTag 30034650 f   cg_ents.obj
 0001:00033740       _CG_SetEntitySoundPosition 30034740 f   cg_ents.obj
 0001:000337c0       _CG_S_AddLoopingSound      300347c0 f   cg_ents.obj
 0001:00033880       _CG_S_AddRealLoopingSound  30034880 f   cg_ents.obj
 0001:00033890       _CG_S_StopLoopingSound     30034890 f   cg_ents.obj
 0001:00033930       _CG_S_UpdateLoopingSounds  30034930 f   cg_ents.obj
 0001:00033b80       _FX_AddOrientedLine        30034b80 f   cg_ents.obj
 0001:00033c90       _FX_DrawPortableShield     30034c90 f   cg_ents.obj
 0001:00033e10       _CG_Special                30034e10 f   cg_ents.obj
 0001:00033e40       _CG_SetGhoul2Info          30034e40 f   cg_ents.obj
 0001:00033eb0       _ScaleModelAxis            30034eb0 f   cg_ents.obj
 0001:00033fa0       _CG_Disintegration         30034fa0 f   cg_ents.obj
 0001:000342e0       _CG_AddRadarEnt            300352e0 f   cg_ents.obj
 0001:00034310       _CG_AddBracketedEnt        30035310 f   cg_ents.obj
 0001:00034340       _G_GetDismemberBolt        30035340 f   cg_ents.obj
 0001:00034600       _G_Dismember               30035600 f   cg_ents.obj
 0001:00036a90       _CG_GreyItem               30037a90 f   cg_ents.obj
 0001:00037cf0       _CG_PlayDoorLoopSound      30038cf0 f   cg_ents.obj
 0001:00037db0       _CG_PlayDoorSound          30038db0 f   cg_ents.obj
 0001:000380f0       _CG_Beam                   300390f0 f   cg_ents.obj
 0001:00038300       _CG_AdjustPositionForMover 30039300 f   cg_ents.obj
 0001:00038510       _CG_CalcEntityLerpPositions 30039510 f   cg_ents.obj
 0001:00038ab0       _CG_ManualEntityRender     30039ab0 f   cg_ents.obj
 0001:00038ac0       _CG_AddPacketEntities      30039ac0 f   cg_ents.obj
 0001:00038dc0       _CG_ROFF_NotetrackCallback 30039dc0 f   cg_ents.obj
 0001:000391c0       _CG_Cube                   3003a1c0 f   cg_ents.obj
 0001:00039350       _CG_PlaceString            3003a350 f   cg_event.obj
 0001:00039c10       _CG_ToggleBinoculars       3003ac10 f   cg_event.obj
 0001:00039ca0       _CG_LocalTimingBar         3003aca0 f   cg_event.obj
 0001:00039f80       _CG_PainEvent              3003af80 f   cg_event.obj
 0001:0003a000       _CG_ReattachLimb           3003b000 f   cg_event.obj
 0001:0003a060       _CG_PrintCTFMessage        3003b060 f   cg_event.obj
 0001:0003a210       _CG_GetCTFMessageEvent     3003b210 f   cg_event.obj
 0001:0003a280       _DoFall                    3003b280 f   cg_event.obj
 0001:0003a420       _CG_InClientBitflags       3003b420 f   cg_event.obj
 0001:0003a4c0       _CG_TryPlayCustomSound     3003b4c0 f   cg_event.obj
 0001:0003a4f0       _CG_G2MarkEvent            3003b4f0 f   cg_event.obj
 0001:0003a720       _CG_CalcVehMuzzle          3003b720 f   cg_event.obj
 0001:0003a810       _CG_VehMuzzleFireFX        3003b810 f   cg_event.obj
 0001:0003a920       _CG_GetStringForVoiceSound 3003b920 f   cg_event.obj
 0001:0003a980       _CG_EntityEvent            3003b980 f   cg_event.obj
 0001:0003e5a0       _CG_CheckEvents            3003f5a0 f   cg_event.obj
 0001:0003e630       _CG_LoadingString          3003f630 f   cg_info.obj
 0001:0003e650       _CG_LoadingItem            3003f650 f   cg_info.obj
 0001:0003e6c0       _CG_LoadingClient          3003f6c0 f   cg_info.obj
 0001:0003e720       _CG_LoadBar                3003f720 f   cg_info.obj
 0001:0003e830       _CG_DrawInformation        3003f830 f   cg_info.obj
 0001:0003f160       _CG_RunLightStyles         30040160 f   cg_light.obj
 0001:0003f1f0       _CG_SetLightstyle          300401f0 f   cg_light.obj
 0001:0003f2b0       _CG_ClearLightStyles       300402b0 f   cg_light.obj
 0001:0003f3a0       _CG_InitLocalEntities      300403a0 f   cg_localents.obj
 0001:0003f3f0       _CG_FreeLocalEntity        300403f0 f   cg_localents.obj
 0001:0003f430       _CG_AllocLocalEntity       30040430 f   cg_localents.obj
 0001:0003f4c0       _CG_BloodTrail             300404c0 f   cg_localents.obj
 0001:0003f590       _CG_FragmentBounceMark     30040590 f   cg_localents.obj
 0001:0003f5c0       _CG_FragmentBounceSound    300405c0 f   cg_localents.obj
 0001:0003f650       _CG_ReflectVelocity        30040650 f   cg_localents.obj
 0001:0003f780       _CG_AddFragment            30040780 f   cg_localents.obj
 0001:0003f9c0       _CG_AddFadeRGB             300409c0 f   cg_localents.obj
 0001:00040940       _CG_AddRefEntity           30041940 f   cg_localents.obj
 0001:000409a0       _CG_AddScorePlum           300419a0 f   cg_localents.obj
 0001:00040c60       _CG_AddOLine               30041c60 f   cg_localents.obj
 0001:00040d80       _CG_AddLine                30041d80 f   cg_localents.obj
 0001:00040da0       _CG_AddLocalEntities       30041da0 f   cg_localents.obj
 0001:00040f20       _CG_NoUseableForce         30041f20 f   cg_main.obj
 0001:000413f0       _CG_DrawMiscEnts           300423f0 f   cg_main.obj
 0001:000414f0       _CG_RegisterCvars          300424f0 f   cg_main.obj
 0001:00041800       _CG_CrosshairPlayer        30042800 f   cg_main.obj
 0001:00041820       _CG_LastAttacker           30042820 f   cg_main.obj
 0001:00041840       _CG_Printf                 30042840 f   cg_main.obj
 0001:00041840       _CG_Error                  30042840 f   cg_main.obj
 0001:00041870       _Com_Error                 30042870 f   cg_main.obj
 0001:000418b0       _Com_Printf                300428b0 f   cg_main.obj
 0001:000418f0       _CG_Argv                   300428f0 f   cg_main.obj
 0001:00041910       _BG_GetTime                30042910 f   cg_main.obj
 0001:00041a70       _CG_ParseWeatherEffect     30042a70 f   cg_main.obj
 0001:00041a90       _CG_ParseSiegeState        30042a90 f   cg_main.obj
 0001:00041c10       _CG_GetStringEdString      30042c10 f   cg_main.obj
 0001:00041c60       _CG_SiegeCountCvars        30042c60 f   cg_main.obj
 0001:00041ea0       _CG_BuildSpectatorString   30042ea0 f   cg_main.obj
 0001:00041f20       _CG_ConfigString           30042f20 f   cg_main.obj
 0001:00041f50       _CG_StartMusic             30042f50 f   cg_main.obj
 0001:00041fc0       _CG_Asset_Parse            30042fc0 f   cg_main.obj
 0001:00042480       _CG_ParseMenu              30043480 f   cg_main.obj
 0001:000425d0       _CG_SetScoreSelection      300435d0 f   cg_main.obj
 0001:00042910       _CG_DeferMenuScript        30043910 f   cg_newDraw.obj
 0001:00042910       _ItemParse_isSaber         30043910 f   ui_shared.obj
 0001:00042910       _ItemParse_isSaber2        30043910 f   ui_shared.obj
 0001:00042990       _CG_Cvar_Get               30043990 f   cg_main.obj
 0001:000429e0       _CG_Cvar_Int               300439e0 f   cg_main.obj
 0001:00042a20       _CG_Cvar_String            30043a20 f   cg_main.obj
 0001:00042a70       _CG_Text_PaintWithCursor   30043a70 f   cg_main.obj
 0001:00042c20       _CG_LoadMenus              30043c20 f   cg_main.obj
 0001:00042db0       _CG_LoadHudMenu            30043db0 f   cg_main.obj
 0001:00042fe0       _CG_AssetCache             30043fe0 f   cg_main.obj
 0001:000430f0       _CG_TransitionPermanent    300440f0 f   cg_main.obj
 0001:000431a0       _CG_NewString              300441a0 f   cg_main.obj
 0001:00043240       _CG_CreateWeatherZoneFromSpawnEnt 30044240 f   cg_main.obj
 0001:00043270       _CG_CreateModelFromSpawnEnt 30044270 f   cg_main.obj
 0001:00043440       _CG_ParseSpawnVars         30044440 f   cg_main.obj
 0001:00043600       _CG_SpawnCGameEntFromVars  30044600 f   cg_main.obj
 0001:000437b0       _CG_GetLocationString      300447b0 f   cg_main.obj
 0001:000437e0       _CG_DestroyAllGhoul2       300447e0 f   cg_main.obj
 0001:00043850       _CG_Shutdown               30044850 f   cg_main.obj
 0001:000438e0       _CG_NextInventory_f        300448e0 f   cg_main.obj
 0001:00043970       _CG_PrevInventory_f        30044970 f   cg_main.obj
 0001:00043b00       _CG_MiscEnt                30044b00 f   cg_main.obj
 0001:00043cc0       _CG_UpdateCvars            30044cc0 f   cg_main.obj
 0001:00045ac0       _CG_Init                   30046ac0 f   cg_main.obj
 0001:00045f80       _CG_NextForcePower_f       30046f80 f   cg_main.obj
 0001:00046030       _CG_PrevForcePower_f       30047030 f   cg_main.obj
 0001:000460e0       _vmMain                    300470e0 f   cg_main.obj
 0001:00046480       _CG_InitMarkPolys          30047480 f   cg_marks.obj
 0001:000464d0       _CG_AllocMark              300474d0 f   cg_marks.obj
 0001:00046560       _CG_ImpactMark             30047560 f   cg_marks.obj
 0001:00046950       _CG_AddMarks               30047950 f   cg_marks.obj
 0001:00046b60       _CG_ClearParticles         30047b60 f   cg_marks.obj
 0001:00046bd0       _CG_AddParticleToScene     30047bd0 f   cg_marks.obj
 0001:00048570       _CG_AddParticles           30049570 f   cg_marks.obj
 0001:00048860       _CG_GetSelectedPlayer      30049860 f   cg_newDraw.obj
 0001:00048880       _CG_StatusHandle           30049880 f   cg_newDraw.obj
 0001:000488e0       _CG_GetValue               300498e0 f   cg_newDraw.obj
 0001:00048a20       _CG_OtherTeamHasFlag       30049a20 f   cg_newDraw.obj
 0001:00048a60       _CG_YourTeamHasFlag        30049a60 f   cg_newDraw.obj
 0001:00048aa0       _CG_OwnerDrawVisible       30049aa0 f   cg_newDraw.obj
 0001:00048bf0       _CG_GetKillerText          30049bf0 f   cg_newDraw.obj
 0001:00048c30       _CG_GetGameStatusText      30049c30 f   cg_newDraw.obj
 0001:00048d40       _CG_GameTypeString         30049d40 f   cg_newDraw.obj
 0001:00048da0       _CG_MouseEvent             30049da0 f   cg_newDraw.obj
 0001:00048e90       _CG_EventHandling          30049e90 f   cg_newDraw.obj
 0001:00048ec0       _CG_KeyEvent               30049ec0 f   cg_newDraw.obj
 0001:00048f70       _CG_GetTeamColor           30049f70 f   cg_newDraw.obj
 0001:00049010       _CG_CustomSound            3004a010 f   cg_players.obj
 0001:00049360       _CG_ParseSurfsFile         3004a360 f   cg_players.obj
 0001:00049b90       _CG_G2SkelForModel         3004ab90 f   cg_players.obj
 0001:00049c10       _CG_G2EvIndexForModel      3004ac10 f   cg_players.obj
 0001:00049c70       _CG_LoadCISounds           3004ac70 f   cg_players.obj
 0001:0004a510       _CG_LoadDeferredPlayers    3004b510 f   cg_players.obj
 0001:0004a9f0       _CG_PlayerAnimEventDo      3004b9f0 f   cg_players.obj
 0001:0004ad80       _CG_PlayerAnimEvents       3004bd80 f   cg_players.obj
 0001:0004b080       _CG_TriggerAnimSounds      3004c080 f   cg_players.obj
 0001:0004bac0       _CG_RagDoll                3004cac0 f   cg_players.obj
 0001:0004c910       _CG_G2ServerBoneAngles     3004d910 f   cg_players.obj
 0001:0004cc00       _CG_G2PlayerHeadAnims      3004dc00 f   cg_players.obj
 0001:0004e000       _CG_PlayerShieldHit        3004f000 f   cg_players.obj
 0001:0004e090       _CG_DrawPlayerShield       3004f090 f   cg_players.obj
 0001:0004e220       _CG_PlayerHitFX            3004f220 f   cg_players.obj
 0001:0004e7c0       _CG_DoSaber                3004f7c0 f   cg_players.obj
 0001:0004eae0       _CG_CreateSaberMarks       3004fae0 f   cg_players.obj
 0001:0004f1c0       _CG_G2TraceCollide         300501c0 f   cg_players.obj
 0001:0004f390       _CG_G2SaberEffects         30050390 f   cg_players.obj
 0001:0004f5d0       _CG_AddGhoul2Mark          300505d0 f   cg_players.obj
 0001:0004f740       _CG_SaberCompWork          30050740 f   cg_players.obj
 0001:0004fb40       _CG_AddSaberBlade          30050b40 f   cg_players.obj
 0001:000507c0       _CG_IsMindTricked          300517c0 f   cg_players.obj
 0001:00050860       _CG_DrawPlayerSphere       30051860 f   cg_players.obj
 0001:00050bd0       _CG_ThereIsAMaster         30051bd0 f   cg_players.obj
 0001:00050c00       _CG_HandleAppendedSkin     30051c00 f   cg_players.obj
 0001:00050cc0       _CG_CacheG2AnimInfo        30051cc0 f   cg_players.obj
 0001:00050e70       _CG_G2AnimEntModelLoad     30051e70 f   cg_players.obj
 0001:000517a0       _CG_VehicleShouldDrawShields 300527a0 f   cg_players.obj
 0001:000517e0       _CG_VehicleAttachDroidUnit 300527e0 f   cg_players.obj
 0001:00051900       _CG_CreateNPCClient        30052900 f   cg_players.obj
 0001:00051920       _CG_DestroyNPCClient       30052920 f   cg_players.obj
 0001:00051f40       _CG_InitJetpackGhoul2      30052f40 f   cg_players.obj
 0001:00051fa0       _CG_CleanJetpackGhoul2     30052fa0 f   cg_players.obj
 0001:00052750       _CG_RadiusForCent          30053750 f   cg_players.obj
 0001:000527b0       _CG_CheckThirdPersonAlpha  300537b0 f   cg_players.obj
 0001:00052a40       _CG_ResetPlayerEntity      30053a40 f   cg_players.obj
 0001:00052e70       _CG_LoadClientInfo         30053e70 f   cg_players.obj
 0001:000532a0       _CG_NewClientInfo          300542a0 f   cg_players.obj
 0001:00053d80       _CG_ActualLoadDeferredPlayers 30054d80 f   cg_players.obj
 0001:00054450       _CG_AddRefEntityWithPowerups 30055450 f   cg_players.obj
 0001:000544a0       _CG_Player                 300554a0 f   cg_players.obj
 0001:00058870       _CG_G2Animated             30059870 f   cg_players.obj
 0001:00058a60       _CG_DamageFeedback         30059a60 f   cg_playerstate.obj
 0001:00058d40       _CG_Respawn                30059d40 f   cg_playerstate.obj
 0001:00058d70       _CG_CheckPlayerstateEvents 30059d70 f   cg_playerstate.obj
 0001:00058e70       _CG_CheckLocalSounds       30059e70 f   cg_playerstate.obj
 0001:000590b0       _CG_TransitionPlayerState  3005a0b0 f   cg_playerstate.obj
 0001:00059220       _CG_BuildSolidList         3005a220 f   cg_predict.obj
 0001:00059840       _CG_Trace                  3005a840 f   cg_predict.obj
 0001:000598c0       _CG_G2Trace                3005a8c0 f   cg_predict.obj
 0001:00059940       _CG_PointContents          3005a940 f   cg_predict.obj
 0001:00059ee0       _CG_PmoveClientPointerUpdate 3005aee0 f   cg_predict.obj
 0001:00059f80       _CG_UsingEWeb              3005af80 f   cg_predict.obj
 0001:00059fb0       _CG_PredictPlayerState     3005afb0 f   cg_predict.obj
 0001:0005b670       _CG_PrecacheSiegeObjectiveAssetsForTeam 3005c670 f   cg_saga.obj
 0001:0005b820       _CG_PrecachePlayersForSiegeTeam 3005c820 f   cg_saga.obj
 0001:0005b9d0       _CG_SiegeRoundOver         3005c9d0 f   cg_saga.obj
 0001:0005bb40       _CG_SiegeGetObjectiveDescription 3005cb40 f   cg_saga.obj
 0001:0005bbf0       _CG_SiegeGetObjectiveFinal 3005cbf0 f   cg_saga.obj
 0001:0005bcb0       _CG_SiegeBriefingDisplay   3005ccb0 f   cg_saga.obj
 0001:0005c180       _CG_SiegeObjectiveCompleted 3005d180 f   cg_saga.obj
 0001:0005c330       _CG_ParseSiegeExtendedData 3005d330 f   cg_saga.obj
 0001:0005c4e0       _CG_SetSiegeTimerCvar      3005d4e0 f   cg_saga.obj
 0001:0005c550       _CG_InitSiegeMode          3005d550 f   cg_saga.obj
 0001:0005cc00       _CG_ParseSiegeObjectiveStatus 3005dc00 f   cg_saga.obj
 0001:0005d4e0       _CG_GetClassCount          3005e4e0 f   cg_scoreboard.obj
 0001:0005d530       _CG_GetTeamNonScoreCount   3005e530 f   cg_scoreboard.obj
 0001:0005d580       _CG_GetTeamCount           3005e580 f   cg_scoreboard.obj
 0001:0005d5d0       _CG_DrawOldScoreboard      3005e5d0 f   cg_scoreboard.obj
 0001:0005e240       _CG_ParseServerinfo        3005f240 f   cg_servercmds.obj
 0001:0005e600       _CG_SetConfigValues        3005f600 f   cg_servercmds.obj
 0001:0005e730       _CG_ShaderStateChanged     3005f730 f   cg_servercmds.obj
 0001:0005e810       _SetCustomSoundForType     3005f810 f   cg_servercmds.obj
 0001:0005ea20       _CG_PrecacheNPCSounds      3005fa20 f   cg_servercmds.obj
 0001:0005eb40       _CG_HandleNPCSounds        3005fb40 f   cg_servercmds.obj
 0001:0005efd0       _SetDuelistHealthsFromConfigString 3005ffd0 f   cg_servercmds.obj
 0001:0005f5d0       _CG_KillCEntityG2          300605d0 f   cg_servercmds.obj
 0001:0005f730       _CG_KillCEntityInstances   30060730 f   cg_servercmds.obj
 0001:0005f9e0       _CG_CheckSVStringEdRef     300609e0 f   cg_servercmds.obj
 0001:00060950       _CG_ExecuteNewServerCommands 30061950 f   cg_servercmds.obj
 0001:00060a20       _CG_SetInitialSnapshot     30061a20 f   cg_snapshot.obj
 0001:00060f60       _CG_ProcessSnapshots       30061f60 f   cg_snapshot.obj
 0001:00061080       _strap_G2API_GetBoltMatrix 30062080 f   cg_strap.obj
 0001:00061090       _strap_G2API_GetBoltMatrix_NoRecNoRot 30062090 f   cg_strap.obj
 0001:000610a0       _strap_G2API_SetBoneAngles 300620a0 f   cg_strap.obj
 0001:000610b0       _strap_G2API_SetBoneAnim   300620b0 f   cg_strap.obj
 0001:000610f0       _strap_G2API_GetBoneAnim   300620f0 f   cg_strap.obj
 0001:00061100       _strap_G2API_AnimateG2Models 30062100 f   cg_strap.obj
 0001:00061110       _strap_G2API_SetBoneIKState 30062110 f   cg_strap.obj
 0001:00061120       _strap_G2API_IKMove        30062120 f   cg_strap.obj
 0001:00061130       _dllEntry                  30062130 f   cg_syscalls.obj
 0001:00061140       _trap_Print                30062140 f   cg_syscalls.obj
 0001:00061160       _trap_Milliseconds         30062160 f   cg_syscalls.obj
 0001:00061170       _trap_Cvar_Register        30062170 f   cg_syscalls.obj
 0001:00061190       _trap_Cvar_Update          30062190 f   cg_syscalls.obj
 0001:000611b0       _trap_Cvar_Set             300621b0 f   cg_syscalls.obj
 0001:000611d0       _trap_Cvar_VariableStringBuffer 300621d0 f   cg_syscalls.obj
 0001:000611f0       _trap_Argc                 300621f0 f   cg_syscalls.obj
 0001:00061200       _trap_Argv                 30062200 f   cg_syscalls.obj
 0001:00061220       _trap_Args                 30062220 f   cg_syscalls.obj
 0001:00061240       _trap_FS_FOpenFile         30062240 f   cg_syscalls.obj
 0001:00061260       _trap_FS_Read              30062260 f   cg_syscalls.obj
 0001:00061280       _trap_FS_Write             30062280 f   cg_syscalls.obj
 0001:000612a0       _trap_FS_FCloseFile        300622a0 f   cg_syscalls.obj
 0001:000612c0       _trap_FS_GetFileList       300622c0 f   cg_syscalls.obj
 0001:000612e0       _trap_SendConsoleCommand   300622e0 f   cg_syscalls.obj
 0001:00061300       _trap_AddCommand           30062300 f   cg_syscalls.obj
 0001:00061320       _trap_SendClientCommand    30062320 f   cg_syscalls.obj
 0001:00061340       _trap_UpdateScreen         30062340 f   cg_syscalls.obj
 0001:00061350       _trap_CM_LoadMap           30062350 f   cg_syscalls.obj
 0001:00061370       _trap_CM_NumInlineModels   30062370 f   cg_syscalls.obj
 0001:00061380       _trap_CM_InlineModel       30062380 f   cg_syscalls.obj
 0001:000613a0       _trap_CM_TempBoxModel      300623a0 f   cg_syscalls.obj
 0001:000613c0       _trap_CM_PointContents     300623c0 f   cg_syscalls.obj
 0001:000613e0       _trap_CM_TransformedPointContents 300623e0 f   cg_syscalls.obj
 0001:00061400       _trap_CM_BoxTrace          30062400 f   cg_syscalls.obj
 0001:00061430       _trap_CM_TransformedBoxTrace 30062430 f   cg_syscalls.obj
 0001:00061470       _trap_CM_MarkFragments     30062470 f   cg_syscalls.obj
 0001:000614a0       _trap_S_GetVoiceVolume     300624a0 f   cg_syscalls.obj
 0001:000614c0       _trap_S_MuteSound          300624c0 f   cg_syscalls.obj
 0001:000614e0       _trap_S_StartSound         300624e0 f   cg_syscalls.obj
 0001:00061500       _trap_S_StartLocalSound    30062500 f   cg_syscalls.obj
 0001:00061540       _trap_S_ClearLoopingSounds 30062540 f   cg_syscalls.obj
 0001:00061550       _trap_S_AddLoopingSound    30062550 f   cg_syscalls.obj
 0001:00061570       _trap_S_UpdateEntityPosition 30062570 f   cg_syscalls.obj
 0001:00061590       _trap_S_AddRealLoopingSound 30062590 f   cg_syscalls.obj
 0001:000615b0       _trap_S_Respatialize       300625b0 f   cg_syscalls.obj
 0001:000615d0       _trap_S_ShutUp             300625d0 f   cg_syscalls.obj
 0001:000615f0       _trap_S_RegisterSound      300625f0 f   cg_syscalls.obj
 0001:00061610       _trap_S_StartBackgroundTrack 30062610 f   cg_syscalls.obj
 0001:00061630       _trap_S_UpdateAmbientSet   30062630 f   cg_syscalls.obj
 0001:00061650       _trap_AS_ParseSets         30062650 f   cg_syscalls.obj
 0001:00061660       _trap_AS_AddPrecacheEntry  30062660 f   cg_syscalls.obj
 0001:00061680       _trap_S_AddLocalSet        30062680 f   cg_syscalls.obj
 0001:000616b0       _trap_AS_GetBModelSound    300626b0 f   cg_syscalls.obj
 0001:000616d0       _trap_R_LoadWorldMap       300626d0 f   cg_syscalls.obj
 0001:000616f0       _trap_R_RegisterModel      300626f0 f   cg_syscalls.obj
 0001:00061710       _trap_R_RegisterSkin       30062710 f   cg_syscalls.obj
 0001:00061730       _trap_R_RegisterShader     30062730 f   cg_syscalls.obj
 0001:00061750       _trap_R_RegisterShaderNoMip 30062750 f   cg_syscalls.obj
 0001:00061770       _trap_R_RegisterFont       30062770 f   cg_syscalls.obj
 0001:00061790       _trap_R_Font_StrLenPixels  30062790 f   cg_syscalls.obj
 0001:000617c0       _trap_R_Font_StrLenChars   300627c0 f   cg_syscalls.obj
 0001:000617e0       _trap_R_Font_HeightPixels  300627e0 f   cg_syscalls.obj
 0001:00061800       _trap_R_Font_DrawString    30062800 f   cg_syscalls.obj
 0001:00061840       _trap_Language_IsAsian     30062840 f   cg_syscalls.obj
 0001:00061850       _trap_Language_UsesSpaces  30062850 f   cg_syscalls.obj
 0001:00061860       _trap_AnyLanguage_ReadCharFromString 30062860 f   cg_syscalls.obj
 0001:00061880       _trap_R_ClearScene         30062880 f   cg_syscalls.obj
 0001:00061890       _trap_R_ClearDecals        30062890 f   cg_syscalls.obj
 0001:000618a0       _trap_R_AddRefEntityToScene 300628a0 f   cg_syscalls.obj
 0001:000618c0       _trap_R_AddPolyToScene     300628c0 f   cg_syscalls.obj
 0001:000618e0       _trap_R_AddDecalToScene    300628e0 f   cg_syscalls.obj
 0001:00061950       _trap_R_AddLightToScene    30062950 f   cg_syscalls.obj
 0001:00061990       _trap_R_RenderScene        30062990 f   cg_syscalls.obj
 0001:000619b0       _trap_R_SetColor           300629b0 f   cg_syscalls.obj
 0001:000619d0       _trap_R_DrawStretchPic     300629d0 f   cg_syscalls.obj
 0001:00061a40       _trap_R_ModelBounds        30062a40 f   cg_syscalls.obj
 0001:00061a60       _trap_R_LerpTag            30062a60 f   cg_syscalls.obj
 0001:00061aa0       _trap_R_DrawRotatePic      30062aa0 f   cg_syscalls.obj
 0001:00061b20       _trap_R_DrawRotatePic2     30062b20 f   cg_syscalls.obj
 0001:00061ba0       _trap_R_SetRangeFog        30062ba0 f   cg_syscalls.obj
 0001:00061bc0       _trap_R_SetRefractProp     30062bc0 f   cg_syscalls.obj
 0001:00061bf0       _trap_R_RemapShader        30062bf0 f   cg_syscalls.obj
 0001:00061c10       _trap_R_SetLightStyle      30062c10 f   cg_syscalls.obj
 0001:00061c30       _trap_R_GetBModelVerts     30062c30 f   cg_syscalls.obj
 0001:00061c50       _trap_R_GetDistanceCull    30062c50 f   cg_syscalls.obj
 0001:00061c70       _trap_R_GetRealRes         30062c70 f   cg_syscalls.obj
 0001:00061c90       _trap_R_AutomapElevAdj     30062c90 f   cg_syscalls.obj
 0001:00061cb0       _trap_R_InitWireframeAutomap 30062cb0 f   cg_syscalls.obj
 0001:00061cc0       _trap_FX_AddLine           30062cc0 f   cg_syscalls.obj
 0001:00061d40       _trap_GetGlconfig          30062d40 f   cg_syscalls.obj
 0001:00061d60       _trap_GetGameState         30062d60 f   cg_syscalls.obj
 0001:00061d80       _trap_GetCurrentSnapshotNumber 30062d80 f   cg_syscalls.obj
 0001:00061da0       _trap_GetSnapshot          30062da0 f   cg_syscalls.obj
 0001:00061dc0       _trap_GetDefaultState      30062dc0 f   cg_syscalls.obj
 0001:00061de0       _trap_GetServerCommand     30062de0 f   cg_syscalls.obj
 0001:00061e00       _trap_GetCurrentCmdNumber  30062e00 f   cg_syscalls.obj
 0001:00061e10       _trap_GetUserCmd           30062e10 f   cg_syscalls.obj
 0001:00061e30       _trap_SetUserCmdValue      30062e30 f   cg_syscalls.obj
 0001:00061e80       _trap_SetClientForceAngle  30062e80 f   cg_syscalls.obj
 0001:00061ea0       _trap_OpenUIMenu           30062ea0 f   cg_syscalls.obj
 0001:00061ec0       _trap_Key_GetCatcher       30062ec0 f   cg_syscalls.obj
 0001:00061ed0       _trap_Key_SetCatcher       30062ed0 f   cg_syscalls.obj
 0001:00061ef0       _trap_PC_LoadSource        30062ef0 f   cg_syscalls.obj
 0001:00061f10       _trap_PC_FreeSource        30062f10 f   cg_syscalls.obj
 0001:00061f30       _trap_PC_ReadToken         30062f30 f   cg_syscalls.obj
 0001:00061f50       _trap_PC_SourceFileAndLine 30062f50 f   cg_syscalls.obj
 0001:00061f70       _trap_S_StopBackgroundTrack 30062f70 f   cg_syscalls.obj
 0001:00061f80       _trap_RealTime             30062f80 f   cg_syscalls.obj
 0001:00061fa0       _trap_SnapVector           30062fa0 f   cg_syscalls.obj
 0001:00061fc0       _trap_CIN_PlayCinematic    30062fc0 f   cg_syscalls.obj
 0001:00061ff0       _trap_CIN_StopCinematic    30062ff0 f   cg_syscalls.obj
 0001:00062010       _trap_CIN_RunCinematic     30063010 f   cg_syscalls.obj
 0001:00062030       _trap_CIN_DrawCinematic    30063030 f   cg_syscalls.obj
 0001:00062050       _trap_CIN_SetExtents       30063050 f   cg_syscalls.obj
 0001:00062080       _trap_GetEntityToken       30063080 f   cg_syscalls.obj
 0001:000620a0       _trap_R_inPVS              300630a0 f   cg_syscalls.obj
 0001:000620c0       _trap_FX_RegisterEffect    300630c0 f   cg_syscalls.obj
 0001:000620e0       _trap_FX_PlayEffectID      300630e0 f   cg_syscalls.obj
 0001:000621c0       _trap_FX_PlayEffectIDFix   300631c0 f   cg_syscalls.obj
 0001:00062230       _trap_FX_PlayPortalEffectID 30063230 f   cg_syscalls.obj
 0001:00062250       _trap_FX_PlayEntityEffectID 30063250 f   cg_syscalls.obj
 0001:00062280       _trap_FX_PlayBoltedEffectID 30063280 f   cg_syscalls.obj
 0001:000622c0       _trap_FX_AddScheduledEffects 300632c0 f   cg_syscalls.obj
 0001:000622e0       _trap_FX_InitSystem        300632e0 f   cg_syscalls.obj
 0001:00062300       _trap_FX_FreeSystem        30063300 f   cg_syscalls.obj
 0001:00062310       _trap_FX_AdjustTime        30063310 f   cg_syscalls.obj
 0001:00062330       _trap_FX_AddPoly           30063330 f   cg_syscalls.obj
 0001:00062350       _trap_FX_AddBezier         30063350 f   cg_syscalls.obj
 0001:00062370       _trap_FX_AddPrimitive      30063370 f   cg_syscalls.obj
 0001:00062390       _trap_FX_AddSprite         30063390 f   cg_syscalls.obj
 0001:000623b0       _trap_FX_AddElectricity    300633b0 f   cg_syscalls.obj
 0001:000623d0       _trap_SP_GetStringTextString 300633d0 f   cg_syscalls.obj
 0001:000623f0       _trap_ROFF_Clean           300633f0 f   cg_syscalls.obj
 0001:00062400       _trap_ROFF_UpdateEntities  30063400 f   cg_syscalls.obj
 0001:00062410       _trap_ROFF_Play            30063410 f   cg_syscalls.obj
 0001:00062430       _trap_TrueMalloc           30063430 f   cg_syscalls.obj
 0001:00062470       _trap_TrueFree             30063470 f   cg_syscalls.obj
 0001:00062490       _trap_G2_HaveWeGhoul2Models 30063490 f   cg_syscalls.obj
 0001:000624b0       _trap_G2API_GetBoltMatrix  300634b0 f   cg_syscalls.obj
 0001:000624f0       _trap_G2API_GetBoltMatrix_NoRecNoRot 300634f0 f   cg_syscalls.obj
 0001:00062530       _trap_G2API_InitGhoul2Model 30063530 f   cg_syscalls.obj
 0001:00062560       _trap_G2API_SetSkin        30063560 f   cg_syscalls.obj
 0001:00062590       _trap_G2API_CollisionDetect 30063590 f   cg_syscalls.obj
 0001:000625e0       _trap_G2API_CollisionDetectCache 300635e0 f   cg_syscalls.obj
 0001:00062630       _trap_G2API_CleanGhoul2Models 30063630 f   cg_syscalls.obj
 0001:00062650       _trap_G2API_SetBoneAngles  30063650 f   cg_syscalls.obj
 0001:00062690       _trap_G2API_SetBoneAnim    30063690 f   cg_syscalls.obj
 0001:000626e0       _trap_G2API_GetBoneAnim    300636e0 f   cg_syscalls.obj
 0001:00062720       _trap_G2API_GetBoneFrame   30063720 f   cg_syscalls.obj
 0001:00062750       _trap_G2API_GetGLAName     30063750 f   cg_syscalls.obj
 0001:00062770       _trap_G2API_CopySpecificGhoul2Model 30063770 f   cg_syscalls.obj
 0001:000627a0       _trap_G2API_DuplicateGhoul2Instance 300637a0 f   cg_syscalls.obj
 0001:000627c0       _trap_G2API_HasGhoul2ModelOnIndex 300637c0 f   cg_syscalls.obj
 0001:000627e0       _trap_G2API_RemoveGhoul2Model 300637e0 f   cg_syscalls.obj
 0001:00062800       _trap_G2API_SkinlessModel  30063800 f   cg_syscalls.obj
 0001:00062820       _trap_G2API_GetNumGoreMarks 30063820 f   cg_syscalls.obj
 0001:00062840       _trap_G2API_AddSkinGore    30063840 f   cg_syscalls.obj
 0001:00062860       _trap_G2API_ClearSkinGore  30063860 f   cg_syscalls.obj
 0001:00062880       _trap_G2API_AddBolt        30063880 f   cg_syscalls.obj
 0001:000628a0       _trap_G2API_SetBoltInfo    300638a0 f   cg_syscalls.obj
 0001:000628c0       _trap_G2API_SetRootSurface 300638c0 f   cg_syscalls.obj
 0001:000628e0       _trap_G2API_SetSurfaceOnOff 300638e0 f   cg_syscalls.obj
 0001:00062900       _trap_G2API_SetNewOrigin   30063900 f   cg_syscalls.obj
 0001:00062920       _trap_G2API_GetSurfaceRenderStatus 30063920 f   cg_syscalls.obj
 0001:00062940       _trap_G2API_AbsurdSmoothing 30063940 f   cg_syscalls.obj
 0001:00062960       _trap_G2API_SetRagDoll     30063960 f   cg_syscalls.obj
 0001:00062980       _trap_G2API_AnimateG2Models 30063980 f   cg_syscalls.obj
 0001:000629a0       _trap_G2API_RagPCJConstraint 300639a0 f   cg_syscalls.obj
 0001:000629d0       _trap_G2API_RagPCJGradientSpeed 300639d0 f   cg_syscalls.obj
 0001:00062a00       _trap_G2API_RagEffectorGoal 30063a00 f   cg_syscalls.obj
 0001:00062a20       _trap_G2API_RagEffectorKick 30063a20 f   cg_syscalls.obj
 0001:00062a40       _trap_G2API_RagForceSolve  30063a40 f   cg_syscalls.obj
 0001:00062a60       _trap_G2API_SetBoneIKState 30063a60 f   cg_syscalls.obj
 0001:00062a90       _trap_G2API_IKMove         30063a90 f   cg_syscalls.obj
 0001:00062ab0       _trap_G2API_AttachInstanceToEntNum 30063ab0 f   cg_syscalls.obj
 0001:00062ad0       _trap_G2API_ClearAttachedInstance 30063ad0 f   cg_syscalls.obj
 0001:00062af0       _trap_CG_RegisterSharedMemory 30063af0 f   cg_syscalls.obj
 0001:00062b10       _trap_R_WeatherContentsOverride 30063b10 f   cg_syscalls.obj
 0001:00062b30       _trap_R_WorldEffectCommand 30063b30 f   cg_syscalls.obj
 0001:00062b50       _trap_WE_AddWeatherZone    30063b50 f   cg_syscalls.obj
 0001:00062b70       _CreepToPosition           30063b70 f   cg_turret.obj
 0001:00062d40       _TurretClientRun           30063d40 f   cg_turret.obj
 0001:000630e0       _CG_TestModel_f            300640e0 f   cg_view.obj
 0001:00063200       _CG_TestGun_f              30064200 f   cg_view.obj
 0001:00063220       _CG_TestModelNextFrame_f   30064220 f   cg_view.obj
 0001:00063240       _CG_TestModelPrevFrame_f   30064240 f   cg_view.obj
 0001:00063270       _CG_TestModelNextSkin_f    30064270 f   cg_view.obj
 0001:00063290       _CG_TestModelPrevSkin_f    30064290 f   cg_view.obj
 0001:00064370       _CG_GetVehicleCamPos       30065370 f   cg_view.obj
 0001:00065330       _CG_CheckPassengerTurretView 30066330 f   cg_view.obj
 0001:000655b0       _CG_DrawSkyBoxPortal       300665b0 f   cg_view.obj
 0001:000659d0       _CG_AddBufferedSound       300669d0 f   cg_view.obj
 0001:00065a80       _CG_UpdateSoundTrackers    30066a80 f   cg_view.obj
 0001:00065b30       _CG_SE_UpdateShake         30066b30 f   cg_view.obj
 0001:00065c50       _CG_SE_UpdateMusic         30066c50 f   cg_view.obj
 0001:00065d90       _CGCam_Shake               30066d90 f   cg_view.obj
 0001:00065de0       _CG_DoCameraShake          30066de0 f   cg_view.obj
 0001:00065e80       _CGCam_SetMusicMult        30066e80 f   cg_view.obj
 0001:00065ee0       _CG_EmplacedView           30066ee0 f   cg_view.obj
 0001:000660b0       _CG_AddRadarAutomapEnts    300670b0 f   cg_view.obj
 0001:00066210       _CG_DrawAutoMap            30067210 f   cg_view.obj
 0001:00066760       _computePosition           30067760 f   cg_view.obj
 0001:000667f0       _drawSplines               300677f0 f   cg_view.obj
 0001:00067040       _CG_DrawActiveFrame        30068040 f   cg_view.obj
 0001:00069320       _CG_RegisterWeapon         3006a320 f   cg_weaponinit.obj
 0001:0006a2f0       _CG_RegisterItemVisuals    3006b2f0 f   cg_weapons.obj
 0001:0006a750       _CG_AddPlayerWeapon        3006b750 f   cg_weapons.obj
 0001:0006afa0       _CG_AddViewWeapon          3006bfa0 f   cg_weapons.obj
 0001:0006b260       _CG_DrawIconBackground     3006c260 f   cg_weapons.obj
 0001:0006b470       _CG_DrawWeaponSelect       3006c470 f   cg_weapons.obj
 0001:0006b990       _CG_NextWeapon_f           3006c990 f   cg_weapons.obj
 0001:0006bb30       _CG_PrevWeapon_f           3006cb30 f   cg_weapons.obj
 0001:0006bce0       _CG_Weapon_f               3006cce0 f   cg_weapons.obj
 0001:0006be10       _CG_WeaponClean_f          3006ce10 f   cg_weapons.obj
 0001:0006bf40       _CG_OutOfAmmoChange        3006cf40 f   cg_weapons.obj
 0001:0006c000       _CG_GetClientWeaponMuzzleBoltPoint 3006d000 f   cg_weapons.obj
 0001:0006c0a0       _CG_FireWeapon             3006d0a0 f   cg_weapons.obj
 0001:0006c2c0       _CG_VehicleWeaponImpact    3006d2c0 f   cg_weapons.obj
 0001:0006c340       _CG_MissileHitWall         3006d340 f   cg_weapons.obj
 0001:0006c550       _CG_MissileHitPlayer       3006d550 f   cg_weapons.obj
 0001:0006c730       _CG_CalcMuzzlePoint        3006d730 f   cg_weapons.obj
 0001:0006ca20       _CG_InitG2Weapons          3006da20 f   cg_weapons.obj
 0001:0006cad0       _CG_ShutDownG2Weapons      3006dad0 f   cg_weapons.obj
 0001:0006caf0       _CG_G2WeaponInstance       3006daf0 f   cg_weapons.obj
 0001:0006cb60       _CG_CopyG2WeaponInstance   3006db60 f   cg_weapons.obj
 0001:0006ccc0       _CG_CheckPlayerG2Weapons   3006dcc0 f   cg_weapons.obj
 0001:0006cf50       _BG_FighterUpdate          3006df50 f   FighterNPC.obj
 0001:0006d0e0       _FighterOverValidLandingSurface 3006e0e0 f   FighterNPC.obj
 0001:0006d120       _FighterIsLanded           3006e120 f   FighterNPC.obj
 0001:0006d170       _FighterIsLanding          3006e170 f   FighterNPC.obj
 0001:0006d1d0       _FighterIsLaunching        3006e1d0 f   FighterNPC.obj
 0001:0006dfd0       _FighterYawAdjust          3006efd0 f   FighterNPC.obj
 0001:0006e0c0       _FighterPitchAdjust        3006f0c0 f   FighterNPC.obj
 0001:0006e970       _G_SetFighterVehicleFunctions 3006f970 f   FighterNPC.obj
 0001:0006e9a0       _FX_BlasterProjectileThink 3006f9a0 f   fx_blaster.obj
 0001:0006e9f0       _FX_BlasterWeaponHitWall   3006f9f0 f   fx_blaster.obj
 0001:0006ea10       _FX_BlasterWeaponHitPlayer 3006fa10 f   fx_blaster.obj
 0001:0006ea40       _FX_BowcasterAltProjectileThink 3006fa40 f   fx_bowcaster.obj
 0001:0006ea40       _FX_BowcasterProjectileThink 3006fa40 f   fx_bowcaster.obj
 0001:0006ea90       _FX_BowcasterHitWall       3006fa90 f   fx_bowcaster.obj
 0001:0006ea90       _FX_BowcasterHitPlayer     3006fa90 f   fx_bowcaster.obj
 0001:0006eab0       _FX_BryarProjectileThink   3006fab0 f   fx_bryarpistol.obj
 0001:0006eb00       _FX_BryarHitWall           3006fb00 f   fx_bryarpistol.obj
 0001:0006eb00       _FX_TurretHitWall          3006fb00 f   fx_bryarpistol.obj
 0001:0006eb20       _FX_BryarAltProjectileThink 3006fb20 f   fx_bryarpistol.obj
 0001:0006ebb0       _FX_BryarAltHitWall        3006fbb0 f   fx_bryarpistol.obj
 0001:0006ec10       _FX_TurretHitPlayer        3006fc10 f   fx_bryarpistol.obj
 0001:0006ec10       _FX_BryarHitPlayer         3006fc10 f   fx_bryarpistol.obj
 0001:0006ec10       _FX_BryarAltHitPlayer      3006fc10 f   fx_bryarpistol.obj
 0001:0006ec40       _FX_TurretProjectileThink  3006fc40 f   fx_bryarpistol.obj
 0001:0006ec90       _FX_ConcussionHitWall      3006fc90 f   fx_bryarpistol.obj
 0001:0006ec90       _FX_ConcussionHitPlayer    3006fc90 f   fx_bryarpistol.obj
 0001:0006ecb0       _FX_ConcussionProjectileThink 3006fcb0 f   fx_bryarpistol.obj
 0001:0006ed00       _FX_ConcAltShot            3006fd00 f   fx_bryarpistol.obj
 0001:0006edd0       _FX_DEMP2_ProjectileThink  3006fdd0 f   fx_demp2.obj
 0001:0006ee20       _FX_DEMP2_HitWall          3006fe20 f   fx_demp2.obj
 0001:0006ee40       _FX_DEMP2_HitPlayer        3006fe40 f   fx_demp2.obj
 0001:0006ee60       _FX_DEMP2_AltDetonate      3006fe60 f   fx_demp2.obj
 0001:0006ef00       _FX_DisruptorMainShot      3006ff00 f   fx_disruptor.obj
 0001:0006ef70       _FX_DisruptorAltShot       3006ff70 f   fx_disruptor.obj
 0001:0006f060       _FX_DisruptorAltMiss       30070060 f   fx_disruptor.obj
 0001:0006f200       _FX_DisruptorAltHit        30070200 f   fx_disruptor.obj
 0001:0006f220       _FX_DisruptorHitWall       30070220 f   fx_disruptor.obj
 0001:0006f240       _FX_DisruptorHitPlayer     30070240 f   fx_disruptor.obj
 0001:0006f260       _FX_FlechetteProjectileThink 30070260 f   fx_flechette.obj
 0001:0006f2b0       _FX_FlechetteWeaponHitWall 300702b0 f   fx_flechette.obj
 0001:0006f2d0       _FX_FlechetteWeaponHitPlayer 300702d0 f   fx_flechette.obj
 0001:0006f2f0       _FX_FlechetteAltProjectileThink 300702f0 f   fx_flechette.obj
 0001:0006f340       _FX_RepeaterProjectileThink 30070340 f   fx_heavyrepeater.obj
 0001:0006f390       _FX_RepeaterHitWall        30070390 f   fx_heavyrepeater.obj
 0001:0006f3b0       _FX_RepeaterHitPlayer      300703b0 f   fx_heavyrepeater.obj
 0001:0006f600       _FX_RepeaterAltProjectileThink 30070600 f   fx_heavyrepeater.obj
 0001:0006f660       _FX_RepeaterAltHitPlayer   30070660 f   fx_heavyrepeater.obj
 0001:0006f660       _FX_RepeaterAltHitWall     30070660 f   fx_heavyrepeater.obj
 0001:00070100       _FX_RocketHitWall          30071100 f   fx_rocketlauncher.obj
 0001:00070100       _FX_RocketHitPlayer        30071100 f   fx_rocketlauncher.obj
 0001:00070120       _FX_RocketProjectileThink  30071120 f   fx_rocketlauncher.obj
 0001:00070120       _FX_RocketAltProjectileThink 30071120 f   fx_rocketlauncher.obj
 0001:00070190       _Q_random                  30071190 f   q_math.obj
 0001:000701c0       _ByteToDir                 300711c0 f   q_math.obj
 0001:00070220       _vectoangles               30071220 f   q_math.obj
 0001:00070340       _AxisClear                 30071340 f   q_math.obj
 0001:00070370       _AxisCopy                  30071370 f   q_math.obj
 0001:000703b0       _ProjectPointOnPlane       300713b0 f   q_math.obj
 0001:00070450       _Q_fabs                    30071450 f   q_math.obj
 0001:00070470       _LerpAngle                 30071470 f   q_math.obj
 0001:000704f0       _AngleSubtract             300714f0 f   q_math.obj
 0001:00070580       _AnglesSubtract            30071580 f   q_math.obj
 0001:000705e0       _AngleMod                  300715e0 f   q_math.obj
 0001:000705e0       _AngleNormalize360         300715e0 f   q_math.obj
 0001:00070610       _AngleNormalize180         30071610 f   q_math.obj
 0001:00070660       _AngleDelta                30071660 f   q_math.obj
 0001:000706b0       _VectorNormalize           300716b0 f   q_math.obj
 0001:00070720       _VectorNormalize2          30071720 f   q_math.obj
 0001:000707a0       _MatrixMultiply            300717a0 f   q_math.obj
 0001:00070890       _AngleVectors              30071890 f   q_math.obj
 0001:000709f0       _PerpendicularVector       300719f0 f   q_math.obj
 0001:00070ad0       _flrand                    30071ad0 f   q_math.obj
 0001:00070b40       _irand                     30071b40 f   q_math.obj
 0001:00070b40       _Q_irand                   30071b40 f   q_math.obj
 0001:00070b80       _FIXEDpowf                 30071b80 f   q_math.obj
 0001:00070c00       _RotatePointAroundVector   30071c00 f   q_math.obj
 0001:00070db0       _RotateAroundDirection     30071db0 f   q_math.obj
 0001:00070e40       _AnglesToAxis              30071e40 f   q_math.obj
 0001:00070e90       _GetStringForID            30071e90 f   q_shared.obj
 0001:00070ed0       _COM_SkipPath              30071ed0 f   q_shared.obj
 0001:00070f00       _COM_StripExtension        30071f00 f   q_shared.obj
 0001:00070f30       _COM_Compress              30071f30 f   q_shared.obj
 0001:00071030       _COM_ParseExt              30072030 f   q_shared.obj
 0001:000711a0       _COM_ParseString           300721a0 f   q_shared.obj
 0001:000711e0       _COM_ParseInt              300721e0 f   q_shared.obj
 0001:00071220       _COM_ParseFloat            30072220 f   q_shared.obj
 0001:00071260       _SkipBracedSection         30072260 f   q_shared.obj
 0001:000713a0       _SkipRestOfLine            300723a0 f   q_shared.obj
 0001:000713d0       _Q_strrchr                 300723d0 f   q_shared.obj
 0001:00071400       _Q_strncpyz                30072400 f   q_shared.obj
 0001:00071460       _Q_stricmpn                30072460 f   q_shared.obj
 0001:000714e0       _Q_strncmp                 300724e0 f   q_shared.obj
 0001:00071520       _Q_stricmp                 30072520 f   q_shared.obj
 0001:00071550       _Q_strupr                  30072550 f   q_shared.obj
 0001:00071580       _Q_strcat                  30072580 f   q_shared.obj
 0001:000715d0       _Q_CleanStr                300725d0 f   q_shared.obj
 0001:00071620       _Com_sprintf               30072620 f   q_shared.obj
 0001:000716c0       _va                        300726c0 f   q_shared.obj
 0001:00071700       _Info_ValueForKey          30072700 f   q_shared.obj
 0001:000717f0       _GetIDForString            300727f0 f   q_shared.obj
 0001:00071840       _COM_BeginParseSession     30072840 f   q_shared.obj
 0001:00071870       _COM_Parse                 30072870 f   q_shared.obj
 0001:00071bb0       _ProcessOrientCommands     30072bb0 f   SpeederNPC.obj
 0001:00071d00       _G_SetSpeederVehicleFunctions 30072d00 f   SpeederNPC.obj
 0001:00071d30       _UI_Alloc                  30072d30 f   ui_shared.obj
 0001:00071dd0       _String_Alloc              30072dd0 f   ui_shared.obj
 0001:00071ef0       _PC_SourceError            30072ef0 f   ui_shared.obj
 0001:00071f50       _Float_Parse               30072f50 f   ui_shared.obj
 0001:00071f90       _PC_Float_Parse            30072f90 f   ui_shared.obj
 0001:00072030       _Color_Parse               30073030 f   ui_shared.obj
 0001:00072080       _PC_Color_Parse            30073080 f   ui_shared.obj
 0001:00072120       _Int_Parse                 30073120 f   ui_shared.obj
 0001:00072160       _PC_Int_Parse              30073160 f   ui_shared.obj
 0001:000721f0       _Rect_Parse                300731f0 f   ui_shared.obj
 0001:00072280       _String_Parse              30073280 f   ui_shared.obj
 0001:000722c0       _PC_String_Parse           300732c0 f   ui_shared.obj
 0001:00072330       _PC_Script_Parse           30073330 f   ui_shared.obj
 0001:00072450       _Init_Display              30073450 f   ui_shared.obj
 0001:00072460       _IsVisible                 30073460 f   ui_shared.obj
 0001:00072480       _Rect_ContainsPoint        30073480 f   ui_shared.obj
 0001:000724e0       _Menu_ItemsMatchingGroup   300734e0 f   ui_shared.obj
 0001:00072570       _Menu_GetMatchingItemByNumber 30073570 f   ui_shared.obj
 0001:000725f0       _Script_SetColor           300735f0 f   ui_shared.obj
 0001:000726d0       _Script_SetAsset           300736d0 f   ui_shared.obj
 0001:00072700       _Script_SetBackground      30073700 f   ui_shared.obj
 0001:00072750       _Menu_FindItemByName       30073750 f   ui_shared.obj
 0001:000727b0       _Script_SetTeamColor       300737b0 f   ui_shared.obj
 0001:00072800       _Script_SetItemColor       30073800 f   ui_shared.obj
 0001:00072990       _Script_SetItemColorCvar   30073990 f   ui_shared.obj
 0001:00072c00       _Script_SetItemRect        30073c00 f   ui_shared.obj
 0001:00072cb0       _Menu_ShowItemByName       30073cb0 f   ui_shared.obj
 0001:00072d30       _Menu_FadeItemByName       30073d30 f   ui_shared.obj
 0001:00072d90       _Menus_FindByName          30073d90 f   ui_shared.obj
 0001:00072de0       _Script_Show               30073de0 f   ui_shared.obj
 0001:00072e30       _Script_Hide               30073e30 f   ui_shared.obj
 0001:00072e80       _Script_FadeIn             30073e80 f   ui_shared.obj
 0001:00072ed0       _Script_FadeOut            30073ed0 f   ui_shared.obj
 0001:00072f20       _Script_Defer              30073f20 f   ui_shared.obj
 0001:00072f70       _Menu_ItemDisable          30073f70 f   ui_shared.obj
 0001:00072fc0       _Script_SetPlayerModel     30073fc0 f   ui_shared.obj
 0001:00073010       _ParseRect                 30074010 f   ui_shared.obj
 0001:00073070       _Script_SetCvar            30074070 f   ui_shared.obj
 0001:000730f0       _Script_SetCvarToCvar      300740f0 f   ui_shared.obj
 0001:00073190       _Script_Exec               30074190 f   ui_shared.obj
 0001:000731f0       _Script_Play               300741f0 f   ui_shared.obj
 0001:00073250       _Script_playLooped         30074250 f   ui_shared.obj
 0001:000732c0       _Menu_SetItemBackground    300742c0 f   ui_shared.obj
 0001:00073320       _Item_RunScript            30074320 f   ui_shared.obj
 0001:00073410       _Item_EnableShowViaCvar    30074410 f   ui_shared.obj
 0001:00073530       _Item_TextScroll_ThumbPosition 30074530 f   ui_shared.obj
 0001:000735c0       _Item_TextScroll_OverLB    300745c0 f   ui_shared.obj
 0001:00073750       _Item_TextScroll_HandleKey 30074750 f   ui_shared.obj
 0001:000738f0       _Item_ListBox_MaxScroll    300748f0 f   ui_shared.obj
 0001:00073950       _Item_ListBox_ThumbPosition 30074950 f   ui_shared.obj
 0001:00073a60       _Item_Slider_ThumbPosition 30074a60 f   ui_shared.obj
 0001:00073b20       _Item_Slider_OverSlider    30074b20 f   ui_shared.obj
 0001:00073ba0       _Item_ListBox_OverLB       30074ba0 f   ui_shared.obj
 0001:00073f30       _Item_ListBox_MouseEnter   30074f30 f   ui_shared.obj
 0001:000740e0       _Item_MouseEnter           300750e0 f   ui_shared.obj
 0001:00074260       _Item_MouseLeave           30075260 f   ui_shared.obj
 0001:000742b0       _Item_OwnerDraw_HandleKey  300752b0 f   ui_shared.obj
 0001:00074340       _Item_ListBox_HandleKey    30075340 f   ui_shared.obj
 0001:000747a0       _Item_YesNo_HandleKey      300757a0 f   ui_shared.obj
 0001:000748a0       _Item_Multi_FindCvarByValue 300758a0 f   ui_shared.obj
 0001:00074960       _Item_Multi_HandleKey      30075960 f   ui_shared.obj
 0001:00074b30       _Leaving_EditField         30075b30 f   ui_shared.obj
 0001:00075050       _Item_StartCapture         30076050 f   ui_shared.obj
 0001:000752e0       _Item_Slider_HandleKey     300762e0 f   ui_shared.obj
 0001:00075450       _Item_HandleAccept         30076450 f   ui_shared.obj
 0001:00075480       _Item_Action               30076480 f   ui_shared.obj
 0001:00075590       _Menus_Activate            30076590 f   ui_shared.obj
 0001:00075600       _Controls_GetConfig        30076600 f   ui_shared.obj
 0001:000756a0       _Controls_SetConfig        300766a0 f   ui_shared.obj
 0001:000756f0       _BindingIDFromName         300766f0 f   ui_shared.obj
 0001:00075730       _Item_Bind_HandleKey       30076730 f   ui_shared.obj
 0001:00075a00       _Menu_Init                 30076a00 f   ui_shared.obj
 0001:00075a80       _Menu_GetFocused           30076a80 f   ui_shared.obj
 0001:00075ac0       _Menu_ScrollFeeder         30076ac0 f   ui_shared.obj
 0001:00075b40       _Menu_SetFeederSelection   30076b40 f   ui_shared.obj
 0001:00075c10       _Item_ValidateTypeData     30076c10 f   ui_shared.obj
 0001:00075d20       _ItemParse_name            30076d20 f   ui_shared.obj
 0001:00075d40       _ItemParse_focusSound      30076d40 f   ui_shared.obj
 0001:00075d90       _ItemParse_text            30076d90 f   ui_shared.obj
 0001:00075db0       _ItemParse_descText        30076db0 f   ui_shared.obj
 0001:00075dd0       _ItemParse_text2           30076dd0 f   ui_shared.obj
 0001:00075dd0       _MenuParse_soundLoop       30076dd0 f   ui_shared.obj
 0001:00075df0       _ItemParse_text2alignx     30076df0 f   ui_shared.obj
 0001:00075e10       _ItemParse_text2aligny     30076e10 f   ui_shared.obj
 0001:00075e30       _ItemParse_group           30076e30 f   ui_shared.obj
 0001:00075e50       _UI_CleanupGhoul2          30076e50 f   ui_shared.obj
 0001:00075e90       _ItemParse_asset_model     30076e90 f   ui_shared.obj
 0001:00075ec0       _ItemParse_asset_shader    30076ec0 f   ui_shared.obj
 0001:00075f10       _ItemParse_model_origin    30076f10 f   ui_shared.obj
 0001:00075f70       _ItemParse_model_rotation  30076f70 f   ui_shared.obj
 0001:00075fa0       _ItemParse_model_angle     30076fa0 f   ui_shared.obj
 0001:00075fd0       _ItemParse_model_g2mins    30076fd0 f   ui_shared.obj
 0001:00076030       _ItemParse_model_g2maxs    30077030 f   ui_shared.obj
 0001:00076090       _ItemParse_model_g2scale   30077090 f   ui_shared.obj
 0001:000760f0       _ItemParse_model_g2skin    300770f0 f   ui_shared.obj
 0001:00076150       _ItemParse_model_g2anim    30077150 f   ui_shared.obj
 0001:000761f0       _ItemParse_rectcvar        300771f0 f   ui_shared.obj
 0001:00076320       _ItemParse_rect            30077320 f   ui_shared.obj
 0001:00076380       _ItemParse_flag            30077380 f   ui_shared.obj
 0001:00076420       _ItemParse_style           30077420 f   ui_shared.obj
 0001:00076460       _ItemParse_decoration      30077460 f   ui_shared.obj
 0001:00076480       _ItemParse_notselectable   30077480 f   ui_shared.obj
 0001:000764c0       _ItemParse_scrollhidden    300774c0 f   ui_shared.obj
 0001:00076500       _ItemParse_wrapped         30077500 f   ui_shared.obj
 0001:00076520       _ItemParse_autowrapped     30077520 f   ui_shared.obj
 0001:00076540       _ItemParse_horizontalscroll 30077540 f   ui_shared.obj
 0001:00076560       _ItemParse_type            30077560 f   ui_shared.obj
 0001:000765a0       _ItemParse_model_fovx      300775a0 f   ui_shared.obj
 0001:000765a0       _ItemParse_elementwidth    300775a0 f   ui_shared.obj
 0001:000765d0       _ItemParse_model_fovy      300775d0 f   ui_shared.obj
 0001:000765d0       _ItemParse_elementheight   300775d0 f   ui_shared.obj
 0001:00076600       _ItemParse_elementtype     30077600 f   ui_shared.obj
 0001:00076640       _ItemParse_columns         30077640 f   ui_shared.obj
 0001:00076700       _ItemParse_border          30077700 f   ui_shared.obj
 0001:00076700       _MenuParse_border          30077700 f   ui_shared.obj
 0001:00076720       _ItemParse_ownerdraw       30077720 f   ui_shared.obj
 0001:00076750       _MenuParse_fadeCycle       30077750 f   ui_shared.obj
 0001:00076750       _ItemParse_align           30077750 f   ui_shared.obj
 0001:00076770       _ItemParse_isCharacter     30077770 f   ui_shared.obj
 0001:000767c0       _ItemParse_textalign       300777c0 f   ui_shared.obj
 0001:00076800       _ItemParse_textalignx      30077800 f   ui_shared.obj
 0001:00076800       _MenuParse_fadeAmount      30077800 f   ui_shared.obj
 0001:00076820       _ItemParse_textaligny      30077820 f   ui_shared.obj
 0001:00076840       _ItemParse_textscale       30077840 f   ui_shared.obj
[...]
 0001:00022510       _Q_isdigit                 30023510 f   cg_consolecmds.obj
 0001:00022540       _CG_VarMath_f              30023540 f   cg_consolecmds.obj
 0001:00023520       _CG_Rename_f               30024520 f   cg_consolecmds.obj
 0001:00023660       _SaveTGA_RLERGB            30024660 f   cg_consolecmds.obj
 0001:00023780       _SaveTGA_RLEGray           30024780 f   cg_consolecmds.obj
 0001:00023990       _PNG_write_data            30024990 f   cg_consolecmds.obj
 0001:00023da0       _accumCreateMultiply       30024da0 f   cg_consolecmds.obj
 0001:00023fd0       _accumClearMultiply        30024fd0 f   cg_consolecmds.obj
 0001:00024020       _accumAddMultiply          30025020 f   cg_consolecmds.obj
 0001:00024080       _accumShift                30025080 f   cg_consolecmds.obj
 0001:00024a10       _CG_PreviewCam_f           30025a10 f   cg_consolecmds.obj
 0001:00024a30       _CG_StopPreviewCam_f       30025a30 f   cg_consolecmds.obj
 0001:00024ca0       _CG_GhostSave_f            30025ca0 f   cg_consolecmds.obj
 0001:00024d80       _CG_GhostLoad_f            30025d80 f   cg_consolecmds.obj
 0001:00024fd0       _CG_DrawZoomMask           30025fd0 f   cg_draw.obj
 0001:00025db0       _CG_DrawSaberStyle         30026db0 f   cg_draw.obj
 0001:00025eb0       _CG_DrawAmmo               30026eb0 f   cg_draw.obj
 0001:000281e0       _CG_DrawStats              300291e0 f   cg_draw.obj
 0001:00028220       _CG_DrawPickupItem         30029220 f   cg_draw.obj
 0001:00028320       _CG_DrawMiniScoreboard     30029320 f   cg_draw.obj
 0001:00028480       _CG_DrawSnapshot           30029480 f   cg_draw.obj
 0001:00028500       _CG_DrawFPS                30029500 f   cg_draw.obj
 0001:00029830       _CG_DrawTimer              3002a830 f   cg_draw.obj
 0001:000298e0       _CG_DrawSpeed              3002a8e0 f   cg_draw.obj
 0001:00029a50       _CG_DrawTeamOverlay        3002aa50 f   cg_draw.obj
 0001:00029e50       _CG_DrawPowerupIcons       3002ae50 f   cg_draw.obj
 0001:0002a070       _CG_DrawDisconnect         3002b070 f   cg_draw.obj
 0001:0002a1c0       _CG_DrawLagometer          3002b1c0 f   cg_draw.obj
 0001:0002a650       _CG_DrawCenterString       3002b650 f   cg_draw.obj
 0001:0002b9f0       _CG_DrawHolocronIcons      3002c9f0 f   cg_draw.obj
 0001:0002bab0       _CG_DrawActivePowers       3002cab0 f   cg_draw.obj
 0001:0002bbe0       _CG_DrawRocketLocking      3002cbe0 f   cg_draw.obj
 0001:0002c3b0       _CG_DrawSpectator          3002d3b0 f   cg_draw.obj
 0001:0002c8d0       _CG_DrawVote               3002d8d0 f   cg_draw.obj
 0001:0002cdc0       _CG_DrawTeamVote           3002ddc0 f   cg_draw.obj
 0001:0002cf30       _CG_DrawFollow             3002df30 f   cg_draw.obj
 0001:0002d120       _CG_DrawWarmup             3002e120 f   cg_draw.obj
 0001:0002da60       _CG_DrawSiegeTimer         3002ea60 f   cg_draw.obj
 0001:0002db80       _CG_DrawSiegeDeathTimer    3002eb80 f   cg_draw.obj
 0001:0002dcb0       _CG_DrawSiegeHUDItem       3002ecb0 f   cg_draw.obj
 0001:0002e010       _CG_ChatBox_DrawStrings    3002f010 f   cg_draw.obj
 0001:0002e160       _CG_Draw2DScreenTints      3002f160 f   cg_draw.obj
 0001:0002ed00       _CG_DrawEnemyInfo          3002fd00 f   cg_draw.obj
 0001:0002f1e0       _CG_DrawUpperRight         300301e0 f   cg_draw.obj
 0001:0002f340       _CG_DrawCrosshair          30030340 f   cg_draw.obj
 0001:0002fb40       _CG_ScanForCrosshairEntity 30030b40 f   cg_draw.obj
 0001:00030200       _CG_DrawCrosshairNames     30031200 f   cg_draw.obj
 0001:00030460       _CG_Draw2D                 30031460 f   cg_draw.obj
 0001:000312c0       _CG_TileClearBox           300322c0 f   cg_drawtools.obj
 0001:00031f10       _CG_DoGlassQuad            30032f10 f   cg_effects.obj
 0001:00032130       _CG_CalcBiLerp             30033130 f   cg_effects.obj
 0001:00032460       _CG_CalcHeightWidth        30033460 f   cg_effects.obj
 0001:00033510       _DistanceSquared           30034510 f   cg_ents.obj
 0001:000339f0       _CG_EntityEffects          300349f0 f   cg_ents.obj
 0001:000341d0       _CG_RenderTimeEntBolt      300351d0 f   cg_ents.obj
 0001:00034980       _CG_General                30035980 f   cg_ents.obj
 0001:000369e0       _CG_Speaker                300379e0 f   cg_ents.obj
 0001:00036ad0       _CG_Item                   30037ad0 f   cg_ents.obj
 0001:000374e0       _CG_Missile                300384e0 f   cg_ents.obj
 0001:00037e00       _CG_Mover                  30038e00 f   cg_ents.obj
 0001:00038190       _CG_Portal                 30039190 f   cg_ents.obj
 0001:000383d0       _CG_InterpolateEntityPosition 300393d0 f   cg_ents.obj
 0001:00038640       _CG_TeamBase               30039640 f   cg_ents.obj
 0001:00038720       _CG_FX                     30039720 f   cg_ents.obj
 0001:00038880       _CG_AddCEntity             30039880 f   cg_ents.obj
 0001:000394f0       _CG_Obituary               3003a4f0 f   cg_event.obj
 0001:00039ce0       _CG_UseItem                3003ace0 f   cg_event.obj
 0001:00039e20       _CG_ItemPickup             3003ae20 f   cg_event.obj
 0001:0003faa0       _CG_AddFadeScaleModel      30040aa0 f   cg_localents.obj
 0001:0003fc40       _CG_AddMoveScaleFade       30040c40 f   cg_localents.obj
 0001:0003fd90       _CG_AddPuff                30040d90 f   cg_localents.obj
 0001:0003ff00       _CG_AddScaleFade           30040f00 f   cg_localents.obj
 0001:00040010       _CG_AddSmoke               30041010 f   cg_localents.obj
 0001:00040140       _CG_AddTrail               30041140 f   cg_localents.obj
 0001:00040600       _CG_AddFallScaleFade       30041600 f   cg_localents.obj
 0001:00040710       _CG_AddExplosion           30041710 f   cg_localents.obj
 0001:000407d0       _CG_AddSpriteExplosion     300417d0 f   cg_localents.obj
 0001:00040f60       _C_GetLerpData             30041f60 f   cg_main.obj
 0001:00041020       _C_Trace                   30042020 f   cg_main.obj
 0001:00041050       _C_G2Trace                 30042050 f   cg_main.obj
 0001:00041080       _C_G2Mark                  30042080 f   cg_main.obj
 0001:00041170       _CG_DebugBoxLines          30042170 f   cg_main.obj
 0001:00041390       _C_ImpactMark              30042390 f   cg_main.obj
 0001:00041920       _CG_RegisterItemSounds     30042920 f   cg_main.obj
 0001:00041b50       _CG_RegisterEffects        30042b50 f   cg_main.obj
 0001:00042540       _CG_FeederCount            30043540 f   cg_main.obj
 0001:00042680       _CG_InfoFromScoreIndex     30043680 f   cg_main.obj
 0001:00042700       _CG_FeederItemText         30043700 f   cg_main.obj
 0001:00042910       _CG_FeederItemImage        30043910 f   cg_main.obj
 0001:00042910       _CG_OwnerDrawHandleKey     30043910 f   cg_main.obj
 0001:00042920       _CG_FeederSelection        30043920 f   cg_main.obj
 0001:00042ab0       _CG_OwnerDrawWidth         30043ab0 f   cg_main.obj
 0001:00042b80       _CG_PlayCinematic          30043b80 f   cg_main.obj
 0001:00042bc0       _CG_StopCinematic          30043bc0 f   cg_main.obj
 0001:00042bd0       _CG_DrawCinematic          30043bd0 f   cg_main.obj
 0001:00042c10       _CG_RunCinematicFrame      30043c10 f   cg_main.obj
 0001:00043a00       _CG_RagCallback            30044a00 f   cg_main.obj
 0001:00043c60       _CG_ForceModelChange       30044c60 f   cg_main.obj
 0001:00043df0       _CG_AS_Register            30044df0 f   cg_main.obj
 0001:00043e90       _CG_RegisterSounds         30044e90 f   cg_main.obj
 0001:00044c20       _CG_RegisterGraphics       30045c20 f   cg_main.obj
 0001:00045a40       _CG_RegisterClients        30046a40 f   cg_main.obj
 0001:00048fe0       _CrossProduct              30049fe0 f   cg_players.obj
 0001:00049530       _CG_RegisterClientModelname 3004a530 f   cg_players.obj
 0001:0004a040       _CG_InitG2SaberData        3004b040 f   cg_players.obj
 0001:0004a140       _CG_CopyClientInfoModel    3004b140 f   cg_players.obj
 0001:0004a2a0       _CG_ScanForExistingClientInfo 3004b2a0 f   cg_players.obj
 0001:0004a520       __PlayerFootStep           3004b520 f   cg_players.obj
 0001:0004a8a0       _CG_PlayerFootsteps        3004b8a0 f   cg_players.obj
 0001:0004b1b0       _CG_SetLerpFrameAnimation  3004c1b0 f   cg_players.obj
 0001:0004b710       _CG_RunLerpFrame           3004c710 f   cg_players.obj
 0001:0004b8e0       _CG_PlayerAnimation        3004c8e0 f   cg_players.obj
 0001:0004ba40       _CG_RagAnimForPositioning  3004ca40 f   cg_players.obj
 0001:0004ca20       _CG_G2SetHeadBlink         3004da20 f   cg_players.obj
 0001:0004cb20       _CG_G2SetHeadAnim          3004db20 f   cg_players.obj
 0001:0004cf40       _CG_G2PlayerAngles         3004df40 f   cg_players.obj
 0001:0004d3d0       _CG_PlayerFlag             3004e3d0 f   cg_players.obj
 0001:0004d5f0       _CG_PlayerPowerups         3004e5f0 f   cg_players.obj
 0001:0004d730       _CG_PlayerFloatSprite      3004e730 f   cg_players.obj
 0001:0004d7e0       _CG_PlayerSplash           3004e7e0 f   cg_players.obj
 0001:0004d980       _CG_ForcePushBlur          3004e980 f   cg_players.obj
 0001:0004de70       _CG_ForceGripEffect        3004ee70 f   cg_players.obj
 0001:0004e270       _CG_RGBForSaberColor       3004f270 f   cg_players.obj
 0001:0004e310       _CG_DoSaberLight           3004f310 f   cg_players.obj
 0001:00051530       _CG_CreateSurfaceDebris    30052530 f   cg_players.obj
 0001:000516d0       _CG_CreateSurfaceSmoke     300526d0 f   cg_players.obj
 0001:00051940       _CG_ForceElectrocution     30052940 f   cg_players.obj
 0001:00051fd0       _CG_VehicleEffects         30052fd0 f   cg_players.obj
 0001:00053130       _CG_SetDeferredClientInfo  30054130 f   cg_players.obj
 0001:000540a0       _CG_PlayerSprites          300550a0 f   cg_players.obj
 0001:00054140       _CG_PlayerShadow           30055140 f   cg_players.obj
 0001:00054360       _CG_ForcePushBodyBlur      30055360 f   cg_players.obj
 0001:000591d0       _VectorLength              3005a1d0 f   cg_predict.obj
 0001:000591d0       _VectorLength              3005a1d0 f   cg_predict.obj
 0001:000591d0       _VectorLength              3005a1d0 f   cg_predict.obj
 0001:00059200       _CG_Piloting               3005a200 f   cg_predict.obj
 0001:000593b0       _CG_VehicleClipCheck       3005a3b0 f   cg_predict.obj
 0001:00059460       _CG_ClipMoveToEntities     3005a460 f   cg_predict.obj
 0001:000599c0       _CG_InterpolatePlayerState 3005a9c0 f   cg_predict.obj
 0001:00059b20       _CG_InterpolateVehiclePlayerState 3005ab20 f   cg_predict.obj
 0001:00059c90       _CG_TouchItem              3005ac90 f   cg_predict.obj
 0001:00059dd0       _CG_TouchTriggerPrediction 3005add0 f   cg_predict.obj
 0001:0005b940       _CG_SiegeObjectiveBuffer   3005c940 f   cg_saga.obj
 0001:0005ce70       _CG_DrawClientScore        3005de70 f   cg_scoreboard.obj
 0001:0005d460       _CG_TeamScoreboard         3005e460 f   cg_scoreboard.obj
 0001:0005dfa0       _CG_ParseScores            3005efa0 f   cg_servercmds.obj
 0001:0005e170       _CG_ParseTeamInfo          3005f170 f   cg_servercmds.obj
 0001:0005e8b0       _CG_RegisterCustomSounds   3005f8b0 f   cg_servercmds.obj
 0001:0005f0a0       _CG_ConfigStringModified   300600a0 f   cg_servercmds.obj
 0001:0005f8f0       _CG_MapRestart             300608f0 f   cg_servercmds.obj
 0001:0005f9b0       _CG_RemoveChatEscapeChar   300609b0 f   cg_servercmds.obj
 0001:0005fb60       _CG_BodyQueueCopy          30060b60 f   cg_servercmds.obj
 0001:0005fdc0       _CG_ServerCommand          30060dc0 f   cg_servercmds.obj
 0001:00060990       _CG_ResetEntity            30061990 f   cg_snapshot.obj
 0001:00060bb0       _CG_TransitionSnapshot     30061bb0 f   cg_snapshot.obj
 0001:00060d90       _CG_SetNextSnap            30061d90 f   cg_snapshot.obj
 0001:00060ea0       _CG_ReadNextSnapshot       30061ea0 f   cg_snapshot.obj
 0001:000632c0       _CG_AddTestModel           300642c0 f   cg_view.obj
 0001:00063430       _CG_CalcVrect              30064430 f   cg_view.obj
 0001:000634f0       _CG_StepOffset             300644f0 f   cg_view.obj
 0001:00063540       _CG_CalcIdealThirdPersonViewTarget 30064540 f   cg_view.obj
 0001:00063750       _CG_CalcIdealThirdPersonViewLocation 30064750 f   cg_view.obj
 0001:00063850       _CG_ResetThirdPersonViewDamp 30064850 f   cg_view.obj
 0001:000639d0       _CG_UpdateThirdPersonTargetDamp 300649d0 f   cg_view.obj
 0001:00063b70       _CG_UpdateThirdPersonCameraDamp 30064b70 f   cg_view.obj
 0001:00063e90       _CG_OffsetThirdPersonView  30064e90 f   cg_view.obj
 0001:000643a0       _CG_OffsetFirstPersonView  300653a0 f   cg_view.obj
 0001:000647a0       _CG_OffsetFighterView      300657a0 f   cg_view.obj
 0001:000649f0       _CG_CalcFov                300659f0 f   cg_view.obj
 0001:00064dc0       _CG_DamageBlendBlob        30065dc0 f   cg_view.obj
 0001:00065090       _CG_ThirdPersonActionCam   30066090 f   cg_view.obj
 0001:00065a10       _CG_PlayBufferedSounds     30066a10 f   cg_view.obj
 0001:00065fa0       _CG_AddRefentForAutoMap    30066fa0 f   cg_view.obj
 0001:00066710       _swapPlayerstates          30067710 f   cg_view.obj
 0001:00066cf0       _CG_CalcViewValues         30067cf0 f   cg_view.obj
 0001:0006a4a0       _CG_MapTorsoToWeaponFrame  3006b4a0 f   cg_weapons.obj
 0001:0006a5b0       _CG_CalculateWeaponPosition 3006b5b0 f   cg_weapons.obj
 0001:0006a6f0       _CG_AddWeaponWithPowerups  3006b6f0 f   cg_weapons.obj
 0001:0006b400       _CG_WeaponSelectable       3006c400 f   cg_weapons.obj
 0001:0006d010       _PredictedAngularDecrement 3006e010 f   FighterNPC.obj
 0001:0006d220       _ProcessMoveCommands       3006e220 f   FighterNPC.obj
 0001:0006db40       _FighterWingMalfunctionCheck 3006eb40 f   FighterNPC.obj
 0001:0006dc60       _FighterNoseMalfunctionCheck 3006ec60 f   FighterNPC.obj
 0001:0006dcf0       _FighterDamageRoutine      3006ecf0 f   FighterNPC.obj
 0001:0006e1b0       _ProcessOrientCommands     3006f1b0 f   FighterNPC.obj
 0001:0006f3d0       _CG_DistortionOrb          300703d0 f   fx_heavyrepeater.obj
 0001:0006f680       _CG_RocketTrail            30070680 f   fx_rocketlauncher.obj
 0001:00071890       _ProcessMoveCommands       30072890 f   SpeederNPC.obj
 0001:00071d90       _hashForString             30072d90 f   ui_shared.obj
 0001:00074b60       _Scroll_TextScroll_AutoFunc 30075b60 f   ui_shared.obj
 0001:00074bd0       _Scroll_TextScroll_ThumbFunc 30075bd0 f   ui_shared.obj
 0001:00074d00       _Scroll_ListBox_AutoFunc   30075d00 f   ui_shared.obj
 0001:00074d70       _Scroll_ListBox_ThumbFunc  30075d70 f   ui_shared.obj
 0001:00074f80       _Scroll_Slider_ThumbFunc   30075f80 f   ui_shared.obj
 0001:000754a0       _Display_CloseCinematics   300764a0 f   ui_shared.obj
 0001:00077560       _Item_TextScroll_BuildLines 30078560 f   ui_shared.obj
 0001:00078470       _Menu_OverActiveItem       30079470 f   ui_shared.obj
 0001:0007a880       _ProcessMoveCommands       3007b880 f   WalkerNPC.obj
 0001:0007ab60       _ProcessOrientCommands     3007bb60 f   WalkerNPC.obj
 0001:0007d170       _png_default_error         3007e170 f   libpng:pngerror.obj
 0001:0007d1c0       _png_default_warning       3007e1c0 f   libpng:pngerror.obj
 0001:0007d730       _png_text_compress         3007e730 f   libpng:pngwutil.obj
 0001:0007d9c0       _png_write_compressed_data_out 3007e9c0 f   libpng:pngwutil.obj
 0001:00080ea0       _crc32_little              30081ea0 f   zlib:crc32.obj
 0001:00081180       _putShortMSB               30082180 f   zlib:deflate.obj
 0001:000811b0       _flush_pending             300821b0 f   zlib:deflate.obj
 0001:000812e0       _read_buf                  300822e0 f   zlib:deflate.obj
 0001:00081350       _lm_init                   30082350 f   zlib:deflate.obj
 0001:000813e0       _longest_match             300823e0 f   zlib:deflate.obj
 0001:00081540       _fill_window               30082540 f   zlib:deflate.obj
 0001:00081690       _deflate_stored            30082690 f   zlib:deflate.obj
 0001:000817d0       _deflate_fast              300827d0 f   zlib:deflate.obj
 0001:00081ab0       _deflate_slow              30082ab0 f   zlib:deflate.obj
 0001:00081e70       _deflate_rle               30082e70 f   zlib:deflate.obj
 0001:000820f0       _deflate_huff              300830f0 f   zlib:deflate.obj
 0001:00083000       _init_block                30084000 f   zlib:trees.obj
 0001:00083080       _pqdownheap                30084080 f   zlib:trees.obj
 0001:00083160       _gen_bitlen                30084160 f   zlib:trees.obj
 0001:00083360       _scan_tree                 30084360 f   zlib:trees.obj
 0001:00083440       _send_tree                 30084440 f   zlib:trees.obj
 0001:000839c0       _send_all_trees            300849c0 f   zlib:trees.obj
 0001:00083c10       _compress_block            30084c10 f   zlib:trees.obj
 0001:00084020       _detect_data_type          30085020 f   zlib:trees.obj
 0001:00084090       _bi_reverse                30085090 f   zlib:trees.obj
 0001:000840b0       _bi_flush                  300850b0 f   zlib:trees.obj
 0001:00084130       _bi_windup                 30085130 f   zlib:trees.obj
 0001:00084190       _copy_block                30085190 f   zlib:trees.obj
 0001:00084290       _gen_codes                 30085290 f   zlib:trees.obj
 0001:00084310       _build_tree                30085310 f   zlib:trees.obj
 0001:00084510       _build_bl_tree             30085510 f   zlib:trees.obj
 0001:00084cf0       _vscan_fn                  30085cf0 f   LIBCMT:sscanf.obj
 0001:00086fd5       ___DllMainCRTStartup       30087fd5 f   LIBCMT:dllcrt0.obj
 0001:000873cb       _flsall                    300883cb f   LIBCMT:fflush.obj
 0001:00087ad8       __shift                    30088ad8 f   LIBCMT:cvt.obj
 0001:00087b1d       __cftoe2_l                 30088b1d f   LIBCMT:cvt.obj
 0001:000880db       __cftof2_l                 300890db f   LIBCMT:cvt.obj
 0001:0008854c       ?CPtoLCID@@YAHH@Z          3008954c f   LIBCMT:mbctype.obj
 0001:0008857b       ?setSBCS@@YAXPAUthreadmbcinfostruct@@@Z 3008957b f   LIBCMT:mbctype.obj
 0001:000885df       ?setSBUpLow@@YAXPAUthreadmbcinfostruct@@@Z 300895df f   LIBCMT:mbctype.obj
 0001:00088813       ?getSystemCP@@YAHH@Z       30089813 f   LIBCMT:mbctype.obj
 0001:00089eab       ?strtoxl@@YAKPAUlocaleinfo_struct@@PBDPAPBDHH@Z 3008aeab f   LIBCMT:strtol.obj
 0001:0008a19b       ___check_float_string      3008b19b f   LIBCMT:input.obj
 0001:0008a1f2       __hextodec                 3008b1f2 f   LIBCMT:input.obj
 0001:0008a212       __inc                      3008b212 f   LIBCMT:input.obj
 0001:0008a228       __whiteout                 3008b228 f   LIBCMT:input.obj
 0001:0008c960       __unwind_handler4          3008d960 f   LIBCMT:exsup4.obj
 0001:0008d917       _write_char                3008e917 f   LIBCMT:output.obj
 0001:0008d94a       _write_string              3008e94a f   LIBCMT:output.obj
 0001:00090644       ?__crtLCMapStringA_stat@@YAHPAUlocaleinfo_struct@@KKPBDHPADHHH@Z 30091644 f   LIBCMT:a_map.obj
 0001:00090b30       _doexit                    30091b30 f   LIBCMT:crt0dat.obj
 0001:00090d8f       _parse_cmdline             30091d8f f   LIBCMT:stdargv.obj
 0001:00091518       _siglookup                 30092518 f   LIBCMT:winsig.obj
 0001:00091720       __unwind_handler           30092720 f   LIBCMT:exsup.obj
 0001:00091ffe       __onexit_nolock            30092ffe f   LIBCMT:onexit.obj
 0001:00092857       ?__crtGetStringTypeA_stat@@YAHPAUlocaleinfo_struct@@KPBDHPAGHHH@Z 30093857 f   LIBCMT:a_str.obj
 0001:00094d7c       __tsopen_nolock            30095d7c f   LIBCMT:open.obj
 0001:000960e5       ?x_ismbbtype_l@@YAHPAUlocaleinfo_struct@@IHH@Z 300970e5 f   LIBCMT:ismbbyte.obj
 0001:00096e56       __hw_cw                    30097e56 f   LIBCMT:_ieee87_.obj
 0001:00096ee4       ___hw_cw_sse2              30097ee4 f   LIBCMT:_ieee87_.obj
 0001:00097848       ??__Fnomem@?5???2@YAPAXI@Z@YAXXZ 30098848 f   LIBCMT:new.obj
