 uix86

 Timestamp is 4c7b4a1d (Mon Aug 30 02:05:17 2010)

 Preferred load address is 40000000

 Start         Length     Name                   Class
 0001:00000000 00035f7bH .text                   CODE
 0002:00000000 00000104H .idata$5                DATA
 0002:00000104 00000004H .CRT$XCA                DATA
 0002:00000108 00000004H .CRT$XCZ                DATA
 0002:0000010c 00000004H .CRT$XIA                DATA
 0002:00000110 00000014H .CRT$XIC                DATA
 0002:00000124 00000004H .CRT$XIZ                DATA
 0002:00000128 00000004H .CRT$XPA                DATA
 0002:0000012c 00000004H .CRT$XPX                DATA
 0002:00000130 00000004H .CRT$XPXA               DATA
 0002:00000134 00000004H .CRT$XPZ                DATA
 0002:00000138 00000004H .CRT$XTA                DATA
 0002:0000013c 00000004H .CRT$XTZ                DATA
 0002:00000140 000158f8H .rdata                  DATA
 0002:00015a40 0000000cH .rdata$sxdata           DATA
 0002:00015a4c 00000004H .rtc$IAA                DATA
 0002:00015a50 00000004H .rtc$IZZ                DATA
 0002:00015a54 00000004H .rtc$TAA                DATA
 0002:00015a58 00000004H .rtc$TZZ                DATA
 0002:00015a60 000002d4H .xdata$x                DATA
 0002:00015d34 00000014H .idata$2                DATA
 0002:00015d48 00000014H .idata$3                DATA
 0002:00015d5c 00000104H .idata$4                DATA
 0002:00015e60 000004a0H .idata$6                DATA
 0002:00016300 00000056H .edata                  DATA
 0003:00000000 00008ec0H .data                   DATA
 0003:00008ec0 004d5f84H .bss                    DATA
 0004:00000000 00000058H .rsrc$01                DATA
 0004:00000060 00000328H .rsrc$02                DATA

  Address         Publics by Value              Rva+Base       Lib:Object

 0000:00000000       __except_list              00000000     <absolute>
 0000:00000003       ___safe_se_handler_count   00000003     <absolute>
 0000:00000000       ___ImageBase               40000000     <linker-defined>
 0001:00000000       _BG_LegalizedForcePowers   40001000 f   bg_misc.obj
 0001:00000470       _BG_FindItemForHoldable    40001470 f   bg_misc.obj
 0001:000004d0       _BG_FindItemForWeapon      400014d0 f   bg_misc.obj
 0001:00000520       _BG_Alloc                  40001520 f   bg_misc.obj
 0001:00000570       _BG_SiegeStripTabs         40001570 f   bg_saga.obj
 0001:000005b0       _BG_SiegeGetValueGroup     400015b0 f   bg_saga.obj
 0001:000008c0       _BG_SiegeGetPairedValue    400018c0 f   bg_saga.obj
 0001:00000b30       _BG_SiegeTranslateForcePowers 40001b30 f   bg_saga.obj
 0001:00000d10       _BG_SiegeTranslateGenericTable 40001d10 f   bg_saga.obj
 0001:00000e00       _BG_SiegeParseClassFile    40001e00 f   bg_saga.obj
 0001:00001700       _BG_SiegeLoadClasses       40002700 f   bg_saga.obj
 0001:00001810       _BG_SiegeLoadTeams         40002810 f   bg_saga.obj
 0001:00001b00       _BG_SiegeFindThemeForTeam  40002b00 f   bg_saga.obj
 0001:00001b30       _BG_SiegeFindTeamForTheme  40002b30 f   bg_saga.obj
 0001:00001b90       _BG_SiegeSetTeamTheme      40002b90 f   bg_saga.obj
 0001:00001bc0       _BG_SiegeCountBaseClass    40002bc0 f   bg_saga.obj
 0001:00001c20       _BG_GetUIPortraitFile      40002c20 f   bg_saga.obj
 0001:00001cb0       _BG_GetUIPortrait          40002cb0 f   bg_saga.obj
 0001:00001d40       _BG_GetClassOnBaseClass    40002d40 f   bg_saga.obj
 0001:00001dd0       _AxisClear                 40002dd0 f   q_math.obj
 0001:00001e00       _VectorNormalize           40002e00 f   q_math.obj
 0001:00001e70       _AngleVectors              40002e70 f   q_math.obj
 0001:00001fd0       _Q_irand                   40002fd0 f   q_math.obj
 0001:00002010       _AnglesToAxis              40003010 f   q_math.obj
 0001:00002060       _Com_Clamp                 40003060 f   q_shared.obj
 0001:00002090       _COM_StripExtension        40003090 f   q_shared.obj
 0001:000020c0       _COM_Compress              400030c0 f   q_shared.obj
 0001:000021c0       _COM_ParseExt              400031c0 f   q_shared.obj
 0001:00002330       _COM_ParseString           40003330 f   q_shared.obj
 0001:00002370       _COM_ParseFloat            40003370 f   q_shared.obj
 0001:000023b0       _SkipBracedSection         400033b0 f   q_shared.obj
 0001:000024f0       _SkipRestOfLine            400034f0 f   q_shared.obj
 0001:00002520       _Q_strrchr                 40003520 f   q_shared.obj
 0001:00002550       _Q_strncpyz                40003550 f   q_shared.obj
 0001:000025b0       _Q_stricmpn                400035b0 f   q_shared.obj
 0001:00002630       _Q_stricmp                 40003630 f   q_shared.obj
 0001:00002660       _Q_strupr                  40003660 f   q_shared.obj
 0001:00002690       _Q_strcat                  40003690 f   q_shared.obj
 0001:000026e0       _Q_CleanStr                400036e0 f   q_shared.obj
 0001:00002730       _Com_sprintf               40003730 f   q_shared.obj
 0001:000027d0       _va                        400037d0 f   q_shared.obj
 0001:00002810       _Info_ValueForKey          40003810 f   q_shared.obj
 0001:00002900       _Info_RemoveKey            40003900 f   q_shared.obj
 0001:00002a00       _Info_SetValueForKey       40003a00 f   q_shared.obj
 0001:00002bb0       _GetIDForString            40003bb0 f   q_shared.obj
 0001:00002c00       _COM_BeginParseSession     40003c00 f   q_shared.obj
 0001:00002c30       _COM_Parse                 40003c30 f   q_shared.obj
 0001:00002c50       _Com_Error                 40003c50 f   ui_atoms.obj
 0001:00002c90       _Com_Printf                40003c90 f   ui_atoms.obj
 0001:00002cd0       _UI_Cvar_VariableString    40003cd0 f   ui_atoms.obj
 0001:00002cf0       _UI_SetBestScores          40003cf0 f   ui_atoms.obj
 0001:00003030       _UI_LoadBestScores         40004030 f   ui_atoms.obj
 0001:00003130       _UI_ClearScores            40004130 f   ui_atoms.obj
 0001:000038b0       _UI_ConsoleCommand         400048b0 f   ui_atoms.obj
 0001:00003a40       _UI_DrawHandlePic          40004a40 f   ui_atoms.obj
 0001:00003ae0       _UI_FillRect               40004ae0 f   ui_atoms.obj
 0001:00003b40       _UI_SetColor               40004b40 f   ui_atoms.obj
 0001:00003b50       _UI_InitForceShaders       40004b50 f   ui_force.obj
 0001:00003cc0       _UI_DrawForceStars         40004cc0 f   ui_force.obj
 0001:00003de0       _UI_UpdateClientForcePowers 40004de0 f   ui_force.obj
 0001:00003ee0       _UI_SaveForceTemplate      40004ee0 f   ui_force.obj
 0001:000040c0       _UpdateForceUsed           400050c0 f   ui_force.obj
 0001:00004390       _UI_ReadLegalForce         40005390 f   ui_force.obj
 0001:00004720       _UI_UpdateForcePowers      40005720 f   ui_force.obj
 0001:00004960       _UI_SkinColor_HandleKey    40005960 f   ui_force.obj
 0001:000049e0       _UI_ForceSide_HandleKey    400059e0 f   ui_force.obj
 0001:00004ae0       _UI_JediNonJedi_HandleKey  40005ae0 f   ui_force.obj
 0001:00004c60       _UI_ForceMaxRank_HandleKey 40005c60 f   ui_force.obj
 0001:00004ce0       _UI_ForcePowerRank_HandleKey 40005ce0 f   ui_force.obj
 0001:00004e10       _UI_ForceConfigHandle      40005e10 f   ui_force.obj
 0001:00005310       _UI_ParseInfos             40006310 f   ui_gameinfo.obj
 0001:000055b0       _UI_LoadArenas             400065b0 f   ui_gameinfo.obj
 0001:00005a20       _UI_LoadBots               40006a20 f   ui_gameinfo.obj
 0001:00005b20       _UI_GetNumBots             40006b20 f   ui_gameinfo.obj
 0001:00005b30       _UI_GetBotNameByNumber     40006b30 f   ui_gameinfo.obj
 0001:00005b80       _UI_AnimsetAlloc           40006b80 f   ui_main.obj
 0001:00005bb0       _UI_ParseAnimationFile     40006bb0 f   ui_main.obj
 0001:00005e80       _UI_TeamName               40006e80 f   ui_main.obj
 0001:00005eb0       _AssetCache                40006eb0 f   ui_main.obj
 0001:00006040       __UI_DrawSides             40007040 f   ui_main.obj
 0001:000060e0       __UI_DrawTopBottom         400070e0 f   ui_main.obj
 0001:00006180       __UI_DrawRect              40007180 f   ui_main.obj
 0001:000061f0       _Text_Width                400071f0 f   ui_main.obj
 0001:00006250       _Text_Height               40007250 f   ui_main.obj
 0001:000062d0       _Text_Paint                400072d0 f   ui_main.obj
 0001:00006390       _Text_PaintWithCursor      40007390 f   ui_main.obj
 0001:00006700       _UI_GetStringEdString      40007700 f   ui_main.obj
 0001:00006740       _GetMenuBuffer             40007740 f   ui_main.obj
 0001:000067e0       _Asset_Parse               400077e0 f   ui_main.obj
 0001:00006fa0       _UI_Report                 40007fa0 f   ui_main.obj
 0001:00006fb0       _UI_ParseMenu              40007fb0 f   ui_main.obj
 0001:00007080       _UI_LoadMenus              40008080 f   ui_main.obj
 0001:00008280       _UI_HasSetSaberOnly        40009280 f   ui_main.obj
 0001:00008350       _UI_TrueJediEnabled        40009350 f   ui_main.obj
 0001:00008b90       _UpdateBotButtons          40009b90 f   ui_main.obj
 0001:00008bf0       _UpdateForceStatus         40009bf0 f   ui_main.obj
 0001:0000c350       _UI_UpdateVideoSetup       4000d350 f   ui_main.obj
 0001:0000c4b0       _UI_GetVideoSetup          4000d4b0 f   ui_main.obj
 0001:0000cad0       _UI_SetSiegeObjectiveGraphicPos 4000dad0 f   ui_main.obj
 0001:0000cbc0       _UI_FindCurrentSiegeTeamClass 4000dbc0 f   ui_main.obj
 0001:0000ccb0       _UI_UpdateSiegeObjectiveGraphics 4000dcb0 f   ui_main.obj
 0001:0000d1b0       _UI_UpdateCharacterSkin    4000e1b0 f   ui_main.obj
 0001:0000d340       _UI_ClampMaxPlayers        4000e340 f   ui_main.obj
 0001:0000d3f0       _UI_UpdateSiegeStatusIcons 4000e3f0 f   ui_main.obj
 0001:0000e030       _UI_SiegeClassNum          4000f030 f   ui_main.obj
 0001:0000e060       _UI_SetSiegeTeams          4000f060 f   ui_main.obj
 0001:0000f8c0       _UI_SiegeSetCvarsForClass  400108c0 f   ui_main.obj
 0001:0000fce0       _UI_UpdateCvarsForClass    40010ce0 f   ui_main.obj
 0001:0000fdc0       _UI_FeederSelection        40010dc0 f   ui_main.obj
 0001:00010d00       _UI_LoadForceConfig_List   40011d00 f   ui_main.obj
 0001:000116c0       __UI_KeyEvent              400126c0 f   ui_main.obj
 0001:00011740       __UI_MouseEvent            40012740 f   ui_main.obj
 0001:000117c0       __UI_SetActiveMenu         400127c0 f   ui_main.obj
 0001:00011c00       _Text_PaintCenter          40012c00 f   ui_main.obj
 0001:00011ce0       _UI_RegisterCvars          40012ce0 f   ui_main.obj
 0001:00011ed0       _UI_ShowPostGame           40012ed0 f   ui_main.obj
 0001:00011f30       _UI_Load                   40012f30 f   ui_main.obj
 0001:00014880       _UI_DrawConnectScreen      40015880 f   ui_main.obj
 0001:00014e80       __UI_Refresh               40015e80 f   ui_main.obj
 0001:00017b80       __UI_Init                  40018b80 f   ui_main.obj
 0001:00018080       _vmMain                    40019080 f   ui_main.obj
 0001:00018170       _UI_CacheSaberGlowGraphics 40019170 f   ui_saber.obj
 0001:00018230       _UI_ParseLiteral           40019230 f   ui_saber.obj
 0001:00018290       _UI_SaberParseParm         40019290 f   ui_saber.obj
 0001:000183c0       _UI_SaberModelForSaber     400193c0 f   ui_saber.obj
 0001:000183e0       _UI_SaberSkinForSaber      400193e0 f   ui_saber.obj
 0001:00018400       _UI_SaberTypeForSaber      40019400 f   ui_saber.obj
 0001:00018420       _UI_SaberShouldDrawBlade   40019420 f   ui_saber.obj
 0001:000184d0       _UI_SaberBladeLengthForSaber 400194d0 f   ui_saber.obj
 0001:00018590       _UI_SaberBladeRadiusForSaber 40019590 f   ui_saber.obj
 0001:00018650       _UI_SaberProperNameForSaber 40019650 f   ui_saber.obj
 0001:000186d0       _UI_SaberValidForPlayerInMP 400196d0 f   ui_saber.obj
 0001:00018730       _UI_SaberLoadParms         40019730 f   ui_saber.obj
 0001:000188f0       _UI_DoSaber                400198f0 f   ui_saber.obj
 0001:00018b40       _SaberColorToString        40019b40 f   ui_saber.obj
 0001:00018ba0       _TranslateSaberColor       40019ba0 f   ui_saber.obj
 0001:00018c60       _TranslateSaberType        40019c60 f   ui_saber.obj
 0001:00018da0       _UI_SaberDrawBlade         40019da0 f   ui_saber.obj
 0001:00019660       _UI_GetSaberForMenu        4001a660 f   ui_saber.obj
 0001:00019780       _UI_SaberDrawBlades        4001a780 f   ui_saber.obj
 0001:000199e0       _UI_SaberAttachToChar      4001a9e0 f   ui_saber.obj
 0001:00019b30       _UI_SaberGetHiltInfo       4001ab30 f   ui_saber.obj
 0001:00019cb0       _UI_Alloc                  4001acb0 f   ui_shared.obj
 0001:00019d10       _UI_InitMemory             4001ad10 f   ui_shared.obj
 0001:00019d20       _UI_OutOfMemory            4001ad20 f   ui_shared.obj
 0001:00019d70       _String_Alloc              4001ad70 f   ui_shared.obj
 0001:00019e90       _String_Report             4001ae90 f   ui_shared.obj
 0001:00019f30       _PC_SourceError            4001af30 f   ui_shared.obj
 0001:00019f90       _LerpColor                 4001af90 f   ui_shared.obj
 0001:0001a0a0       _Float_Parse               4001b0a0 f   ui_shared.obj
 0001:0001a0e0       _PC_Float_Parse            4001b0e0 f   ui_shared.obj
 0001:0001a180       _Color_Parse               4001b180 f   ui_shared.obj
 0001:0001a1d0       _PC_Color_Parse            4001b1d0 f   ui_shared.obj
 0001:0001a270       _Int_Parse                 4001b270 f   ui_shared.obj
 0001:0001a2b0       _PC_Int_Parse              4001b2b0 f   ui_shared.obj
 0001:0001a340       _Rect_Parse                4001b340 f   ui_shared.obj
 0001:0001a3d0       _String_Parse              4001b3d0 f   ui_shared.obj
 0001:0001a410       _PC_String_Parse           4001b410 f   ui_shared.obj
 0001:0001a480       _PC_Script_Parse           4001b480 f   ui_shared.obj
 0001:0001a5a0       _Init_Display              4001b5a0 f   ui_shared.obj
 0001:0001a5b0       _GradientBar_Paint         4001b5b0 f   ui_shared.obj
 0001:0001a610       _Window_Paint              4001b610 f   ui_shared.obj
 0001:0001ab00       _IsVisible                 4001bb00 f   ui_shared.obj
 0001:0001ab20       _Rect_ContainsPoint        4001bb20 f   ui_shared.obj
 0001:0001ab80       _Menu_ItemsMatchingGroup   4001bb80 f   ui_shared.obj
 0001:0001ac10       _Menu_GetMatchingItemByNumber 4001bc10 f   ui_shared.obj
 0001:0001ac90       _Script_SetColor           4001bc90 f   ui_shared.obj
 0001:0001ad70       _Script_SetAsset           4001bd70 f   ui_shared.obj
 0001:0001ada0       _Script_SetBackground      4001bda0 f   ui_shared.obj
 0001:0001adf0       _Menu_FindItemByName       4001bdf0 f   ui_shared.obj
 0001:0001ae50       _Script_SetTeamColor       4001be50 f   ui_shared.obj
 0001:0001aea0       _Script_SetItemColor       4001bea0 f   ui_shared.obj
 0001:0001b030       _Script_SetItemColorCvar   4001c030 f   ui_shared.obj
 0001:0001b2a0       _Script_SetItemRect        4001c2a0 f   ui_shared.obj
 0001:0001b350       _Menu_ShowGroup            4001c350 f   ui_shared.obj
 0001:0001b3a0       _Menu_ShowItemByName       4001c3a0 f   ui_shared.obj
 0001:0001b420       _Menu_FadeItemByName       4001c420 f   ui_shared.obj
 0001:0001b480       _Menus_FindByName          4001c480 f   ui_shared.obj
 0001:0001b4d0       _Script_Show               4001c4d0 f   ui_shared.obj
 0001:0001b520       _Script_Hide               4001c520 f   ui_shared.obj
 0001:0001b570       _Script_FadeIn             4001c570 f   ui_shared.obj
 0001:0001b5c0       _Script_FadeOut            4001c5c0 f   ui_shared.obj
 0001:0001b610       _Script_Defer              4001c610 f   ui_shared.obj
 0001:0001b660       _Menu_ItemDisable          4001c660 f   ui_shared.obj
 0001:0001b6b0       _Script_SetPlayerModel     4001c6b0 f   ui_shared.obj
 0001:0001b700       _ParseRect                 4001c700 f   ui_shared.obj
 0001:0001b760       _Script_SetCvar            4001c760 f   ui_shared.obj
 0001:0001b7e0       _Script_SetCvarToCvar      4001c7e0 f   ui_shared.obj
 0001:0001b880       _Script_Exec               4001c880 f   ui_shared.obj
 0001:0001b8e0       _Script_Play               4001c8e0 f   ui_shared.obj
 0001:0001b940       _Script_playLooped         4001c940 f   ui_shared.obj
 0001:0001b9b0       _Menu_SetItemBackground    4001c9b0 f   ui_shared.obj
 0001:0001ba10       _Item_RunScript            4001ca10 f   ui_shared.obj
 0001:0001bb00       _Item_EnableShowViaCvar    4001cb00 f   ui_shared.obj
 0001:0001bc20       _Item_TextScroll_ThumbPosition 4001cc20 f   ui_shared.obj
 0001:0001bcb0       _Item_TextScroll_ThumbDrawPosition 4001ccb0 f   ui_shared.obj
 0001:0001bd40       _Item_TextScroll_OverLB    4001cd40 f   ui_shared.obj
 0001:0001bed0       _Item_TextScroll_HandleKey 4001ced0 f   ui_shared.obj
 0001:0001c070       _Item_ListBox_MaxScroll    4001d070 f   ui_shared.obj
 0001:0001c0d0       _Item_ListBox_ThumbPosition 4001d0d0 f   ui_shared.obj
 0001:0001c1e0       _Item_ListBox_ThumbDrawPosition 4001d1e0 f   ui_shared.obj
 0001:0001c2d0       _Item_Slider_ThumbPosition 4001d2d0 f   ui_shared.obj
 0001:0001c390       _Item_Slider_OverSlider    4001d390 f   ui_shared.obj
 0001:0001c410       _Item_ListBox_OverLB       4001d410 f   ui_shared.obj
 0001:0001c7a0       _Item_ListBox_MouseEnter   4001d7a0 f   ui_shared.obj
 0001:0001c950       _Item_MouseEnter           4001d950 f   ui_shared.obj
 0001:0001cad0       _Item_MouseLeave           4001dad0 f   ui_shared.obj
 0001:0001cb20       _Item_OwnerDraw_HandleKey  4001db20 f   ui_shared.obj
 0001:0001cbb0       _Item_ListBox_HandleKey    4001dbb0 f   ui_shared.obj
 0001:0001d010       _Item_YesNo_HandleKey      4001e010 f   ui_shared.obj
 0001:0001d110       _Item_Multi_FindCvarByValue 4001e110 f   ui_shared.obj
 0001:0001d1d0       _Item_Multi_Setting        4001e1d0 f   ui_shared.obj
 0001:0001d2a0       _Item_Multi_HandleKey      4001e2a0 f   ui_shared.obj
 0001:0001d470       _Leaving_EditField         4001e470 f   ui_shared.obj
 0001:0001d990       _Item_StartCapture         4001e990 f   ui_shared.obj
 0001:0001dc20       _Item_Slider_HandleKey     4001ec20 f   ui_shared.obj
 0001:0001dd90       _Item_HandleAccept         4001ed90 f   ui_shared.obj
 0001:0001ddc0       _Item_Action               4001edc0 f   ui_shared.obj
 0001:0001ded0       _Menus_Activate            4001eed0 f   ui_shared.obj
 0001:0001df40       _Item_SetTextExtents       4001ef40 f   ui_shared.obj
 0001:0001e190       _Item_TextColor            4001f190 f   ui_shared.obj
 0001:0001e400       _Item_Text_AutoWrapped_Paint 4001f400 f   ui_shared.obj
 0001:0001e660       _Item_Text_Wrapped_Paint   4001f660 f   ui_shared.obj
 0001:0001e800       _Item_Text_Paint           4001f800 f   ui_shared.obj
 0001:0001e9b0       _Item_TextField_Paint      4001f9b0 f   ui_shared.obj
 0001:0001ec10       _Item_YesNo_Paint          4001fc10 f   ui_shared.obj
 0001:0001ee00       _Item_Multi_Paint          4001fe00 f   ui_shared.obj
 0001:0001efe0       _Controls_GetConfig        4001ffe0 f   ui_shared.obj
 0001:0001f080       _Controls_SetConfig        40020080 f   ui_shared.obj
 0001:0001f0d0       _BindingIDFromName         400200d0 f   ui_shared.obj
 0001:0001f110       _BindingFromName           40020110 f   ui_shared.obj
 0001:0001f220       _Item_Slider_Paint         40020220 f   ui_shared.obj
 0001:0001f3d0       _Item_Bind_Paint           400203d0 f   ui_shared.obj
 0001:0001f6c0       _Display_KeyBindPending    400206c0 f   ui_shared.obj
 0001:0001f6d0       _Item_Bind_HandleKey       400206d0 f   ui_shared.obj
 0001:0001f9a0       _UI_ScaleModelAxis         400209a0 f   ui_shared.obj
 0001:0001fa90       _Item_ListBox_Paint        40020a90 f   ui_shared.obj
 0001:00020790       _Item_OwnerDraw_Paint      40021790 f   ui_shared.obj
 0001:00020bd0       _Menu_Init                 40021bd0 f   ui_shared.obj
 0001:00020c50       _Menu_GetFocused           40021c50 f   ui_shared.obj
 0001:00020c90       _Menu_SetFeederSelection   40021c90 f   ui_shared.obj
 0001:00020d60       _Menus_AnyFullScreenVisible 40021d60 f   ui_shared.obj
 0001:00020d90       _Item_ValidateTypeData     40021d90 f   ui_shared.obj
 0001:00020ea0       _ItemParse_name            40021ea0 f   ui_shared.obj
 0001:00020ec0       _ItemParse_focusSound      40021ec0 f   ui_shared.obj
 0001:00020f10       _ItemParse_text            40021f10 f   ui_shared.obj
 0001:00020f30       _ItemParse_descText        40021f30 f   ui_shared.obj
 0001:00020f50       _MenuParse_soundLoop       40021f50 f   ui_shared.obj
 0001:00020f50       _ItemParse_text2           40021f50 f   ui_shared.obj
 0001:00020f70       _ItemParse_text2alignx     40021f70 f   ui_shared.obj
 0001:00020f90       _ItemParse_text2aligny     40021f90 f   ui_shared.obj
 0001:00020fb0       _ItemParse_group           40021fb0 f   ui_shared.obj
 0001:00020fd0       _UI_InsertG2Pointer        40021fd0 f   ui_shared.obj
 0001:00021020       _UI_CleanupGhoul2          40022020 f   ui_shared.obj
 0001:00021060       _ItemParse_asset_model_go  40022060 f   ui_shared.obj
 0001:000212a0       _ItemParse_asset_model     400222a0 f   ui_shared.obj
 0001:00021330       _ItemParse_asset_shader    40022330 f   ui_shared.obj
 0001:00021380       _ItemParse_model_origin    40022380 f   ui_shared.obj
 0001:000213e0       _ItemParse_model_rotation  400223e0 f   ui_shared.obj
 0001:00021410       _ItemParse_model_angle     40022410 f   ui_shared.obj
 0001:00021440       _ItemParse_model_g2mins    40022440 f   ui_shared.obj
 0001:000214a0       _ItemParse_model_g2maxs    400224a0 f   ui_shared.obj
 0001:00021500       _ItemParse_model_g2scale   40022500 f   ui_shared.obj
 0001:00021560       _ItemParse_model_g2skin    40022560 f   ui_shared.obj
 0001:000215c0       _ItemParse_model_g2anim    400225c0 f   ui_shared.obj
 0001:00021660       _ItemParse_model_g2skin_go 40022660 f   ui_shared.obj
 0001:000216d0       _ItemParse_model_g2anim_go 400226d0 f   ui_shared.obj
 0001:00021740       _ItemParse_rectcvar        40022740 f   ui_shared.obj
 0001:00021870       _ItemParse_rect            40022870 f   ui_shared.obj
 0001:000218d0       _ItemParse_flag            400228d0 f   ui_shared.obj
 0001:00021970       _ItemParse_style           40022970 f   ui_shared.obj
 0001:000219b0       _ItemParse_decoration      400229b0 f   ui_shared.obj
 0001:000219d0       _ItemParse_notselectable   400229d0 f   ui_shared.obj
 0001:00021a10       _ItemParse_scrollhidden    40022a10 f   ui_shared.obj
 0001:00021a50       _ItemParse_wrapped         40022a50 f   ui_shared.obj
 0001:00021a70       _ItemParse_autowrapped     40022a70 f   ui_shared.obj
 0001:00021a90       _ItemParse_horizontalscroll 40022a90 f   ui_shared.obj
 0001:00021ab0       _ItemParse_type            40022ab0 f   ui_shared.obj
 0001:00021af0       _ItemParse_model_fovx      40022af0 f   ui_shared.obj
 0001:00021af0       _ItemParse_elementwidth    40022af0 f   ui_shared.obj
 0001:00021b20       _ItemParse_elementheight   40022b20 f   ui_shared.obj
 0001:00021b20       _ItemParse_model_fovy      40022b20 f   ui_shared.obj
 0001:00021b50       _ItemParse_elementtype     40022b50 f   ui_shared.obj
 0001:00021b90       _ItemParse_columns         40022b90 f   ui_shared.obj
 0001:00021c50       _ItemParse_bordersize      40022c50 f   ui_shared.obj
 0001:00021c50       _MenuParse_borderSize      40022c50 f   ui_shared.obj
 0001:00021c70       _ItemParse_ownerdraw       40022c70 f   ui_shared.obj
 0001:00021ca0       _MenuParse_fadeCycle       40022ca0 f   ui_shared.obj
 0001:00021ca0       _ItemParse_align           40022ca0 f   ui_shared.obj
 0001:00021cc0       _ItemParse_isCharacter     40022cc0 f   ui_shared.obj
 0001:00021d10       _ItemParse_textalign       40022d10 f   ui_shared.obj
 0001:00021d50       _ItemParse_textalignx      40022d50 f   ui_shared.obj
 0001:00021d50       _MenuParse_fadeAmount      40022d50 f   ui_shared.obj
 0001:00021d70       _ItemParse_textaligny      40022d70 f   ui_shared.obj
 0001:00021d90       _ItemParse_textscale       40022d90 f   ui_shared.obj
 0001:00021db0       _ItemParse_textstyle       40022db0 f   ui_shared.obj
 0001:00021dd0       _ItemParse_invertyesno     40022dd0 f   ui_shared.obj
 0001:00021df0       _ItemParse_xoffset         40022df0 f   ui_shared.obj
 0001:00021e10       _ItemParse_backcolor       40022e10 f   ui_shared.obj
 0001:00021ec0       _ItemParse_forecolor       40022ec0 f   ui_shared.obj
 0001:00021fa0       _ItemParse_bordercolor     40022fa0 f   ui_shared.obj
 0001:00022060       _MenuParse_outlinecolor    40023060 f   ui_shared.obj
 0001:00022060       _ItemParse_outlinecolor    40023060 f   ui_shared.obj
 0001:00022080       _ItemParse_background      40023080 f   ui_shared.obj
 0001:00022080       _MenuParse_background      40023080 f   ui_shared.obj
 0001:000220d0       _ItemParse_doubleClick     400230d0 f   ui_shared.obj
 0001:00022110       _ItemParse_onFocus         40023110 f   ui_shared.obj
 0001:00022130       _ItemParse_leaveFocus      40023130 f   ui_shared.obj
 0001:00022150       _ItemParse_mouseEnter      40023150 f   ui_shared.obj
 0001:00022170       _ItemParse_mouseExit       40023170 f   ui_shared.obj
 0001:00022190       _ItemParse_mouseEnterText  40023190 f   ui_shared.obj
 0001:000221b0       _ItemParse_mouseExitText   400231b0 f   ui_shared.obj
 0001:000221d0       _ItemParse_action          400231d0 f   ui_shared.obj
 0001:000221f0       _ItemParse_feeder          400231f0 f   ui_shared.obj
 0001:000221f0       _ItemParse_special         400231f0 f   ui_shared.obj
 0001:00022210       _ItemParse_cvarTest        40023210 f   ui_shared.obj
 0001:00022230       _ItemParse_cvar            40023230 f   ui_shared.obj
 0001:000222b0       _ItemParse_font            400232b0 f   ui_shared.obj
 0001:000222e0       _ItemParse_maxChars        400232e0 f   ui_shared.obj
 0001:00022330       _ItemParse_maxPaintChars   40023330 f   ui_shared.obj
 0001:00022380       _ItemParse_maxLineChars    40023380 f   ui_shared.obj
 0001:000223d0       _ItemParse_lineHeight      400233d0 f   ui_shared.obj
 0001:00022420       _ItemParse_cvarFloat       40023420 f   ui_shared.obj
 0001:000224a0       _ItemParse_cvarStrList     400234a0 f   ui_shared.obj
 0001:00022700       _ItemParse_cvarFloatList   40023700 f   ui_shared.obj
 0001:00022820       _ItemParse_addColorRange   40023820 f   ui_shared.obj
 0001:000228c0       _ItemParse_enableCvar      400238c0 f   ui_shared.obj
 0001:00022900       _ItemParse_disableCvar     40023900 f   ui_shared.obj
 0001:00022940       _ItemParse_showCvar        40023940 f   ui_shared.obj
 0001:00022980       _ItemParse_hideCvar        40023980 f   ui_shared.obj
 0001:000229c0       _ItemParse_Appearance_slot 400239c0 f   ui_shared.obj
 0001:000229e0       _ItemParse_isSaber         400239e0 f   ui_shared.obj
 0001:00022a40       _ItemParse_isSaber2        40023a40 f   ui_shared.obj
 0001:00022aa0       _Item_SetupKeywordHash     40023aa0 f   ui_shared.obj
 0001:00022b40       _Item_Parse                40023b40 f   ui_shared.obj
 0001:00022ee0       _MenuParse_font            40023ee0 f   ui_shared.obj
 0001:00022f40       _MenuParse_name            40023f40 f   ui_shared.obj
 0001:00022f80       _MenuParse_fullscreen      40023f80 f   ui_shared.obj
 0001:00022fa0       _MenuParse_rect            40023fa0 f   ui_shared.obj
 0001:00023000       _MenuParse_style           40024000 f   ui_shared.obj
 0001:00023040       _ItemParse_visible         40024040 f   ui_shared.obj
 0001:00023040       _MenuParse_visible         40024040 f   ui_shared.obj
 0001:00023080       _MenuParse_onOpen          40024080 f   ui_shared.obj
 0001:000230a0       _MenuParse_onClose         400240a0 f   ui_shared.obj
 0001:000230c0       _MenuParse_onAccept        400240c0 f   ui_shared.obj
 0001:000230e0       _MenuParse_onESC           400240e0 f   ui_shared.obj
 0001:00023100       _ItemParse_border          40024100 f   ui_shared.obj
 0001:00023100       _MenuParse_border          40024100 f   ui_shared.obj
 0001:00023120       _MenuParse_backcolor       40024120 f   ui_shared.obj
 0001:000231d0       _MenuParse_descAlignment   400241d0 f   ui_shared.obj
 0001:00023210       _MenuParse_descX           40024210 f   ui_shared.obj
 0001:00023230       _MenuParse_descY           40024230 f   ui_shared.obj
 0001:00023250       _MenuParse_descScale       40024250 f   ui_shared.obj
 0001:00023270       _MenuParse_descColor       40024270 f   ui_shared.obj
 0001:00023330       _MenuParse_forecolor       40024330 f   ui_shared.obj
 0001:00023410       _MenuParse_bordercolor     40024410 f   ui_shared.obj
 0001:000234d0       _MenuParse_focuscolor      400244d0 f   ui_shared.obj
 0001:00023590       _MenuParse_disablecolor    40024590 f   ui_shared.obj
 0001:00023650       _MenuParse_cinematic       40024650 f   ui_shared.obj
 0001:00023650       _ItemParse_cinematic       40024650 f   ui_shared.obj
 0001:00023670       _MenuParse_ownerdrawFlag   40024670 f   ui_shared.obj
 0001:00023670       _ItemParse_ownerdrawFlag   40024670 f   ui_shared.obj
 0001:000236a0       _MenuParse_ownerdraw       400246a0 f   ui_shared.obj
 0001:000236c0       _MenuParse_popup           400246c0 f   ui_shared.obj
 0001:000236e0       _MenuParse_outOfBounds     400246e0 f   ui_shared.obj
 0001:00023700       _MenuParse_fadeClamp       40024700 f   ui_shared.obj
 0001:00023720       _MenuParse_itemDef         40024720 f   ui_shared.obj
 0001:00023820       _MenuParse_appearanceIncrement 40024820 f   ui_shared.obj
 0001:00023840       _Menu_SetupKeywordHash     40024840 f   ui_shared.obj
 0001:000238e0       _Menu_Parse                400248e0 f   ui_shared.obj
 0001:00023a30       _Menu_Count                40024a30 f   ui_shared.obj
 0001:00023a40       _Menu_Reset                40024a40 f   ui_shared.obj
 0001:00023a50       _Display_CacheAll          40024a50 f   ui_shared.obj
 0001:00023c30       _String_Init               40024c30 f   ui_shared.obj
 0001:00023c90       _Item_SetScreenCoords      40024c90 f   ui_shared.obj
 0001:00023d10       _Item_UpdatePosition       40024d10 f   ui_shared.obj
 0001:00023d70       _Menu_UpdatePosition       40024d70 f   ui_shared.obj
 0001:00023e80       _Menu_ClearFocus           40024e80 f   ui_shared.obj
 0001:00023fe0       _Script_SetItemRectCvar    40024fe0 f   ui_shared.obj
 0001:00024190       _Script_SetItemBackground  40025190 f   ui_shared.obj
 0001:00024210       _Menus_CloseByName         40025210 f   ui_shared.obj
 0001:00024290       _Menus_CloseAll            40025290 f   ui_shared.obj
 0001:00024320       _Script_Close              40025320 f   ui_shared.obj
 0001:00024390       _Menu_TransitionItemByName 40025390 f   ui_shared.obj
 0001:000244f0       _Script_RunDeferred        400254f0 f   ui_shared.obj
 0001:00024520       _Script_Transition         40025520 f   ui_shared.obj
 0001:000245e0       _Menu_OrbitItemByName      400255e0 f   ui_shared.obj
 0001:00024690       _Script_Disable            40025690 f   ui_shared.obj
 0001:00024730       _Script_Scale              40025730 f   ui_shared.obj
 0001:00024860       _Script_Orbit              40025860 f   ui_shared.obj
 0001:00024970       _Script_SetFocus           40025970 f   ui_shared.obj
 0001:00024a20       _Script_Transition2        40025a20 f   ui_shared.obj
 0001:00024af0       _Menu_SetItemText          40025af0 f   ui_shared.obj
 0001:00024ba0       _Item_SetFocus             40025ba0 f   ui_shared.obj
 0001:00024d30       _Item_HandleKey            40025d30 f   ui_shared.obj
 0001:00024e80       _Item_Model_Paint          40025e80 f   ui_shared.obj
 0001:000254c0       _Item_TextScroll_Paint     400264c0 f   ui_shared.obj
 0001:00025770       _Item_Paint                40026770 f   ui_shared.obj
 0001:00026090       _Menu_HandleMouseMove      40027090 f   ui_shared.obj
 0001:00026250       _Menu_Paint                40027250 f   ui_shared.obj
 0001:000263e0       _Menu_New                  400273e0 f   ui_shared.obj
 0001:00026450       _Menu_PaintAll             40027450 f   ui_shared.obj
 0001:00026700       _Display_MouseMove         40027700 f   ui_shared.obj
 0001:000267c0       _Script_SetItemText        400277c0 f   ui_shared.obj
 0001:00026840       _Menu_SetPrevCursorItem    40027840 f   ui_shared.obj
 0001:00026930       _Menu_SetNextCursorItem    40027930 f   ui_shared.obj
 0001:00026a30       _Menus_HandleOOBClick      40027a30 f   ui_shared.obj
 0001:00026b90       _Menus_ActivateByName      40027b90 f   ui_shared.obj
 0001:00026ca0       _Menus_OpenByName          40027ca0 f   ui_shared.obj
 0001:00026cb0       _Script_Open               40027cb0 f   ui_shared.obj
 0001:00026cf0       _Item_TextField_HandleKey  40027cf0 f   ui_shared.obj
 0001:00027120       _Menu_HandleKey            40028120 f   ui_shared.obj
 0001:000275f0       _dllEntry                  400285f0 f   ui_syscalls.obj
 0001:00027600       _trap_Print                40028600 f   ui_syscalls.obj
 0001:00027620       _trap_Error                40028620 f   ui_syscalls.obj
 0001:00027640       _trap_Milliseconds         40028640 f   ui_syscalls.obj
 0001:00027650       _trap_Cvar_Register        40028650 f   ui_syscalls.obj
 0001:00027670       _trap_Cvar_Update          40028670 f   ui_syscalls.obj
 0001:00027690       _trap_Cvar_Set             40028690 f   ui_syscalls.obj
 0001:000276b0       _trap_Cvar_VariableValue   400286b0 f   ui_syscalls.obj
 0001:000276d0       _trap_Cvar_VariableStringBuffer 400286d0 f   ui_syscalls.obj
 0001:000276f0       _trap_Cvar_SetValue        400286f0 f   ui_syscalls.obj
 0001:00027710       _trap_Argc                 40028710 f   ui_syscalls.obj
 0001:00027720       _trap_Argv                 40028720 f   ui_syscalls.obj
 0001:00027740       _trap_Cmd_ExecuteText      40028740 f   ui_syscalls.obj
 0001:00027760       _trap_FS_FOpenFile         40028760 f   ui_syscalls.obj
 0001:00027780       _trap_FS_Read              40028780 f   ui_syscalls.obj
 0001:000277a0       _trap_FS_Write             400287a0 f   ui_syscalls.obj
 0001:000277c0       _trap_FS_FCloseFile        400287c0 f   ui_syscalls.obj
 0001:000277e0       _trap_FS_GetFileList       400287e0 f   ui_syscalls.obj
 0001:00027800       _trap_R_RegisterModel      40028800 f   ui_syscalls.obj
 0001:00027820       _trap_R_RegisterSkin       40028820 f   ui_syscalls.obj
 0001:00027840       _trap_R_RegisterFont       40028840 f   ui_syscalls.obj
 0001:00027860       _trap_R_Font_StrLenPixels  40028860 f   ui_syscalls.obj
 0001:00027890       _trap_R_Font_StrLenChars   40028890 f   ui_syscalls.obj
 0001:000278b0       _trap_R_Font_HeightPixels  400288b0 f   ui_syscalls.obj
 0001:000278d0       _trap_R_Font_DrawString    400288d0 f   ui_syscalls.obj
 0001:00027910       _trap_Language_IsAsian     40028910 f   ui_syscalls.obj
 0001:00027920       _trap_Language_UsesSpaces  40028920 f   ui_syscalls.obj
 0001:00027930       _trap_AnyLanguage_ReadCharFromString 40028930 f   ui_syscalls.obj
 0001:00027950       _trap_R_RegisterShaderNoMip 40028950 f   ui_syscalls.obj
 0001:000279b0       _trap_R_ShaderNameFromIndex 400289b0 f   ui_syscalls.obj
 0001:000279d0       _trap_R_ClearScene         400289d0 f   ui_syscalls.obj
 0001:000279e0       _trap_R_AddRefEntityToScene 400289e0 f   ui_syscalls.obj
 0001:00027a00       _trap_R_RenderScene        40028a00 f   ui_syscalls.obj
 0001:00027a20       _trap_R_SetColor           40028a20 f   ui_syscalls.obj
 0001:00027a40       _trap_R_DrawStretchPic     40028a40 f   ui_syscalls.obj
 0001:00027ab0       _trap_R_ModelBounds        40028ab0 f   ui_syscalls.obj
 0001:00027ad0       _trap_S_StartLocalSound    40028ad0 f   ui_syscalls.obj
 0001:00027af0       _trap_S_RegisterSound      40028af0 f   ui_syscalls.obj
 0001:00027b10       _trap_Key_KeynumToStringBuf 40028b10 f   ui_syscalls.obj
 0001:00027b30       _trap_Key_GetBindingBuf    40028b30 f   ui_syscalls.obj
 0001:00027b50       _trap_Key_SetBinding       40028b50 f   ui_syscalls.obj
 0001:00027b70       _trap_Key_GetOverstrikeMode 40028b70 f   ui_syscalls.obj
 0001:00027b80       _trap_Key_SetOverstrikeMode 40028b80 f   ui_syscalls.obj
 0001:00027ba0       _trap_Key_ClearStates      40028ba0 f   ui_syscalls.obj
 0001:00027bb0       _trap_Key_GetCatcher       40028bb0 f   ui_syscalls.obj
 0001:00027bc0       _trap_Key_SetCatcher       40028bc0 f   ui_syscalls.obj
 0001:00027be0       _trap_GetClientState       40028be0 f   ui_syscalls.obj
 0001:00027c00       _trap_GetGlconfig          40028c00 f   ui_syscalls.obj
 0001:00027c20       _trap_GetConfigString      40028c20 f   ui_syscalls.obj
 0001:00027c40       _trap_LAN_GetServerCount   40028c40 f   ui_syscalls.obj
 0001:00027c60       _trap_LAN_GetServerAddressString 40028c60 f   ui_syscalls.obj
 0001:00027c80       _trap_LAN_GetServerInfo    40028c80 f   ui_syscalls.obj
 0001:00027ca0       _trap_LAN_GetServerPing    40028ca0 f   ui_syscalls.obj
 0001:00027cc0       _trap_LAN_ServerStatus     40028cc0 f   ui_syscalls.obj
 0001:00027ce0       _trap_LAN_SaveCachedServers 40028ce0 f   ui_syscalls.obj
 0001:00027cf0       _trap_LAN_LoadCachedServers 40028cf0 f   ui_syscalls.obj
 0001:00027d00       _trap_LAN_ResetPings       40028d00 f   ui_syscalls.obj
 0001:00027d20       _trap_LAN_MarkServerVisible 40028d20 f   ui_syscalls.obj
 0001:00027d40       _trap_LAN_ServerIsVisible  40028d40 f   ui_syscalls.obj
 0001:00027d60       _trap_LAN_UpdateVisiblePings 40028d60 f   ui_syscalls.obj
 0001:00027d80       _trap_LAN_AddServer        40028d80 f   ui_syscalls.obj
 0001:00027da0       _trap_LAN_RemoveServer     40028da0 f   ui_syscalls.obj
 0001:00027dc0       _trap_LAN_CompareServers   40028dc0 f   ui_syscalls.obj
 0001:00027df0       _trap_PC_LoadSource        40028df0 f   ui_syscalls.obj
 0001:00027e10       _trap_PC_FreeSource        40028e10 f   ui_syscalls.obj
 0001:00027e30       _trap_PC_ReadToken         40028e30 f   ui_syscalls.obj
 0001:00027e50       _trap_PC_SourceFileAndLine 40028e50 f   ui_syscalls.obj
 0001:00027e70       _trap_PC_LoadGlobalDefines 40028e70 f   ui_syscalls.obj
 0001:00027e90       _trap_PC_RemoveAllGlobalDefines 40028e90 f   ui_syscalls.obj
 0001:00027ea0       _trap_S_StopBackgroundTrack 40028ea0 f   ui_syscalls.obj
 0001:00027eb0       _trap_S_StartBackgroundTrack 40028eb0 f   ui_syscalls.obj
 0001:00027ed0       _trap_RealTime             40028ed0 f   ui_syscalls.obj
 0001:00027ef0       _trap_CIN_PlayCinematic    40028ef0 f   ui_syscalls.obj
 0001:00027f20       _trap_CIN_StopCinematic    40028f20 f   ui_syscalls.obj
 0001:00027f40       _trap_CIN_RunCinematic     40028f40 f   ui_syscalls.obj
 0001:00027f60       _trap_CIN_DrawCinematic    40028f60 f   ui_syscalls.obj
 0001:00027f80       _trap_CIN_SetExtents       40028f80 f   ui_syscalls.obj
 0001:00027fb0       _trap_SP_GetNumLanguages   40028fb0 f   ui_syscalls.obj
 0001:00027fc0       _trap_GetLanguageName      40028fc0 f   ui_syscalls.obj
 0001:00027fe0       _trap_SP_GetStringTextString 40028fe0 f   ui_syscalls.obj
 0001:00028000       _trap_G2_HaveWeGhoul2Models 40029000 f   ui_syscalls.obj
 0001:00028020       _trap_G2API_GetBoltMatrix  40029020 f   ui_syscalls.obj
 0001:00028060       _trap_G2API_InitGhoul2Model 40029060 f   ui_syscalls.obj
 0001:00028090       _trap_G2API_SetSkin        40029090 f   ui_syscalls.obj
 0001:000280c0       _trap_G2API_CleanGhoul2Models 400290c0 f   ui_syscalls.obj
 0001:000280e0       _trap_G2API_SetBoneAnim    400290e0 f   ui_syscalls.obj
 0001:00028130       _trap_G2API_GetGLAName     40029130 f   ui_syscalls.obj
 0001:00028150       _trap_G2API_HasGhoul2ModelOnIndex 40029150 f   ui_syscalls.obj
 0001:00028170       _trap_G2API_RemoveGhoul2Model 40029170 f   ui_syscalls.obj
 0001:00028190       _trap_G2API_AddBolt        40029190 f   ui_syscalls.obj
 0001:000281b0       _trap_G2API_SetTime        400291b0 f   ui_syscalls.obj
 0001:000281d0       _trap_G2API_AttachG2Model  400291d0 f   ui_syscalls.obj
 0001:000281f7       __cfltcvt_init             400291f7 f   LIBCMT:_fpinit_.obj
 0001:00028257       __fpmath                   40029257 f   LIBCMT:_fpinit_.obj
 0001:00028270       _atol                      40029270 f   LIBCMT:atox.obj
 0001:00028286       _atoi                      40029286 f   LIBCMT:atox.obj
 0001:000282a0       _atan2                     400292a0 f   LIBCMT:_87ctriga_.obj
 0001:000282aa       __CIatan2                  400292aa f   LIBCMT:_87ctriga_.obj
 0001:000282c0       _cos                       400292c0 f   LIBCMT:_cos_.obj
 0001:00028300       __CIcos                    40029300 f   LIBCMT:_cos_.obj
 0001:0002833b       __CIcos_default            4002933b f   LIBCMT:_cos_.obj
 0001:0002834f       __cos_default              4002934f     LIBCMT:_cos_.obj
 0001:000283f0       _sin                       400293f0 f   LIBCMT:_sin_.obj
 0001:00028430       __CIsin                    40029430 f   LIBCMT:_sin_.obj
 0001:0002846b       __CIsin_default            4002946b f   LIBCMT:_sin_.obj
 0001:0002847f       __sin_default              4002947f     LIBCMT:_sin_.obj
 0001:00028530       _strchr                    40029530 f   LIBCMT:strchr.obj
 0001:00028536       ___from_strstr_to_strchr   40029536     LIBCMT:strchr.obj
 0001:000285f0       __alloca_probe             400295f0     LIBCMT:chkstk.obj
 0001:000285f0       __chkstk                   400295f0 f   LIBCMT:chkstk.obj
 0001:0002861b       ??0_LocaleUpdate@@QAE@PAUlocaleinfo_struct@@@Z 4002961b f i LIBCMT:atof.obj
 0001:000286a2       __atof_l                   400296a2 f   LIBCMT:atof.obj
 0001:0002874d       _atof                      4002974d f   LIBCMT:atof.obj
 0001:00028760       _memset                    40029760 f   LIBCMT:memset.obj
 0001:000287e0       __CIsqrt                   400297e0 f   LIBCMT:_sqrt_.obj
 0001:000287f4       _sqrt                      400297f4     LIBCMT:_sqrt_.obj
 0001:000288a0       _fmod                      400298a0 f   LIBCMT:_87fmod_.obj
 0001:000288aa       __CIfmod                   400298aa f   LIBCMT:_87fmod_.obj
 0001:000288d0       __ftol2_sse                400298d0 f   LIBCMT:ftol2.obj
 0001:000288d9       __ftol2_pentium4           400298d9 f   LIBCMT:ftol2.obj
 0001:000288ec       __ftol2_sse_excpt          400298ec f   LIBCMT:ftol2.obj
 0001:00028906       __ftol2                    40029906 f   LIBCMT:ftol2.obj
 0001:00028980       _acos                      40029980 f   LIBCMT:_acos_.obj
 0001:000289c0       __CIacos                   400299c0 f   LIBCMT:_acos_.obj
 0001:000289fb       __CIacos_default           400299fb f   LIBCMT:_acos_.obj
 0001:00028a0f       __acos_default             40029a0f     LIBCMT:_acos_.obj
 0001:00028ac6       __vsprintf_l               40029ac6 f   LIBCMT:vsprintf.obj
 0001:00028b4a       _vsprintf                  40029b4a f   LIBCMT:vsprintf.obj
 0001:00028b70       _strncpy                   40029b70 f   LIBCMT:strncpy.obj
 0001:00028c94       __tolower_l                40029c94 f   LIBCMT:tolower.obj
 0001:00028da9       _tolower                   40029da9 f   LIBCMT:tolower.obj
 0001:00028dd5       __toupper_l                40029dd5 f   LIBCMT:toupper.obj
 0001:00028eeb       _toupper                   40029eeb f   LIBCMT:toupper.obj
 0001:00028f20       _strstr                    40029f20 f   LIBCMT:strstr.obj
 0001:00028fb0       _ceil                      40029fb0 f   LIBCMT:_ceil_pentium4_.obj
 0001:00028ff0       __ceil_pentium4            40029ff0 f   LIBCMT:_ceil_pentium4_.obj
 0001:000290d0       _floor                     4002a0d0 f   LIBCMT:_floor_pentium4_.obj
 0001:00029110       __floor_pentium4           4002a110 f   LIBCMT:_floor_pentium4_.obj
 0001:00029290       _qsort                     4002a290 f   LIBCMT:qsort.obj
 0001:00029520       _strrchr                   4002a520 f   LIBCMT:strrchr.obj
 0001:0002954d       _sprintf                   4002a54d f   LIBCMT:sprintf.obj
 0001:000295d1       _rand                      4002a5d1 f   LIBCMT:rand.obj
 0001:00029600       _tan                       4002a600 f   LIBCMT:_tan_.obj
 0001:00029640       __CItan                    4002a640 f   LIBCMT:_tan_.obj
 0001:0002967b       __CItan_default            4002a67b f   LIBCMT:_tan_.obj
 0001:0002968f       __tan_default              4002a68f     LIBCMT:_tan_.obj
 0001:00029730       _memmove                   4002a730 f   LIBCMT:memmove.obj
 0001:00029a91       __CRT_INIT@12              4002aa91 f   LIBCMT:dllcrt0.obj
 0001:00029ceb       __DllMainCRTStartup@12     4002aceb f   LIBCMT:dllcrt0.obj
 0001:00029d0e       __forcdecpt_l              4002ad0e f   LIBCMT:cvt.obj
 0001:00029d82       __cropzeros_l              4002ad82 f   LIBCMT:cvt.obj
 0001:00029e04       __positive                 4002ae04 f   LIBCMT:cvt.obj
 0001:00029e20       __fassign_l                4002ae20 f   LIBCMT:cvt.obj
 0001:00029e62       __fassign                  4002ae62 f   LIBCMT:cvt.obj
 0001:00029e9b       __forcdecpt                4002ae9b f   LIBCMT:cvt.obj
 0001:00029eae       __cropzeros                4002aeae f   LIBCMT:cvt.obj
 0001:0002a022       __cftoe_l                  4002b022 f   LIBCMT:cvt.obj
 0001:0002a0e9       __cftoe                    4002b0e9 f   LIBCMT:cvt.obj
 0001:0002a109       __cftoa_l                  4002b109 f   LIBCMT:cvt.obj
 0001:0002a582       __cftof_l                  4002b582 f   LIBCMT:cvt.obj
 0001:0002a643       __cftog_l                  4002b643 f   LIBCMT:cvt.obj
 0001:0002a730       __cfltcvt_l                4002b730 f   LIBCMT:cvt.obj
 0001:0002a7b8       __cfltcvt                  4002b7b8 f   LIBCMT:cvt.obj
 0001:0002a7db       __initp_misc_cfltcvt_tab   4002b7db f   LIBCMT:cmiscdat.obj
 0001:0002a7fe       __setdefaultprecision      4002b7fe f   LIBCMT:fp8.obj
 0001:0002aa51       _strtol                    4002ba51 f   LIBCMT:strtol.obj
 0001:0002aa9c       __fFATN2                   4002ba9c     LIBCMT:_87triga_.obj
 0001:0002aaec       __rtpiby2                  4002baec     LIBCMT:_87triga_.obj
 0001:0002ab30       __cintrindisp2             4002bb30 f   LIBCMT:_87cdisp_.obj
 0001:0002ab6e       __cintrindisp1             4002bb6e f   LIBCMT:_87cdisp_.obj
 0001:0002abab       __ctrandisp2               4002bbab f   LIBCMT:_87cdisp_.obj
 0001:0002ad3a       __ctrandisp1               4002bd3a f   LIBCMT:_87cdisp_.obj
 0001:0002ad6d       __fload                    4002bd6d f   LIBCMT:_87cdisp_.obj
 0001:0002ada9       __sse2_mathfcns_init       4002bda9 f   LIBCMT:_mathfcns_.obj
 0001:0002adc0       __CIcos_pentium4           4002bdc0 f   LIBCMT:_cos_pentium4_.obj
 0001:0002add8       __cos_pentium4             4002bdd8     LIBCMT:_cos_pentium4_.obj
 0001:0002af70       __trandisp1                4002bf70 f   LIBCMT:_87disp_.obj
 0001:0002afd7       __trandisp2                4002bfd7 f   LIBCMT:_87disp_.obj
 0001:0002b063       __rttospopde               4002c063     LIBCMT:_87disp_.obj
 0001:0002b068       __rttospop                 4002c068     LIBCMT:_87disp_.obj
 0001:0002b06a       __rtnospop                 4002c06a     LIBCMT:_87disp_.obj
 0001:0002b06c       __rttosnpop                4002c06c     LIBCMT:_87disp_.obj
 0001:0002b06d       __rtnospopde               4002c06d     LIBCMT:_87disp_.obj
 0001:0002b074       __rtzeropop                4002c074     LIBCMT:_87disp_.obj
 0001:0002b076       __rtzeronpop               4002c076     LIBCMT:_87disp_.obj
 0001:0002b07b       __rtonepop                 4002c07b     LIBCMT:_87disp_.obj
 0001:0002b07d       __rtonenpop                4002c07d     LIBCMT:_87disp_.obj
 0001:0002b082       __tosnan1                  4002c082     LIBCMT:_87disp_.obj
 0001:0002b0ad       __nosnan2                  4002c0ad     LIBCMT:_87disp_.obj
 0001:0002b0af       __tosnan2                  4002c0af     LIBCMT:_87disp_.obj
 0001:0002b0d7       __nan2                     4002c0d7     LIBCMT:_87disp_.obj
 0001:0002b116       __rtindfpop                4002c116     LIBCMT:_87disp_.obj
 0001:0002b118       __rtindfnpop               4002c118     LIBCMT:_87disp_.obj
 0001:0002b129       __rttosnpopde              4002c129     LIBCMT:_87disp_.obj
 0001:0002b133       __rtchsifneg               4002c133     LIBCMT:_87disp_.obj
 0001:0002b140       __twoToTOS                 4002c140 f   LIBCMT:_common_.obj
 0001:0002b155       __load_CW                  4002c155 f   LIBCMT:_common_.obj
 0001:0002b16c       __convertTOStoQNaN         4002c16c f   LIBCMT:_common_.obj
 0001:0002b185       __fload_withFB             4002c185 f   LIBCMT:_common_.obj
 0001:0002b1c8       __checkTOS_withFB          4002c1c8 f   LIBCMT:_common_.obj
 0001:0002b1de       __fast_exit                4002c1de f   LIBCMT:_common_.obj
 0001:0002b1eb       __math_exit                4002c1eb f   LIBCMT:_common_.obj
 0001:0002b215       __check_overflow_exit      4002c215 f   LIBCMT:_common_.obj
 0001:0002b229       __check_range_exit         4002c229 f   LIBCMT:_common_.obj
 0001:0002b2d0       __startTwoArgErrorHandling 4002c2d0 f   LIBCMT:_genexcep_.obj
 0001:0002b2e7       __startOneArgErrorHandling 4002c2e7 f   LIBCMT:_genexcep_.obj
 0001:0002b330       __CIsin_pentium4           4002c330 f   LIBCMT:_sin_pentium4_.obj
 0001:0002b348       __sin_pentium4             4002c348     LIBCMT:_sin_pentium4_.obj
 0001:0002b71b       ___updatetmbcinfo          4002c71b f   LIBCMT:mbctype.obj
 0001:0002b83b       __setmbcp_nolock           4002c83b f   LIBCMT:mbctype.obj
 0001:0002ba24       __setmbcp                  4002ca24 f   LIBCMT:mbctype.obj
 0001:0002bbbe       ___initmbctable            4002cbbe f   LIBCMT:mbctype.obj
 0001:0002bbdc       ___addlocaleref            4002cbdc f   LIBCMT:localref.obj
 0001:0002bc6b       ___removelocaleref         4002cc6b f   LIBCMT:localref.obj
 0001:0002bd04       ___freetlocinfo            4002cd04 f   LIBCMT:localref.obj
 0001:0002be4f       __updatetlocinfoEx_nolock  4002ce4f f   LIBCMT:localref.obj
 0001:0002be9c       ___updatetlocinfo          4002ce9c f   LIBCMT:localref.obj
 0001:0002bf15       __encoded_null             4002cf15 f   LIBCMT:tidtable.obj
 0001:0002bf1e       ___crtTlsAlloc@4           4002cf1e f   LIBCMT:tidtable.obj
 0001:0002bf27       ___set_flsgetvalue         4002cf27 f   LIBCMT:tidtable.obj
 0001:0002bf5b       __mtterm                   4002cf5b f   LIBCMT:tidtable.obj
 0001:0002bf98       __initptd                  4002cf98 f   LIBCMT:tidtable.obj
 0001:0002c04c       __getptd_noexit            4002d04c f   LIBCMT:tidtable.obj
 0001:0002c0c5       __getptd                   4002d0c5 f   LIBCMT:tidtable.obj
 0001:0002c0df       __freefls@4                4002d0df f   LIBCMT:tidtable.obj
 0001:0002c20e       __freeptd                  4002d20e f   LIBCMT:tidtable.obj
 0001:0002c27c       __mtinit                   4002d27c f   LIBCMT:tidtable.obj
 0001:0002c3f7       __fltin2                   4002d3f7 f   LIBCMT:_cfin_.obj
 0001:0002c49e       __isctype_l                4002d49e f   LIBCMT:isctype.obj
 0001:0002c556       __initp_misc_invarg        4002d556 f   LIBCMT:invarg.obj
 0001:0002c565       __call_reportfault         4002d565 f   LIBCMT:invarg.obj
 0001:0002c68e       __invoke_watson            4002d68e f   LIBCMT:invarg.obj
 0001:0002c6b3       __invalid_parameter        4002d6b3 f   LIBCMT:invarg.obj
 0001:0002c6e0       __invalid_parameter_noinfo 4002d6e0 f   LIBCMT:invarg.obj
 0001:0002c6f0       __get_errno_from_oserr     4002d6f0 f   LIBCMT:dosmap.obj
 0001:0002c732       __errno                    4002d732 f   LIBCMT:dosmap.obj
 0001:0002c745       ___doserrno                4002d745 f   LIBCMT:dosmap.obj
 0001:0002c758       __dosmaperr                4002d758 f   LIBCMT:dosmap.obj
 0001:0002c77b       @__security_check_cookie@4 4002d77b f   LIBCMT:secchk.obj
 0001:0002c78a       ___strgtold12_l            4002d78a f   LIBCMT:_strgtold_.obj
 0001:0002ce70       _strlen                    4002de70 f   LIBCMT:strlen.obj
 0001:0002cefb       __VEC_memzero              4002defb f   LIBCMT:p4_memset.obj
 0001:0002cfb5       ___sse2_available_init     4002dfb5 f   LIBCMT:cpu_disp.obj
 0001:0002cfd0       __CIacos_pentium4          4002dfd0 f   LIBCMT:_acos_pentium4_.obj
 0001:0002cfe8       __acos_pentium4            4002dfe8     LIBCMT:_acos_pentium4_.obj
 0001:0002d524       __flsbuf                   4002e524 f   LIBCMT:_flsbuf.obj
 0001:0002d72f       __output_l                 4002e72f f   LIBCMT:output.obj
 0001:0002e2db       __freea                    4002f2db f i LIBCMT:a_map.obj
 0001:0002e4e2       ___crtLCMapStringA         4002f4e2 f   LIBCMT:a_map.obj
 0001:0002e528       __isleadbyte_l             4002f528 f i LIBCMT:_wctype.obj
 0001:0002e560       _isleadbyte                4002f560 f i LIBCMT:_wctype.obj
 0001:0002e573       ___libm_error_support      4002f573 f   LIBCMT:_libm_error_.obj
 0001:0002e83f       __ceil_default             4002f83f f   LIBCMT:_ceil_.obj
 0001:0002e917       __floor_default            4002f917 f   LIBCMT:_floor_.obj
 0001:0002e9f0       __CItan_pentium4           4002f9f0 f   LIBCMT:_tan_pentium4_.obj
 0001:0002ea08       __tan_pentium4             4002fa08     LIBCMT:_tan_pentium4_.obj
 0001:0002ec50       __VEC_memcpy               4002fc50 f   LIBCMT:p4_memcpy.obj
 0001:0002ed53       _free                      4002fd53 f   LIBCMT:free.obj
 0001:0002ed8d       __malloc_crt               4002fd8d f   LIBCMT:crtheap.obj
 0001:0002edd2       __calloc_crt               4002fdd2 f   LIBCMT:crtheap.obj
 0001:0002ee1e       __realloc_crt              4002fe1e f   LIBCMT:crtheap.obj
 0001:0002ee6c       ___crtCorExitProcess       4002fe6c f   LIBCMT:crt0dat.obj
 0001:0002ee97       ___crtExitProcess          4002fe97 f   LIBCMT:crt0dat.obj
 0001:0002eeaf       __lockexit                 4002feaf f   LIBCMT:crt0dat.obj
 0001:0002eeb8       __unlockexit               4002feb8 f   LIBCMT:crt0dat.obj
 0001:0002eec1       __init_pointers            4002fec1 f   LIBCMT:crt0dat.obj
 0001:0002eef4       __initterm_e               4002fef4 f   LIBCMT:crt0dat.obj
 0001:0002ef18       __cinit                    4002ff18 f   LIBCMT:crt0dat.obj
 0001:0002f0ef       __exit                     400300ef f   LIBCMT:crt0dat.obj
 0001:0002f105       __cexit                    40030105 f   LIBCMT:crt0dat.obj
 0001:0002f114       __amsg_exit                40030114 f   LIBCMT:crt0dat.obj
 0001:0002f132       __ioinit                   40030132 f   LIBCMT:ioinit.obj
 0001:0002f377       __ioterm                   40030377 f   LIBCMT:ioinit.obj
 0001:0002f3ca       __setenvp                  400303ca f   LIBCMT:stdenvp.obj
 0001:0002f640       __setargv                  40030640 f   LIBCMT:stdargv.obj
 0001:0002f6fb       ___crtGetEnvironmentStringsA 400306fb f   LIBCMT:a_env.obj
 0001:0002f792       __RTC_Initialize           40030792 f   LIBCMT:_initsect_.obj
 0001:0002f7b8       __RTC_Terminate            400307b8 f   LIBCMT:_initsect_.obj
 0001:0002f7de       __heap_init                400307de f   LIBCMT:heapinit.obj
 0001:0002f7fc       __heap_term                400307fc f   LIBCMT:heapinit.obj
 0001:0002f810       __SEH_prolog4              40030810 f   LIBCMT:sehprolg4.obj
 0001:0002f855       __SEH_epilog4              40030855 f   LIBCMT:sehprolg4.obj
 0001:0002f870       __except_handler4          40030870 f   LIBCMT:chandler4.obj
 0001:0002f9ff       __XcptFilter               400309ff f   LIBCMT:winxfltr.obj
 0001:0002fb49       ___CppXcptFilter           40030b49 f   LIBCMT:winxfltr.obj
 0001:0002fb69       _DllMain@12                40030b69 f   LIBCMT:dllmain.obj
 0001:0002fb6f       ___security_init_cookie    40030b6f f   LIBCMT:gs_support.obj
 0001:0002fc0a       __isdigit_l                40030c0a f i LIBCMT:_ctype.obj
 0001:0002fc5b       _isdigit                   40030c5b f i LIBCMT:_ctype.obj
 0001:0002fc89       __atodbl_l                 40030c89 f   LIBCMT:atodbl.obj
 0001:0002fd31       __atoflt_l                 40030d31 f   LIBCMT:atodbl.obj
 0001:0002fdd9       _strcpy_s                  40030dd9 f   LIBCMT:strcpy_s.obj
 0001:0002fe38       __fptostr                  40030e38 f   LIBCMT:_fptostr.obj
 0001:0002feeb       ___dtold                   40030eeb f   LIBCMT:_cfout_.obj
 0001:0002ff9e       __fltout2                  40030f9e f   LIBCMT:_cfout_.obj
 0001:00030030       __alldvrm                  40031030 f   LIBCMT:lldvrm.obj
 0001:00030110       __aullshr                  40031110 f   LIBCMT:ullshr.obj
 0001:0003012f       __fptrap                   4003112f f   LIBCMT:crt0fp.obj
 0001:00030138       __controlfp_s              40031138 f   LIBCMT:_contrlfp_.obj
 0001:000301a0       __allmul                   400311a0 f   LIBCMT:llmul.obj
 0001:000301e0       __aulldvrm                 400311e0 f   LIBCMT:ulldvrm.obj
 0001:00030275       __87except                 40031275 f   LIBCMT:_87except_.obj
 0001:0003049b       ___crtGetStringTypeA       4003149b f   LIBCMT:a_str.obj
 0001:000304db       __mtinitlocks              400314db f   LIBCMT:mlock.obj
 0001:00030525       __mtdeletelocks            40031525 f   LIBCMT:mlock.obj
 0001:0003057c       __unlock                   4003157c f   LIBCMT:mlock.obj
 0001:00030593       __mtinitlocknum            40031593 f   LIBCMT:mlock.obj
 0001:00030655       __lock                     40031655 f   LIBCMT:mlock.obj
 0001:00030688       ___free_lc_time            40031688 f   LIBCMT:inittime.obj
 0001:000309ff       ___free_lconv_num          400319ff f   LIBCMT:initnum.obj
 0001:00030a68       ___free_lconv_mon          40031a68 f   LIBCMT:initmon.obj
 0001:00030b66       __ld12tod                  40031b66 f   LIBCMT:_intrncvt_.obj
 0001:000310b7       __ld12tof                  400320b7 f   LIBCMT:_intrncvt_.obj
 0001:00031608       __crt_debugger_hook        40032608 f   LIBCMT:dbghook.obj
 0001:00031610       ___report_gsfailure        40032610 f   LIBCMT:gs_report.obj
 0001:00031716       ___mtold12                 40032716 f   LIBCMT:_mantold_.obj
 0001:00031900       _memcpy                    40032900 f   LIBCMT:memcpy.obj
 0001:00031c61       __mbtowc_l                 40032c61 f   LIBCMT:mbtowc.obj
 0001:00031d77       _mbtowc                    40032d77 f   LIBCMT:mbtowc.obj
 0001:00031d91       __fileno                   40032d91 f   LIBCMT:fileno.obj
 0001:00031db7       __lseeki64_nolock          40032db7 f   LIBCMT:lseeki64.obj
 0001:00031e3c       __lseeki64                 40032e3c f   LIBCMT:lseeki64.obj
 0001:00031f26       __write_nolock             40032f26 f   LIBCMT:write.obj
 0001:00032623       __write                    40033623 f   LIBCMT:write.obj
 0001:000326f7       __getbuf                   400336f7 f   LIBCMT:_getbuf.obj
 0001:00032740       __isatty                   40033740 f   LIBCMT:isatty.obj
 0001:00032796       ___iob_func                40033796 f   LIBCMT:_file.obj
 0001:0003279c       ___initstdio               4003379c f   LIBCMT:_file.obj
 0001:0003284d       ___endstdio                4003384d f   LIBCMT:_file.obj
 0001:0003286d       __lock_file                4003386d f   LIBCMT:_file.obj
 0001:000328ae       __lock_file2               400338ae f   LIBCMT:_file.obj
 0001:000328e0       __unlock_file              400338e0 f   LIBCMT:_file.obj
 0001:0003291c       __unlock_file2             4003391c f   LIBCMT:_file.obj
 0001:0003294b       __get_printf_count_output  4003394b f   LIBCMT:printf.obj
 0001:00032961       __wctomb_s_l               40033961 f   LIBCMT:wctomb.obj
 0001:00032ab6       _wctomb_s                  40033ab6 f   LIBCMT:wctomb.obj
 0001:00032ad3       _malloc                    40033ad3 f   LIBCMT:malloc.obj
 0001:00032b70       __alloca_probe_16          40033b70 f   LIBCMT:alloca16.obj
 0001:00032b86       __alloca_probe_8           40033b86     LIBCMT:alloca16.obj
 0001:00032ba0       _strcspn                   40033ba0 f   LIBCMT:strcspn.obj
 0001:00032bf0       _strcmp                    40033bf0 f   LIBCMT:strcmp.obj
 0001:00032c80       _strpbrk                   40033c80 f   LIBCMT:strpbrk.obj
 0001:00032cc0       __matherr                  40033cc0 f   LIBCMT:_matherr_.obj
 0001:00032cc3       __raise_exc_ex             40033cc3 f   LIBCMT:_fpexcept_.obj
 0001:00032f9f       __raise_exc                40033f9f f   LIBCMT:_fpexcept_.obj
 0001:00032fc2       __handle_exc               40033fc2 f   LIBCMT:_fpexcept_.obj
 0001:000331a6       __set_errno_from_matherr   400341a6 f   LIBCMT:_fpexcept_.obj
 0001:000331d3       __errcode                  400341d3 f   LIBCMT:_fpexcept_.obj
 0001:00033207       __umatherr                 40034207 f   LIBCMT:_fpexcept_.obj
 0001:000332a7       __handle_qnan1             400342a7 f   LIBCMT:_fpexcept_.obj
 0001:000332fc       __except1                  400342fc f   LIBCMT:_fpexcept_.obj
 0001:000333c6       __frnd                     400343c6 f   LIBCMT:_frnd_.obj
 0001:000333da       __set_exp                  400343da f   LIBCMT:_util_.obj
 0001:00033407       __sptype                   40034407 f   LIBCMT:_util_.obj
 0001:0003346d       __decomp                   4003446d f   LIBCMT:_util_.obj
 0001:00033530       __statfp                   40034530 f   LIBCMT:_fpctrl_.obj
 0001:00033540       __clrfp                    40034540 f   LIBCMT:_fpctrl_.obj
 0001:00033551       __ctrlfp                   40034551 f   LIBCMT:_fpctrl_.obj
 0001:0003357c       __set_statfp               4003457c f   LIBCMT:_fpctrl_.obj
 0001:000335d4       ___set_fpsr_sse2           400345d4 f   LIBCMT:_fpctrl_.obj
 0001:00033646       __calloc_impl              40034646 f   LIBCMT:calloc_impl.obj
 0001:000336c8       _realloc                   400346c8 f   LIBCMT:realloc.obj
 0001:00033775       ?terminate@@YAXXZ          40034775 f   LIBCMT:hooks.obj
 0001:000337ae       __initp_eh_hooks           400347ae f   LIBCMT:hooks.obj
 0001:000337bf       __initp_misc_winsig        400347bf f   LIBCMT:winsig.obj
 0001:00033814       ___get_sigabrt             40034814 f   LIBCMT:winsig.obj
 0001:00033821       _raise                     40034821 f   LIBCMT:winsig.obj
 0001:000339c4       __initp_misc_rand_s        400349c4 f   LIBCMT:rand_s.obj
 0001:000339d3       __initp_misc_purevirt      400349d3 f   LIBCMT:inithelp.obj
 0001:000339e2       __initp_heap_handler       400349e2 f   LIBCMT:handler.obj
 0001:000339f1       __callnewh                 400349f1 f   LIBCMT:handler.obj
 0001:00033acf       ___onexitinit              40034acf f   LIBCMT:onexit.obj
 0001:00033b00       __onexit                   40034b00 f   LIBCMT:onexit.obj
 0001:00033b3c       _atexit                    40034b3c f   LIBCMT:onexit.obj
 0001:00033b60       __ValidateImageBase        40034b60 f   LIBCMT:pesect.obj
 0001:00033ba0       __FindPESection            40034ba0 f   LIBCMT:pesect.obj
 0001:00033bf0       __IsNonwritableInCurrentImage 40034bf0 f   LIBCMT:pesect.obj
 0001:00033cac       __GET_RTERRMSG             40034cac f   LIBCMT:crt0msg.obj
 0001:00033cd2       __NMSG_WRITE               40034cd2 f   LIBCMT:crt0msg.obj
 0001:00033e81       __FF_MSGBANNER             40034e81 f   LIBCMT:crt0msg.obj
 0001:00033f0d       __ismbblead                40034f0d f   LIBCMT:ismbbyte.obj
 0001:00033f30       __local_unwind4            40034f30 f   LIBCMT:exsup4.obj
 0001:00034006       __seh_longjmp_unwind4@4    40035006 f   LIBCMT:exsup4.obj
 0001:00034022       @_EH4_CallFilterFunc@8     40035022 f   LIBCMT:exsup4.obj
 0001:00034039       @_EH4_TransferToHandler@8  40035039 f   LIBCMT:exsup4.obj
 0001:00034052       @_EH4_GlobalUnwind2@8      40035052 f   LIBCMT:exsup4.obj
 0001:0003406b       @_EH4_LocalUnwind@16       4003506b f   LIBCMT:exsup4.obj
 0001:00034082       _$I10_OUTPUT               40035082 f   LIBCMT:_x10fout_.obj
 0001:00034aa8       __control87                40035aa8 f i LIBCMT:_ieee87_.obj
 0001:00034dba       __free_osfhnd              40035dba f   LIBCMT:osfinfo.obj
 0001:00034e40       __get_osfhandle            40035e40 f   LIBCMT:osfinfo.obj
 0001:00034ea9       ___lock_fhandle            40035ea9 f   LIBCMT:osfinfo.obj
 0001:00034f48       __unlock_fhandle           40035f48 f   LIBCMT:osfinfo.obj
 0001:00034f6f       __putwch_nolock            40035f6f f   LIBCMT:putwch.obj
 0001:00034fb1       __fcloseall                40035fb1 f   LIBCMT:closeall.obj
 0001:0003504d       __flush                    4003604d f   LIBCMT:fflush.obj
 0001:000350b5       __fflush_nolock            400360b5 f   LIBCMT:fflush.obj
 0001:000351d7       __flushall                 400361d7 f   LIBCMT:fflush.obj
 0001:000351e0       ___ascii_stricmp           400361e0 f   LIBCMT:stricmp.obj
 0001:00035219       __stricmp_l                40036219 f   LIBCMT:stricmp.obj
 0001:000352d9       _stricmp                   400362d9 f   LIBCMT:stricmp.obj
 0001:000352d9       __stricmp                  400362d9 f   LIBCMT:stricmp.obj
 0001:00035320       __strnicmp_l               40036320 f   LIBCMT:strnicmp.obj
 0001:00035402       _strnicmp                  40036402 f   LIBCMT:strnicmp.obj
 0001:00035402       __strnicmp                 40036402 f   LIBCMT:strnicmp.obj
 0001:00035455       __msize                    40036455 f   LIBCMT:msize.obj
 0001:00035488       _abort                     40036488 f   LIBCMT:abort.obj
 0001:000354bb       ___crtMessageBoxW          400364bb f   LIBCMT:crtmboxw.obj
 0001:00035627       _wcscat_s                  40036627 f   LIBCMT:wcscat_s.obj
 0001:0003569c       _wcsncpy_s                 4003669c f   LIBCMT:wcsncpy_s.obj
 0001:00035769       _wcslen                    40036769 f   LIBCMT:wcslen.obj
 0001:00035784       _wcscpy_s                  40036784 f   LIBCMT:wcscpy_s.obj
 0001:000357e7       __set_error_mode           400367e7 f   LIBCMT:errmode.obj
 0001:00035830       __global_unwind2           40036830 f   LIBCMT:exsup.obj
 0001:00035895       __local_unwind2            40036895 f   LIBCMT:exsup.obj
 0001:00035919       __abnormal_termination     40036919 f   LIBCMT:exsup.obj
 0001:0003593c       __NLG_Notify1              4003693c f   LIBCMT:exsup.obj
 0001:00035945       __NLG_Notify               40036945 f   LIBCMT:exsup.obj
 0001:0003595c       __NLG_Dispatch2            4003695c     LIBCMT:exsup.obj
 0001:0003595c       __NLG_Dispatch             4003695c     LIBCMT:exsup.obj
 0001:00035964       __NLG_Call                 40036964 f   LIBCMT:exsup.obj
 0001:00035966       __NLG_Return2              40036966     LIBCMT:exsup.obj
 0001:00035967       ___initconout              40036967 f   LIBCMT:initcon.obj
 0001:00035986       ___termconout              40036986 f   LIBCMT:initcon.obj
 0001:0003599d       __fclose_nolock            4003699d f   LIBCMT:fclose.obj
 0001:00035a0a       _fclose                    40036a0a f   LIBCMT:fclose.obj
 0001:00035a7e       __commit                   40036a7e f   LIBCMT:commit.obj
 0001:00035b60       ___ascii_strnicmp          40036b60 f   LIBCMT:_strnicm.obj
 0001:00035bc1       __close_nolock             40036bc1 f   LIBCMT:close.obj
 0001:00035c5d       __close                    40036c5d f   LIBCMT:close.obj
 0001:00035d21       __freebuf                  40036d21 f   LIBCMT:_freebuf.obj
 0001:00035d52       _RtlUnwind@16              40036d52 f   kernel32:KERNEL32.dll
 0001:00035ecc       __strupr_s_l               40036ecc f   LIBCMT:strupr.obj
 0001:00035f01       __strupr                   40036f01 f   LIBCMT:strupr.obj
 0001:00035f01       _strupr                    40036f01 f   LIBCMT:strupr.obj
 0001:00035f5e       _strnlen                   40036f5e f   LIBCMT:strlen_s.obj
 0002:00000000       __imp__GetCurrentThreadId@0 40037000     kernel32:KERNEL32.dll
 0002:00000004       __imp__DecodePointer@4     40037004     kernel32:KERNEL32.dll
 0002:00000008       __imp__GetCommandLineA@0   40037008     kernel32:KERNEL32.dll
 0002:0000000c       __imp__EncodePointer@4     4003700c     kernel32:KERNEL32.dll
 0002:00000010       __imp__IsProcessorFeaturePresent@4 40037010     kernel32:KERNEL32.dll
 0002:00000014       __imp__GetCPInfo@8         40037014     kernel32:KERNEL32.dll
 0002:00000018       __imp__InterlockedIncrement@4 40037018     kernel32:KERNEL32.dll
 0002:0000001c       __imp__InterlockedDecrement@4 4003701c     kernel32:KERNEL32.dll
 0002:00000020       __imp__GetACP@0            40037020     kernel32:KERNEL32.dll
 0002:00000024       __imp__GetOEMCP@0          40037024     kernel32:KERNEL32.dll
 0002:00000028       __imp__IsValidCodePage@4   40037028     kernel32:KERNEL32.dll
 0002:0000002c       __imp__TlsAlloc@0          4003702c     kernel32:KERNEL32.dll
 0002:00000030       __imp__TlsGetValue@4       40037030     kernel32:KERNEL32.dll
 0002:00000034       __imp__TlsSetValue@8       40037034     kernel32:KERNEL32.dll
 0002:00000038       __imp__TlsFree@4           40037038     kernel32:KERNEL32.dll
 0002:0000003c       __imp__GetModuleHandleW@4  4003703c     kernel32:KERNEL32.dll
 0002:00000040       __imp__SetLastError@4      40037040     kernel32:KERNEL32.dll
 0002:00000044       __imp__GetLastError@0      40037044     kernel32:KERNEL32.dll
 0002:00000048       __imp__GetProcAddress@8    40037048     kernel32:KERNEL32.dll
 0002:0000004c       __imp__UnhandledExceptionFilter@4 4003704c     kernel32:KERNEL32.dll
 0002:00000050       __imp__SetUnhandledExceptionFilter@4 40037050     kernel32:KERNEL32.dll
 0002:00000054       __imp__IsDebuggerPresent@0 40037054     kernel32:KERNEL32.dll
 0002:00000058       __imp__TerminateProcess@8  40037058     kernel32:KERNEL32.dll
 0002:0000005c       __imp__GetCurrentProcess@0 4003705c     kernel32:KERNEL32.dll
 0002:00000060       __imp__WideCharToMultiByte@32 40037060     kernel32:KERNEL32.dll
 0002:00000064       __imp__LCMapStringW@24     40037064     kernel32:KERNEL32.dll
 0002:00000068       __imp__MultiByteToWideChar@24 40037068     kernel32:KERNEL32.dll
 0002:0000006c       __imp__HeapFree@12         4003706c     kernel32:KERNEL32.dll
 0002:00000070       __imp__Sleep@4             40037070     kernel32:KERNEL32.dll
 0002:00000074       __imp__ExitProcess@4       40037074     kernel32:KERNEL32.dll
 0002:00000078       __imp__SetHandleCount@4    40037078     kernel32:KERNEL32.dll
 0002:0000007c       __imp__GetStdHandle@4      4003707c     kernel32:KERNEL32.dll
 0002:00000080       __imp__InitializeCriticalSectionAndSpinCount@8 40037080     kernel32:KERNEL32.dll
 0002:00000084       __imp__GetFileType@4       40037084     kernel32:KERNEL32.dll
 0002:00000088       __imp__GetStartupInfoW@4   40037088     kernel32:KERNEL32.dll
 0002:0000008c       __imp__DeleteCriticalSection@4 4003708c     kernel32:KERNEL32.dll
 0002:00000090       __imp__GetModuleFileNameA@12 40037090     kernel32:KERNEL32.dll
 0002:00000094       __imp__FreeEnvironmentStringsW@4 40037094     kernel32:KERNEL32.dll
 0002:00000098       __imp__GetEnvironmentStringsW@0 40037098     kernel32:KERNEL32.dll
 0002:0000009c       __imp__HeapCreate@12       4003709c     kernel32:KERNEL32.dll
 0002:000000a0       __imp__HeapDestroy@4       400370a0     kernel32:KERNEL32.dll
 0002:000000a4       __imp__QueryPerformanceCounter@4 400370a4     kernel32:KERNEL32.dll
 0002:000000a8       __imp__GetTickCount@0      400370a8     kernel32:KERNEL32.dll
 0002:000000ac       __imp__GetCurrentProcessId@0 400370ac     kernel32:KERNEL32.dll
 0002:000000b0       __imp__GetSystemTimeAsFileTime@4 400370b0     kernel32:KERNEL32.dll
 0002:000000b4       __imp__GetStringTypeW@16   400370b4     kernel32:KERNEL32.dll
 0002:000000b8       __imp__LeaveCriticalSection@4 400370b8     kernel32:KERNEL32.dll
 0002:000000bc       __imp__EnterCriticalSection@4 400370bc     kernel32:KERNEL32.dll
 0002:000000c0       __imp__SetFilePointer@16   400370c0     kernel32:KERNEL32.dll
 0002:000000c4       __imp__WriteFile@20        400370c4     kernel32:KERNEL32.dll
 0002:000000c8       __imp__GetConsoleCP@0      400370c8     kernel32:KERNEL32.dll
 0002:000000cc       __imp__GetConsoleMode@8    400370cc     kernel32:KERNEL32.dll
 0002:000000d0       __imp__HeapAlloc@12        400370d0     kernel32:KERNEL32.dll
 0002:000000d4       __imp__RaiseException@16   400370d4     kernel32:KERNEL32.dll
 0002:000000d8       __imp__HeapReAlloc@16      400370d8     kernel32:KERNEL32.dll
 0002:000000dc       __imp__LoadLibraryW@4      400370dc     kernel32:KERNEL32.dll
 0002:000000e0       __imp__GetModuleFileNameW@12 400370e0     kernel32:KERNEL32.dll
 0002:000000e4       __imp__RtlUnwind@16        400370e4     kernel32:KERNEL32.dll
 0002:000000e8       __imp__SetStdHandle@8      400370e8     kernel32:KERNEL32.dll
 0002:000000ec       __imp__WriteConsoleW@20    400370ec     kernel32:KERNEL32.dll
 0002:000000f0       __imp__HeapSize@12         400370f0     kernel32:KERNEL32.dll
 0002:000000f4       __imp__CreateFileW@28      400370f4     kernel32:KERNEL32.dll
 0002:000000f8       __imp__CloseHandle@4       400370f8     kernel32:KERNEL32.dll
 0002:000000fc       __imp__FlushFileBuffers@4  400370fc     kernel32:KERNEL32.dll
 0002:00000100       \177KERNEL32_NULL_THUNK_DATA 40037100     kernel32:KERNEL32.dll
 0002:00000104       ___xc_a                    40037104     LIBCMT:crt0init.obj
 0002:00000108       ___xc_z                    40037108     LIBCMT:crt0init.obj
 0002:0000010c       ___xi_a                    4003710c     LIBCMT:crt0init.obj
 0002:00000124       ___xi_z                    40037124     LIBCMT:crt0init.obj
 0002:00000128       ___xp_a                    40037128     LIBCMT:crt0init.obj
 0002:00000134       ___xp_z                    40037134     LIBCMT:crt0init.obj
 0002:00000138       ___xt_a                    40037138     LIBCMT:crt0init.obj
 0002:0000013c       ___xt_z                    4003713c     LIBCMT:crt0init.obj
 0002:00000140       ??_C@_08GBKLDCBE@EV_TAUNT?$AA@ 40037140     bg_misc.obj
 0002:0000014c       ??_C@_0BF@EAHNFOOG@EV_STARTLOOPINGSOUND?$AA@ 4003714c     bg_misc.obj
 0002:00000164       ??_C@_0BE@OHJHDFJH@EV_STOPLOOPINGSOUND?$AA@ 40037164     bg_misc.obj
 0002:00000178       ??_C@_0M@LDAKOPJP@EV_TESTLINE?$AA@ 40037178     bg_misc.obj
 0002:00000184       ??_C@_0O@PBPAKHP@EV_DEBUG_LINE?$AA@ 40037184     bg_misc.obj
 0002:00000194       ??_C@_0O@CBLOOGHB@EV_SHIELD_HIT?$AA@ 40037194     bg_misc.obj
 0002:000001a4       ??_C@_0BF@LLJHJACN@EV_WEAPON_CHARGE_ALT?$AA@ 400371a4     bg_misc.obj
 0002:000001bc       ??_C@_0BB@HAHOHAKJ@EV_WEAPON_CHARGE?$AA@ 400371bc     bg_misc.obj
 0002:000001d0       ??_C@_0BF@KFICFFCM@EV_SET_FORCE_DISABLE?$AA@ 400371d0     bg_misc.obj
 0002:000001e8       ??_C@_0BC@DDJADHAK@EV_SET_FREE_SABER?$AA@ 400371e8     bg_misc.obj
 0002:000001fc       ??_C@_0BB@JIHOLMBD@EV_GIVE_NEW_RANK?$AA@ 400371fc     bg_misc.obj
 0002:00000210       ??_C@_0BI@CEGPCIEH@EV_DESTROY_WEAPON_MODEL?$AA@ 40037210     bg_misc.obj
 0002:00000228       ??_C@_0BL@DNICLAEN@EV_DESTROY_GHOUL2_INSTANCE?$AA@ 40037228     bg_misc.obj
 0002:00000244       ??_C@_0BL@CGBBFEIE@EV_SIEGE_OBJECTIVECOMPLETE?$AA@ 40037244     bg_misc.obj
 0002:00000260       ??_C@_0BD@LACADBAO@EV_SIEGE_ROUNDOVER?$AA@ 40037260     bg_misc.obj
 0002:00000274       ??_C@_0M@GBGEMMKK@EV_BODYFADE?$AA@ 40037274     bg_misc.obj
 0002:00000280       ??_C@_0O@NEHCEMNJ@EV_CTFMESSAGE?$AA@ 40037280     bg_misc.obj
 0002:00000290       ??_C@_0N@GAJBP@EV_SCOREPLUM?$AA@ 40037290     bg_misc.obj
 0002:000002a0       ??_C@_0O@JLGFLKBE@EV_GIB_PLAYER?$AA@ 400372a0     bg_misc.obj
 0002:000002b0       ??_C@_0BB@KGMADNKO@EV_FORCE_DRAINED?$AA@ 400372b0     bg_misc.obj
 0002:000002c4       ??_C@_0BG@CHAMNADK@EV_POWERUP_BATTLESUIT?$AA@ 400372c4     bg_misc.obj
 0002:000002dc       ??_C@_0BA@HLHGHIIE@EV_POWERUP_QUAD?$AA@ 400372dc     bg_misc.obj
 0002:000002ec       ??_C@_0M@PPLCDPP@EV_OBITUARY?$AA@ 400372ec     bg_misc.obj
 0002:000002f8       ??_C@_09KNGHBIAK@EV_DEATH3?$AA@ 400372f8     bg_misc.obj
 0002:00000304       ??_C@_09LEHMCJEL@EV_DEATH2?$AA@ 40037304     bg_misc.obj
 0002:00000310       ??_C@_09JPFBHKII@EV_DEATH1?$AA@ 40037310     bg_misc.obj
 0002:0000031c       ??_C@_07EMHHKOOH@EV_PAIN?$AA@ 4003731c     bg_misc.obj
 0002:00000324       ??_C@_09ICDIPKFJ@EV_BULLET?$AA@ 40037324     bg_misc.obj
 0002:00000330       ??_C@_0BG@LPAHEABB@EV_MISSILE_MISS_METAL?$AA@ 40037330     bg_misc.obj
 0002:00000348       ??_C@_0BA@CAHALNAE@EV_MISSILE_MISS?$AA@ 40037348     bg_misc.obj
 0002:00000358       ??_C@_0P@JFMFNBMO@EV_MISSILE_HIT?$AA@ 40037358     bg_misc.obj
 0002:00000368       ??_C@_0BD@PIOAMKHB@EV_CONC_ALT_IMPACT?$AA@ 40037368     bg_misc.obj
 0002:0000037c       ??_C@_0BC@MLGOBNCG@EV_MISC_MODEL_EXP?$AA@ 4003737c     bg_misc.obj
 0002:00000390       ??_C@_09KLJDDMJG@EV_DEBRIS?$AA@ 40037390     bg_misc.obj
 0002:0000039c       ??_C@_0BB@HHFJBAND@EV_GLASS_SHATTER?$AA@ 4003739c     bg_misc.obj
 0002:000003b0       ??_C@_0N@BEKJCCJE@EV_PLAY_ROFF?$AA@ 400373b0     bg_misc.obj
 0002:000003c0       ??_C@_0BA@LLJGBFCE@EV_ENTITY_SOUND?$AA@ 400373c0     bg_misc.obj
 0002:000003d0       ??_C@_0BF@DDOIKLHD@EV_GLOBAL_TEAM_SOUND?$AA@ 400373d0     bg_misc.obj
 0002:000003e8       ??_C@_0BA@JAMKLOPJ@EV_GLOBAL_SOUND?$AA@ 400373e8     bg_misc.obj
 0002:000003f8       ??_C@_0BB@LJGGMAII@EV_GENERAL_SOUND?$AA@ 400373f8     bg_misc.obj
 0002:0000040c       ??_C@_0BC@GMNGJAOD@EV_VOICECMD_SOUND?$AA@ 4003740c     bg_misc.obj
 0002:00000420       ??_C@_0O@JHBKAOKG@EV_MUTE_SOUND?$AA@ 40037420     bg_misc.obj
 0002:00000430       ??_C@_0BA@EGLCGAMO@EV_BMODEL_SOUND?$AA@ 40037430     bg_misc.obj
 0002:00000440       ??_C@_0BF@BLAPJAMF@EV_PLAYDOORLOOPSOUND?$AA@ 40037440     bg_misc.obj
 0002:00000458       ??_C@_0BB@OGNONJKP@EV_PLAYDOORSOUND?$AA@ 40037458     bg_misc.obj
 0002:0000046c       ??_C@_0BJ@CGDHKBCK@EV_PLAY_PORTAL_EFFECT_ID?$AA@ 4003746c     bg_misc.obj
 0002:00000488       ??_C@_0BC@LCOMFDPL@EV_PLAY_EFFECT_ID?$AA@ 40037488     bg_misc.obj
 0002:0000049c       ??_C@_0P@PLIFONPM@EV_PLAY_EFFECT?$AA@ 4003749c     bg_misc.obj
 0002:000004ac       ??_C@_0BB@JGOOAGDJ@EV_MISSILE_STICK?$AA@ 400374ac     bg_misc.obj
 0002:000004c0       ??_C@_0BC@ECIIAFLJ@EV_GRENADE_BOUNCE?$AA@ 400374c0     bg_misc.obj
 0002:000004d4       ??_C@_0BH@FNNILPIN@EV_PLAYER_TELEPORT_OUT?$AA@ 400374d4     bg_misc.obj
 0002:000004ec       ??_C@_0BG@HBBJKNDP@EV_PLAYER_TELEPORT_IN?$AA@ 400374ec     bg_misc.obj
 0002:00000504       ??_C@_0M@ECGFPIMP@EV_ITEM_POP?$AA@ 40037504     bg_misc.obj
 0002:00000510       ??_C@_0BA@GJNCODNG@EV_ITEM_RESPAWN?$AA@ 40037510     bg_misc.obj
 0002:00000520       ??_C@_0P@JFHCOBFC@EV_ITEMUSEFAIL?$AA@ 40037520     bg_misc.obj
 0002:00000530       ??_C@_0O@HHGOLJPJ@EV_USE_ITEM15?$AA@ 40037530     bg_misc.obj
 0002:00000540       ??_C@_0O@GOHFIILI@EV_USE_ITEM14?$AA@ 40037540     bg_misc.obj
 0002:00000550       ??_C@_0O@CBDEBOHP@EV_USE_ITEM13?$AA@ 40037550     bg_misc.obj
 0002:00000560       ??_C@_0O@DICPCPDO@EV_USE_ITEM12?$AA@ 40037560     bg_misc.obj
 0002:00000570       ??_C@_0O@BDACHMPN@EV_USE_ITEM11?$AA@ 40037570     bg_misc.obj
 0002:00000580       ??_C@_0O@KBJENLM@EV_USE_ITEM10?$AA@ 40037580     bg_misc.obj
 0002:00000590       ??_C@_0N@PHODCBCK@EV_USE_ITEM9?$AA@ 40037590     bg_misc.obj
 0002:000005a0       ??_C@_0N@OOPIBAGL@EV_USE_ITEM8?$AA@ 400375a0     bg_misc.obj
 0002:000005b0       ??_C@_0N@GJGAAMKE@EV_USE_ITEM7?$AA@ 400375b0     bg_misc.obj
 0002:000005c0       ??_C@_0N@HAHLDNOF@EV_USE_ITEM6?$AA@ 400375c0     bg_misc.obj
 0002:000005d0       ??_C@_0N@FLFGGOCG@EV_USE_ITEM5?$AA@ 400375d0     bg_misc.obj
 0002:000005e0       ??_C@_0N@ECENFPGH@EV_USE_ITEM4?$AA@ 400375e0     bg_misc.obj
 0002:000005f0       ??_C@_0N@NAMMJKA@EV_USE_ITEM3?$AA@ 400375f0     bg_misc.obj
 0002:00000600       ??_C@_0N@BEBHPIOB@EV_USE_ITEM2?$AA@ 40037600     bg_misc.obj
 0002:00000610       ??_C@_0N@DPDKKLCC@EV_USE_ITEM1?$AA@ 40037610     bg_misc.obj
 0002:00000620       ??_C@_0N@CGCBJKGD@EV_USE_ITEM0?$AA@ 40037620     bg_misc.obj
 0002:00000630       ??_C@_06LBDBNJG@EV_USE?$AA@ 40037630     bg_misc.obj
 0002:00000638       ??_C@_0O@GLOAIHAI@EV_LOCALTIMER?$AA@ 40037638     bg_misc.obj
 0002:00000648       ??_C@_0P@EIHBPBOL@EV_SCREENSHAKE?$AA@ 40037648     bg_misc.obj
 0002:00000658       ??_C@_0O@GMONIJJI@EV_TEAM_POWER?$AA@ 40037658     bg_misc.obj
[...]
 0003:0043a000       _ui_char_color_red         40488000     <common>
 0003:0043a120       _ui_scoreBase              40488120     <common>
 0003:0043a240       _ui_browserSortKey         40488240     <common>
 0003:0043a360       _sharedBuffer              40488360     <common>
 0003:0044e360       _ui_team_timelimit         4049c360     <common>
 0003:0044e480       _ui_redteam7               4049c480     <common>
 0003:0044e5a0       _ui_bypassMainMenuLoad     4049c5a0     <common>
 0003:0044e6c0       _ui_browserMaster          4049c6c0     <common>
 0003:0044e7e0       _ui_scoreCaptures          4049c7e0     <common>
 0003:0044e900       _ui_ffa_fraglimit          4049c900     <common>
 0003:0044ea20       _ui_realWarmUp             4049ca20     <common>
 0003:0044eb40       _ui_scoreShutoutBonus      4049cb40     <common>
 0003:0044ec60       _ui_currentMap             4049cc60     <common>
 0003:0044ed80       _ui_PrecacheModels         4049cd80     <common>
 0003:0044eea0       _saberStaffHiltInfo        4049cea0     <common>
 0003:0044efa0       _ui_scoreAssists           4049cfa0     <common>
 0003:0044f0c0       _ui_netGameType            4049d0c0     <common>
 0003:0044f1e0       _ui_blueteam1              4049d1e0     <common>
 0003:0044f300       _ui_saber_type             4049d300     <common>
 0003:0044f420       _ui_redteam6               4049d420     <common>
 0003:0044f540       _ui_blueteam3              4049d540     <common>
 0003:0044f660       _ui_saber2                 4049d660     <common>
 0003:0044f780       _ui_rankChange             4049d780     <common>
 0003:0044f8a0       _ui_captureLimit           4049d8a0     <common>
 0003:0044f9c0       _ui_findPlayer             4049d9c0     <common>
 0003:0044fae0       _ui_joinGameType           4049dae0     <common>
 0003:0044fc00       _ui_browserShowEmpty       4049dc00     <common>
 0003:0044fd20       _ui_team_friendly          4049dd20     <common>
 0003:0044fe40       _ui_ctf_friendly           4049de40     <common>
 0003:0044ff60       _ui_blueteam7              4049df60     <common>
 0003:00450080       _ui_redteam8               4049e080     <common>
 0003:004501a0       _ui_scoreGauntlets         4049e1a0     <common>
 0003:004502c0       _uiInfo                    4049e2c0     <common>
 0003:004a4b00       _ui_lastServerRefresh_2    404f2b00     <common>
 0003:004a4c20       _ui_recordSPDemo           404f2c20     <common>
 0003:004a4d40       _ui_dedicated              404f2d40     <common>
 0003:004a4e60       _ui_char_anim              404f2e60     <common>
 0003:004a4f80       _ui_scoreSkillBonus        404f2f80     <common>
 0003:004a50a0       _ui_selectedModelIndex     404f30a0     <common>
 0003:004a51c0       _ui_actualNetGameType      404f31c0     <common>
 0003:004a52e0       _ui_char_skin_torso        404f32e0     <common>
 0003:004a5400       _ui_fragLimit              404f3400     <common>
 0003:004a5520       _ui_serverStatusTimeOut    404f3520     <common>
 0003:004a5640       _ui_redteam1               404f3640     <common>
 0003:004a5760       _se_language               404f3760     <common>
 0003:004a5880       _ui_browserShowFull        404f3880     <common>
 0003:004a59a0       _ui_singlePlayerActive     404f39a0     <common>
 0003:004a5ac0       _ui_saber                  404f3ac0     <common>
 0003:004a5be0       _ui_scoreTeam              404f3be0     <common>
 0003:004a5d00       _ui_menuFiles              404f3d00     <common>
 0003:004a5e20       _ui_realCaptureLimit       404f3e20     <common>
 0003:004a5f40       _ui_botsFile               404f3f40     <common>
 0003:004a6060       _ui_lastServerRefresh_1    404f4060     <common>
 0003:004a6180       _parsedFPMessage           404f4180     <common>
 0003:004a6580       _ui_scoreScore             404f4580     <common>
 0003:004a66a0       _ui_scoreImpressives       404f46a0     <common>
 0003:004a67c0       _ui_char_model             404f47c0     <common>
 0003:004a68e0       _ui_drawCrosshairNames     404f48e0     <common>
 0003:004a6a00       _ui_team_fraglimit         404f4a00     <common>
 0003:004a6b20       _ui_scorePerfect           404f4b20     <common>
 0003:004a6c40       _ui_redteam3               404f4c40     <common>
 0003:004a6d60       _ui_scoreTime              404f4d60     <common>
 0003:004a6e80       _ui_ctf_timelimit          404f4e80     <common>
 0003:004a6f90       _ui_numBots                404f4f90     <common>
 0003:004a6fa0       _ui_forcePowerDisable      404f4fa0     <common>
 0003:004a70c0       _ui_freeSaber              404f50c0     <common>
 0003:004a71e0       _uiForceStarShaders        404f51e0     <common>
 0003:004a7240       _uiSaberColorShaders       404f5240     <common>
 0003:004a7260       _bgSiegeClasses            404f5260     <common>
 0003:004d7860       _bgSiegeTeams              40525860     <common>
 0003:004d9ce0       _siege_info                40527ce0     <common>
 0003:004ddce0       ___piob                    4052bce0     <common>
 0003:004ddd00       __bufin                    4052bd00     <common>
 0003:004ded00       __nstream                  4052cd00     <common>
 0003:004ded04       __debugger_hook_dummy      4052cd04     <common>
 0003:004ded08       __pDestructExceptionObject 4052cd08     <common>
 0003:004ded0c       __nhandle                  4052cd0c     <common>
 0003:004ded20       ___pioinfo                 4052cd20     <common>
 0003:004dee20       ___env_initialized         4052ce20     <common>
 0003:004dee24       ___onexitend               4052ce24     <common>
 0003:004dee28       ___onexitbegin             4052ce28     <common>
 0003:004dee2c       ___mbctype_initialized     4052ce2c     <common>
 0003:004dee30       ___dyn_tls_init_callback   4052ce30     <common>
 0003:004dee34       __pmatherr                 4052ce34     <common>
 0003:004dee38       ___sse2_available          4052ce38     <common>
 0003:004dee3c       ___use_sse2_mathfcns       4052ce3c     <common>
 0003:004dee40       __acmdln                   4052ce40     <common>

 entry point at        0001:00029ceb

 Static symbols

 0001:000033a0       _UI_Cache_f                400043a0 f   ui_atoms.obj
 0001:000033f0       _UI_CalcPostGameStats      400043f0 f   ui_atoms.obj
 0001:000054f0       _UI_LoadArenasFromFile     400064f0 f   ui_gameinfo.obj
 0001:00005910       _UI_LoadBotsFromFile       40006910 f   ui_gameinfo.obj
 0001:000064f0       _Text_Paint_Limit          400074f0 f   ui_main.obj
 0001:000071d0       _UI_DrawHandicap           400081d0 f   ui_main.obj
 0001:000072e0       _UI_DrawClanName           400082e0 f   ui_main.obj
 0001:000073b0       _UI_GetGameTypeName        400083b0 f   ui_main.obj
 0001:000074d0       _UI_DrawGameType           400084d0 f   ui_main.obj
 0001:000075a0       _UI_DrawNetGameType        400085a0 f   ui_main.obj
 0001:000076a0       _UI_DrawAutoSwitch         400086a0 f   ui_main.obj
 0001:000077c0       _UI_DrawJoinGameType       400087c0 f   ui_main.obj
 0001:000078b0       _UI_TeamIndexFromName      400088b0 f   ui_main.obj
 0001:00007900       _UI_DrawClanLogo           40008900 f   ui_main.obj
 0001:000079e0       _UI_DrawClanCinematic      400089e0 f   ui_main.obj
 0001:00007b50       _UI_DrawPreviewCinematic   40008b50 f   ui_main.obj
 0001:00007bf0       _UI_DrawSkill              40008bf0 f   ui_main.obj
 0001:00007d00       _UI_DrawGenericNum         40008d00 f   ui_main.obj
 0001:00007de0       _UI_DrawForceMastery       40008de0 f   ui_main.obj
 0001:00007ee0       _UI_DrawSkinColor          40008ee0 f   ui_main.obj
 0001:00007fe0       _UI_DrawForceSide          40008fe0 f   ui_main.obj
 0001:00008330       _UI_AllForceDisabled       40009330 f   ui_main.obj
 0001:00008420       _UI_DrawJediNonJedi        40009420 f   ui_main.obj
 0001:00008540       _UI_DrawTeamName           40009540 f   ui_main.obj
 0001:000085e0       _UI_DrawTeamMember         400095e0 f   ui_main.obj
 0001:000087a0       _UI_DrawEffects            400097a0 f   ui_main.obj
 0001:000087e0       _UI_DrawMapPreview         400097e0 f   ui_main.obj
 0001:000088a0       _UI_DrawMapTimeToBeat      400098a0 f   ui_main.obj
 0001:000089d0       _UI_DrawMapCinematic       400099d0 f   ui_main.obj
 0001:00008ad0       _UI_SetForceDisabled       40009ad0 f   ui_main.obj
 0001:00008ed0       _UI_DrawNetMapPreview      40009ed0 f   ui_main.obj
 0001:00008f10       _UI_DrawNetMapCinematic    40009f10 f   ui_main.obj
 0001:00008fd0       _UI_DrawNetFilter          40009fd0 f   ui_main.obj
 0001:000090f0       _UI_DrawTier               4000a0f0 f   ui_main.obj
 0001:000091e0       _UI_DrawTierMap            4000a1e0 f   ui_main.obj
 0001:00009270       _UI_EnglishMapName         4000a270 f   ui_main.obj
 0001:000092c0       _UI_DrawTierMapName        4000a2c0 f   ui_main.obj
 0001:000093d0       _UI_DrawTierGameType       4000a3d0 f   ui_main.obj
 0001:000094e0       _UI_AIFromName             4000a4e0 f   ui_main.obj
 0001:00009530       _UI_NextOpponent           4000a530 f   ui_main.obj
 0001:000095a0       _UI_PriorOpponent          4000a5a0 f   ui_main.obj
 0001:00009600       _UI_DrawPlayerLogo         4000a600 f   ui_main.obj
 0001:000096d0       _UI_DrawPlayerLogoMetal    4000a6d0 f   ui_main.obj
 0001:000097a0       _UI_DrawPlayerLogoName     4000a7a0 f   ui_main.obj
 0001:00009870       _UI_DrawOpponentLogo       4000a870 f   ui_main.obj
 0001:00009940       _UI_DrawOpponentLogoMetal  4000a940 f   ui_main.obj
 0001:00009a10       _UI_DrawOpponentLogoName   4000aa10 f   ui_main.obj
 0001:00009ae0       _UI_DrawAllMapsSelection   4000aae0 f   ui_main.obj
 0001:00009b40       _UI_DrawOpponentName       4000ab40 f   ui_main.obj
 0001:00009c10       _UI_DrawBotName            4000ac10 f   ui_main.obj
 0001:00009cf0       _UI_DrawBotSkill           4000acf0 f   ui_main.obj
 0001:00009d70       _UI_DrawRedBlue            4000ad70 f   ui_main.obj
 0001:00009e70       _UI_DrawCrosshair          4000ae70 f   ui_main.obj
 0001:00009ed0       _UI_BuildPlayerList        4000aed0 f   ui_main.obj
 0001:0000a150       _UI_DrawSelectedPlayer     4000b150 f   ui_main.obj
 0001:0000a240       _UI_DrawServerRefreshDate  4000b240 f   ui_main.obj
 0001:0000a4a0       _UI_DrawServerMOTD         4000b4a0 f   ui_main.obj
 0001:0000a6e0       _UI_DrawKeyBindStatus      4000b6e0 f   ui_main.obj
 0001:0000a7e0       _UI_DrawGLInfo             4000b7e0 f   ui_main.obj
 0001:0000aba0       _UI_Version                4000bba0 f   ui_main.obj
 0001:0000ac00       _UI_OwnerDrawVisible       4000bc00 f   ui_main.obj
 0001:0000ae50       _UI_Handicap_HandleKey     4000be50 f   ui_main.obj
 0001:0000aef0       _UI_Effects_HandleKey      4000bef0 f   ui_main.obj
 0001:0000af90       _UI_Chat_Main_HandleKey    4000bf90 f   ui_main.obj
 0001:0000b030       _UI_Chat_Attack_HandleKey  4000c030 f   ui_main.obj
 0001:0000b090       _UI_Chat_Defend_HandleKey  4000c090 f   ui_main.obj
 0001:0000b110       _UI_Chat_Request_HandleKey 4000c110 f   ui_main.obj
 0001:0000b1b0       _UI_Chat_Reply_HandleKey   4000c1b0 f   ui_main.obj
 0001:0000b240       _UI_Chat_Spot_HandleKey    4000c240 f   ui_main.obj
 0001:0000b2c0       _UI_Chat_Tactical_HandleKey 4000c2c0 f   ui_main.obj
 0001:0000b360       _UI_AutoSwitch_HandleKey   4000c360 f   ui_main.obj
 0001:0000b3d0       _UI_Skill_HandleKey        4000c3d0 f   ui_main.obj
 0001:0000b440       _UI_TeamName_HandleKey     4000c440 f   ui_main.obj
 0001:0000b4d0       _UI_TeamMember_HandleKey   4000c4d0 f   ui_main.obj
 0001:0000b5a0       _UI_OpponentName_HandleKey 4000c5a0 f   ui_main.obj
 0001:0000b5e0       _UI_BotName_HandleKey      4000c5e0 f   ui_main.obj
 0001:0000b640       _UI_BotSkill_HandleKey     4000c640 f   ui_main.obj
 0001:0000b6b0       _UI_Crosshair_HandleKey    4000c6b0 f   ui_main.obj
 0001:0000b720       _UI_SelectedPlayer_HandleKey 4000c720 f   ui_main.obj
 0001:0000b7d0       _UI_GetValue               4000c7d0 f   ui_main.obj
 0001:0000b7e0       _UI_ServersQsortCompare    4000c7e0 f   ui_main.obj
 0001:0000b810       _UI_LoadMods               4000c810 f   ui_main.obj
 0001:0000b8d0       _UI_LoadMovies             4000c8d0 f   ui_main.obj
 0001:0000b990       _UI_RecurseGetDemos        4000c990 f   ui_main.obj
 0001:0000bb60       _UI_LoadDemos              4000cb60 f   ui_main.obj
 0001:0000bc70       _UI_SetNextMap             4000cc70 f   ui_main.obj
 0001:0000bcc0       _UI_Update                 4000ccc0 f   ui_main.obj
 0001:0000c270       _UI_DeferMenuScript        4000d270 f   ui_main.obj
 0001:0000c790       _UI_SetBotButton           4000d790 f   ui_main.obj
 0001:0000c7f0       _UI_UpdateCharacterCvars   4000d7f0 f   ui_main.obj
 0001:0000c8e0       _UI_GetCharacterCvars      4000d8e0 f   ui_main.obj
 0001:0000cdf0       _UI_UpdateSaberCvars       4000ddf0 f   ui_main.obj
 0001:0000cea0       _UI_SetSaberBoxesandHilts  4000dea0 f   ui_main.obj
 0001:0000cfd0       _UI_UpdateSaberType        4000dfd0 f   ui_main.obj
 0001:0000d030       _UI_UpdateSaberHilt        4000e030 f   ui_main.obj
 0001:0000d110       _UI_GetSaberCvars          4000e110 f   ui_main.obj
 0001:0000d280       _UI_ResetCharacterListBoxes 4000e280 f   ui_main.obj
 0001:0000d330       _UI_GetTeamColor           4000e330 f   ui_main.obj
 0001:0000d4e0       _UI_MapCountByGameType     4000e4e0 f   ui_main.obj
 0001:0000d560       _UI_HeadCountByColor       4000e560 f   ui_main.obj
 0001:0000d5d0       _UI_InsertServerIntoDisplayList 4000e5d0 f   ui_main.obj
 0001:0000d610       _UI_RemoveServerFromDisplayList 4000e610 f   ui_main.obj
 0001:0000d660       _UI_BinaryServerInsertion  4000e660 f   ui_main.obj
 0001:0000d700       _UI_BuildServerDisplayList 4000e700 f   ui_main.obj
 0001:0000d9d0       _UI_SortServerStatusInfo   4000e9d0 f   ui_main.obj
 0001:0000dac0       _UI_CheckPassword          4000eac0 f   ui_main.obj
 0001:0000db30       _UI_JoinServer             4000eb30 f   ui_main.obj
 0001:0000dbc0       _UI_CheckServerName        4000ebc0 f   ui_main.obj
 0001:0000dc30       _UI_GetServerStatusInfo    4000ec30 f   ui_main.obj
 0001:0000df10       _stristr                   4000ef10 f   ui_main.obj
 0001:0000df80       _UI_BuildServerStatus      4000ef80 f   ui_main.obj
 0001:0000e340       _UI_FeederCount            4000f340 f   ui_main.obj
 0001:0000e7d0       _UI_SelectedMap            4000f7d0 f   ui_main.obj
 0001:0000e810       _UI_SelectedTeamHead       4000f810 f   ui_main.obj
 0001:0000e8a0       _UI_FeederItemText         4000f8a0 f   ui_main.obj
 0001:0000f230       _UI_FeederItemImage        40010230 f   ui_main.obj
 0001:00010720       _GameType_Parse            40011720 f   ui_main.obj
 0001:00010880       _MapList_Parse             40011880 f   ui_main.obj
 0001:00010a70       _UI_ParseGameInfo          40011a70 f   ui_main.obj
 0001:00010b40       _UI_Pause                  40011b40 f   ui_main.obj
 0001:00010b90       _UI_PlayCinematic          40011b90 f   ui_main.obj
 0001:00010bd0       _UI_StopCinematic          40011bd0 f   ui_main.obj
 0001:00010cb0       _UI_DrawCinematic          40011cb0 f   ui_main.obj
 0001:00010cf0       _UI_RunCinematicFrame      40011cf0 f   ui_main.obj
 0001:00010e40       _bIsImageFile              40011e40 f   ui_main.obj
 0001:00010ee0       _UI_BuildQ3Model_List      40011ee0 f   ui_main.obj
 0001:00011170       _UI_ParseColorData         40012170 f   ui_main.obj
 0001:00011270       _UI_BuildPlayerModel_List  40012270 f   ui_main.obj
 0001:00011a00       _UI_ReadableSize           40012a00 f   ui_main.obj
 0001:00011b50       _UI_PrintTime              40012b50 f   ui_main.obj
 0001:00011d20       _UI_StopServerRefresh      40012d20 f   ui_main.obj
 0001:00011d90       _UI_DoServerRefresh        40012d90 f   ui_main.obj
 0001:00011e30       _GetCRDelineatedString     40012e30 f   ui_main.obj
 0001:00011eb0       _GetNetSourceString        40012eb0 f   ui_main.obj
 0001:00011fd0       _UI_DrawNetSource          40012fd0 f   ui_main.obj
 0001:000120f0       _UI_OwnerDrawWidth         400130f0 f   ui_main.obj
 0001:00012620       _UI_OwnerDraw              40013620 f   ui_main.obj
 0001:00012e90       _UI_GameType_HandleKey     40013e90 f   ui_main.obj
 0001:00012fb0       _UI_NetGameType_HandleKey  40013fb0 f   ui_main.obj
 0001:000130d0       _UI_JoinGameType_HandleKey 400140d0 f   ui_main.obj
 0001:00013150       _UI_NetFilter_HandleKey    40014150 f   ui_main.obj
 0001:000131d0       _UI_StartSkirmish          400141d0 f   ui_main.obj
 0001:00013a30       _UI_UpdateCharacter        40014a30 f   ui_main.obj
 0001:00013b10       _UI_SiegeClassCnt          40014b10 f   ui_main.obj
 0001:00013be0       _UI_BuildFindPlayerList    40014be0 f   ui_main.obj
 0001:00014040       _UI_DisplayDownloadInfo    40015040 f   ui_main.obj
 0001:00014ce0       _UI_StartServerRefresh     40015ce0 f   ui_main.obj
 0001:00015130       _UI_NetSource_HandleKey    40016130 f   ui_main.obj
 0001:000151d0       _UI_OwnerDrawHandleKey     400161d0 f   ui_main.obj
 0001:00015530       _UI_RunMenuScript          40016530 f   ui_main.obj
 0001:00019d30       _hashForString             4001ad30 f   ui_shared.obj
 0001:0001d4a0       _Scroll_TextScroll_AutoFunc 4001e4a0 f   ui_shared.obj
 0001:0001d510       _Scroll_TextScroll_ThumbFunc 4001e510 f   ui_shared.obj
 0001:0001d640       _Scroll_ListBox_AutoFunc   4001e640 f   ui_shared.obj
 0001:0001d6b0       _Scroll_ListBox_ThumbFunc  4001e6b0 f   ui_shared.obj
 0001:0001d8c0       _Scroll_Slider_ThumbFunc   4001e8c0 f   ui_shared.obj
 0001:0001dde0       _Display_CloseCinematics   4001ede0 f   ui_shared.obj
 0001:00022c90       _Item_TextScroll_BuildLines 40023c90 f   ui_shared.obj
 0001:00023b60       _Menu_OverActiveItem       40024b60 f   ui_shared.obj
 0001:00029200       _shortsort                 4002a200 f   LIBCMT:qsort.obj
 0001:00029bf5       ___DllMainCRTStartup       4002abf5 f   LIBCMT:dllcrt0.obj
 0001:00029e7c       __shift                    4002ae7c f   LIBCMT:cvt.obj
 0001:00029ec1       __cftoe2_l                 4002aec1 f   LIBCMT:cvt.obj
 0001:0002a47f       __cftof2_l                 4002b47f f   LIBCMT:cvt.obj
 0001:0002a826       ?strtoxl@@YAKPAUlocaleinfo_struct@@PBDPAPBDHH@Z 4002b826 f   LIBCMT:strtol.obj
 0001:0002b4f8       ?CPtoLCID@@YAHH@Z          4002c4f8 f   LIBCMT:mbctype.obj
 0001:0002b527       ?setSBCS@@YAXPAUthreadmbcinfostruct@@@Z 4002c527 f   LIBCMT:mbctype.obj
 0001:0002b58b       ?setSBUpLow@@YAXPAUthreadmbcinfostruct@@@Z 4002c58b f   LIBCMT:mbctype.obj
 0001:0002b7bf       ?getSystemCP@@YAHH@Z       4002c7bf f   LIBCMT:mbctype.obj
 0001:0002d688       _write_char                4002e688 f   LIBCMT:output.obj
 0001:0002d6bb       _write_string              4002e6bb f   LIBCMT:output.obj
 0001:0002e2fb       ?__crtLCMapStringA_stat@@YAHPAUlocaleinfo_struct@@KKPBDHPADHHH@Z 4002f2fb f   LIBCMT:a_map.obj
 0001:0002efaf       _doexit                    4002ffaf f   LIBCMT:crt0dat.obj
 0001:0002f4a6       _parse_cmdline             400304a6 f   LIBCMT:stdargv.obj
 0001:000303b4       ?__crtGetStringTypeA_stat@@YAHPAUlocaleinfo_struct@@KPBDHPAGHHH@Z 400313b4 f   LIBCMT:a_str.obj
 0001:000337dd       _siglookup                 400347dd f   LIBCMT:winsig.obj
 0001:00033a19       __onexit_nolock            40034a19 f   LIBCMT:onexit.obj
 0001:00033eba       ?x_ismbbtype_l@@YAHPAUlocaleinfo_struct@@IHH@Z 40034eba f   LIBCMT:ismbbyte.obj
 0001:00033fc0       __unwind_handler4          40034fc0 f   LIBCMT:exsup4.obj
 0001:0003497a       __hw_cw                    4003597a f   LIBCMT:_ieee87_.obj
 0001:00034a08       ___hw_cw_sse2              40035a08 f   LIBCMT:_ieee87_.obj
 0001:000350fd       _flsall                    400360fd f   LIBCMT:fflush.obj
 0001:00035850       __unwind_handler           40036850 f   LIBCMT:exsup.obj
 0001:00035d58       ?_strupr_s_l_stat@@YAHPADIPAUlocaleinfo_struct@@@Z 40036d58 f   LIBCMT:strupr.obj
