 cgamex86

 Timestamp is 4974e417 (Mon Jan 19 15:35:35 2009)

 Preferred load address is 30000000

 Start         Length     Name                   Class
 0001:00000000 000bed69H .textbss                DATA
 0002:00000000 00184526H .text                   CODE
 0002:00184530 00001161H .text$x                 CODE
 0003:00000000 00000104H .CRT$XCA                DATA
 0003:00000104 00000104H .CRT$XCZ                DATA
 0003:00000208 00000104H .CRT$XIA                DATA
 0003:0000030c 00000118H .CRT$XIC                DATA
 0003:00000424 00000104H .CRT$XIZ                DATA
 0003:00000528 00000104H .CRT$XPA                DATA
 0003:0000062c 00000109H .CRT$XPX                DATA
 0003:00000738 00000104H .CRT$XPXA               DATA
 0003:0000083c 00000104H .CRT$XPZ                DATA
 0003:00000940 00000104H .CRT$XTA                DATA
 0003:00000a44 00000104H .CRT$XTZ                DATA
 0003:00000b50 000371f0H .rdata                  DATA
 0003:00037d40 000001acH .rdata$debug            DATA
 0003:00037eec 0000032fH .rdata$r                DATA
 0003:0003821c 00000104H .rtc$IAA                DATA
 0003:00038320 000001f0H .rtc$IMZ                DATA
 0003:00038510 00000104H .rtc$IZZ                DATA
 0003:00038614 00000104H .rtc$TAA                DATA
 0003:00038718 000001f0H .rtc$TMZ                DATA
 0003:00038908 00000104H .rtc$TZZ                DATA
 0003:00038a10 0000121aH .xdata$x                DATA
 0003:00039c30 0000016aH .edata                  DATA
 0004:00000000 0000f1f6H .data                   DATA
 0004:0000f200 00d5539cH .bss                    DATA
 0005:00000000 00000028H .idata$2                DATA
 0005:00000028 00000014H .idata$3                DATA
 0005:0000003c 00000234H .idata$4                DATA
 0005:00000270 00000234H .idata$5                DATA
 0005:000004a4 000008fbH .idata$6                DATA
 0006:00000000 000001c0H .rsrc$01                DATA
 0006:000001c0 00000e76H .rsrc$02                DATA

  Address         Publics by Value              Rva+Base       Lib:Object

 0000:00000000       ___safe_se_handler_count   00000000     <absolute>
 0000:00000000       ___safe_se_handler_table   00000000     <absolute>
 0000:00000000       __except_list              00000000     <absolute>
 0000:00000000       ___ImageBase               30000000     <linker-defined>
 0001:00000000       __enc$textbss$begin        30001000     <linker-defined>
 0001:000bed69       __enc$textbss$end          300bfd69     <linker-defined>
 0002:000069c0       _AnimalProcessOri          300c69c0 f   AnimalNPC.obj
 0002:00006c10       _G_SetAnimalVehicleFunctions 300c6c10 f   AnimalNPC.obj
 0002:000070e0       _G_CreateAnimalNPC         300c70e0 f   AnimalNPC.obj
 0002:00007190       _BG_AttachToRancor         300c7190 f   bg_g2_utils.obj
 0002:00007690       _BG_GetRootSurfNameWithVariant 300c7690 f   bg_g2_utils.obj
 0002:000077a0       _BG_FileExists             300c77a0 f   bg_misc.obj
 0002:00007870       _BG_ParseField             300c7870 f   bg_misc.obj
 0002:00007aa0       _BG_LegalizedForcePowers   300c7aa0 f   bg_misc.obj
 0002:00008690       _vectoyaw                  300c8690 f   bg_misc.obj
 0002:000087c0       _BG_HasYsalamiri           300c87c0 f   bg_misc.obj
 0002:00008840       _BG_CanUseFPNow            300c8840 f   bg_misc.obj
 0002:00008a10       _BG_FindItemForPowerup     300c8a10 f   bg_misc.obj
 0002:00008ac0       _BG_FindItemForHoldable    300c8ac0 f   bg_misc.obj
 0002:00008b80       _BG_FindItemForWeapon      300c8b80 f   bg_misc.obj
 0002:00008c20       _BG_FindItemForAmmo        300c8c20 f   bg_misc.obj
 0002:00008cc0       _BG_FindItem               300c8cc0 f   bg_misc.obj
 0002:00008d50       _BG_PlayerTouchesItem      300c8d50 f   bg_misc.obj
 0002:00008ea0       _BG_ProperForceIndex       300c8ea0 f   bg_misc.obj
 0002:00008f10       _BG_CycleForce             300c8f10 f   bg_misc.obj
 0002:000090f0       _BG_GetItemIndexByTag      300c90f0 f   bg_misc.obj
 0002:00009180       _BG_IsItemSelectable       300c9180 f   bg_misc.obj
 0002:000091d0       _BG_CycleInven             300c91d0 f   bg_misc.obj
 0002:00009340       _BG_CanItemBeGrabbed       300c9340 f   bg_misc.obj
 0002:000098e0       _BG_EvaluateTrajectory     300c98e0 f   bg_misc.obj
 0002:00009d40       _BG_EvaluateTrajectoryDelta 300c9d40 f   bg_misc.obj
 0002:0000a0b0       _BG_AddPredictableEventToPlayerstate 300ca0b0 f   bg_misc.obj
 0002:0000a1d0       _BG_TouchJumpPad           300ca1d0 f   bg_misc.obj
 0002:0000a340       _BG_EmplacedView           300ca340 f   bg_misc.obj
 0002:0000a4a0       _BG_IsValidCharacterModel  300ca4a0 f   bg_misc.obj
 0002:0000a590       _BG_ValidateSkinForTeam    300ca590 f   bg_misc.obj
 0002:0000a9b0       _BG_PlayerStateToEntityState 300ca9b0 f   bg_misc.obj
 0002:0000b1f0       _BG_PlayerStateToEntityStateExtraPolate 300cb1f0 f   bg_misc.obj
 0002:0000b970       _BG_ModelCache             300cb970 f   bg_misc.obj
 0002:0000b9e0       _BG_Alloc                  300cb9e0 f   bg_misc.obj
 0002:0000baa0       _BG_AllocUnaligned         300cbaa0 f   bg_misc.obj
 0002:0000bb40       _BG_TempAlloc              300cbb40 f   bg_misc.obj
 0002:0000bbf0       _BG_TempFree               300cbbf0 f   bg_misc.obj
 0002:0000bc90       _BG_StringAlloc            300cbc90 f   bg_misc.obj
 0002:0000bd10       _BG_OutOfMemory            300cbd10 f   bg_misc.obj
 0002:0000bd60       _BG_SaberStanceAnim        300cbd60 f   bg_panimate.obj
 0002:0000be50       _BG_CrouchAnim             300cbe50 f   bg_panimate.obj
 0002:0000c010       _BG_InSpecialJump          300cc010 f   bg_panimate.obj
 0002:0000c210       _BG_InSaberStandAnim       300cc210 f   bg_panimate.obj
 0002:0000c290       _BG_InReboundJump          300cc290 f   bg_panimate.obj
 0002:0000c300       _BG_InReboundHold          300cc300 f   bg_panimate.obj
 0002:0000c370       _BG_InReboundRelease       300cc370 f   bg_panimate.obj
 0002:0000c3e0       _BG_InBackFlip             300cc3e0 f   bg_panimate.obj
 0002:0000c450       _BG_DirectFlippingAnim     300cc450 f   bg_panimate.obj
 0002:0000c4c0       _BG_SaberInAttackPure      300cc4c0 f   bg_panimate.obj
 0002:0000c510       _BG_SaberInAttack          300cc510 f   bg_panimate.obj
 0002:0000c590       _BG_SaberInKata            300cc590 f   bg_panimate.obj
 0002:0000c5f0       _BG_InKataAnim             300cc5f0 f   bg_panimate.obj
 0002:0000c660       _BG_SaberInSpecial         300cc660 f   bg_panimate.obj
 0002:0000c6c0       _BG_KickMove               300cc6c0 f   bg_panimate.obj
 0002:0000c730       _BG_SaberInIdle            300cc730 f   bg_panimate.obj
 0002:0000c790       _BG_InExtraDefenseSaberMove 300cc790 f   bg_panimate.obj
 0002:0000c850       _BG_FlippingAnim           300cc850 f   bg_panimate.obj
 0002:0000c9d0       _BG_SpinningSaberAnim      300cc9d0 f   bg_panimate.obj
 0002:0000cd90       _BG_SaberInSpecialAttack   300ccd90 f   bg_panimate.obj
 0002:0000cfc0       _BG_KickingAnim            300ccfc0 f   bg_panimate.obj
 0002:0000d0b0       _BG_InGrappleMove          300cd0b0 f   bg_panimate.obj
 0002:0000d160       _BG_BrokenParryForAttack   300cd160 f   bg_panimate.obj
 0002:0000d250       _BG_BrokenParryForParry    300cd250 f   bg_panimate.obj
 0002:0000d430       _BG_KnockawayForParry      300cd430 f   bg_panimate.obj
 0002:0000d4e0       _BG_InRoll                 300cd4e0 f   bg_panimate.obj
 0002:0000d5e0       _BG_InSpecialDeathAnim     300cd5e0 f   bg_panimate.obj
 0002:0000d640       _BG_InDeathAnim            300cd640 f   bg_panimate.obj
 0002:0000d700       _BG_InKnockDownOnly        300cd700 f   bg_panimate.obj
 0002:0000d770       _BG_InSaberLockOld         300cd770 f   bg_panimate.obj
 0002:0000d810       _BG_InSaberLock            300cd810 f   bg_panimate.obj
 0002:0000d930       _PM_InCartwheel            300cd930 f   bg_panimate.obj
 0002:0000d9b0       _BG_InKnockDownOnGround    300cd9b0 f   bg_panimate.obj
 0002:0000db50       _BG_StabDownAnim           300cdb50 f   bg_panimate.obj
 0002:0000dbc0       _PM_SaberBounceForAttack   300cdbc0 f   bg_panimate.obj
 0002:0000dca0       _PM_SaberDeflectionForQuad 300cdca0 f   bg_panimate.obj
 0002:0000dd80       _PM_SaberInDeflect         300cdd80 f   bg_panimate.obj
 0002:0000ddd0       _PM_SaberInParry           300cddd0 f   bg_panimate.obj
 0002:0000de20       _PM_SaberInKnockaway       300cde20 f   bg_panimate.obj
 0002:0000de70       _PM_SaberInReflect         300cde70 f   bg_panimate.obj
 0002:0000dec0       _PM_SaberInStart           300cdec0 f   bg_panimate.obj
 0002:0000df10       _PM_SaberInReturn          300cdf10 f   bg_panimate.obj
 0002:0000df60       _BG_SaberInReturn          300cdf60 f   bg_panimate.obj
 0002:0000dfb0       _PM_InSaberAnim            300cdfb0 f   bg_panimate.obj
 0002:0000e000       _PM_InKnockDown            300ce000 f   bg_panimate.obj
 0002:0000e0d0       _PM_PainAnim               300ce0d0 f   bg_panimate.obj
 0002:0000e130       _PM_JumpingAnim            300ce130 f   bg_panimate.obj
 0002:0000e1a0       _PM_LandingAnim            300ce1a0 f   bg_panimate.obj
 0002:0000e250       _PM_SpinningAnim           300ce250 f   bg_panimate.obj
 0002:0000e2a0       _PM_InOnGroundAnim         300ce2a0 f   bg_panimate.obj
 0002:0000e350       _PM_InRollComplete         300ce350 f   bg_panimate.obj
 0002:0000e3c0       _PM_CanRollFromSoulCal     300ce3c0 f   bg_panimate.obj
 0002:0000e430       _BG_SuperBreakLoseAnim     300ce430 f   bg_panimate.obj
 0002:0000e530       _BG_SuperBreakWinAnim      300ce530 f   bg_panimate.obj
 0002:0000e630       _BG_SaberLockBreakAnim     300ce630 f   bg_panimate.obj
 0002:0000e7a0       _BG_FullBodyTauntAnim      300ce7a0 f   bg_panimate.obj
 0002:0000e860       _BG_AnimLength             300ce860 f   bg_panimate.obj
 0002:0000e930       _PM_AnimLength             300ce930 f   bg_panimate.obj
 0002:0000ea30       _PM_DebugLegsAnim          300cea30 f   bg_panimate.obj
 0002:0000eb00       _PM_SaberInTransition      300ceb00 f   bg_panimate.obj
 0002:0000eb50       _BG_SaberInTransitionAny   300ceb50 f   bg_panimate.obj
 0002:0000ebf0       _BG_FlipPart               300cebf0 f   bg_panimate.obj
 0002:0000ec80       _BG_InitAnimsets           300cec80 f   bg_panimate.obj
 0002:0000ecf0       _BG_ClearAnimsets          300cecf0 f   bg_panimate.obj
 0002:0000ed20       _BG_AnimsetAlloc           300ced20 f   bg_panimate.obj
 0002:0000edc0       _BG_AnimsetFree            300cedc0 f   bg_panimate.obj
 0002:0000edf0       _CheckAnimFrameForEventType 300cedf0 f   bg_panimate.obj
 0002:0000ee80       _ParseAnimationEvtBlock    300cee80 f   bg_panimate.obj
 0002:0000fb30       _BG_ParseAnimationEvtFile  300cfb30 f   bg_panimate.obj
 0002:00010250       _BG_ParseAnimationFile     300d0250 f   bg_panimate.obj
 0002:00010990       _PM_ContinueLegsAnim       300d0990 f   bg_panimate.obj
 0002:00010af0       _PM_ForceLegsAnim          300d0af0 f   bg_panimate.obj
 0002:00010c00       _BG_StartTorsoAnim         300d0c00 f   bg_panimate.obj
 0002:00010cb0       _PM_StartTorsoAnim         300d0cb0 f   bg_panimate.obj
 0002:00010d10       _BG_SetLegsAnimTimer       300d0d10 f   bg_panimate.obj
 0002:00010d70       _PM_SetLegsAnimTimer       300d0d70 f   bg_panimate.obj
 0002:00010dd0       _BG_SetTorsoAnimTimer      300d0dd0 f   bg_panimate.obj
 0002:00010e30       _PM_SetTorsoAnimTimer      300d0e30 f   bg_panimate.obj
 0002:00010e90       _BG_SaberStartTransAnim    300d0e90 f   bg_panimate.obj
 0002:000110b0       _BG_SetAnimFinal           300d10b0 f   bg_panimate.obj
 0002:00011690       _PM_SetAnimFinal           300d1690 f   bg_panimate.obj
 0002:00011710       _BG_HasAnimation           300d1710 f   bg_panimate.obj
 0002:000117b0       _BG_PickAnim               300d17b0 f   bg_panimate.obj
 0002:00011860       _BG_SetAnim                300d1860 f   bg_panimate.obj
 0002:000119d0       _PM_SetAnim                300d19d0 f   bg_panimate.obj
 0002:00011a50       _PM_BGEntForNum            300d1a50 f   bg_pmove.obj
 0002:00011bc0       _BG_SabersOff              300d1bc0 f   bg_pmove.obj
 0002:00011c40       _BG_KnockDownable          300d1c40 f   bg_pmove.obj
 0002:00011cb0       _PM_GetSaberStance         300d1cb0 f   bg_pmove.obj
 0002:00011ea0       _PM_DoSlowFall             300d1ea0 f   bg_pmove.obj
 0002:00011f20       _PM_pitch_roll_for_slope   300d1f20 f   bg_pmove.obj
 0002:00012590       _PM_SetSpecialMoveValues   300d2590 f   bg_pmove.obj
 0002:000126a0       _BG_ExternThisSoICanRecompileInDebug 300d26a0 f   bg_pmove.obj
 0002:000126d0       _BG_VehicleTurnRateForSpeed 300d26d0 f   bg_pmove.obj
 0002:00012840       _PM_HoverTrace             300d2840 f   bg_pmove.obj
 0002:000137a0       _PM_AddEvent               300d37a0 f   bg_pmove.obj
 0002:00013800       _PM_AddEventWithParm       300d3800 f   bg_pmove.obj
 0002:00013860       _PM_AddTouchEnt            300d3860 f   bg_pmove.obj
 0002:00013930       _PM_ClipVelocity           300d3930 f   bg_pmove.obj
 0002:00013ac0       _PM_ForceJumpingUp         300d3ac0 f   bg_pmove.obj
 0002:00013c90       _PM_SetPMViewAngle         300d3c90 f   bg_pmove.obj
 0002:00013d70       _PM_AdjustAngleForWallRun  300d3d70 f   bg_pmove.obj
 0002:00014510       _PM_AdjustAnglesForWallRunUpFlipAlt 300d4510 f   bg_pmove.obj
 0002:00014580       _PM_AdjustAngleForWallRunUp 300d4580 f   bg_pmove.obj
 0002:00014d50       _PM_AdjustAngleForWallJump 300d4d50 f   bg_pmove.obj
 0002:000155a0       _PM_SetForceJumpZStart     300d55a0 f   bg_pmove.obj
 0002:00015630       _PM_GrabWallForJump        300d5630 f   bg_pmove.obj
 0002:00015b80       _PM_CheckDualForwardJumpDuck 300d5b80 f   bg_pmove.obj
 0002:00015ca0       _PM_CheckFixMins           300d5ca0 f   bg_pmove.obj
 0002:00016120       _PM_Use                    300d6120 f   bg_pmove.obj
 0002:000161f0       _PM_WalkingAnim            300d61f0 f   bg_pmove.obj
 0002:000162b0       _PM_RunningAnim            300d62b0 f   bg_pmove.obj
 0002:00016360       _PM_SwimmingAnim           300d6360 f   bg_pmove.obj
 0002:000163d0       _PM_RollingAnim            300d63d0 f   bg_pmove.obj
 0002:00016440       _PM_AnglesForSlope         300d6440 f   bg_pmove.obj
 0002:00016620       _PM_FootSlopeTrace         300d6620 f   bg_pmove.obj
 0002:00016bf0       _BG_InSlopeAnim            300d6bf0 f   bg_pmove.obj
 0002:00016c60       _PM_AdjustStandAnimForSlope 300d6c60 f   bg_pmove.obj
 0002:000176b0       _PM_LegsSlopeBackTransition 300d76b0 f   bg_pmove.obj
 0002:00017810       _BG_ClearRocketLock        300d7810 f   bg_pmove.obj
 0002:00017890       _PM_BeginWeaponChange      300d7890 f   bg_pmove.obj
 0002:000179e0       _PM_FinishWeaponChange     300d79e0 f   bg_pmove.obj
 0002:00017af0       _BG_VehTraceFromCamPos     300d7af0 f   bg_pmove.obj
 0002:00017f60       _PM_RocketLock             300d7f60 f   bg_pmove.obj
 0002:00018740       _PM_ItemUsable             300d8740 f   bg_pmove.obj
 0002:00018e60       _PM_CanSetWeaponAnims      300d8e60 f   bg_pmove.obj
 0002:00018eb0       _PM_VehicleWeaponAnimate   300d8eb0 f   bg_pmove.obj
 0002:00019560       _BG_UnrestrainedPitchRoll  300d9560 f   bg_pmove.obj
 0002:00019610       _PM_UpdateViewAngles       300d9610 f   bg_pmove.obj
 0002:000197b0       _PM_AdjustAttackStates     300d97b0 f   bg_pmove.obj
 0002:00019e30       _BG_CmdForRoll             300d9e30 f   bg_pmove.obj
 0002:0001a200       _BG_AdjustClientSpeed      300da200 f   bg_pmove.obj
 0002:0001a8c0       _BG_InRollAnim             300da8c0 f   bg_pmove.obj
 0002:0001a930       _BG_InKnockDown            300da930 f   bg_pmove.obj
 0002:0001a9f0       _BG_InRollES               300da9f0 f   bg_pmove.obj
 0002:0001aa60       _BG_IK_MoveArm             300daa60 f   bg_pmove.obj
 0002:0001b3a0       _BG_UpdateLookAngles       300db3a0 f   bg_pmove.obj
 0002:0001b710       _BG_InRoll2                300db710 f   bg_pmove.obj
 0002:0001b810       _BG_G2PlayerAngles         300db810 f   bg_pmove.obj
 0002:0001d6b0       _BG_G2ATSTAngles           300dd6b0 f   bg_pmove.obj
 0002:0001d720       _PM_VehicleViewAngles      300dd720 f   bg_pmove.obj
 0002:0001dad0       _PM_WeaponOkOnVehicle      300ddad0 f   bg_pmove.obj
 0002:0001db40       _PM_GetOkWeaponForVehicle  300ddb40 f   bg_pmove.obj
 0002:0001dbe0       _PM_VehForcedTurning       300ddbe0 f   bg_pmove.obj
 0002:0001de90       _PM_VehFaceHyperspacePoint 300dde90 f   bg_pmove.obj
 0002:0001e340       _BG_VehicleAdjustBBoxForOrientation 300de340 f   bg_pmove.obj
 0002:0001edb0       _PM_MoveForKata            300dedb0 f   bg_pmove.obj
 0002:0001f060       _PmoveSingle               300df060 f   bg_pmove.obj
 0002:00021990       _PM_IsRocketTrooper        300e1990 f i bg_pmove.obj
 0002:0002ee90       _Pmove                     300eee90 f   bg_pmove.obj
 0002:0002f020       _PM_irand_timesync         300ef020 f   bg_saber.obj
 0002:0002f0f0       _BG_ForcePowerDrain        300ef0f0 f   bg_saber.obj
 0002:0002f2f0       _BG_EnoughForcePowerForMove 300ef2f0 f   bg_saber.obj
 0002:0002f360       _PM_AttackMoveForQuad      300ef360 f   bg_saber.obj
 0002:0002f430       _PM_SaberAnimTransitionAnim 300ef430 f   bg_saber.obj
 0002:0002f750       _PM_CheckStabDown          300ef750 f   bg_saber.obj
 0002:0002fb40       _PM_SaberMoveQuadrantForMovement 300efb40 f   bg_saber.obj
 0002:0002fc40       _PM_SaberInBounce          300efc40 f   bg_saber.obj
 0002:0002fcb0       _PM_SaberAttackChainAngle  300efcb0 f   bg_saber.obj
 0002:0002fd20       _PM_SaberKataDone          300efd20 f   bg_saber.obj
 0002:00030030       _PM_SetAnimFrame           300f0030 f   bg_saber.obj
 0002:00030070       _PM_SaberLockWinAnim       300f0070 f   bg_saber.obj
 0002:000302f0       _PM_SaberLockLoseAnim      300f02f0 f   bg_saber.obj
 0002:00030580       _PM_SaberLockResultAnim    300f0580 f   bg_saber.obj
 0002:00030760       _PM_SaberLockBreak         300f0760 f   bg_saber.obj
 0002:00030d80       _BG_CheckIncrementLockAnim 300f0d80 f   bg_saber.obj
 0002:00030ed0       _PM_SaberLocked            300f0ed0 f   bg_saber.obj
 0002:00031640       _PM_SaberInBrokenParry     300f1640 f   bg_saber.obj
 0002:000316b0       _PM_BrokenParryForParry    300f16b0 f   bg_saber.obj
 0002:00031850       _PM_CanBackstab            300f1850 f   bg_saber.obj
 0002:00031b30       _PM_SaberFlipOverAttackMove 300f1b30 f   bg_saber.obj
 0002:00031dd0       _PM_SaberBackflipAttackMove 300f1dd0 f   bg_saber.obj
 0002:00031f20       _PM_SaberDualJumpAttackMove 300f1f20 f   bg_saber.obj
 0002:00031f60       _PM_SomeoneInFront         300f1f60 f   bg_saber.obj
 0002:00032200       _PM_SaberLungeAttackMove   300f2200 f   bg_saber.obj
 0002:000324b0       _PM_SaberJumpAttackMove2   300f24b0 f   bg_saber.obj
 0002:00032610       _PM_SaberJumpAttackMove    300f2610 f   bg_saber.obj
 0002:000328b0       _PM_GroundDistance         300f28b0 f   bg_saber.obj
 0002:00032ae0       _PM_WalkableGroundDistance 300f2ae0 f   bg_saber.obj
 0002:00032ca0       _PM_CheckPullAttack        300f2ca0 f   bg_saber.obj
 0002:00032cd0       _PM_InSecondaryStyle       300f2cd0 f   bg_saber.obj
 0002:00032d60       _PM_SaberAttackForMovement 300f2d60 f   bg_saber.obj
 0002:00034270       _PM_KickMoveForConditions  300f4270 f   bg_saber.obj
 0002:00034430       _PM_SaberMoveOkayForKata   300f4430 f   bg_saber.obj
 0002:000344b0       _PM_CanDoKata              300f44b0 f   bg_saber.obj
 0002:000346b0       _PM_CheckAltKickAttack     300f46b0 f   bg_saber.obj
 0002:00034810       _PM_SaberPowerCheck        300f4810 f   bg_saber.obj
 0002:000348d0       _PM_CanDoRollStab          300f48d0 f   bg_saber.obj
 0002:000349b0       _PM_WeaponLightsaber       300f49b0 f   bg_saber.obj
 0002:00036ad0       _PM_SetSaberMove           300f6ad0 f   bg_saber.obj
 0002:000376a0       _BG_MySaber                300f76a0 f   bg_saber.obj
 0002:000377a0       _BG_SoundIndex             300f77a0 f   bg_saberLoad.obj
 0002:000377f0       _BG_ParseLiteral           300f77f0 f   bg_saberLoad.obj
 0002:000378b0       _TranslateSaberColor       300f78b0 f   bg_saberLoad.obj
 0002:00037a00       _TranslateSaberStyle       300f7a00 f   bg_saberLoad.obj
 0002:00037b40       _WP_SaberBladeUseSecondBladeStyle 300f7b40 f   bg_saberLoad.obj
 0002:00037bb0       _WP_SaberBladeDoTransitionDamage 300f7bb0 f   bg_saberLoad.obj
 0002:00037c70       _WP_UseFirstValidSaberStyle 300f7c70 f   bg_saberLoad.obj
 0002:00037f20       _WP_SaberStyleValidForSaber 300f7f20 f   bg_saberLoad.obj
 0002:000381b0       _WP_SaberCanTurnOffSomeBlades 300f81b0 f   bg_saberLoad.obj
 0002:00038260       _WP_SaberSetDefaults       300f8260 f   bg_saberLoad.obj
 0002:000388c0       _WP_SaberParseParms        300f88c0 f   bg_saberLoad.obj
 0002:0003c7a0       _WP_SaberParseParm         300fc7a0 f   bg_saberLoad.obj
 0002:0003c9d0       _WP_SaberValidForPlayerInMP 300fc9d0 f   bg_saberLoad.obj
 0002:0003cad0       _WP_RemoveSaber            300fcad0 f   bg_saberLoad.obj
 0002:0003cbb0       _WP_SetSaber               300fcbb0 f   bg_saberLoad.obj
 0002:0003cd10       _WP_SaberSetColor          300fcd10 f   bg_saberLoad.obj
 0002:0003cd90       _WP_SaberLoadParms         300fcd90 f   bg_saberLoad.obj
 0002:0003d030       _BG_BLADE_ActivateTrail    300fd030 f   bg_saberLoad.obj
 0002:0003d090       _BG_BLADE_DeactivateTrail  300fd090 f   bg_saberLoad.obj
 0002:0003d0f0       _BG_SI_Activate            300fd0f0 f   bg_saberLoad.obj
 0002:0003d170       _BG_SI_Deactivate          300fd170 f   bg_saberLoad.obj
 0002:0003d1f0       _BG_SI_BladeActivate       300fd1f0 f   bg_saberLoad.obj
 0002:0003d260       _BG_SI_Active              300fd260 f   bg_saberLoad.obj
 0002:0003d2e0       _BG_SI_SetLength           300fd2e0 f   bg_saberLoad.obj
 0002:0003d360       _BG_SI_SetDesiredLength    300fd360 f   bg_saberLoad.obj
 0002:0003d410       _BG_SI_SetLengthGradual    300fd410 f   bg_saberLoad.obj
 0002:0003d850       _BG_SI_Length              300fd850 f   bg_saberLoad.obj
 0002:0003d910       _BG_SI_LengthMax           300fd910 f   bg_saberLoad.obj
 0002:0003d9d0       _BG_SI_ActivateTrail       300fd9d0 f   bg_saberLoad.obj
 0002:0003da70       _BG_SI_DeactivateTrail     300fda70 f   bg_saberLoad.obj
 0002:0003db10       _BG_SiegeStripTabs         300fdb10 f   bg_saga.obj
 0002:0003dbc0       _BG_SiegeGetValueGroup     300fdbc0 f   bg_saga.obj
 0002:0003e490       _BG_SiegeGetPairedValue    300fe490 f   bg_saga.obj
 0002:0003eb20       _BG_SiegeTranslateForcePowers 300feb20 f   bg_saga.obj
 0002:0003f040       _BG_SiegeTranslateGenericTable 300ff040 f   bg_saga.obj
 0002:0003f320       _BG_SiegeParseClassFile    300ff320 f   bg_saga.obj
 0002:00040060       _BG_SiegeCountBaseClass    30100060 f   bg_saga.obj
 0002:00040130       _BG_GetUIPortraitFile      30100130 f   bg_saga.obj
 0002:00040220       _BG_GetUIPortrait          30100220 f   bg_saga.obj
 0002:00040310       _BG_GetClassOnBaseClass    30100310 f   bg_saga.obj
 0002:000403f0       _BG_SiegeLoadClasses       301003f0 f   bg_saga.obj
 0002:000405d0       _BG_SiegeFindClassByName   301005d0 f   bg_saga.obj
 0002:00040680       _BG_SiegeParseTeamFile     30100680 f   bg_saga.obj
 0002:00040a80       _BG_SiegeLoadTeams         30100a80 f   bg_saga.obj
 0002:00040c20       _BG_SiegeFindThemeForTeam  30100c20 f   bg_saga.obj
 0002:00040c80       _BG_PrecacheSabersForSiegeTeam 30100c80 f   bg_saga.obj
 0002:00040ea0       _BG_SiegeCheckClassLegality 30100ea0 f   bg_saga.obj
 0002:00040fb0       _BG_SiegeFindTeamForTheme  30100fb0 f   bg_saga.obj
 0002:00041070       _BG_SiegeSetTeamTheme      30101070 f   bg_saga.obj
 0002:000410f0       _BG_SiegeFindClassIndexByName 301010f0 f   bg_saga.obj
 0002:00041190       _PM_VehicleImpact          30101190 f   bg_slidemove.obj
 0002:00041e80       _PM_GroundSlideOkay        30101e80 f   bg_slidemove.obj
 0002:00041fd0       _PM_SlideMove              30101fd0 f   bg_slidemove.obj
 0002:00042ec0       _PM_StepSlideMove          30102ec0 f   bg_slidemove.obj
 0002:00043a60       _BG_ClearVehicleParseParms 30103a60 f   bg_vehicleLoad.obj
 0002:00043aa0       _VEH_LoadVehWeapon         30103aa0 f   bg_vehicleLoad.obj
 0002:00044430       _VEH_VehWeaponIndexForName 30104430 f   bg_vehicleLoad.obj
 0002:00044560       _BG_SetSharedVehicleFunctions 30104560 f   bg_vehicleLoad.obj
 0002:00044640       _BG_VehicleSetDefaults     30104640 f   bg_vehicleLoad.obj
 0002:000446a0       _BG_VehicleClampData       301046a0 f   bg_vehicleLoad.obj
 0002:00044790       _VEH_LoadVehicle           30104790 f   bg_vehicleLoad.obj
 0002:00045e30       _VEH_VehicleIndexForName   30105e30 f   bg_vehicleLoad.obj
 0002:00045f60       _BG_VehWeaponLoadParms     30105f60 f   bg_vehicleLoad.obj
 0002:00046220       _BG_VehicleLoadParms       30106220 f   bg_vehicleLoad.obj
 0002:00046520       _BG_VehicleGetIndex        30106520 f   bg_vehicleLoad.obj
 0002:00046570       _BG_GetVehicleModelName    30106570 f   bg_vehicleLoad.obj
 0002:00046640       _BG_GetVehicleSkinName     30106640 f   bg_vehicleLoad.obj
 0002:00046750       _AttachRidersGeneric       30106750 f   bg_vehicleLoad.obj
 0002:00046ae0       _CG_TargetCommand_f        30106ae0 f   cg_consolecmds.obj
 0002:00047930       _reCalc                    30107930 f   cg_consolecmds.obj
 0002:0004ac00       _CG_DumpLoc_f              3010ac00 f   cg_consolecmds.obj
 0002:0004db60       _FS_BuildOSPath            3010db60 f   cg_consolecmds.obj
 0002:0004dd30       _FS_FileExists             3010dd30 f   cg_consolecmds.obj
 0002:0004dde0       _SaveTGA                   3010dde0 f   cg_consolecmds.obj
 0002:0004e6e0       _R_MME_SaveShot            3010e6e0 f   cg_consolecmds.obj
 0002:0004eaa0       _R_MME_CheckCvars          3010eaa0 f   cg_consolecmds.obj
 0002:0004f370       _R_MME_TakeShot            3010f370 f   cg_consolecmds.obj
 0002:0004fee0       _R_MME_CaptureShotCmd      3010fee0 f   cg_consolecmds.obj
 0002:00050160       _R_MME_Init                30110160 f   cg_consolecmds.obj
 0002:00050280       _R_MME_Shutdown            30110280 f   cg_consolecmds.obj
 0002:000502e0       _R_Screenshot_PNG          301102e0 f   cg_consolecmds.obj
 0002:000503b0       _R_ScreenshotFilename      301103b0 f   cg_consolecmds.obj
 0002:000504d0       _R_ScreenShot_f            301104d0 f   cg_consolecmds.obj
 0002:000506c0       _CG_ConsoleCommand         301106c0 f   cg_consolecmds.obj
 0002:00050780       _CG_InitConsoleCommands    30110780 f   cg_consolecmds.obj
 0002:00050af0       _UI_ParseAnimationFile     30110af0 f   cg_draw.obj
 0002:00050b50       _MenuFontToHandle          30110b50 f   cg_draw.obj
 0002:00050c00       _CG_Text_Width             30110c00 f   cg_draw.obj
 0002:00050c70       _CG_Text_Height            30110c70 f   cg_draw.obj
 0002:00050ce0       _CG_Text_Paint             30110ce0 f   cg_draw.obj
 0002:00050e40       _CG_Draw3DModel            30110e40 f   cg_draw.obj
 0002:00051080       _CG_DrawHead               30111080 f   cg_draw.obj
 0002:00051160       _CG_DrawFlagModel          30111160 f   cg_draw.obj
 0002:00051430       _DrawAmmo                  30111430 f   cg_draw.obj
 0002:00051470       _CG_DrawHealth             30111470 f   cg_draw.obj
 0002:000516f0       _CG_DrawArmor              301116f0 f   cg_draw.obj
 0002:00051a90       _CG_DrawForcePower         30111a90 f   cg_draw.obj
 0002:00051de0       _CG_DrawHUD                30111de0 f   cg_draw.obj
 0002:00052d50       _ForcePower_Valid          30112d50 f   cg_draw.obj
 0002:00052dd0       _CG_DrawForceSelect        30112dd0 f   cg_draw.obj
 0002:00053390       _CG_DrawInvenSelect        30113390 f   cg_draw.obj
 0002:00053b80       _CG_CheckTargetVehicle     30113b80 f   cg_draw.obj
 0002:00053de0       _CG_DrawVehicleShields     30113de0 f   cg_draw.obj
 0002:000540e0       _CG_DrawVehicleAmmo        301140e0 f   cg_draw.obj
 0002:00054430       _CG_DrawVehicleAmmoUpper   30114430 f   cg_draw.obj
 0002:00054780       _CG_DrawVehicleAmmoLower   30114780 f   cg_draw.obj
 0002:00054ad0       _CG_DrawVehicleTurboRecharge 30114ad0 f   cg_draw.obj
 0002:00054c40       _CG_DrawVehicleWeaponsLinked 30114c40 f   cg_draw.obj
 0002:00054dd0       _CG_DrawVehicleSpeed       30114dd0 f   cg_draw.obj
 0002:00055160       _CG_DrawVehicleArmor       30115160 f   cg_draw.obj
 0002:00055450       _CG_DrawVehicleDamage      30115450 f   cg_draw.obj
 0002:000556e0       _CG_DrawVehicleDamageHUD   301156e0 f   cg_draw.obj
 0002:00055b10       _CG_DrawVehicleHud         30115b10 f   cg_draw.obj
 0002:00055ef0       _CG_DrawTeamBackground     30115ef0 f   cg_draw.obj
 0002:00056000       _CG_DrawHealthBarRough     30116000 f   cg_draw.obj
 0002:00056270       _CG_DrawDuelistHealth      30116270 f   cg_draw.obj
 0002:000563e0       _CG_DrawRadar              301163e0 f   cg_draw.obj
 0002:000584b0       _CG_AddLagometerFrameInfo  301184b0 f   cg_draw.obj
 0002:00058520       _CG_AddLagometerSnapshotInfo 30118520 f   cg_draw.obj
 0002:00058610       _CG_DrawSiegeMessage       30118610 f   cg_draw.obj
 0002:000586a0       _CG_DrawSiegeMessageNonMenu 301186a0 f   cg_draw.obj
 0002:00058790       _CG_CenterPrint            30118790 f   cg_draw.obj
 0002:00058910       _CG_DrawSiegeInfo          30118910 f   cg_draw.obj
 0002:00058fe0       _CG_DrawHealthBar          30118fe0 f   cg_draw.obj
 0002:00059310       _CG_DrawHaqrBar            30119310 f   cg_draw.obj
 0002:00059630       _CG_DrawGenericTimerBar    30119630 f   cg_draw.obj
 0002:00059920       _CG_LerpCrosshairPos       30119920 f   cg_draw.obj
 0002:00059b20       _CG_WorldCoordToScreenCoordFloat 30119b20 f   cg_draw.obj
 0002:00059d50       _CG_WorldCoordToScreenCoord 30119d50 f   cg_draw.obj
 0002:00059e20       _CG_SaberClashFlare        30119e20 f   cg_draw.obj
 0002:0005a150       _CG_DottedLine             3011a150 f   cg_draw.obj
 0002:0005a2e0       _CG_BracketEntity          3011a2e0 f   cg_draw.obj
 0002:0005aea0       _CG_InFighter              3011aea0 f   cg_draw.obj
 0002:0005af40       _CG_InATST                 3011af40 f   cg_draw.obj
 0002:0005afe0       _CG_DrawBracketedEntities  3011afe0 f   cg_draw.obj
 0002:0005b090       _CG_CalcVehicleMuzzlePoint 3011b090 f   cg_draw.obj
 0002:0005b5b0       _CG_CalcEWebMuzzlePoint    3011b5b0 f   cg_draw.obj
 0002:0005b980       _CG_SanitizeString         3011b980 f   cg_draw.obj
 0002:0005baa0       _CG_DrawTimedMenus         3011baa0 f   cg_draw.obj
 0002:0005bb40       _CG_DrawFlagStatus         3011bb40 f   cg_draw.obj
 0002:0005bd70       _CG_DrawJetpackFuel        3011bd70 f   cg_draw.obj
 0002:0005c050       _CG_DrawEWebHealth         3011c050 f   cg_draw.obj
 0002:0005c380       _CG_DrawCloakFuel          3011c380 f   cg_draw.obj
 0002:0005c670       _CG_ChatBox_StrInsert      3011c670 f   cg_draw.obj
 0002:0005c770       _CG_ChatBox_AddString      3011c770 f   cg_draw.obj
 0002:0005ca40       _CG_ChatBox_ArrayInsert    3011ca40 f   cg_draw.obj
 0002:0005caf0       _CG_DrawActive             3011caf0 f   cg_draw.obj
 0002:00067990       _CG_DrawRect               30127990 f   cg_drawtools.obj
 0002:00067a60       _CG_GetColorForHealth      30127a60 f   cg_drawtools.obj
 0002:00067bd0       _CG_DrawSides              30127bd0 f   cg_drawtools.obj
 0002:00067ce0       _CG_DrawTopBottom          30127ce0 f   cg_drawtools.obj
 0002:00067df0       _CG_FillRect2              30127df0 f   cg_drawtools.obj
 0002:00067ea0       _CG_FillRect               30127ea0 f   cg_drawtools.obj
 0002:00067f50       _CG_DrawPic                30127f50 f   cg_drawtools.obj
 0002:00067fe0       _CG_DrawRotatePic          30127fe0 f   cg_drawtools.obj
 0002:00068080       _CG_DrawRotatePic2         30128080 f   cg_drawtools.obj
 0002:00068120       _CG_DrawChar               30128120 f   cg_drawtools.obj
 0002:00068260       _CG_DrawStringExt          30128260 f   cg_drawtools.obj
 0002:000685a0       _CG_DrawBigString          301285a0 f   cg_drawtools.obj
 0002:00068660       _CG_DrawBigStringColor     30128660 f   cg_drawtools.obj
 0002:000686d0       _CG_DrawSmallString        301286d0 f   cg_drawtools.obj
 0002:00068790       _CG_DrawSmallStringColor   30128790 f   cg_drawtools.obj
 0002:00068800       _CG_DrawStrlen             30128800 f   cg_drawtools.obj
 0002:000688d0       _CG_TileClear              301288d0 f   cg_drawtools.obj
 0002:00068b40       _CG_FadeColor              30128b40 f   cg_drawtools.obj
 0002:00068c10       _CG_ColorForGivenHealth    30128c10 f   cg_drawtools.obj
 0002:00068cf0       _CG_ColorForHealth         30128cf0 f   cg_drawtools.obj
 0002:00068de0       _CG_DrawNumField           30128de0 f   cg_drawtools.obj
 0002:00069380       _UI_DrawProportionalString 30129380 f   cg_drawtools.obj
 0002:000694d0       _UI_DrawScaledProportionalString 301294d0 f   cg_drawtools.obj
 0002:00069610       _CG_BubbleTrail            30129610 f   cg_effects.obj
 0002:00069a30       _CG_SmokePuff              30129a30 f   cg_effects.obj
 0002:00069d80       _CGDEBUG_SaberColor        30129d80 f   cg_effects.obj
 0002:00069e40       _CG_TestLine               30129e40 f   cg_effects.obj
 0002:0006a040       _CG_ThrowChunk             3012a040 f   cg_effects.obj
 0002:0006a290       _CG_InitGlass              3012a290 f   cg_effects.obj
 0002:0006a3c0       _Vector2Set                3012a3c0 f   cg_effects.obj
 0002:0006a410       _CG_DoGlass                3012a410 f   cg_effects.obj
 0002:0006bd40       _CG_GlassShatter           3012bd40 f   cg_effects.obj
 0002:0006be50       _CG_GlassShatter_Old       3012be50 f   cg_effects.obj
 0002:0006c3a0       _CG_CreateDebris           3012c3a0 f   cg_effects.obj
 0002:0006cad0       _CG_ExplosionEffects       3012cad0 f   cg_effects.obj
 0002:0006cbe0       _CG_MiscModelExplosion     3012cbe0 f   cg_effects.obj
 0002:0006cff0       _CG_Chunks                 3012cff0 f   cg_effects.obj
 0002:0006daf0       _CG_ScorePlum              3012daf0 f   cg_effects.obj
 0002:0006dd50       _CG_MakeExplosion          3012dd50 f   cg_effects.obj
 0002:0006e1c0       _CG_SurfaceExplosion       3012e1c0 f   cg_effects.obj
 0002:0006ea20       _CG_Bleed                  3012ea20 f   cg_effects.obj
 0002:0006eb70       _CG_LaunchGib              3012eb70 f   cg_effects.obj
 0002:0006ed40       _CG_PositionEntityOnTag    3012ed40 f   cg_ents.obj
 0002:0006ef00       _CG_PositionRotatedEntityOnTag 3012ef00 f   cg_ents.obj
 0002:0006f0f0       _CG_SetEntitySoundPosition 3012f0f0 f   cg_ents.obj
 0002:0006f210       _CG_S_AddLoopingSound      3012f210 f   cg_ents.obj
 0002:0006f3e0       _CG_S_AddRealLoopingSound  3012f3e0 f   cg_ents.obj
 0002:0006f440       _CG_S_StopLoopingSound     3012f440 f   cg_ents.obj
 0002:0006f590       _CG_S_UpdateLoopingSounds  3012f590 f   cg_ents.obj
 0002:0006f730       _FX_AddOrientedLine        3012f730 f   cg_ents.obj
 0002:0006f9a0       _FX_DrawPortableShield     3012f9a0 f   cg_ents.obj
 0002:0006fd10       _CG_Special                3012fd10 f   cg_ents.obj
 0002:0006fd90       _CG_SetGhoul2Info          3012fd90 f   cg_ents.obj
 0002:0006fe70       _CG_CreateBBRefEnts        3012fe70 f   cg_ents.obj
 0002:0006fea0       _G2_BoltToGhoul2Model      3012fea0 f   cg_ents.obj
 0002:00070090       _ScaleModelAxis            30130090 f   cg_ents.obj
 0002:00070280       _CG_Disintegration         30130280 f   cg_ents.obj
 0002:000708f0       _CG_AddRadarEnt            301308f0 f   cg_ents.obj
 0002:00070990       _CG_AddBracketedEnt        30130990 f   cg_ents.obj
 0002:00070a30       _G_GetDismemberLoc         30130a30 f   cg_ents.obj
 0002:00070f50       _G_GetDismemberBolt        30130f50 f   cg_ents.obj
 0002:00071550       _G_SetOrigin               30131550 f   cg_ents.obj
 0002:00071630       _G_Spawn                   30131630 f   cg_ents.obj
 0002:000716a0       _G_Dismember               301316a0 f   cg_ents.obj
 0002:00071e50       _CG_GreyItem               30131e50 f   cg_ents.obj
 0002:00071ed0       _CG_CreateDistortionTrailPart 30131ed0 f   cg_ents.obj
 0002:00072260       _CG_PlayDoorLoopSound      30132260 f   cg_ents.obj
 0002:00072410       _CG_PlayDoorSound          30132410 f   cg_ents.obj
 0002:000724e0       _CG_Beam                   301324e0 f   cg_ents.obj
 0002:00072660       _CG_AdjustPositionForMover 30132660 f   cg_ents.obj
 0002:000728f0       _CG_CalcEntityLerpPositions 301328f0 f   cg_ents.obj
 0002:00072db0       _CG_ManualEntityRender     30132db0 f   cg_ents.obj
 0002:0007a8f0       _CG_AddPacketEntities      3013a8f0 f   cg_ents.obj
 0002:0007ae00       _CG_ROFF_NotetrackCallback 3013ae00 f   cg_ents.obj
 0002:0007b740       _CG_Cube                   3013b740 f   cg_ents.obj
 0002:0007baf0       _CG_PlaceString            3013baf0 f   cg_event.obj
 0002:0007be70       _CG_ToggleBinoculars       3013be70 f   cg_event.obj
 0002:0007bfa0       _CG_LocalTimingBar         3013bfa0 f   cg_event.obj
 0002:0007c010       _CG_PainEvent              3013c010 f   cg_event.obj
 0002:0007c110       _CG_ReattachLimb           3013c110 f   cg_event.obj
 0002:0007c200       _CG_TeamName               3013c200 f   cg_event.obj
 0002:0007c270       _CG_PrintCTFMessage        3013c270 f   cg_event.obj
 0002:0007c650       _CG_GetCTFMessageEvent     3013c650 f   cg_event.obj
 0002:0007c720       _DoFall                    3013c720 f   cg_event.obj
 0002:0007c9c0       _CG_InClientBitflags       3013c9c0 f   cg_event.obj
 0002:0007ca90       _CG_TryPlayCustomSound     3013ca90 f   cg_event.obj
 0002:0007cb10       _CG_G2MarkEvent            3013cb10 f   cg_event.obj
 0002:0007cfb0       _CG_CalcVehMuzzle          3013cfb0 f   cg_event.obj
 0002:0007d3c0       _CG_VehMuzzleFireFX        3013d3c0 f   cg_event.obj
 0002:0007d5e0       _CG_GetStringForVoiceSound 3013d5e0 f   cg_event.obj
 0002:0007d6d0       _CG_EntityEvent            3013d6d0 f   cg_event.obj
 0002:00085bd0       _CG_CheckEvents            30145bd0 f   cg_event.obj
 0002:00085d20       _CG_LoadingString          30145d20 f   cg_info.obj
 0002:00085d80       _CG_LoadingItem            30145d80 f   cg_info.obj
 0002:00085e90       _CG_LoadingClient          30145e90 f   cg_info.obj
 0002:00085f90       _CG_DrawInformation        30145f90 f   cg_info.obj
 0002:00087220       _CG_LoadBar                30147220 f   cg_info.obj
 0002:00087450       _CG_ClearLightStyles       30147450 f   cg_light.obj
 0002:000874f0       _CG_RunLightStyles         301474f0 f   cg_light.obj
 0002:00087680       _CG_SetLightstyle          30147680 f   cg_light.obj
 0002:00087800       _CG_InitLocalEntities      30147800 f   cg_localents.obj
 0002:000878d0       _CG_FreeLocalEntity        301478d0 f   cg_localents.obj
 0002:00087970       _CG_AllocLocalEntity       30147970 f   cg_localents.obj
 0002:00087a50       _CG_BloodTrail             30147a50 f   cg_localents.obj
 0002:00087bc0       _CG_FragmentBounceMark     30147bc0 f   cg_localents.obj
 0002:00087c60       _CG_FragmentBounceSound    30147c60 f   cg_localents.obj
 0002:00087d80       _CG_ReflectVelocity        30147d80 f   cg_localents.obj
 0002:00087fd0       _CG_AddFragment            30147fd0 f   cg_localents.obj
 0002:00088460       _CG_AddFadeRGB             30148460 f   cg_localents.obj
 0002:00088640       _CG_AddRefEntity           30148640 f   cg_localents.obj
 0002:000886c0       _CG_AddScorePlum           301486c0 f   cg_localents.obj
 0002:00088e50       _CG_AddOLine               30148e50 f   cg_localents.obj
 0002:00089100       _CG_AddLine                30149100 f   cg_localents.obj
 0002:00089170       _CG_AddLocalEntities       30149170 f   cg_localents.obj
 0002:0008b000       _CG_NoUseableForce         3014b000 f   cg_main.obj
 0002:0008b090       _vmMain                    3014b090 f   cg_main.obj
 0002:0008c250       _CG_MiscEnt                3014c250 f   cg_main.obj
 0002:0008c630       _CG_DrawMiscEnts           3014c630 f   cg_main.obj
 0002:0008c830       _CG_RegisterCvars          3014c830 f   cg_main.obj
 0002:0008ccf0       _CG_UpdateCvars            3014ccf0 f   cg_main.obj
 0002:0008cf50       _CG_CrosshairPlayer        3014cf50 f   cg_main.obj
 0002:0008cfc0       _CG_LastAttacker           3014cfc0 f   cg_main.obj
 0002:0008d010       _CG_Printf                 3014d010 f   cg_main.obj
 0002:0008d0e0       _CG_Error                  3014d0e0 f   cg_main.obj
 0002:0008d1b0       _Com_Error                 3014d1b0 f   cg_main.obj
 0002:0008d290       _Com_Printf                3014d290 f   cg_main.obj
 0002:0008d370       _CG_Argv                   3014d370 f   cg_main.obj
 0002:0008d3d0       _BG_GetTime                3014d3d0 f   cg_main.obj
 0002:0008d410       _CG_ParseWeatherEffect     3014d410 f   cg_main.obj
 0002:0008d470       _CG_ParseSiegeState        3014d470 f   cg_main.obj
 0002:0008d650       _CG_GetStringEdString      3014d650 f   cg_main.obj
 0002:0008d6f0       _CG_SiegeCountCvars        3014d6f0 f   cg_main.obj
 0002:0008daf0       _CG_BuildSpectatorString   3014daf0 f   cg_main.obj
 0002:0008dc00       _CG_ConfigString           3014dc00 f   cg_main.obj
 0002:0008dc80       _CG_StartMusic             3014dc80 f   cg_main.obj
 0002:0008ddc0       _CG_GetMenuBuffer          3014ddc0 f   cg_main.obj
 0002:0008df00       _CG_Asset_Parse            3014df00 f   cg_main.obj
 0002:0008e6f0       _CG_ParseMenu              3014e6f0 f   cg_main.obj
 0002:0008e8a0       _CG_Load_Menu              3014e8a0 f   cg_main.obj
 0002:0008e980       _CG_SetScoreSelection      3014e980 f   cg_main.obj
 0002:0008eb00       _CG_Cvar_Get               3014eb00 f   cg_main.obj
 0002:0008ebf0       _CG_Cvar_Int               3014ebf0 f   cg_main.obj
 0002:0008ecd0       _CG_Cvar_String            3014ecd0 f   cg_main.obj
 0002:0008ed80       _CG_Text_PaintWithCursor   3014ed80 f   cg_main.obj
 0002:0008ee10       _CG_LoadMenus              3014ee10 f   cg_main.obj
 0002:0008f040       _CG_LoadHudMenu            3014f040 f   cg_main.obj
 0002:0008fdc0       _CG_AssetCache             3014fdc0 f   cg_main.obj
 0002:0008ff80       _CG_Init_CG                3014ff80 f   cg_main.obj
 0002:0008ffe0       _CG_Init_CGents            3014ffe0 f   cg_main.obj
 0002:00090040       _CG_InitItems              30150040 f   cg_main.obj
 0002:000900a0       _CG_TransitionPermanent    301500a0 f   cg_main.obj
 0002:00090210       _CG_StrPool_Alloc          30150210 f   cg_main.obj
 0002:000902b0       _CG_StrPool_Reset          301502b0 f   cg_main.obj
 0002:000902f0       _CG_NewString              301502f0 f   cg_main.obj
 0002:00090410       _CG_CreateSkyPortalFromSpawnEnt 30150410 f   cg_main.obj
 0002:00090460       _CG_CreateSkyOriFromSpawnEnt 30150460 f   cg_main.obj
 0002:000904e0       _CG_CreateBrushEntData     301504e0 f   cg_main.obj
 0002:00090550       _CG_CreateWeatherZoneFromSpawnEnt 30150550 f   cg_main.obj
 0002:000905c0       _CG_CreateModelFromSpawnEnt 301505c0 f   cg_main.obj
 0002:00090960       _CG_AddSpawnVarToken       30150960 f   cg_main.obj
 0002:00090a30       _CG_ParseSpawnVars         30150a30 f   cg_main.obj
 0002:00090c60       _CG_SpawnCGameEntFromVars  30150c60 f   cg_main.obj
 0002:00090e70       _CG_SpawnCGameOnlyEnts     30150e70 f   cg_main.obj
 0002:00090f00       _CG_Init                   30150f00 f   cg_main.obj
 0002:00094b20       _CG_GetLocationString      30154b20 f   cg_main.obj
 0002:00094ba0       _CG_DestroyAllGhoul2       30154ba0 f   cg_main.obj
 0002:00094ce0       _CG_Shutdown               30154ce0 f   cg_main.obj
 0002:00094d70       _CG_NextForcePower_f       30154d70 f   cg_main.obj
 0002:00094ee0       _CG_PrevForcePower_f       30154ee0 f   cg_main.obj
 0002:00095050       _CG_NextInventory_f        30155050 f   cg_main.obj
 0002:00095150       _CG_PrevInventory_f        30155150 f   cg_main.obj
 0002:00095250       _CG_InitMarkPolys          30155250 f   cg_marks.obj
 0002:00095320       _CG_FreeMarkPoly           30155320 f   cg_marks.obj
 0002:000953c0       _CG_AllocMark              301553c0 f   cg_marks.obj
 0002:000954b0       _CG_ImpactMark             301554b0 f   cg_marks.obj
 0002:00095e00       _CG_AddMarks               30155e00 f   cg_marks.obj
 0002:00096390       _CG_ClearParticles         30156390 f   cg_marks.obj
 0002:000964a0       _CG_AddParticleToScene     301564a0 f   cg_marks.obj
 0002:00099c00       _CG_AddParticles           30159c00 f   cg_marks.obj
 0002:0009a170       _CG_ParticleSnowFlurry     3015a170 f   cg_marks.obj
 0002:0009a550       _CG_ParticleSnow           3015a550 f   cg_marks.obj
 0002:0009a8b0       _CG_ParticleBubble         3015a8b0 f   cg_marks.obj
 0002:0009ac80       _CG_ParticleSmoke          3015ac80 f   cg_marks.obj
 0002:0009af00       _CG_ParticleBulletDebris   3015af00 f   cg_marks.obj
 0002:0009b0e0       _CG_ParticleExplosion      3015b0e0 f   cg_marks.obj
 0002:0009b380       _CG_AddParticleShrapnel    3015b380 f   cg_marks.obj
 0002:0009b3b0       _CG_NewParticleArea        3015b3b0 f   cg_marks.obj
 0002:0009b660       _CG_SnowLink               3015b660 f   cg_marks.obj
 0002:0009b710       _CG_ParticleImpactSmokePuff 3015b710 f   cg_marks.obj
 0002:0009b9a0       _CG_Particle_Bleed         3015b9a0 f   cg_marks.obj
 0002:0009bbe0       _CG_Particle_OilParticle   3015bbe0 f   cg_marks.obj
 0002:0009be30       _CG_Particle_OilSlick      3015be30 f   cg_marks.obj
 0002:0009c140       _CG_OilSlickRemove         3015c140 f   cg_marks.obj
 0002:0009c220       _ValidBloodPool            3015c220 f   cg_marks.obj
 0002:0009c620       _CG_BloodPool              3015c620 f   cg_marks.obj
 0002:0009c8d0       _CG_ParticleBloodCloud     3015c8d0 f   cg_marks.obj
 0002:0009cc70       _CG_ParticleSparks         3015cc70 f   cg_marks.obj
 0002:0009d030       _CG_ParticleDust           3015d030 f   cg_marks.obj
 0002:0009d600       _CG_ParticleMisc           3015d600 f   cg_marks.obj
 0002:0009d7a0       _CG_GetSelectedPlayer      3015d7a0 f   cg_newDraw.obj
 0002:0009d800       _CG_StatusHandle           3015d800 f   cg_newDraw.obj
 0002:0009d900       _CG_GetValue               3015d900 f   cg_newDraw.obj
 0002:0009db40       _CG_OtherTeamHasFlag       3015db40 f   cg_newDraw.obj
 0002:0009dbe0       _CG_YourTeamHasFlag        3015dbe0 f   cg_newDraw.obj
 0002:0009dc80       _CG_OwnerDrawVisible       3015dc80 f   cg_newDraw.obj
 0002:0009df10       _CG_GetKillerText          3015df10 f   cg_newDraw.obj
 0002:0009dfa0       _CG_GetGameStatusText      3015dfa0 f   cg_newDraw.obj
 0002:0009e1c0       _CG_GameTypeString         3015e1c0 f   cg_newDraw.obj
 0002:0009e290       _CG_DrawNewTeamInfo        3015e290 f   cg_newDraw.obj
 0002:0009ec90       _CG_DrawTeamSpectators     3015ec90 f   cg_newDraw.obj
 0002:0009f060       _CG_DrawMedal              3015f060 f   cg_newDraw.obj
 0002:0009f3a0       _CG_OwnerDraw              3015f3a0 f   cg_newDraw.obj
 0002:0009f3d0       _CG_MouseEvent             3015f3d0 f   cg_newDraw.obj
 0002:0009f570       _CG_HideTeamMenu           3015f570 f   cg_newDraw.obj
 0002:0009f5d0       _CG_ShowTeamMenu           3015f5d0 f   cg_newDraw.obj
 0002:0009f620       _CG_EventHandling          3015f620 f   cg_newDraw.obj
 0002:0009f680       _CG_KeyEvent               3015f680 f   cg_newDraw.obj
 0002:0009f7a0       _CG_ClientNumFromName      3015f7a0 f   cg_newDraw.obj
 0002:0009f850       _CG_ShowResponseHead       3015f850 f   cg_newDraw.obj
 0002:0009f8d0       _CG_RunMenuScript          3015f8d0 f   cg_newDraw.obj
 0002:0009f900       _CG_DeferMenuScript        3015f900 f   cg_newDraw.obj
 0002:0009f930       _CG_GetTeamColor           3015f930 f   cg_newDraw.obj
 0002:0009fa10       _CG_CustomSound            3015fa10 f   cg_players.obj
 0002:0009ff60       _CG_ParseSurfsFile         3015ff60 f   cg_players.obj
 0002:000a0340       _CG_G2SkelForModel         30160340 f   cg_players.obj
 0002:000a0450       _CG_G2EvIndexForModel      30160450 f   cg_players.obj
 0002:000a05a0       _CG_LoadCISounds           301605a0 f   cg_players.obj
 0002:000a0e80       _CG_LoadClientInfo         30160e80 f   cg_players.obj
 0002:000a1fd0       _CG_NewClientInfo          30161fd0 f   cg_players.obj
 0002:000a4410       _CG_ActualLoadDeferredPlayers 30164410 f   cg_players.obj
 0002:000a44c0       _CG_LoadDeferredPlayers    301644c0 f   cg_players.obj
 0002:000a4500       _CG_PlayerAnimEventDo      30164500 f   cg_players.obj
 0002:000a57a0       _CG_PlayerAnimEvents       301657a0 f   cg_players.obj
 0002:000a5ef0       _CG_TriggerAnimSounds      30165ef0 f   cg_players.obj
 0002:000a61b0       _CG_InRoll                 301661b0 f   cg_players.obj
 0002:000a62c0       _CG_InRollAnim             301662c0 f   cg_players.obj
 0002:000a6330       _CG_G2SetBoneAngles        30166330 f   cg_players.obj
 0002:000a63b0       _CG_Rag_Trace              301663b0 f   cg_players.obj
 0002:000a6460       _CG_RagDoll                30166460 f   cg_players.obj
 0002:000a82d0       _CG_G2ServerBoneAngles     301682d0 f   cg_players.obj
 0002:000a8570       _CG_G2PlayerHeadAnims      30168570 f   cg_players.obj
 0002:000a8e80       _CG_AddRefEntityWithPowerups 30168e80 f   cg_players.obj
 0002:000a8f20       _CG_PlayerShieldHit        30168f20 f   cg_players.obj
 0002:000a9050       _CG_DrawPlayerShield       30169050 f   cg_players.obj
 0002:000a9350       _CG_PlayerHitFX            30169350 f   cg_players.obj
 0002:000a93f0       _CG_LightVerts             301693f0 f   cg_players.obj
 0002:000a9710       _CG_DoSaber                30169710 f   cg_players.obj
 0002:000a9ed0       _CG_GetTagWorldPosition    30169ed0 f   cg_players.obj
 0002:000aa090       _CG_CreateSaberMarks       3016a090 f   cg_players.obj
 0002:000aae60       _CG_G2TraceCollide         3016ae60 f   cg_players.obj
 0002:000ab220       _CG_G2SaberEffects         3016b220 f   cg_players.obj
 0002:000ab480       _CG_AddGhoul2Mark          3016b480 f   cg_players.obj
 0002:000ab720       _CG_SaberCompWork          3016b720 f   cg_players.obj
 0002:000ac0c0       _CG_AddSaberBlade          3016c0c0 f   cg_players.obj
 0002:000ae4c0       _CG_IsMindTricked          3016e4c0 f   cg_players.obj
 0002:000ae590       _CG_DrawPlayerSphere       3016e590 f   cg_players.obj
 0002:000aec40       _CG_AddLightningBeam       3016ec40 f   cg_players.obj
 0002:000af220       _CG_AddRandomLightning     3016f220 f   cg_players.obj
 0002:000af500       _CG_ThereIsAMaster         3016f500 f   cg_players.obj
 0002:000af580       _CG_HandleAppendedSkin     3016f580 f   cg_players.obj
 0002:000af790       _CG_CacheG2AnimInfo        3016f790 f   cg_players.obj
 0002:000afab0       _CG_G2AnimEntModelLoad     3016fab0 f   cg_players.obj
 0002:000b08a0       _CG_VehicleShouldDrawShields 301708a0 f   cg_players.obj
 0002:000b0930       _CG_VehicleAttachDroidUnit 30170930 f   cg_players.obj
 0002:000b0b80       _CG_G2Animated             30170b80 f   cg_players.obj
 0002:000b13e0       _CG_CreateNPCClient        301713e0 f   cg_players.obj
 0002:000b1440       _CG_DestroyNPCClient       30171440 f   cg_players.obj
 0002:000b14a0       _CG_InitJetpackGhoul2      301714a0 f   cg_players.obj
 0002:000b15c0       _CG_CleanJetpackGhoul2     301715c0 f   cg_players.obj
 0002:000b1630       _CG_RadiusForCent          30171630 f   cg_players.obj
 0002:000b1710       _CG_CheckThirdPersonAlpha  30171710 f   cg_players.obj
 0002:000b1c00       _CG_Player                 30171c00 f   cg_players.obj
 0002:000bfbe0       _CG_ResetPlayerEntity      3017fbe0 f   cg_players.obj
 0002:000c04b0       _CG_CheckAmmo              301804b0 f   cg_playerstate.obj
 0002:000c04e0       _CG_DamageFeedback         301804e0 f   cg_playerstate.obj
 0002:000c0990       _CG_Respawn                30180990 f   cg_playerstate.obj
 0002:000c09f0       _CG_CheckPlayerstateEvents 301809f0 f   cg_playerstate.obj
 0002:000c0c00       _CG_CheckChangedPredictableEvents 30180c00 f   cg_playerstate.obj
 0002:000c0d80       _CG_CheckLocalSounds       30180d80 f   cg_playerstate.obj
 0002:000c1170       _CG_TransitionPlayerState  30181170 f   cg_playerstate.obj
 0002:000c1320       _CG_BuildSolidList         30181320 f   cg_predict.obj
 0002:000c17c0       _CG_Trace                  301817c0 f   cg_predict.obj
 0002:000c22a0       _CG_G2Trace                301822a0 f   cg_predict.obj
 0002:000c23e0       _CG_PointContents          301823e0 f   cg_predict.obj
 0002:000c24f0       _CG_PmoveClientPointerUpdate 301824f0 f   cg_predict.obj
 0002:000c25d0       _CG_UsingEWeb              301825d0 f   cg_predict.obj
 0002:000c2640       _CG_PredictPlayerState     30182640 f   cg_predict.obj
 0002:000c4eb0       _CG_PrecacheSiegeObjectiveAssetsForTeam 30184eb0 f   cg_saga.obj
 0002:000c5200       _CG_PrecachePlayersForSiegeTeam 30185200 f   cg_saga.obj
 0002:000c5410       _CG_InitSiegeMode          30185410 f   cg_saga.obj
 0002:000c5fb0       _CG_ParseSiegeObjectiveStatus 30185fb0 f   cg_saga.obj
 0002:000c6590       _CG_SiegeRoundOver         30186590 f   cg_saga.obj
 0002:000c68c0       _CG_SiegeGetObjectiveDescription 301868c0 f   cg_saga.obj
 0002:000c6a40       _CG_SiegeGetObjectiveFinal 30186a40 f   cg_saga.obj
 0002:000c6bf0       _CG_SiegeBriefingDisplay   30186bf0 f   cg_saga.obj
 0002:000c74e0       _CG_SiegeObjectiveCompleted 301874e0 f   cg_saga.obj
 0002:000c78a0       _CG_ParseSiegeExtendedDataEntry 301878a0 f   cg_saga.obj
 0002:000c7c80       _CG_ParseSiegeExtendedData 30187c80 f   cg_saga.obj
 0002:000c7d40       _CG_SetSiegeTimerCvar      30187d40 f   cg_saga.obj
 0002:000c7e10       _CG_GetClassCount          30187e10 f   cg_scoreboard.obj
 0002:000c7ef0       _CG_GetTeamNonScoreCount   30187ef0 f   cg_scoreboard.obj
 0002:000c7fb0       _CG_GetTeamCount           30187fb0 f   cg_scoreboard.obj
 0002:000c8070       _CG_DrawOldScoreboard      30188070 f   cg_scoreboard.obj
 0002:000c9ef0       _CG_ParseServerinfo        30189ef0 f   cg_servercmds.obj
 0002:000ca560       _CG_SetConfigValues        3018a560 f   cg_servercmds.obj
 0002:000ca810       _CG_ShaderStateChanged     3018a810 f   cg_servercmds.obj
 0002:000cab00       _SetCustomSoundForType     3018ab00 f   cg_servercmds.obj
 0002:000cac50       _CG_PrecacheNPCSounds      3018ac50 f   cg_servercmds.obj
 0002:000cb000       _CG_HandleNPCSounds        3018b000 f   cg_servercmds.obj
 0002:000cb850       _SetDuelistHealthsFromConfigString 3018b850 f   cg_servercmds.obj
 0002:000cba80       _CG_KillCEntityG2          3018ba80 f   cg_servercmds.obj
 0002:000cbd80       _CG_KillCEntityInstances   3018bd80 f   cg_servercmds.obj
 0002:000cbf90       _CG_CheckSVStringEdRef     3018bf90 f   cg_servercmds.obj
 0002:000cc2e0       _CG_ExecuteNewServerCommands 3018c2e0 f   cg_servercmds.obj
 0002:000cea30       _CG_SetInitialSnapshot     3018ea30 f   cg_snapshot.obj
 0002:000cee10       _CG_ProcessSnapshots       3018ee10 f   cg_snapshot.obj
 0002:000cf6d0       _strap_G2API_GetBoltMatrix 3018f6d0 f   cg_strap.obj
 0002:000cf750       _strap_G2API_GetBoltMatrix_NoReconstruct 3018f750 f   cg_strap.obj
 0002:000cf7d0       _strap_G2API_GetBoltMatrix_NoRecNoRot 3018f7d0 f   cg_strap.obj
 0002:000cf850       _strap_G2API_SetBoneAngles 3018f850 f   cg_strap.obj
 0002:000cf8d0       _strap_G2API_SetBoneAnim   3018f8d0 f   cg_strap.obj
 0002:000cf960       _strap_G2API_GetBoneAnim   3018f960 f   cg_strap.obj
 0002:000cf9e0       _strap_G2API_SetRagDoll    3018f9e0 f   cg_strap.obj
 0002:000cfa40       _strap_G2API_AnimateG2Models 3018fa40 f   cg_strap.obj
 0002:000cfaa0       _strap_G2API_SetBoneIKState 3018faa0 f   cg_strap.obj
 0002:000cfb10       _strap_G2API_IKMove        3018fb10 f   cg_strap.obj
 0002:000cfb70       _strap_TrueMalloc          3018fb70 f   cg_strap.obj
 0002:000cfbd0       _strap_TrueFree            3018fbd0 f   cg_strap.obj
 0002:000cfc20       _dllEntry                  3018fc20 f   cg_syscalls.obj
 0002:000cfc60       _PASSFLOAT                 3018fc60 f   cg_syscalls.obj
 0002:000cfca0       _trap_Print                3018fca0 f   cg_syscalls.obj
 0002:000cfd00       _trap_Error                3018fd00 f   cg_syscalls.obj
 0002:000cfd60       _trap_Milliseconds         3018fd60 f   cg_syscalls.obj
 0002:000cfdc0       _trap_PrecisionTimer_Start 3018fdc0 f   cg_syscalls.obj
 0002:000cfe20       _trap_PrecisionTimer_End   3018fe20 f   cg_syscalls.obj
 0002:000cfe80       _trap_Cvar_Register        3018fe80 f   cg_syscalls.obj
 0002:000cfef0       _trap_Cvar_Update          3018fef0 f   cg_syscalls.obj
 0002:000cff50       _trap_Cvar_Set             3018ff50 f   cg_syscalls.obj
 0002:000cffc0       _trap_Cvar_VariableStringBuffer 3018ffc0 f   cg_syscalls.obj
 0002:000d0030       _trap_Cvar_GetHiddenVarValue 30190030 f   cg_syscalls.obj
 0002:000d0090       _trap_Argc                 30190090 f   cg_syscalls.obj
 0002:000d00f0       _trap_Argv                 301900f0 f   cg_syscalls.obj
 0002:000d0160       _trap_Args                 30190160 f   cg_syscalls.obj
 0002:000d01d0       _trap_FS_FOpenFile         301901d0 f   cg_syscalls.obj
 0002:000d0240       _trap_FS_Read              30190240 f   cg_syscalls.obj
 0002:000d02b0       _trap_FS_Write             301902b0 f   cg_syscalls.obj
 0002:000d0320       _trap_FS_FCloseFile        30190320 f   cg_syscalls.obj
 0002:000d0380       _trap_FS_GetFileList       30190380 f   cg_syscalls.obj
 0002:000d03f0       _trap_SendConsoleCommand   301903f0 f   cg_syscalls.obj
 0002:000d0450       _trap_AddCommand           30190450 f   cg_syscalls.obj
 0002:000d04b0       _trap_RemoveCommand        301904b0 f   cg_syscalls.obj
 0002:000d0510       _trap_SendClientCommand    30190510 f   cg_syscalls.obj
 0002:000d0570       _trap_UpdateScreen         30190570 f   cg_syscalls.obj
 0002:000d05d0       _trap_CM_LoadMap           301905d0 f   cg_syscalls.obj
 0002:000d0640       _trap_CM_NumInlineModels   30190640 f   cg_syscalls.obj
 0002:000d06a0       _trap_CM_InlineModel       301906a0 f   cg_syscalls.obj
 0002:000d0700       _trap_CM_TempBoxModel      30190700 f   cg_syscalls.obj
 0002:000d0770       _trap_CM_TempCapsuleModel  30190770 f   cg_syscalls.obj
 0002:000d07e0       _trap_CM_PointContents     301907e0 f   cg_syscalls.obj
 0002:000d0850       _trap_CM_TransformedPointContents 30190850 f   cg_syscalls.obj
 0002:000d08c0       _trap_CM_BoxTrace          301908c0 f   cg_syscalls.obj
 0002:000d0940       _trap_CM_CapsuleTrace      30190940 f   cg_syscalls.obj
 0002:000d09c0       _trap_CM_TransformedBoxTrace 301909c0 f   cg_syscalls.obj
 0002:000d0a50       _trap_CM_TransformedCapsuleTrace 30190a50 f   cg_syscalls.obj
 0002:000d0ae0       _trap_CM_MarkFragments     30190ae0 f   cg_syscalls.obj
 0002:000d0b60       _trap_S_GetVoiceVolume     30190b60 f   cg_syscalls.obj
 0002:000d0bc0       _trap_S_MuteSound          30190bc0 f   cg_syscalls.obj
 0002:000d0c30       _trap_S_StartSound         30190c30 f   cg_syscalls.obj
 0002:000d0ca0       _trap_S_StartLocalSound    30190ca0 f   cg_syscalls.obj
 0002:000d0d30       _trap_S_ClearLoopingSounds 30190d30 f   cg_syscalls.obj
 0002:000d0d90       _trap_S_AddLoopingSound    30190d90 f   cg_syscalls.obj
 0002:000d0e00       _trap_S_UpdateEntityPosition 30190e00 f   cg_syscalls.obj
 0002:000d0e70       _trap_S_AddRealLoopingSound 30190e70 f   cg_syscalls.obj
 0002:000d0ee0       _trap_S_StopLoopingSound   30190ee0 f   cg_syscalls.obj
 0002:000d0f40       _trap_S_Respatialize       30190f40 f   cg_syscalls.obj
 0002:000d0fb0       _trap_S_ShutUp             30190fb0 f   cg_syscalls.obj
 0002:000d1010       _trap_S_RegisterSound      30191010 f   cg_syscalls.obj
 0002:000d1070       _trap_S_StartBackgroundTrack 30191070 f   cg_syscalls.obj
 0002:000d10e0       _trap_S_UpdateAmbientSet   301910e0 f   cg_syscalls.obj
 0002:000d1150       _trap_AS_ParseSets         30191150 f   cg_syscalls.obj
 0002:000d11b0       _trap_AS_AddPrecacheEntry  301911b0 f   cg_syscalls.obj
 0002:000d1210       _trap_S_AddLocalSet        30191210 f   cg_syscalls.obj
 0002:000d1280       _trap_AS_GetBModelSound    30191280 f   cg_syscalls.obj
 0002:000d12f0       _trap_R_LoadWorldMap       301912f0 f   cg_syscalls.obj
 0002:000d1350       _trap_R_RegisterModel      30191350 f   cg_syscalls.obj
 0002:000d13b0       _trap_R_RegisterSkin       301913b0 f   cg_syscalls.obj
 0002:000d1410       _trap_R_RegisterShader     30191410 f   cg_syscalls.obj
 0002:000d1470       _trap_R_RegisterShaderNoMip 30191470 f   cg_syscalls.obj
 0002:000d14d0       _trap_R_RegisterFont       301914d0 f   cg_syscalls.obj
 0002:000d1530       _trap_R_Font_StrLenPixels  30191530 f   cg_syscalls.obj
 0002:000d15b0       _trap_R_Font_StrLenChars   301915b0 f   cg_syscalls.obj
 0002:000d1610       _trap_R_Font_HeightPixels  30191610 f   cg_syscalls.obj
 0002:000d1680       _trap_R_Font_DrawString    30191680 f   cg_syscalls.obj
 0002:000d1710       _trap_Language_IsAsian     30191710 f   cg_syscalls.obj
 0002:000d1770       _trap_Language_UsesSpaces  30191770 f   cg_syscalls.obj
 0002:000d17d0       _trap_AnyLanguage_ReadCharFromString 301917d0 f   cg_syscalls.obj
 0002:000d1840       _trap_R_ClearScene         30191840 f   cg_syscalls.obj
 0002:000d18a0       _trap_R_ClearDecals        301918a0 f   cg_syscalls.obj
 0002:000d1900       _trap_R_AddRefEntityToScene 30191900 f   cg_syscalls.obj
 0002:000d1960       _trap_R_AddPolyToScene     30191960 f   cg_syscalls.obj
 0002:000d19d0       _trap_R_AddPolysToScene    301919d0 f   cg_syscalls.obj
 0002:000d1a40       _trap_R_AddDecalToScene    30191a40 f   cg_syscalls.obj
 0002:000d1b30       _trap_R_LightForPoint      30191b30 f   cg_syscalls.obj
 0002:000d1ba0       _trap_R_AddLightToScene    30191ba0 f   cg_syscalls.obj
 0002:000d1c50       _trap_R_AddAdditiveLightToScene 30191c50 f   cg_syscalls.obj
 0002:000d1d00       _trap_R_RenderScene        30191d00 f   cg_syscalls.obj
 0002:000d1d60       _trap_R_SetColor           30191d60 f   cg_syscalls.obj
 0002:000d1dc0       _trap_R_DrawStretchPic     30191dc0 f   cg_syscalls.obj
 0002:000d1ec0       _trap_R_ModelBounds        30191ec0 f   cg_syscalls.obj
 0002:000d1f30       _trap_R_LerpTag            30191f30 f   cg_syscalls.obj
 0002:000d1fc0       _trap_R_DrawRotatePic      30191fc0 f   cg_syscalls.obj
 0002:000d20e0       _trap_R_DrawRotatePic2     301920e0 f   cg_syscalls.obj
 0002:000d2200       _trap_R_SetRangeFog        30192200 f   cg_syscalls.obj
 0002:000d2270       _trap_R_SetRefractProp     30192270 f   cg_syscalls.obj
 0002:000d2300       _trap_R_RemapShader        30192300 f   cg_syscalls.obj
 0002:000d2370       _trap_R_GetLightStyle      30192370 f   cg_syscalls.obj
 0002:000d23e0       _trap_R_SetLightStyle      301923e0 f   cg_syscalls.obj
 0002:000d2450       _trap_R_GetBModelVerts     30192450 f   cg_syscalls.obj
 0002:000d24c0       _trap_R_GetDistanceCull    301924c0 f   cg_syscalls.obj
 0002:000d2520       _trap_R_GetRealRes         30192520 f   cg_syscalls.obj
 0002:000d2590       _trap_R_AutomapElevAdj     30192590 f   cg_syscalls.obj
 0002:000d2600       _trap_R_InitWireframeAutomap 30192600 f   cg_syscalls.obj
 0002:000d2660       _trap_FX_AddLine           30192660 f   cg_syscalls.obj
 0002:000d2770       _trap_GetGlconfig          30192770 f   cg_syscalls.obj
 0002:000d27d0       _trap_GetGameState         301927d0 f   cg_syscalls.obj
 0002:000d2830       _trap_GetCurrentSnapshotNumber 30192830 f   cg_syscalls.obj
 0002:000d28a0       _trap_GetSnapshot          301928a0 f   cg_syscalls.obj
 0002:000d2910       _trap_GetDefaultState      30192910 f   cg_syscalls.obj
 0002:000d2980       _trap_GetServerCommand     30192980 f   cg_syscalls.obj
 0002:000d29e0       _trap_GetCurrentCmdNumber  301929e0 f   cg_syscalls.obj
 0002:000d2a40       _trap_GetUserCmd           30192a40 f   cg_syscalls.obj
 0002:000d2ab0       _trap_SetUserCmdValue      30192ab0 f   cg_syscalls.obj
 0002:000d2b70       _trap_SetClientForceAngle  30192b70 f   cg_syscalls.obj
 0002:000d2be0       _trap_SetClientTurnExtent  30192be0 f   cg_syscalls.obj
 0002:000d2c70       _trap_OpenUIMenu           30192c70 f   cg_syscalls.obj
 0002:000d2cd0       _testPrintInt              30192cd0 f   cg_syscalls.obj
 0002:000d2d40       _testPrintFloat            30192d40 f   cg_syscalls.obj
 0002:000d2dc0       _trap_MemoryRemaining      30192dc0 f   cg_syscalls.obj
 0002:000d2e20       _trap_Key_IsDown           30192e20 f   cg_syscalls.obj
 0002:000d2e80       _trap_Key_GetCatcher       30192e80 f   cg_syscalls.obj
 0002:000d2ee0       _trap_Key_SetCatcher       30192ee0 f   cg_syscalls.obj
 0002:000d2f40       _trap_Key_GetKey           30192f40 f   cg_syscalls.obj
 0002:000d2fa0       _trap_PC_AddGlobalDefine   30192fa0 f   cg_syscalls.obj
 0002:000d3000       _trap_PC_LoadSource        30193000 f   cg_syscalls.obj
 0002:000d3060       _trap_PC_FreeSource        30193060 f   cg_syscalls.obj
 0002:000d30c0       _trap_PC_ReadToken         301930c0 f   cg_syscalls.obj
 0002:000d3130       _trap_PC_SourceFileAndLine 30193130 f   cg_syscalls.obj
 0002:000d31a0       _trap_PC_LoadGlobalDefines 301931a0 f   cg_syscalls.obj
 0002:000d3200       _trap_PC_RemoveAllGlobalDefines 30193200 f   cg_syscalls.obj
 0002:000d3260       _trap_S_StopBackgroundTrack 30193260 f   cg_syscalls.obj
 0002:000d32c0       _trap_RealTime             301932c0 f   cg_syscalls.obj
 0002:000d3320       _trap_SnapVector           30193320 f   cg_syscalls.obj
 0002:000d3380       _trap_CIN_PlayCinematic    30193380 f   cg_syscalls.obj
 0002:000d3400       _trap_CIN_StopCinematic    30193400 f   cg_syscalls.obj
 0002:000d3460       _trap_CIN_RunCinematic     30193460 f   cg_syscalls.obj
 0002:000d34c0       _trap_CIN_DrawCinematic    301934c0 f   cg_syscalls.obj
 0002:000d3520       _trap_CIN_SetExtents       30193520 f   cg_syscalls.obj
 0002:000d35a0       _trap_GetEntityToken       301935a0 f   cg_syscalls.obj
 0002:000d3610       _trap_R_inPVS              30193610 f   cg_syscalls.obj
 0002:000d3680       _trap_FX_RegisterEffect    30193680 f   cg_syscalls.obj
 0002:000d36e0       _trap_FX_PlayEffect        301936e0 f   cg_syscalls.obj
 0002:000d3760       _trap_FX_PlayEntityEffect  30193760 f   cg_syscalls.obj
 0002:000d37e0       _trap_FX_PlayEffectID      301937e0 f   cg_syscalls.obj
 0002:000d3950       _trap_FX_PlayEffectIDFix   30193950 f   cg_syscalls.obj
 0002:000d3a20       _trap_FX_PlayPortalEffectID 30193a20 f   cg_syscalls.obj
 0002:000d3a90       _trap_FX_PlayEntityEffectID 30193a90 f   cg_syscalls.obj
 0002:000d3b10       _trap_FX_PlayBoltedEffectID 30193b10 f   cg_syscalls.obj
 0002:000d3ba0       _trap_FX_AddScheduledEffects 30193ba0 f   cg_syscalls.obj
 0002:000d3c00       _trap_FX_Draw2DEffects     30193c00 f   cg_syscalls.obj
 0002:000d3c90       _trap_FX_InitSystem        30193c90 f   cg_syscalls.obj
 0002:000d3cf0       _trap_FX_SetRefDef         30193cf0 f   cg_syscalls.obj
 0002:000d3d50       _trap_FX_FreeSystem        30193d50 f   cg_syscalls.obj
 0002:000d3db0       _trap_FX_Reset             30193db0 f   cg_syscalls.obj
 0002:000d3e10       _trap_FX_AdjustTime        30193e10 f   cg_syscalls.obj
 0002:000d3e70       _trap_FX_AddPoly           30193e70 f   cg_syscalls.obj
 0002:000d3ed0       _trap_FX_AddBezier         30193ed0 f   cg_syscalls.obj
 0002:000d3f30       _trap_FX_AddPrimitive      30193f30 f   cg_syscalls.obj
 0002:000d3f90       _trap_FX_AddSprite         30193f90 f   cg_syscalls.obj
 0002:000d3ff0       _trap_FX_AddElectricity    30193ff0 f   cg_syscalls.obj
 0002:000d4050       _trap_SP_GetStringTextString 30194050 f   cg_syscalls.obj
 0002:000d40c0       _trap_ROFF_Clean           301940c0 f   cg_syscalls.obj
 0002:000d4120       _trap_ROFF_UpdateEntities  30194120 f   cg_syscalls.obj
 0002:000d4180       _trap_ROFF_Cache           30194180 f   cg_syscalls.obj
 0002:000d41e0       _trap_ROFF_Play            301941e0 f   cg_syscalls.obj
 0002:000d4250       _trap_ROFF_Purge_Ent       30194250 f   cg_syscalls.obj
 0002:000d42b0       _trap_TrueMalloc           301942b0 f   cg_syscalls.obj
 0002:000d4340       _trap_TrueFree             30194340 f   cg_syscalls.obj
 0002:000d43a0       _trap_G2_ListModelSurfaces 301943a0 f   cg_syscalls.obj
 0002:000d4400       _trap_G2_ListModelBones    30194400 f   cg_syscalls.obj
 0002:000d4470       _trap_G2_SetGhoul2ModelIndexes 30194470 f   cg_syscalls.obj
 0002:000d44e0       _trap_G2_HaveWeGhoul2Models 301944e0 f   cg_syscalls.obj
 0002:000d4540       _trap_G2API_GetBoltMatrix  30194540 f   cg_syscalls.obj
 0002:000d45d0       _trap_G2API_GetBoltMatrix_NoReconstruct 301945d0 f   cg_syscalls.obj
 0002:000d4660       _trap_G2API_GetBoltMatrix_NoRecNoRot 30194660 f   cg_syscalls.obj
 0002:000d46f0       _trap_G2API_InitGhoul2Model 301946f0 f   cg_syscalls.obj
 0002:000d4770       _trap_G2API_SetSkin        30194770 f   cg_syscalls.obj
 0002:000d47e0       _trap_G2API_CollisionDetect 301947e0 f   cg_syscalls.obj
 0002:000d4890       _trap_G2API_CollisionDetectCache 30194890 f   cg_syscalls.obj
 0002:000d4940       _trap_G2API_CleanGhoul2Models 30194940 f   cg_syscalls.obj
 0002:000d49a0       _trap_G2API_SetBoneAngles  301949a0 f   cg_syscalls.obj
 0002:000d4a40       _trap_G2API_SetBoneAnim    30194a40 f   cg_syscalls.obj
 0002:000d4af0       _trap_G2API_GetBoneAnim    30194af0 f   cg_syscalls.obj
 0002:000d4b80       _trap_G2API_GetBoneFrame   30194b80 f   cg_syscalls.obj
 0002:000d4c00       _trap_G2API_GetGLAName     30194c00 f   cg_syscalls.obj
 0002:000d4c70       _trap_G2API_CopyGhoul2Instance 30194c70 f   cg_syscalls.obj
 0002:000d4ce0       _trap_G2API_CopySpecificGhoul2Model 30194ce0 f   cg_syscalls.obj
 0002:000d4d50       _trap_G2API_DuplicateGhoul2Instance 30194d50 f   cg_syscalls.obj
 0002:000d4dc0       _trap_G2API_HasGhoul2ModelOnIndex 30194dc0 f   cg_syscalls.obj
 0002:000d4e30       _trap_G2API_RemoveGhoul2Model 30194e30 f   cg_syscalls.obj
 0002:000d4ea0       _trap_G2API_SkinlessModel  30194ea0 f   cg_syscalls.obj
 0002:000d4f10       _trap_G2API_GetNumGoreMarks 30194f10 f   cg_syscalls.obj
 0002:000d4f80       _trap_G2API_AddSkinGore    30194f80 f   cg_syscalls.obj
 0002:000d4ff0       _trap_G2API_ClearSkinGore  30194ff0 f   cg_syscalls.obj
 0002:000d5050       _trap_G2API_Ghoul2Size     30195050 f   cg_syscalls.obj
 0002:000d50b0       _trap_G2API_AddBolt        301950b0 f   cg_syscalls.obj
 0002:000d5120       _trap_G2API_AttachEnt      30195120 f   cg_syscalls.obj
 0002:000d51a0       _trap_G2API_SetBoltInfo    301951a0 f   cg_syscalls.obj
 0002:000d5210       _trap_G2API_SetRootSurface 30195210 f   cg_syscalls.obj
 0002:000d5280       _trap_G2API_SetSurfaceOnOff 30195280 f   cg_syscalls.obj
 0002:000d52f0       _trap_G2API_SetNewOrigin   301952f0 f   cg_syscalls.obj
 0002:000d5360       _trap_G2API_DoesBoneExist  30195360 f   cg_syscalls.obj
 0002:000d53d0       _trap_G2API_GetSurfaceRenderStatus 301953d0 f   cg_syscalls.obj
 0002:000d5440       _trap_G2API_GetTime        30195440 f   cg_syscalls.obj
 0002:000d54a0       _trap_G2API_SetTime        301954a0 f   cg_syscalls.obj
 0002:000d5510       _trap_G2API_AbsurdSmoothing 30195510 f   cg_syscalls.obj
 0002:000d5580       _trap_G2API_SetRagDoll     30195580 f   cg_syscalls.obj
 0002:000d55f0       _trap_G2API_AnimateG2Models 301955f0 f   cg_syscalls.obj
 0002:000d5660       _trap_G2API_RagPCJConstraint 30195660 f   cg_syscalls.obj
 0002:000d56d0       _trap_G2API_RagPCJGradientSpeed 301956d0 f   cg_syscalls.obj
 0002:000d5750       _trap_G2API_RagEffectorGoal 30195750 f   cg_syscalls.obj
 0002:000d57c0       _trap_G2API_GetRagBonePos  301957c0 f   cg_syscalls.obj
 0002:000d5840       _trap_G2API_RagEffectorKick 30195840 f   cg_syscalls.obj
 0002:000d58b0       _trap_G2API_RagForceSolve  301958b0 f   cg_syscalls.obj
 0002:000d5920       _trap_G2API_SetBoneIKState 30195920 f   cg_syscalls.obj
 0002:000d59a0       _trap_G2API_IKMove         301959a0 f   cg_syscalls.obj
 0002:000d5a10       _trap_G2API_RemoveBone     30195a10 f   cg_syscalls.obj
 0002:000d5a80       _trap_G2API_AttachInstanceToEntNum 30195a80 f   cg_syscalls.obj
 0002:000d5af0       _trap_G2API_ClearAttachedInstance 30195af0 f   cg_syscalls.obj
 0002:000d5b50       _trap_G2API_CleanEntAttachments 30195b50 f   cg_syscalls.obj
 0002:000d5bb0       _trap_G2API_OverrideServer 30195bb0 f   cg_syscalls.obj
 0002:000d5c10       _trap_G2API_GetSurfaceName 30195c10 f   cg_syscalls.obj
 0002:000d5c80       _trap_CG_RegisterSharedMemory 30195c80 f   cg_syscalls.obj
 0002:000d5ce0       _trap_CM_RegisterTerrain   30195ce0 f   cg_syscalls.obj
 0002:000d5d40       _trap_RMG_Init             30195d40 f   cg_syscalls.obj
 0002:000d5db0       _trap_RE_InitRendererTerrain 30195db0 f   cg_syscalls.obj
 0002:000d5e10       _trap_R_WeatherContentsOverride 30195e10 f   cg_syscalls.obj
 0002:000d5e70       _trap_R_WorldEffectCommand 30195e70 f   cg_syscalls.obj
 0002:000d5ed0       _trap_WE_AddWeatherZone    30195ed0 f   cg_syscalls.obj
 0002:000d5f40       _CreepToPosition           30195f40 f   cg_turret.obj
 0002:000d62f0       _TurretClientRun           301962f0 f   cg_turret.obj
 0002:000d6be0       _CG_TestModel_f            30196be0 f   cg_view.obj
 0002:000d6dc0       _CG_TestGun_f              30196dc0 f   cg_view.obj
 0002:000d6e20       _CG_TestModelNextFrame_f   30196e20 f   cg_view.obj
 0002:000d6e90       _CG_TestModelPrevFrame_f   30196e90 f   cg_view.obj
 0002:000d6f10       _CG_TestModelNextSkin_f    30196f10 f   cg_view.obj
 0002:000d6f80       _CG_TestModelPrevSkin_f    30196f80 f   cg_view.obj
 0002:000d7000       _CG_GetVehicleCamPos       30197000 f   cg_view.obj
 0002:000d7060       _CG_ZoomDown_f             30197060 f   cg_view.obj
 0002:000d70c0       _CG_ZoomUp_f               301970c0 f   cg_view.obj
 0002:000d7120       _CG_CalcFOVFromX           30197120 f   cg_view.obj
 0002:000d7200       _CG_CheckPassengerTurretView 30197200 f   cg_view.obj
 0002:000d7950       _CG_DrawSkyBoxPortal       30197950 f   cg_view.obj
 0002:000d8220       _CG_AddBufferedSound       30198220 f   cg_view.obj
 0002:000d82b0       _CG_UpdateSoundTrackers    301982b0 f   cg_view.obj
 0002:000d8430       _CG_SE_UpdateShake         30198430 f   cg_view.obj
 0002:000d86b0       _CG_SE_UpdateMusic         301986b0 f   cg_view.obj
 0002:000d88f0       _CG_CalcScreenEffects      301988f0 f   cg_view.obj
 0002:000d8950       _CGCam_Shake               30198950 f   cg_view.obj
 0002:000d89e0       _CG_DoCameraShake          301989e0 f   cg_view.obj
 0002:000d8b00       _CGCam_SetMusicMult        30198b00 f   cg_view.obj
 0002:000d8b90       _CG_EmplacedView           30198b90 f   cg_view.obj
 0002:000d8cf0       _CG_AddRadarAutomapEnts    30198cf0 f   cg_view.obj
 0002:000d8ff0       _CG_DrawAutoMap            30198ff0 f   cg_view.obj
 0002:000d98e0       _CG_DrawActiveFrame        301998e0 f   cg_view.obj
 0002:000e1610       _drawSplines               301a1610 f   cg_view.obj
 0002:000e2100       _CG_RegisterWeapon         301a2100 f   cg_weaponinit.obj
 0002:000e3e40       _CG_SetGhoul2InfoRef       301a3e40 f   cg_weapons.obj
 0002:000e3f20       _CG_RegisterItemVisuals    301a3f20 f   cg_weapons.obj
 0002:000e41f0       _CG_AddPlayerWeapon        301a41f0 f   cg_weapons.obj
 0002:000e5670       _CG_AddViewWeapon          301a5670 f   cg_weapons.obj
 0002:000e6180       _CG_DrawIconBackground     301a6180 f   cg_weapons.obj
 0002:000e6430       _CG_WeaponCheck            301a6430 f   cg_weapons.obj
 0002:000e64d0       _CG_DrawWeaponSelect       301a64d0 f   cg_weapons.obj
 0002:000e7080       _CG_NextWeapon_f           301a7080 f   cg_weapons.obj
 0002:000e7360       _CG_PrevWeapon_f           301a7360 f   cg_weapons.obj
 0002:000e75d0       _CG_Weapon_f               301a75d0 f   cg_weapons.obj
 0002:000e7870       _CG_WeaponClean_f          301a7870 f   cg_weapons.obj
 0002:000e7b00       _CG_OutOfAmmoChange        301a7b00 f   cg_weapons.obj
 0002:000e7be0       _CG_GetClientWeaponMuzzleBoltPoint 301a7be0 f   cg_weapons.obj
 0002:000e7d40       _CG_FireWeapon             301a7d40 f   cg_weapons.obj
 0002:000e81e0       _CG_VehicleWeaponImpact    301a81e0 f   cg_weapons.obj
 0002:000e8300       _CG_MissileHitWall         301a8300 f   cg_weapons.obj
 0002:000e8630       _CG_MissileHitPlayer       301a8630 f   cg_weapons.obj
 0002:000e8990       _CG_CalcMuzzlePoint        301a8990 f   cg_weapons.obj
 0002:000e8f40       _CG_InitG2Weapons          301a8f40 f   cg_weapons.obj
 0002:000e9100       _CG_ShutDownG2Weapons      301a9100 f   cg_weapons.obj
 0002:000e9180       _CG_G2WeaponInstance       301a9180 f   cg_weapons.obj
 0002:000e9280       _CG_CopyG2WeaponInstance   301a9280 f   cg_weapons.obj
 0002:000e9530       _CG_CheckPlayerG2Weapons   301a9530 f   cg_weapons.obj
 0002:000e9a60       _BG_FighterUpdate          301a9a60 f   FighterNPC.obj
 0002:000e9c30       _FighterOverValidLandingSurface 301a9c30 f   FighterNPC.obj
 0002:000e9ca0       _FighterIsLanded           301a9ca0 f   FighterNPC.obj
 0002:000e9d20       _FighterIsLanding          301a9d20 f   FighterNPC.obj
 0002:000e9dc0       _FighterIsLaunching        301a9dc0 f   FighterNPC.obj
 0002:000e9e50       _FighterSuspended          301a9e50 f   FighterNPC.obj
 0002:000e9e80       _FighterYawAdjust          301a9e80 f   FighterNPC.obj
 0002:000ea010       _FighterPitchAdjust        301aa010 f   FighterNPC.obj
 0002:000ea190       _FighterPitchClamp         301aa190 f   FighterNPC.obj
 0002:000ea2d0       _G_SetFighterVehicleFunctions 301aa2d0 f   FighterNPC.obj
 0002:000ecee0       _G_CreateFighterNPC        301acee0 f   FighterNPC.obj
 0002:000ecf90       _FX_BlasterProjectileThink 301acf90 f   fx_blaster.obj
 0002:000ed070       _FX_BlasterAltFireThink    301ad070 f   fx_blaster.obj
 0002:000ed150       _FX_BlasterWeaponHitWall   301ad150 f   fx_blaster.obj
 0002:000ed1b0       _FX_BlasterWeaponHitPlayer 301ad1b0 f   fx_blaster.obj
 0002:000ed240       _FX_BowcasterProjectileThink 301ad240 f   fx_bowcaster.obj
 0002:000ed320       _FX_BowcasterHitWall       301ad320 f   fx_bowcaster.obj
 0002:000ed380       _FX_BowcasterHitPlayer     301ad380 f   fx_bowcaster.obj
 0002:000ed3e0       _FX_BowcasterAltProjectileThink 301ad3e0 f   fx_bowcaster.obj
 0002:000ed4c0       _FX_BryarProjectileThink   301ad4c0 f   fx_bryarpistol.obj
 0002:000ed5a0       _FX_BryarHitWall           301ad5a0 f   fx_bryarpistol.obj
 0002:000ed600       _FX_BryarHitPlayer         301ad600 f   fx_bryarpistol.obj
 0002:000ed690       _FX_BryarAltProjectileThink 301ad690 f   fx_bryarpistol.obj
 0002:000ed7c0       _FX_BryarAltHitWall        301ad7c0 f   fx_bryarpistol.obj
 0002:000ed8c0       _FX_BryarAltHitPlayer      301ad8c0 f   fx_bryarpistol.obj
 0002:000ed950       _FX_TurretProjectileThink  301ad950 f   fx_bryarpistol.obj
 0002:000eda30       _FX_TurretHitWall          301ada30 f   fx_bryarpistol.obj
 0002:000eda90       _FX_TurretHitPlayer        301ada90 f   fx_bryarpistol.obj
 0002:000edb20       _FX_ConcussionHitWall      301adb20 f   fx_bryarpistol.obj
 0002:000edb80       _FX_ConcussionHitPlayer    301adb80 f   fx_bryarpistol.obj
 0002:000edbe0       _FX_ConcussionProjectileThink 301adbe0 f   fx_bryarpistol.obj
 0002:000edcc0       _FX_ConcAltShot            301adcc0 f   fx_bryarpistol.obj
 0002:000ede00       _FX_DEMP2_ProjectileThink  301ade00 f   fx_demp2.obj
 0002:000edee0       _FX_DEMP2_HitWall          301adee0 f   fx_demp2.obj
 0002:000edf40       _FX_DEMP2_HitPlayer        301adf40 f   fx_demp2.obj
 0002:000edfa0       _FX_DEMP2_AltBeam          301adfa0 f   fx_demp2.obj
 0002:000edfd0       _FX_DEMP2_AltDetonate      301adfd0 f   fx_demp2.obj
 0002:000ee130       _FX_DisruptorMainShot      301ae130 f   fx_disruptor.obj
 0002:000ee1f0       _FX_DisruptorAltShot       301ae1f0 f   fx_disruptor.obj
 0002:000ee390       _FX_DisruptorAltMiss       301ae390 f   fx_disruptor.obj
 0002:000ee6d0       _FX_DisruptorAltHit        301ae6d0 f   fx_disruptor.obj
 0002:000ee730       _FX_DisruptorHitWall       301ae730 f   fx_disruptor.obj
[...]
 0004:008eee40       _cg_cameraMode             30b6ee40     <common>
 0004:008eef60       _cg_permanents             30b6ef60     <common>
 0004:008eff60       _cg_friendModel            30b6ff60     <common>
 0004:008f0080       _cg_drawGun                30b70080     <common>
 0004:008f01a0       _cg_recordSPDemo           30b701a0     <common>
 0004:008f02c0       _cg_blendScreenshots       30b702c0     <common>
 0004:008f03e0       _pug_demos_HideLocalEntities 30b703e0     <common>
 0004:008f0500       _cg_centertime             30b70500     <common>
 0004:008f0620       _cg_forceModel             30b70620     <common>
 0004:008f0740       _cg_ragDoll                30b70740     <common>
 0004:008f0860       _cg_items                  30b70860     <common>
 0004:008f4060       _cg_speedTrail             30b74060     <common>
 0004:008f4180       _cg_crosshairHealth        30b74180     <common>
 0004:008f42a0       _cg_noProjectileTrail      30b742a0     <common>
 0004:008f43c0       _cg_renderToTextureFX      30b743c0     <common>
 0004:008f44e0       _cg_crosshairY             30b744e0     <common>
 0004:008f4600       _cg_dynamicCrosshair       30b74600     <common>
 0004:008f4720       _cg_draw3dIcons            30b74720     <common>
 0004:008f4830       _cg_skyOriPos              30b74830     <common>
 0004:008f4840       _cg_simpleItems            30b74840     <common>
 0004:008f4960       _cg_hudFiles               30b74960     <common>
 0004:008f4a80       _ui_myteam                 30b74a80     <common>
 0004:008f4ba0       _mme_screenShotFormat      30b74ba0     <common>
 0004:008f4cc0       _mme_blurType              30b74cc0     <common>
 0004:008f4de0       _cg_repeaterOrb            30b74de0     <common>
 0004:008f4f00       _cg_thirdPersonRange       30b74f00     <common>
 0004:008f5020       _cg_showVehBounds          30b75020     <common>
 0004:008f5140       _cg_thirdPersonHorzOffset  30b75140     <common>
 0004:008f5260       _cg_debugEvents            30b75260     <common>
 0004:008f5380       _cg_stereoSeparation       30b75380     <common>
 0004:008f54a0       _cg_smoothClients          30b754a0     <common>
 0004:008f55c0       _cg_bobroll                30b755c0     <common>
 0004:008f56e0       _cg_saberModelTraceEffect  30b756e0     <common>
 0004:008f5800       _cg_ignore                 30b75800     <common>
 0004:008f5920       _cg_snapshotTimeout        30b75920     <common>
 0004:008f5a40       _mme_blurFrames            30b75a40     <common>
 0004:008f5b60       _mme_saveDepth             30b75b60     <common>
 0004:008f5c80       _mme_saveStencil           30b75c80     <common>
 0004:008f5da0       _cg_drawCrosshairNames     30b75da0     <common>
 0004:008f5ec0       _cg_thirdPersonAlpha       30b75ec0     <common>
 0004:008f5fe0       _cg_crosshairX             30b75fe0     <common>
 0004:008f6100       _cg_footsteps              30b76100     <common>
 0004:008f6220       _cg_drawRadar              30b76220     <common>
 0004:008f6340       _cg_saberTrail             30b76340     <common>
 0004:008f6460       _cg_chatBox                30b76460     <common>
 0004:008f6580       _cg_nopredict              30b76580     <common>
 0004:008f66a0       _mme_jpegOptimizeHuffman   30b766a0     <common>
 0004:008f67c0       _pug_demos_autoChaseCam    30b767c0     <common>
 0004:008f68e0       _cg_buildScript            30b768e0     <common>
 0004:008f6a00       _cg_autoMap                30b76a00     <common>
 0004:008f6b20       _pug_demospec              30b76b20     <common>
 0004:008f6c40       _cg_synchronousClients     30b76c40     <common>
 0004:008f6d60       _cg_autoMapH               30b76d60     <common>
 0004:008f6e80       _cg_thirdPersonCameraDamp  30b76e80     <common>
 0004:008f6fa0       _ui_noScope                30b76fa0     <common>
 0004:008f70c0       _cg_bobpitch               30b770c0     <common>
 0004:008f71e0       _mme_saveShot              30b771e0     <common>
 0004:008f7300       _cg_lagometer              30b77300     <common>
 0004:008f7420       _cg_errorDecay             30b77420     <common>
 0004:008f7540       _cg_chatBoxHeight          30b77540     <common>
 0004:008f7660       _cg_pmove_msec             30b77660     <common>
 0004:008f7780       _cg_runroll                30b77780     <common>
 0004:008f78a0       _cg_showVehMiss            30b778a0     <common>
 0004:008f79c0       _cg_drawVehLeadIndicator   30b779c0     <common>
 0004:008f7ae0       _cg                        30b77ae0     <common>
 0004:009402e0       _cg_cameraOrbit            30bc02e0     <common>
 0004:00940400       _cg_bobup                  30bc0400     <common>
 0004:00940520       _mme_captureName           30bc0520     <common>
 0004:00940640       _cg_fpls                   30bc0640     <common>
 0004:00940760       _cg_timescaleFadeSpeed     30bc0760     <common>
 0004:00940880       _cg_entities               30bc0880     <common>
 0004:00b1d880       _pmove_fixed               30d9d880     <common>
 0004:00b1d9a0       _cg_saberDynamicMarkTime   30d9d9a0     <common>
 0004:00b1dac0       _cg_swingAngles            30d9dac0     <common>
 0004:00b1dbe0       _cg_teamOverlayUserinfo    30d9dbe0     <common>
 0004:00b1dd00       _cg_saberClientVisualCompensation 30d9dd00     <common>
 0004:00b1de20       _cg_blood                  30d9de20     <common>
 0004:00b1df40       _cg_teamChatsOnly          30d9df40     <common>
 0004:00b1e060       _cg_viewsize               30d9e060     <common>
 0004:00b1e180       _cg_deferPlayers           30d9e180     <common>
 0004:00b1e2a0       _cg_showmiss               30d9e2a0     <common>
 0004:00b1e3c0       _cg_noPlayerAnims          30d9e3c0     <common>
 0004:00b1e4e0       _mme_blurOverlap           30d9e4e0     <common>
 0004:00b1e600       _cg_crosshairSize          30d9e600     <common>
 0004:00b1e720       _cg_drawIcons              30d9e720     <common>
 0004:00b1e840       _cg_predictItems           30d9e840     <common>
 0004:00b1e960       _cg_thirdPersonPitchOffset 30d9e960     <common>
 0004:00b1ea80       _mme_depthFocus            30d9ea80     <common>
 0004:00b1eba0       _cg_fov                    30d9eba0     <common>
 0004:00b1ecc0       _fx_vfps                   30d9ecc0     <common>
 0004:00b1ede0       _pug_demos_HidePacketEntities 30d9ede0     <common>
 0004:00b1ef00       _mme_jpegQuality           30d9ef00     <common>
 0004:00b1f020       _g_showDuelHealths         30d9f020     <common>
 0004:00b1f140       _cg_dismember              30d9f140     <common>
 0004:00b1f260       _cg_paused                 30d9f260     <common>
 0004:00b1f380       _cg_thirdPersonAngle       30d9f380     <common>
 0004:00b1f4a0       _cg_currentSelectedPlayerName 30d9f4a0     <common>
 0004:00b1f5c0       _cg_autoMapY               30d9f5c0     <common>
 0004:00b1f6e0       _cg_localEntities          30d9f6e0     <common>
 0004:00c33744       _cg_freeLocalEntities      30eb3744     <common>
 0004:00c33760       _cg_activeLocalEntities    30eb3760     <common>
 0004:00c33930       _dbModels_Rocks            30eb3930     <common>
 0004:00c33960       _dbModels_Glass            30eb3960     <common>
 0004:00c33980       _dbModels_Wood             30eb3980     <common>
 0004:00c339a0       _dbModels_Chunks           30eb39a0     <common>
 0004:00c339b0       _cg_genericTimerColor      30eb39b0     <common>
 0004:00c33bc0       _lagometer                 30eb3bc0     <common>
 0004:00c341c8       _hudTintColor              30eb41c8     <common>
 0004:00c341d0       _gCGFallVector             30eb41d0     <common>
 0004:00c341dc       _lastvalidlockdif          30eb41dc     <common>
 0004:00c341e0       _sortedTeamPlayers         30eb41e0     <common>
 0004:00c34260       _teamChat1                 30eb4260     <common>
 0004:00c34360       _numSortedTeamPlayers      30eb4360     <common>
 0004:00c34380       _systemChat                30eb4380     <common>
 0004:00c34480       _teamChat2                 30eb4480     <common>
 0004:00c34580       _theMatrix                 30eb4580     <common>
 0004:00cbc3a0       _cam                       30f3c3a0     <common>
 0004:00cbdca0       _trMME                     30f3dca0     <common>
 0004:00cbdcc0       _VehicleParms              30f3dcc0     <common>
 0004:00cd2840       _VehWeaponParms            30f52840     <common>
 0004:00cd6840       _g_vehicleInfo             30f56840     <common>
 0004:00cd9ac0       _g_vehWeaponInfo           30f59ac0     <common>
 0004:00cda100       _bgSiegeClasses            30f5a100     <common>
 0004:00d15600       _bgSiegeTeams              30f95600     <common>
 0004:00d17a80       _siege_info                30f97a80     <common>
 0004:00d1ba80       _pml                       30f9ba80     <common>
 0004:00d1bb28       _pm                        30f9bb28     <common>
 0004:00d1bb40       _bgAllEvents               30f9bb40     <common>
 0004:00d601c0       _bgAllAnims                30fe01c0     <common>
 0004:00d60600       _bgHumanoidAnimations      30fe0600     <common>
 0004:00d63038       ___sbh_initialized         30fe3038     <common>
 0004:00d6304c       ___sbh_cntHeaderList       30fe304c     <common>
 0004:00d63050       ___sbh_pHeaderList         30fe3050     <common>
 0004:00d63054       ___sbh_threshold           30fe3054     <common>
 0004:00d63058       ___sbh_pHeaderScan         30fe3058     <common>
 0004:00d6305c       ___sbh_sizeHeaderList      30fe305c     <common>
 0004:00d63060       ___sbh_indGroupDefer       30fe3060     <common>
 0004:00d63064       __pfnReportHook            30fe3064     <common>
 0004:00d63074       __pReportHookListW         30fe3074     <common>
 0004:00d63078       __pReportHookList          30fe3078     <common>
 0004:00d6307c       __debugger_hook_dummy      30fe307c     <common>
 0004:00d63088       ___active_heap             30fe3088     <common>
 0004:00d63094       __nhandle                  30fe3094     <common>
 0004:00d630e0       ___pioinfo                 30fe30e0     <common>
 0004:00d631e0       __pmatherr                 30fe31e0     <common>
 0004:00d631ec       ___piob                    30fe31ec     <common>
 0004:00d63540       __bufin                    30fe3540     <common>
 0004:00d64540       __nstream                  30fe4540     <common>
 0004:00d64544       ___env_initialized         30fe4544     <common>
 0004:00d64554       ___onexitend               30fe4554     <common>
 0004:00d64558       ___onexitbegin             30fe4558     <common>
 0004:00d6455c       ___mbctype_initialized     30fe455c     <common>
 0004:00d64560       ___dyn_tls_init_callback   30fe4560     <common>
 0004:00d64564       ___use_sse2_mathfcns       30fe4564     <common>
 0004:00d64570       ___setlc_active            30fe4570     <common>
 0004:00d64580       ___unguarded_readlc_active 30fe4580     <common>
 0004:00d64584       ___sse2_available          30fe4584     <common>
 0004:00d64590       __acmdln                   30fe4590     <common>
 0005:00000000       __IMPORT_DESCRIPTOR_OPENGL32 30fe5000     opengl32:OPENGL32.dll
 0005:00000014       __IMPORT_DESCRIPTOR_KERNEL32 30fe5014     kernel32:KERNEL32.dll
 0005:00000028       __NULL_IMPORT_DESCRIPTOR   30fe5028     opengl32:OPENGL32.dll
 0005:00000270       __imp__FreeLibrary@4       30fe5270     kernel32:KERNEL32.dll
 0005:00000274       __imp__SetEnvironmentVariableA@8 30fe5274     kernel32:KERNEL32.dll
 0005:00000278       __imp__CompareStringW@24   30fe5278     kernel32:KERNEL32.dll
 0005:0000027c       __imp__GetModuleFileNameW@12 30fe527c     kernel32:KERNEL32.dll
 0005:00000280       __imp__WriteConsoleW@20    30fe5280     kernel32:KERNEL32.dll
 0005:00000284       __imp__GetFileType@4       30fe5284     kernel32:KERNEL32.dll
 0005:00000288       __imp__GetStdHandle@4      30fe5288     kernel32:KERNEL32.dll
 0005:0000028c       __imp__GetLastError@0      30fe528c     kernel32:KERNEL32.dll
 0005:00000290       __imp__CreateDirectoryA@8  30fe5290     kernel32:KERNEL32.dll
 0005:00000294       __imp__IsDebuggerPresent@0 30fe5294     kernel32:KERNEL32.dll
 0005:00000298       __imp__RaiseException@16   30fe5298     kernel32:KERNEL32.dll
 0005:0000029c       __imp__DebugBreak@0        30fe529c     kernel32:KERNEL32.dll
 0005:000002a0       __imp__WideCharToMultiByte@32 30fe52a0     kernel32:KERNEL32.dll
 0005:000002a4       __imp__MultiByteToWideChar@24 30fe52a4     kernel32:KERNEL32.dll
 0005:000002a8       __imp__lstrlenA@4          30fe52a8     kernel32:KERNEL32.dll
 0005:000002ac       __imp__GetProcAddress@8    30fe52ac     kernel32:KERNEL32.dll
 0005:000002b0       __imp__LoadLibraryA@4      30fe52b0     kernel32:KERNEL32.dll
 0005:000002b4       __imp__GetCurrentThreadId@0 30fe52b4     kernel32:KERNEL32.dll
 0005:000002b8       __imp__GetCommandLineA@0   30fe52b8     kernel32:KERNEL32.dll
 0005:000002bc       __imp__GetModuleHandleA@4  30fe52bc     kernel32:KERNEL32.dll
 0005:000002c0       __imp__TerminateProcess@8  30fe52c0     kernel32:KERNEL32.dll
 0005:000002c4       __imp__GetCurrentProcess@0 30fe52c4     kernel32:KERNEL32.dll
 0005:000002c8       __imp__UnhandledExceptionFilter@4 30fe52c8     kernel32:KERNEL32.dll
 0005:000002cc       __imp__SetUnhandledExceptionFilter@4 30fe52cc     kernel32:KERNEL32.dll
 0005:000002d0       __imp__InterlockedIncrement@4 30fe52d0     kernel32:KERNEL32.dll
 0005:000002d4       __imp__InterlockedDecrement@4 30fe52d4     kernel32:KERNEL32.dll
 0005:000002d8       __imp__GetACP@0            30fe52d8     kernel32:KERNEL32.dll
 0005:000002dc       __imp__GetOEMCP@0          30fe52dc     kernel32:KERNEL32.dll
 0005:000002e0       __imp__GetCPInfo@8         30fe52e0     kernel32:KERNEL32.dll
 0005:000002e4       __imp__IsValidCodePage@4   30fe52e4     kernel32:KERNEL32.dll
 0005:000002e8       __imp__TlsGetValue@4       30fe52e8     kernel32:KERNEL32.dll
 0005:000002ec       __imp__GetModuleHandleW@4  30fe52ec     kernel32:KERNEL32.dll
 0005:000002f0       __imp__TlsAlloc@0          30fe52f0     kernel32:KERNEL32.dll
 0005:000002f4       __imp__TlsSetValue@8       30fe52f4     kernel32:KERNEL32.dll
 0005:000002f8       __imp__TlsFree@4           30fe52f8     kernel32:KERNEL32.dll
 0005:000002fc       __imp__SetLastError@4      30fe52fc     kernel32:KERNEL32.dll
 0005:00000300       __imp__GetCurrentThread@0  30fe5300     kernel32:KERNEL32.dll
 0005:00000304       __imp__Sleep@4             30fe5304     kernel32:KERNEL32.dll
 0005:00000308       __imp__ExitProcess@4       30fe5308     kernel32:KERNEL32.dll
 0005:0000030c       __imp__SetConsoleCtrlHandler@8 30fe530c     kernel32:KERNEL32.dll
 0005:00000310       __imp__LoadLibraryW@4      30fe5310     kernel32:KERNEL32.dll
 0005:00000314       __imp__EnterCriticalSection@4 30fe5314     kernel32:KERNEL32.dll
 0005:00000318       __imp__LeaveCriticalSection@4 30fe5318     kernel32:KERNEL32.dll
 0005:0000031c       __imp__RtlUnwind@16        30fe531c     kernel32:KERNEL32.dll
 0005:00000320       __imp__HeapValidate@12     30fe5320     kernel32:KERNEL32.dll
 0005:00000324       __imp__IsBadReadPtr@8      30fe5324     kernel32:KERNEL32.dll
 0005:00000328       __imp__CloseHandle@4       30fe5328     kernel32:KERNEL32.dll
 0005:0000032c       __imp__HeapFree@12         30fe532c     kernel32:KERNEL32.dll
 0005:00000330       __imp__HeapAlloc@12        30fe5330     kernel32:KERNEL32.dll
 0005:00000334       __imp__GetProcessHeap@0    30fe5334     kernel32:KERNEL32.dll
 0005:00000338       __imp__VirtualQuery@12     30fe5338     kernel32:KERNEL32.dll
 0005:0000033c       __imp__WriteFile@20        30fe533c     kernel32:KERNEL32.dll
 0005:00000340       __imp__GetConsoleCP@0      30fe5340     kernel32:KERNEL32.dll
 0005:00000344       __imp__GetConsoleMode@8    30fe5344     kernel32:KERNEL32.dll
 0005:00000348       __imp__ReadFile@20         30fe5348     kernel32:KERNEL32.dll
 0005:0000034c       __imp__SetFilePointer@16   30fe534c     kernel32:KERNEL32.dll
 0005:00000350       __imp__SetHandleCount@4    30fe5350     kernel32:KERNEL32.dll
 0005:00000354       __imp__GetStartupInfoA@4   30fe5354     kernel32:KERNEL32.dll
 0005:00000358       __imp__DeleteCriticalSection@4 30fe5358     kernel32:KERNEL32.dll
 0005:0000035c       __imp__LCMapStringA@24     30fe535c     kernel32:KERNEL32.dll
 0005:00000360       __imp__LCMapStringW@24     30fe5360     kernel32:KERNEL32.dll
 0005:00000364       __imp__GetModuleFileNameA@12 30fe5364     kernel32:KERNEL32.dll
 0005:00000368       __imp__FreeEnvironmentStringsA@4 30fe5368     kernel32:KERNEL32.dll
 0005:0000036c       __imp__GetEnvironmentStrings@0 30fe536c     kernel32:KERNEL32.dll
 0005:00000370       __imp__FreeEnvironmentStringsW@4 30fe5370     kernel32:KERNEL32.dll
 0005:00000374       __imp__GetEnvironmentStringsW@0 30fe5374     kernel32:KERNEL32.dll
 0005:00000378       __imp__HeapDestroy@4       30fe5378     kernel32:KERNEL32.dll
 0005:0000037c       __imp__HeapCreate@12       30fe537c     kernel32:KERNEL32.dll
 0005:00000380       __imp__VirtualFree@12      30fe5380     kernel32:KERNEL32.dll
 0005:00000384       __imp__QueryPerformanceCounter@4 30fe5384     kernel32:KERNEL32.dll
 0005:00000388       __imp__GetTickCount@0      30fe5388     kernel32:KERNEL32.dll
 0005:0000038c       __imp__GetCurrentProcessId@0 30fe538c     kernel32:KERNEL32.dll
 0005:00000390       __imp__GetSystemTimeAsFileTime@4 30fe5390     kernel32:KERNEL32.dll
 0005:00000394       __imp__GetStringTypeA@20   30fe5394     kernel32:KERNEL32.dll
 0005:00000398       __imp__GetStringTypeW@16   30fe5398     kernel32:KERNEL32.dll
 0005:0000039c       __imp__FatalAppExitA@8     30fe539c     kernel32:KERNEL32.dll
 0005:000003a0       __imp__OutputDebugStringA@4 30fe53a0     kernel32:KERNEL32.dll
 0005:000003a4       __imp__OutputDebugStringW@4 30fe53a4     kernel32:KERNEL32.dll
 0005:000003a8       __imp__GetTimeFormatA@24   30fe53a8     kernel32:KERNEL32.dll
 0005:000003ac       __imp__GetDateFormatA@24   30fe53ac     kernel32:KERNEL32.dll
 0005:000003b0       __imp__GetLocaleInfoA@16   30fe53b0     kernel32:KERNEL32.dll
 0005:000003b4       __imp__IsValidLocale@8     30fe53b4     kernel32:KERNEL32.dll
 0005:000003b8       __imp__EnumSystemLocalesA@8 30fe53b8     kernel32:KERNEL32.dll
 0005:000003bc       __imp__GetUserDefaultLCID@0 30fe53bc     kernel32:KERNEL32.dll
 0005:000003c0       __imp__InterlockedExchange@8 30fe53c0     kernel32:KERNEL32.dll
 0005:000003c4       __imp__InitializeCriticalSectionAndSpinCount@8 30fe53c4     kernel32:KERNEL32.dll
 0005:000003c8       __imp__FlushFileBuffers@4  30fe53c8     kernel32:KERNEL32.dll
 0005:000003cc       __imp__CreateFileA@28      30fe53cc     kernel32:KERNEL32.dll
 0005:000003d0       __imp__HeapSize@12         30fe53d0     kernel32:KERNEL32.dll
 0005:000003d4       __imp__HeapReAlloc@16      30fe53d4     kernel32:KERNEL32.dll
 0005:000003d8       __imp__VirtualAlloc@16     30fe53d8     kernel32:KERNEL32.dll
 0005:000003dc       __imp__SetStdHandle@8      30fe53dc     kernel32:KERNEL32.dll
 0005:000003e0       __imp__WriteConsoleA@20    30fe53e0     kernel32:KERNEL32.dll
 0005:000003e4       __imp__GetConsoleOutputCP@0 30fe53e4     kernel32:KERNEL32.dll
 0005:000003e8       __imp__GetTimeZoneInformation@4 30fe53e8     kernel32:KERNEL32.dll
 0005:000003ec       __imp__GetLocaleInfoW@16   30fe53ec     kernel32:KERNEL32.dll
 0005:000003f0       __imp__SetEndOfFile@4      30fe53f0     kernel32:KERNEL32.dll
 0005:000003f4       __imp__CompareStringA@24   30fe53f4     kernel32:KERNEL32.dll
 0005:000003f8       \177KERNEL32_NULL_THUNK_DATA 30fe53f8     kernel32:KERNEL32.dll
 0005:00000470       __imp__glReadPixels@28     30fe5470     opengl32:OPENGL32.dll
 0005:00000474       __imp__glDepthRange@16     30fe5474     opengl32:OPENGL32.dll
 0005:00000478       \177OPENGL32_NULL_THUNK_DATA 30fe5478     opengl32:OPENGL32.dll

 entry point at        0002:000006f4

