 uix86

 Timestamp is 4974de37 (Mon Jan 19 15:10:31 2009)

 Preferred load address is 40000000

 Start         Length     Name                   Class
 0001:00000000 00062539H .textbss                DATA
 0002:00000000 000c9b25H .text                   CODE
 0002:000c9b30 00001161H .text$x                 CODE
 0003:00000000 00000104H .CRT$XCA                DATA
 0003:00000104 00000104H .CRT$XCZ                DATA
 0003:00000208 00000104H .CRT$XIA                DATA
 0003:0000030c 00000118H .CRT$XIC                DATA
 0003:00000424 00000104H .CRT$XIZ                DATA
 0003:00000528 00000104H .CRT$XPA                DATA
 0003:0000062c 00000109H .CRT$XPX                DATA
 0003:00000738 00000104H .CRT$XPXA               DATA
 0003:0000083c 00000104H .CRT$XPZ                DATA
 0003:00000940 00000104H .CRT$XTA                DATA
 0003:00000a44 00000104H .CRT$XTZ                DATA
 0003:00000b50 0002a4a3H .rdata                  DATA
 0003:0002aff4 000001a9H .rdata$debug            DATA
 0003:0002b1a0 0000032fH .rdata$r                DATA
 0003:0002b4d0 00000104H .rtc$IAA                DATA
 0003:0002b5d4 00000139H .rtc$IMZ                DATA
 0003:0002b710 00000104H .rtc$IZZ                DATA
 0003:0002b814 00000104H .rtc$TAA                DATA
 0003:0002b918 00000139H .rtc$TMZ                DATA
 0003:0002ba54 00000104H .rtc$TZZ                DATA
 0003:0002bb58 000010b2H .xdata$x                DATA
 0003:0002cc10 00000167H .edata                  DATA
 0004:00000000 0000b29cH .data                   DATA
 0004:0000b2a0 005ea118H .bss                    DATA
 0005:00000000 00000014H .idata$2                DATA
 0005:00000014 00000014H .idata$3                DATA
 0005:00000028 000001f8H .idata$4                DATA
 0005:00000220 000001f8H .idata$5                DATA
 0005:00000418 000008a1H .idata$6                DATA
 0006:00000000 000001c0H .rsrc$01                DATA
 0006:000001c0 00000e63H .rsrc$02                DATA

  Address         Publics by Value              Rva+Base       Lib:Object

 0000:00000000       ___safe_se_handler_count   00000000     <absolute>
 0000:00000000       __except_list              00000000     <absolute>
 0000:00000000       ___safe_se_handler_table   00000000     <absolute>
 0000:00000000       ___ImageBase               40000000     <linker-defined>
 0001:00000000       __enc$textbss$begin        40001000     <linker-defined>
 0001:00062539       __enc$textbss$end          40063539     <linker-defined>
 0002:00004bd0       _BG_FileExists             40068bd0 f   bg_misc.obj
 0002:00004ca0       _BG_LegalizedForcePowers   40068ca0 f   bg_misc.obj
 0002:00005890       _vectoyaw                  40069890 f   bg_misc.obj
 0002:000059c0       _BG_HasYsalamiri           400699c0 f   bg_misc.obj
 0002:00005a40       _BG_CanUseFPNow            40069a40 f   bg_misc.obj
 0002:00005c10       _BG_FindItemForPowerup     40069c10 f   bg_misc.obj
 0002:00005cc0       _BG_FindItemForHoldable    40069cc0 f   bg_misc.obj
 0002:00005d80       _BG_FindItemForWeapon      40069d80 f   bg_misc.obj
 0002:00005e20       _BG_FindItemForAmmo        40069e20 f   bg_misc.obj
 0002:00005ec0       _BG_FindItem               40069ec0 f   bg_misc.obj
 0002:00005f50       _BG_PlayerTouchesItem      40069f50 f   bg_misc.obj
 0002:000060a0       _BG_ProperForceIndex       4006a0a0 f   bg_misc.obj
 0002:00006110       _BG_CycleForce             4006a110 f   bg_misc.obj
 0002:000062f0       _BG_GetItemIndexByTag      4006a2f0 f   bg_misc.obj
 0002:00006380       _BG_IsItemSelectable       4006a380 f   bg_misc.obj
 0002:000063d0       _BG_CycleInven             4006a3d0 f   bg_misc.obj
 0002:00006540       _BG_CanItemBeGrabbed       4006a540 f   bg_misc.obj
 0002:00006ae0       _BG_EvaluateTrajectory     4006aae0 f   bg_misc.obj
 0002:00006f40       _BG_EvaluateTrajectoryDelta 4006af40 f   bg_misc.obj
 0002:000072b0       _BG_AddPredictableEventToPlayerstate 4006b2b0 f   bg_misc.obj
 0002:000073d0       _BG_TouchJumpPad           4006b3d0 f   bg_misc.obj
 0002:00007540       _BG_EmplacedView           4006b540 f   bg_misc.obj
 0002:000076a0       _BG_IsValidCharacterModel  4006b6a0 f   bg_misc.obj
 0002:00007790       _BG_ValidateSkinForTeam    4006b790 f   bg_misc.obj
 0002:00007bb0       _BG_PlayerStateToEntityState 4006bbb0 f   bg_misc.obj
 0002:000083f0       _BG_PlayerStateToEntityStateExtraPolate 4006c3f0 f   bg_misc.obj
 0002:00008b70       _BG_ModelCache             4006cb70 f   bg_misc.obj
 0002:00008be0       _BG_Alloc                  4006cbe0 f   bg_misc.obj
 0002:00008ca0       _BG_AllocUnaligned         4006cca0 f   bg_misc.obj
 0002:00008d40       _BG_TempAlloc              4006cd40 f   bg_misc.obj
 0002:00008df0       _BG_TempFree               4006cdf0 f   bg_misc.obj
 0002:00008e90       _BG_StringAlloc            4006ce90 f   bg_misc.obj
 0002:00008f10       _BG_OutOfMemory            4006cf10 f   bg_misc.obj
 0002:00008f60       _BG_SiegeStripTabs         4006cf60 f   bg_saga.obj
 0002:00009010       _BG_SiegeGetValueGroup     4006d010 f   bg_saga.obj
 0002:000098e0       _BG_SiegeGetPairedValue    4006d8e0 f   bg_saga.obj
 0002:00009f70       _BG_SiegeTranslateForcePowers 4006df70 f   bg_saga.obj
 0002:0000a490       _BG_SiegeTranslateGenericTable 4006e490 f   bg_saga.obj
 0002:0000a770       _BG_SiegeParseClassFile    4006e770 f   bg_saga.obj
 0002:0000b4d0       _BG_SiegeCountBaseClass    4006f4d0 f   bg_saga.obj
 0002:0000b5a0       _BG_GetUIPortraitFile      4006f5a0 f   bg_saga.obj
 0002:0000b690       _BG_GetUIPortrait          4006f690 f   bg_saga.obj
 0002:0000b780       _BG_GetClassOnBaseClass    4006f780 f   bg_saga.obj
 0002:0000b860       _BG_SiegeLoadClasses       4006f860 f   bg_saga.obj
 0002:0000ba40       _BG_SiegeFindClassByName   4006fa40 f   bg_saga.obj
 0002:0000baf0       _BG_SiegeParseTeamFile     4006faf0 f   bg_saga.obj
 0002:0000bec0       _BG_SiegeLoadTeams         4006fec0 f   bg_saga.obj
 0002:0000c060       _BG_SiegeFindThemeForTeam  40070060 f   bg_saga.obj
 0002:0000c0c0       _BG_SiegeCheckClassLegality 400700c0 f   bg_saga.obj
 0002:0000c1d0       _BG_SiegeFindTeamForTheme  400701d0 f   bg_saga.obj
 0002:0000c290       _BG_SiegeSetTeamTheme      40070290 f   bg_saga.obj
 0002:0000c310       _BG_SiegeFindClassIndexByName 40070310 f   bg_saga.obj
 0002:0000c3b0       _BG_ClearVehicleParseParms 400703b0 f   bg_vehicleLoad.obj
 0002:0000c3f0       _VEH_LoadVehWeapon         400703f0 f   bg_vehicleLoad.obj
 0002:0000cd30       _VEH_VehWeaponIndexForName 40070d30 f   bg_vehicleLoad.obj
 0002:0000ce60       _BG_SetSharedVehicleFunctions 40070e60 f   bg_vehicleLoad.obj
 0002:0000ce90       _BG_VehicleSetDefaults     40070e90 f   bg_vehicleLoad.obj
 0002:0000cef0       _BG_VehicleClampData       40070ef0 f   bg_vehicleLoad.obj
 0002:0000cfe0       _VEH_LoadVehicle           40070fe0 f   bg_vehicleLoad.obj
 0002:0000e4f0       _VEH_VehicleIndexForName   400724f0 f   bg_vehicleLoad.obj
 0002:0000e620       _BG_VehWeaponLoadParms     40072620 f   bg_vehicleLoad.obj
 0002:0000e8e0       _BG_VehicleLoadParms       400728e0 f   bg_vehicleLoad.obj
 0002:0000ebe0       _BG_VehicleGetIndex        40072be0 f   bg_vehicleLoad.obj
 0002:0000ec30       _BG_GetVehicleModelName    40072c30 f   bg_vehicleLoad.obj
 0002:0000ed00       _BG_GetVehicleSkinName     40072d00 f   bg_vehicleLoad.obj
 0002:0000ee10       _Q_rand                    40072e10 f   q_math.obj
 0002:0000ee60       _Q_random                  40072e60 f   q_math.obj
 0002:0000eee0       _Q_crandom                 40072ee0 f   q_math.obj
 0002:0000ef50       _ClampChar                 40072f50 f   q_math.obj
 0002:0000efa0       _ClampShort                40072fa0 f   q_math.obj
 0002:0000f000       _DirToByte                 40073000 f   q_math.obj
 0002:0000f0f0       _ByteToDir                 400730f0 f   q_math.obj
 0002:0000f1b0       _ColorBytes3               400731b0 f   q_math.obj
 0002:0000f2d0       _ColorBytes4               400732d0 f   q_math.obj
 0002:0000f430       _NormalizeColor            40073430 f   q_math.obj
 0002:0000f520       _PlaneFromPoints           40073520 f   q_math.obj
 0002:0000f730       _RotatePointAroundVector   40073730 f   q_math.obj
 0002:0000fad0       _RotateAroundDirection     40073ad0 f   q_math.obj
 0002:0000fbe0       _vectoangles               40073be0 f   q_math.obj
 0002:0000fde0       _AnglesToAxis              40073de0 f   q_math.obj
 0002:0000feb0       _AxisClear                 40073eb0 f   q_math.obj
 0002:0000ff40       _AxisCopy                  40073f40 f   q_math.obj
 0002:00010000       _ProjectPointOnPlane       40074000 f   q_math.obj
 0002:000101a0       _MakeNormalVectors         400741a0 f   q_math.obj
 0002:000102c0       _VectorRotate              400742c0 f   q_math.obj
 0002:000103a0       _Q_rsqrt                   400743a0 f   q_math.obj
 0002:00010430       _Q_fabs                    40074430 f   q_math.obj
 0002:00010480       _LerpAngle                 40074480 f   q_math.obj
 0002:00010520       _AngleSubtract             40074520 f   q_math.obj
 0002:000105e0       _AnglesSubtract            400745e0 f   q_math.obj
 0002:000106a0       _AngleMod                  400746a0 f   q_math.obj
 0002:00010720       _AngleNormalize360         40074720 f   q_math.obj
 0002:000107a0       _AngleNormalize180         400747a0 f   q_math.obj
 0002:00010820       _AngleDelta                40074820 f   q_math.obj
 0002:00010890       _SetPlaneSignbits          40074890 f   q_math.obj
 0002:00010930       _BoxOnPlaneSide            40074930 f   q_math.obj
 0002:00010c00       _RadiusFromBounds          40074c00 f   q_math.obj
 0002:00010dc0       _ClearBounds               40074dc0 f   q_math.obj
 0002:00010e50       _DistanceHorizontal        40074e50 f   q_math.obj
 0002:00010f30       _DistanceHorizontalSquared 40074f30 f   q_math.obj
 0002:00010ff0       _AddPointToBounds          40074ff0 f   q_math.obj
 0002:00011110       _VectorNormalize           40075110 f   q_math.obj
 0002:00011200       _VectorNormalize2          40075200 f   q_math.obj
 0002:00011310       __VectorMA                 40075310 f   q_math.obj
 0002:00011390       __DotProduct               40075390 f   q_math.obj
 0002:00011400       __VectorSubtract           40075400 f   q_math.obj
 0002:00011470       __VectorAdd                40075470 f   q_math.obj
 0002:000114e0       __VectorCopy               400754e0 f   q_math.obj
 0002:00011540       __VectorScale              40075540 f   q_math.obj
 0002:000115b0       _Vector4Scale              400755b0 f   q_math.obj
 0002:00011630       _Q_log2                    40075630 f   q_math.obj
 0002:00011690       _MatrixMultiply            40075690 f   q_math.obj
 0002:000118c0       _AngleVectors              400758c0 f   q_math.obj
 0002:00011b60       _PerpendicularVector       40075b60 f   q_math.obj
 0002:00011cb0       _NormalToLatLong           40075cb0 f   q_math.obj
 0002:00011e30       _Rand_Init                 40075e30 f   q_math.obj
 0002:00011e70       _flrand                    40075e70 f   q_math.obj
 0002:00011f40       _Q_flrand                  40075f40 f   q_math.obj
 0002:00011fa0       _irand                     40075fa0 f   q_math.obj
 0002:00012060       _Q_irand                   40076060 f   q_math.obj
 0002:000120c0       _FIXEDpowf                 400760c0 f   q_math.obj
 0002:00012130       _DotProductNormalize       40076130 f   q_math.obj
 0002:00012210       _G_FindClosestPointOnLineSegment 40076210 f   q_math.obj
 0002:00012720       _G_PointDistFromLineSegment 40076720 f   q_math.obj
 0002:00012bd0       _GetIDForString            40076bd0 f   q_shared.obj
 0002:00012c80       _GetStringForID            40076c80 f   q_shared.obj
 0002:00012d10       _Com_Clampi                40076d10 f   q_shared.obj
 0002:00012d70       _Com_Clamp                 40076d70 f   q_shared.obj
 0002:00012de0       _COM_SkipPath              40076de0 f   q_shared.obj
 0002:00012e50       _COM_StripExtension        40076e50 f   q_shared.obj
 0002:00012ed0       _COM_DefaultExtension      40076ed0 f   q_shared.obj
 0002:00012ff0       _ShortSwap                 40076ff0 f   q_shared.obj
 0002:00013050       _ShortNoSwap               40077050 f   q_shared.obj
 0002:00013090       _LongSwap                  40077090 f   q_shared.obj
 0002:00013130       _LongNoSwap                40077130 f   q_shared.obj
 0002:00013170       _Long64Swap                40077170 f   q_shared.obj
 0002:00013220       _Long64NoSwap              40077220 f   q_shared.obj
 0002:00013260       _FloatSwap                 40077260 f   q_shared.obj
 0002:00013300       _FloatNoSwap               40077300 f   q_shared.obj
 0002:00013340       _COM_BeginParseSession     40077340 f   q_shared.obj
 0002:000133b0       _COM_GetCurrentParseLine   400773b0 f   q_shared.obj
 0002:000133f0       _COM_Parse                 400773f0 f   q_shared.obj
 0002:00013440       _COM_ParseError            40077440 f   q_shared.obj
 0002:000134d0       _COM_ParseWarning          400774d0 f   q_shared.obj
 0002:00013560       _SkipWhitespace            40077560 f   q_shared.obj
 0002:000135f0       _COM_Compress              400775f0 f   q_shared.obj
 0002:00013890       _COM_ParseExt              40077890 f   q_shared.obj
 0002:00013bc0       _COM_ParseString           40077bc0 f   q_shared.obj
 0002:00013c40       _COM_ParseInt              40077c40 f   q_shared.obj
 0002:00013ce0       _COM_ParseFloat            40077ce0 f   q_shared.obj
 0002:00013d80       _COM_ParseVec4             40077d80 f   q_shared.obj
 0002:00013e50       _COM_MatchToken            40077e50 f   q_shared.obj
 0002:00013ee0       _SkipBracedSection         40077ee0 f   q_shared.obj
 0002:00013f90       _SkipRestOfLine            40077f90 f   q_shared.obj
 0002:00014040       _Parse1DMatrix             40078040 f   q_shared.obj
 0002:00014100       _Parse2DMatrix             40078100 f   q_shared.obj
 0002:000141c0       _Parse3DMatrix             400781c0 f   q_shared.obj
 0002:00014280       _Q_isprint                 40078280 f   q_shared.obj
 0002:000142d0       _Q_islower                 400782d0 f   q_shared.obj
 0002:00014320       _Q_isupper                 40078320 f   q_shared.obj
 0002:00014370       _Q_isalpha                 40078370 f   q_shared.obj
 0002:000143d0       _Q_strrchr                 400783d0 f   q_shared.obj
 0002:00014460       _Q_strncpyz                40078460 f   q_shared.obj
 0002:00014520       _Q_stricmpn                40078520 f   q_shared.obj
 0002:00014650       _Q_strncmp                 40078650 f   q_shared.obj
 0002:00014700       _Q_stricmp                 40078700 f   q_shared.obj
 0002:00014790       _Q_strlwr                  40078790 f   q_shared.obj
 0002:00014810       _Q_strupr                  40078810 f   q_shared.obj
 0002:00014890       _Q_strcat                  40078890 f   q_shared.obj
 0002:00014920       _Q_PrintStrlen             40078920 f   q_shared.obj
 0002:00014a00       _Q_CleanStr                40078a00 f   q_shared.obj
 0002:00014af0       _Com_sprintf               40078af0 f   q_shared.obj
 0002:00014c20       _va                        40078c20 f   q_shared.obj
 0002:00014cc0       _Info_ValueForKey          40078cc0 f   q_shared.obj
 0002:00014f20       _Info_NextPair             40078f20 f   q_shared.obj
 0002:00015050       _Info_RemoveKey            40079050 f   q_shared.obj
 0002:000152b0       _Info_RemoveKey_Big        400792b0 f   q_shared.obj
 0002:00015510       _Info_Validate             40079510 f   q_shared.obj
 0002:00015590       _Info_SetValueForKey       40079590 f   q_shared.obj
 0002:000157e0       _Info_SetValueForKey_Big   400797e0 f   q_shared.obj
 0002:00015a20       _Com_Error                 40079a20 f   ui_atoms.obj
 0002:00015b00       _Com_Printf                40079b00 f   ui_atoms.obj
 0002:00015be0       _UI_ClampCvar              40079be0 f   ui_atoms.obj
 0002:00015c50       _UI_StartDemoLoop          40079c50 f   ui_atoms.obj
 0002:00015cb0       _UI_Argv                   40079cb0 f   ui_atoms.obj
 0002:00015d10       _UI_Cvar_VariableString    40079d10 f   ui_atoms.obj
 0002:00015d70       _UI_SetBestScores          40079d70 f   ui_atoms.obj
 0002:00016300       _UI_LoadBestScores         4007a300 f   ui_atoms.obj
 0002:00016520       _UI_ClearScores            4007a520 f   ui_atoms.obj
 0002:00016790       _UI_ConsoleCommand         4007a790 f   ui_atoms.obj
 0002:000171f0       _UI_Shutdown               4007b1f0 f   ui_atoms.obj
 0002:00017220       _UI_DrawNamedPic           4007b220 f   ui_atoms.obj
 0002:000172d0       _UI_DrawHandlePic          4007b2d0 f   ui_atoms.obj
 0002:000173e0       _UI_FillRect               4007b3e0 f   ui_atoms.obj
 0002:00017490       _UI_DrawSides              4007b490 f   ui_atoms.obj
 0002:00017590       _UI_DrawTopBottom          4007b590 f   ui_atoms.obj
 0002:00017690       _UI_DrawRect               4007b690 f   ui_atoms.obj
 0002:00017750       _UI_SetColor               4007b750 f   ui_atoms.obj
 0002:000177a0       _UI_UpdateScreen           4007b7a0 f   ui_atoms.obj
 0002:000177f0       _UI_DrawTextBox            4007b7f0 f   ui_atoms.obj
 0002:00017940       _UI_CursorInRect           4007b940 f   ui_atoms.obj
 0002:000179c0       _UI_InitForceShaders       4007b9c0 f   ui_force.obj
 0002:00017c20       _UI_DrawForceStars         4007bc20 f   ui_force.obj
 0002:00017e60       _UI_UpdateClientForcePowers 4007be60 f   ui_force.obj
 0002:00017fd0       _UI_TranslateFCFIndex      4007bfd0 f   ui_force.obj
 0002:00018030       _UI_SaveForceTemplate      4007c030 f   ui_force.obj
 0002:00018420       _UpdateForceUsed           4007c420 f   ui_force.obj
 0002:000189e0       _UI_ReadLegalForce         4007c9e0 f   ui_force.obj
 0002:000191d0       _UI_UpdateForcePowers      4007d1d0 f   ui_force.obj
 0002:000197c0       _UI_SkinColor_HandleKey    4007d7c0 f   ui_force.obj
 0002:000198c0       _UI_ForceSide_HandleKey    4007d8c0 f   ui_force.obj
 0002:00019b40       _UI_JediNonJedi_HandleKey  4007db40 f   ui_force.obj
 0002:00019dc0       _UI_ForceMaxRank_HandleKey 4007ddc0 f   ui_force.obj
 0002:00019ed0       _UI_ForcePowerRank_HandleKey 4007ded0 f   ui_force.obj
 0002:0001a1c0       _UI_ForceConfigHandle      4007e1c0 f   ui_force.obj
 0002:0001aa10       _UI_ParseInfos             4007ea10 f   ui_gameinfo.obj
 0002:0001ad90       _UI_LoadArenas             4007ed90 f   ui_gameinfo.obj
 0002:0001b560       _UI_LoadBots               4007f560 f   ui_gameinfo.obj
 0002:0001b9d0       _UI_GetBotInfoByNumber     4007f9d0 f   ui_gameinfo.obj
 0002:0001ba60       _UI_GetBotInfoByName       4007fa60 f   ui_gameinfo.obj
 0002:0001bb20       _UI_GetNumBots             4007fb20 f   ui_gameinfo.obj
 0002:0001bb60       _UI_GetBotNameByNumber     4007fb60 f   ui_gameinfo.obj
 0002:0001bbe0       _vmMain                    4007fbe0 f   ui_main.obj
 0002:0001bd60       _UI_AnimsetAlloc           4007fd60 f   ui_main.obj
 0002:0001be00       _UI_ParseAnimationFile     4007fe00 f   ui_main.obj
 0002:0001c3a0       _UI_TeamName               400803a0 f   ui_main.obj
 0002:0001c410       _AssetCache                40080410 f   ui_main.obj
 0002:0001c6a0       __UI_DrawSides             400806a0 f   ui_main.obj
 0002:0001c7b0       __UI_DrawTopBottom         400807b0 f   ui_main.obj
 0002:0001c8c0       __UI_DrawRect              400808c0 f   ui_main.obj
 0002:0001c990       _MenuFontToHandle          40080990 f   ui_main.obj
 0002:0001ca40       _Text_Width                40080a40 f   ui_main.obj
 0002:0001cab0       _Text_Height               40080ab0 f   ui_main.obj
 0002:0001cb20       _Text_Paint                40080b20 f   ui_main.obj
 0002:0001cc80       _Text_PaintWithCursor      40080c80 f   ui_main.obj
 0002:0001cf30       _UI_ShowPostGame           40080f30 f   ui_main.obj
 0002:0001cfd0       _UI_DrawCenteredPic        40080fd0 f   ui_main.obj
 0002:0001d070       _UI_GetStringEdString      40081070 f   ui_main.obj
 0002:0001d0f0       __UI_Refresh               400810f0 f   ui_main.obj
 0002:0001d480       __UI_Shutdown              40081480 f   ui_main.obj
 0002:0001d4d0       _GetMenuBuffer             400814d0 f   ui_main.obj
 0002:0001d620       _Asset_Parse               40081620 f   ui_main.obj
 0002:0001e1b0       _UI_Report                 400821b0 f   ui_main.obj
 0002:0001e200       _UI_ParseMenu              40082200 f   ui_main.obj
 0002:0001e390       _Load_Menu                 40082390 f   ui_main.obj
 0002:0001e4d0       _UI_LoadMenus              400824d0 f   ui_main.obj
 0002:0001e6c0       _UI_Load                   400826c0 f   ui_main.obj
 0002:0001e840       _UI_HasSetSaberOnly        40082840 f   ui_main.obj
 0002:0001ea20       _UI_TrueJediEnabled        40082a20 f   ui_main.obj
 0002:0001ec80       _UpdateBotButtons          40082c80 f   ui_main.obj
 0002:0001ed50       _UpdateForceStatus         40082d50 f   ui_main.obj
 0002:0001f470       _UI_ServersSort            40083470 f   ui_main.obj
 0002:0001f560       _UI_UpdateVideoSetup       40083560 f   ui_main.obj
 0002:0001f7d0       _UI_GetVideoSetup          400837d0 f   ui_main.obj
 0002:0001fc40       _UI_SetSiegeObjectiveGraphicPos 40083c40 f   ui_main.obj
 0002:0001fe90       _UI_FindCurrentSiegeTeamClass 40083e90 f   ui_main.obj
 0002:00020080       _UI_UpdateSiegeObjectiveGraphics 40084080 f   ui_main.obj
 0002:00020310       _UI_UpdateCharacterSkin    40084310 f   ui_main.obj
 0002:00020510       _UI_ClampMaxPlayers        40084510 f   ui_main.obj
 0002:00020690       _UI_UpdateSiegeStatusIcons 40084690 f   ui_main.obj
 0002:00020870       _UI_hasSkinForBase         40084870 f   ui_main.obj
 0002:00021bd0       _UI_SiegeClassNum          40085bd0 f   ui_main.obj
 0002:00021c50       _UI_SetSiegeTeams          40085c50 f   ui_main.obj
 0002:000221b0       _UI_SiegeSetCvarsForClass  400861b0 f   ui_main.obj
 0002:00022900       _UI_UpdateCvarsForClass    40086900 f   ui_main.obj
 0002:00022ab0       _UI_FeederSelection        40086ab0 f   ui_main.obj
 0002:00024380       _UI_LoadForceConfig_List   40088380 f   ui_main.obj
 0002:00024670       _UI_SiegeInit              40088670 f   ui_main.obj
 0002:00024710       __UI_Init                  40088710 f   ui_main.obj
 0002:000396b0       __UI_KeyEvent              4009d6b0 f   ui_main.obj
 0002:00039780       __UI_MouseEvent            4009d780 f   ui_main.obj
 0002:00039870       _UI_LoadNonIngame          4009d870 f   ui_main.obj
 0002:00039900       __UI_SetActiveMenu         4009d900 f   ui_main.obj
 0002:00039ce0       __UI_IsFullscreen          4009dce0 f   ui_main.obj
 0002:00039d30       _Text_PaintCenter          4009dd30 f   ui_main.obj
 0002:00039e00       _UI_DrawConnectScreen      4009de00 f   ui_main.obj
 0002:0003b340       _UI_RegisterCvars          4009f340 f   ui_main.obj
 0002:0003b3f0       _UI_UpdateCvars            4009f3f0 f   ui_main.obj
 0002:0003b9f0       _UI_CacheSaberGlowGraphics 4009f9f0 f   ui_saber.obj
 0002:0003bb40       _UI_ParseLiteral           4009fb40 f   ui_saber.obj
 0002:0003bc00       _UI_ParseLiteralSilent     4009fc00 f   ui_saber.obj
 0002:0003bc90       _UI_SaberParseParm         4009fc90 f   ui_saber.obj
 0002:0003bec0       _UI_SaberModelForSaber     4009fec0 f   ui_saber.obj
 0002:0003bf20       _UI_SaberSkinForSaber      4009ff20 f   ui_saber.obj
 0002:0003bf80       _UI_SaberTypeForSaber      4009ff80 f   ui_saber.obj
 0002:0003bfe0       _UI_SaberNumBladesForSaber 4009ffe0 f   ui_saber.obj
 0002:0003c0f0       _UI_SaberShouldDrawBlade   400a00f0 f   ui_saber.obj
 0002:0003c2d0       _UI_IsSaberTwoHanded       400a02d0 f   ui_saber.obj
 0002:0003c3d0       _UI_SaberBladeLengthForSaber 400a03d0 f   ui_saber.obj
 0002:0003c550       _UI_SaberBladeRadiusForSaber 400a0550 f   ui_saber.obj
 0002:0003c6d0       _UI_SaberProperNameForSaber 400a06d0 f   ui_saber.obj
 0002:0003c800       _UI_SaberValidForPlayerInMP 400a0800 f   ui_saber.obj
 0002:0003c900       _UI_SaberLoadParms         400a0900 f   ui_saber.obj
 0002:0003cc00       _UI_DoSaber                400a0c00 f   ui_saber.obj
 0002:0003d1b0       _SaberColorToString        400a11b0 f   ui_saber.obj
 0002:0003d250       _TranslateSaberColor       400a1250 f   ui_saber.obj
 0002:0003d3a0       _TranslateSaberType        400a13a0 f   ui_saber.obj
 0002:0003d5b0       _UI_SaberDrawBlade         400a15b0 f   ui_saber.obj
 0002:0003f040       _UI_GetSaberForMenu        400a3040 f   ui_saber.obj
 0002:0003f2c0       _UI_SaberDrawBlades        400a32c0 f   ui_saber.obj
 0002:0003f620       _UI_SaberAttachToChar      400a3620 f   ui_saber.obj
 0002:0003f940       _UI_SaberGetHiltInfo       400a3940 f   ui_saber.obj
 0002:0003fb40       _UI_Alloc                  400a3b40 f   ui_shared.obj
 0002:0003fc10       _UI_InitMemory             400a3c10 f   ui_shared.obj
 0002:0003fc60       _UI_OutOfMemory            400a3c60 f   ui_shared.obj
 0002:0003fca0       _String_Alloc              400a3ca0 f   ui_shared.obj
 0002:0003ff60       _String_Report             400a3f60 f   ui_shared.obj
 0002:00040070       _String_Init               400a4070 f   ui_shared.obj
 0002:00040150       _PC_SourceWarning          400a4150 f   ui_shared.obj
 0002:00040280       _PC_SourceError            400a4280 f   ui_shared.obj
 0002:000403b0       _LerpColor                 400a43b0 f   ui_shared.obj
 0002:00040490       _Float_Parse               400a4490 f   ui_shared.obj
 0002:00040520       _PC_Float_Parse            400a4520 f   ui_shared.obj
 0002:00040680       _Color_Parse               400a4680 f   ui_shared.obj
 0002:00040750       _PC_Color_Parse            400a4750 f   ui_shared.obj
 0002:00040820       _Int_Parse                 400a4820 f   ui_shared.obj
 0002:000408b0       _PC_Int_Parse              400a48b0 f   ui_shared.obj
 0002:00040a10       _Rect_Parse                400a4a10 f   ui_shared.obj
 0002:00040ad0       _PC_Rect_Parse             400a4ad0 f   ui_shared.obj
 0002:00040b90       _String_Parse              400a4b90 f   ui_shared.obj
 0002:00040c30       _PC_String_Parse           400a4c30 f   ui_shared.obj
 0002:00040d30       _PC_Script_Parse           400a4d30 f   ui_shared.obj
 0002:00040f30       _Init_Display              400a4f30 f   ui_shared.obj
 0002:00040f70       _GradientBar_Paint         400a4f70 f   ui_shared.obj
 0002:00041050       _Window_Init               400a5050 f   ui_shared.obj
 0002:000410f0       _Fade                      400a50f0 f   ui_shared.obj
 0002:00041200       _Window_Paint              400a5200 f   ui_shared.obj
 0002:00041ba0       _Item_SetScreenCoords      400a5ba0 f   ui_shared.obj
 0002:00041ce0       _Item_UpdatePosition       400a5ce0 f   ui_shared.obj
 0002:00041db0       _Menu_UpdatePosition       400a5db0 f   ui_shared.obj
 0002:00041e90       _Menu_PostParse            400a5e90 f   ui_shared.obj
 0002:00041f30       _Menu_ClearFocus           400a5f30 f   ui_shared.obj
 0002:00042070       _IsVisible                 400a6070 f   ui_shared.obj
 0002:000420e0       _Rect_ContainsPoint        400a60e0 f   ui_shared.obj
 0002:00042190       _Menu_ItemsMatchingGroup   400a6190 f   ui_shared.obj
 0002:000422d0       _Menu_GetMatchingItemByNumber 400a62d0 f   ui_shared.obj
 0002:000423e0       _Script_SetColor           400a63e0 f   ui_shared.obj
 0002:000425a0       _Script_SetAsset           400a65a0 f   ui_shared.obj
 0002:00042630       _Script_SetBackground      400a6630 f   ui_shared.obj
 0002:000426f0       _Script_SetItemRectCvar    400a66f0 f   ui_shared.obj
 0002:00042a80       _Script_SetItemBackground  400a6a80 f   ui_shared.obj
 0002:00042b70       _Script_SetItemText        400a6b70 f   ui_shared.obj
 0002:00042c60       _Menu_FindItemByName       400a6c60 f   ui_shared.obj
 0002:00042d20       _Script_SetTeamColor       400a6d20 f   ui_shared.obj
 0002:00042e10       _Script_SetItemColor       400a6e10 f   ui_shared.obj
 0002:000430f0       _Script_SetItemColorCvar   400a70f0 f   ui_shared.obj
 0002:000435c0       _Script_SetItemRect        400a75c0 f   ui_shared.obj
 0002:00043760       _Menu_ShowGroup            400a7760 f   ui_shared.obj
 0002:00043830       _Menu_ShowItemByName       400a7830 f   ui_shared.obj
 0002:00043950       _Menu_FadeItemByName       400a7950 f   ui_shared.obj
 0002:00043a50       _Menus_FindByName          400a7a50 f   ui_shared.obj
 0002:00043b00       _Menus_ShowByName          400a7b00 f   ui_shared.obj
 0002:00043b70       _Menus_OpenByName          400a7b70 f   ui_shared.obj
 0002:00043bc0       _Menus_CloseByName         400a7bc0 f   ui_shared.obj
 0002:00043d80       _Menus_CloseAll            400a7d80 f   ui_shared.obj
 0002:00043e50       _Script_Show               400a7e50 f   ui_shared.obj
 0002:00043f00       _Script_Hide               400a7f00 f   ui_shared.obj
 0002:00043fb0       _Script_FadeIn             400a7fb0 f   ui_shared.obj
 0002:00044060       _Script_FadeOut            400a8060 f   ui_shared.obj
 0002:00044110       _Script_Open               400a8110 f   ui_shared.obj
 0002:000441c0       _Script_Close              400a81c0 f   ui_shared.obj
 0002:00044290       _Menu_TransitionItemByName 400a8290 f   ui_shared.obj
 0002:000444a0       _Menu_Transition3ItemByName 400a84a0 f   ui_shared.obj
 0002:000447d0       _Script_Defer              400a87d0 f   ui_shared.obj
 0002:00044870       _Script_RunDeferred        400a8870 f   ui_shared.obj
 0002:000448f0       _Script_Transition         400a88f0 f   ui_shared.obj
 0002:00044a80       _Menu_OrbitItemByName      400a8a80 f   ui_shared.obj
 0002:00044b80       _Menu_ItemDisable          400a8b80 f   ui_shared.obj
 0002:00044c40       _Script_Disable            400a8c40 f   ui_shared.obj
 0002:00044db0       _Script_Scale              400a8db0 f   ui_shared.obj
 0002:00045020       _Script_Orbit              400a9020 f   ui_shared.obj
 0002:000451e0       _Script_SetFocus           400a91e0 f   ui_shared.obj
 0002:00045360       _Script_SetPlayerModel     400a9360 f   ui_shared.obj
 0002:00045420       _ParseRect                 400a9420 f   ui_shared.obj
 0002:000454e0       _Script_Transition2        400a94e0 f   ui_shared.obj
 0002:00045650       _Script_Transition3        400a9650 f   ui_shared.obj
 0002:00045980       _Script_SetCvar            400a9980 f   ui_shared.obj
 0002:00045a70       _Script_SetCvarToCvar      400a9a70 f   ui_shared.obj
 0002:00045bc0       _Script_Exec               400a9bc0 f   ui_shared.obj
 0002:00045c90       _Script_Play               400a9c90 f   ui_shared.obj
 0002:00045d70       _Script_playLooped         400a9d70 f   ui_shared.obj
 0002:00045e50       _Menu_SetItemBackground    400a9e50 f   ui_shared.obj
 0002:00045f30       _Menu_SetItemText          400a9f30 f   ui_shared.obj
 0002:000460d0       _Item_RunScript            400aa0d0 f   ui_shared.obj
 0002:00046330       _Item_EnableShowViaCvar    400aa330 f   ui_shared.obj
 0002:000465d0       _Item_SetFocus             400aa5d0 f   ui_shared.obj
 0002:00046920       _Item_TextScroll_MaxScroll 400aa920 f   ui_shared.obj
 0002:000469b0       _Item_TextScroll_ThumbPosition 400aa9b0 f   ui_shared.obj
 0002:00046aa0       _Item_TextScroll_ThumbDrawPosition 400aaaa0 f   ui_shared.obj
 0002:00046bc0       _Item_TextScroll_OverLB    400aabc0 f   ui_shared.obj
 0002:00046e00       _Item_TextScroll_MouseEnter 400aae00 f   ui_shared.obj
 0002:00046e90       _Item_TextScroll_HandleKey 400aae90 f   ui_shared.obj
 0002:000471e0       _Item_ListBox_MaxScroll    400ab1e0 f   ui_shared.obj
 0002:000472e0       _Item_ListBox_ThumbPosition 400ab2e0 f   ui_shared.obj
 0002:00047460       _Item_ListBox_ThumbDrawPosition 400ab460 f   ui_shared.obj
 0002:00047670       _Item_Slider_ThumbPosition 400ab670 f   ui_shared.obj
 0002:000477e0       _Item_Slider_OverSlider    400ab7e0 f   ui_shared.obj
 0002:000478d0       _Item_ListBox_OverLB       400ab8d0 f   ui_shared.obj
 0002:00047e30       _Item_ListBox_MouseEnter   400abe30 f   ui_shared.obj
 0002:00048180       _Item_MouseEnter           400ac180 f   ui_shared.obj
 0002:00048430       _Item_MouseLeave           400ac430 f   ui_shared.obj
 0002:000484f0       _Menu_HitTest              400ac4f0 f   ui_shared.obj
 0002:000485a0       _Item_SetMouseOver         400ac5a0 f   ui_shared.obj
 0002:00048610       _Item_OwnerDraw_HandleKey  400ac610 f   ui_shared.obj
 0002:00048750       _Item_ListBox_HandleKey    400ac750 f   ui_shared.obj
 0002:00049270       _Item_YesNo_HandleKey      400ad270 f   ui_shared.obj
 0002:000493f0       _Item_Multi_CountSettings  400ad3f0 f   ui_shared.obj
 0002:00049450       _Item_Multi_FindCvarByValue 400ad450 f   ui_shared.obj
 0002:00049650       _Item_Multi_Setting        400ad650 f   ui_shared.obj
 0002:00049890       _Item_Multi_HandleKey      400ad890 f   ui_shared.obj
 0002:00049b70       _Leaving_EditField         400adb70 f   ui_shared.obj
 0002:00049be0       _Item_TextField_HandleKey  400adbe0 f   ui_shared.obj
 0002:0004a4f0       _Item_StartCapture         400ae4f0 f   ui_shared.obj
 0002:0004b2f0       _Item_StopCapture          400af2f0 f   ui_shared.obj
 0002:0004b320       _Item_Slider_HandleKey     400af320 f   ui_shared.obj
 0002:0004b5e0       _Item_HandleKey            400af5e0 f   ui_shared.obj
 0002:0004b8b0       _Item_HandleAccept         400af8b0 f   ui_shared.obj
 0002:0004b930       _Item_Action               400af930 f   ui_shared.obj
 0002:0004b9a0       _Menu_SetPrevCursorItem    400af9a0 f   ui_shared.obj
 0002:0004bba0       _Menu_SetNextCursorItem    400afba0 f   ui_shared.obj
 0002:0004bd90       _Menus_Activate            400afd90 f   ui_shared.obj
 0002:0004c0f0       _Display_VisibleMenuCount  400b00f0 f   ui_shared.obj
 0002:0004c180       _Menus_HandleOOBClick      400b0180 f   ui_shared.obj
 0002:0004c380       _Menu_HandleKey            400b0380 f   ui_shared.obj
 0002:0004cc20       _ToWindowCoords            400b0c20 f   ui_shared.obj
 0002:0004ccb0       _Rect_ToWindowCoords       400b0cb0 f   ui_shared.obj
 0002:0004cd10       _Item_SetTextExtents       400b0d10 f   ui_shared.obj
 0002:0004d190       _Item_TextColor            400b1190 f   ui_shared.obj
 0002:0004d530       _Item_Text_AutoWrapped_Paint 400b1530 f   ui_shared.obj
 0002:0004db00       _Item_Text_Wrapped_Paint   400b1b00 f   ui_shared.obj
 0002:0004df30       _Item_Text_Paint           400b1f30 f   ui_shared.obj
 0002:0004e330       _Item_TextField_Paint      400b2330 f   ui_shared.obj
 0002:0004e830       _Item_YesNo_Paint          400b2830 f   ui_shared.obj
 0002:0004ec70       _Item_Multi_Paint          400b2c70 f   ui_shared.obj
 0002:0004f050       _Controls_GetConfig        400b3050 f   ui_shared.obj
 0002:0004f2a0       _Controls_SetConfig        400b32a0 f   ui_shared.obj
 0002:0004f3c0       _BindingIDFromName         400b33c0 f   ui_shared.obj
 0002:0004f460       _BindingFromName           400b3460 f   ui_shared.obj
 0002:0004f650       _Item_Slider_Paint         400b3650 f   ui_shared.obj
 0002:0004f9c0       _Item_Bind_Paint           400b39c0 f   ui_shared.obj
 0002:0004ff50       _Display_KeyBindPending    400b3f50 f   ui_shared.obj
 0002:0004ff90       _Item_Bind_HandleKey       400b3f90 f   ui_shared.obj
 0002:000504f0       _UI_ScaleModelAxis         400b44f0 f   ui_shared.obj
 0002:000506e0       _Item_Model_Paint          400b46e0 f   ui_shared.obj
 0002:00051420       _Item_Image_Paint          400b5420 f   ui_shared.obj
 0002:00051520       _Item_TextScroll_Paint     400b5520 f   ui_shared.obj
 0002:00051ad0       _Item_ListBox_Paint        400b5ad0 f   ui_shared.obj
 0002:00053530       _Item_OwnerDraw_Paint      400b7530 f   ui_shared.obj
 0002:00053cb0       _Item_Paint                400b7cb0 f   ui_shared.obj
 0002:000553f0       _Menu_Init                 400b93f0 f   ui_shared.obj
 0002:000554c0       _Menu_GetFocusedItem       400b94c0 f   ui_shared.obj
 0002:00055550       _Menu_GetFocused           400b9550 f   ui_shared.obj
 0002:000555f0       _Menu_ScrollFeeder         400b95f0 f   ui_shared.obj
 0002:000556c0       _Menu_SetFeederSelection   400b96c0 f   ui_shared.obj
 0002:00055850       _Menus_AnyFullScreenVisible 400b9850 f   ui_shared.obj
 0002:000558e0       _Menus_ActivateByName      400b98e0 f   ui_shared.obj
 0002:00055a50       _Item_Init                 400b9a50 f   ui_shared.obj
 0002:00055ad0       _Menu_HandleMouseMove      400b9ad0 f   ui_shared.obj
 0002:00055df0       _Menu_Paint                400b9df0 f   ui_shared.obj
 0002:00056130       _Item_ValidateTypeData     400ba130 f   ui_shared.obj
 0002:00056340       _KeywordHash_Key           400ba340 f   ui_shared.obj
 0002:00056430       _KeywordHash_Add           400ba430 f   ui_shared.obj
 0002:000564b0       _KeywordHash_Find          400ba4b0 f   ui_shared.obj
 0002:00056550       _ItemParse_name            400ba550 f   ui_shared.obj
 0002:000565c0       _ItemParse_focusSound      400ba5c0 f   ui_shared.obj
 0002:000566b0       _ItemParse_text            400ba6b0 f   ui_shared.obj
 0002:00056720       _ItemParse_descText        400ba720 f   ui_shared.obj
 0002:00056790       _ItemParse_text2           400ba790 f   ui_shared.obj
 0002:00056800       _ItemParse_text2alignx     400ba800 f   ui_shared.obj
 0002:00056870       _ItemParse_text2aligny     400ba870 f   ui_shared.obj
 0002:000568e0       _ItemParse_group           400ba8e0 f   ui_shared.obj
 0002:00056950       _UI_InsertG2Pointer        400ba950 f   ui_shared.obj
 0002:00056a30       _UI_ClearG2Pointer         400baa30 f   ui_shared.obj
 0002:00056ab0       _UI_CleanupGhoul2          400baab0 f   ui_shared.obj
 0002:00056b40       _ItemParse_asset_model_go  400bab40 f   ui_shared.obj
 0002:00056f90       _ItemParse_asset_model     400baf90 f   ui_shared.obj
 0002:00057150       _ItemParse_asset_shader    400bb150 f   ui_shared.obj
 0002:00057240       _ItemParse_model_origin    400bb240 f   ui_shared.obj
 0002:00057300       _ItemParse_model_fovx      400bb300 f   ui_shared.obj
 0002:00057390       _ItemParse_model_fovy      400bb390 f   ui_shared.obj
 0002:00057420       _ItemParse_model_rotation  400bb420 f   ui_shared.obj
 0002:000574b0       _ItemParse_model_angle     400bb4b0 f   ui_shared.obj
 0002:00057530       _ItemParse_model_g2mins    400bb530 f   ui_shared.obj
 0002:000575f0       _ItemParse_model_g2maxs    400bb5f0 f   ui_shared.obj
 0002:000576b0       _ItemParse_model_g2scale   400bb6b0 f   ui_shared.obj
 0002:00057770       _ItemParse_model_g2skin    400bb770 f   ui_shared.obj
 0002:00057880       _ItemParse_model_g2anim    400bb880 f   ui_shared.obj
 0002:00057a00       _ItemParse_model_g2skin_go 400bba00 f   ui_shared.obj
 0002:00057af0       _ItemParse_model_g2anim_go 400bbaf0 f   ui_shared.obj
 0002:00057bf0       _ItemParse_rectcvar        400bbbf0 f   ui_shared.obj
 0002:00057e40       _ItemParse_rect            400bbe40 f   ui_shared.obj
 0002:00057eb0       _ItemParse_flag            400bbeb0 f   ui_shared.obj
 0002:00058010       _ItemParse_style           400bc010 f   ui_shared.obj
 0002:00058090       _ItemParse_decoration      400bc090 f   ui_shared.obj
 0002:000580e0       _ItemParse_notselectable   400bc0e0 f   ui_shared.obj
 0002:00058170       _ItemParse_scrollhidden    400bc170 f   ui_shared.obj
 0002:00058200       _ItemParse_wrapped         400bc200 f   ui_shared.obj
 0002:00058250       _ItemParse_autowrapped     400bc250 f   ui_shared.obj
 0002:000582a0       _ItemParse_horizontalscroll 400bc2a0 f   ui_shared.obj
 0002:000582f0       _ItemParse_type            400bc2f0 f   ui_shared.obj
 0002:00058370       _ItemParse_elementwidth    400bc370 f   ui_shared.obj
 0002:00058400       _ItemParse_elementheight   400bc400 f   ui_shared.obj
 0002:00058490       _ItemParse_feeder          400bc490 f   ui_shared.obj
 0002:00058500       _ItemParse_elementtype     400bc500 f   ui_shared.obj
 0002:000585a0       _ItemParse_columns         400bc5a0 f   ui_shared.obj
 0002:00058790       _ItemParse_border          400bc790 f   ui_shared.obj
 0002:00058800       _ItemParse_bordersize      400bc800 f   ui_shared.obj
 0002:00058870       _ItemParse_visible         400bc870 f   ui_shared.obj
 0002:00058930       _ItemParse_ownerdraw       400bc930 f   ui_shared.obj
 0002:000589b0       _ItemParse_align           400bc9b0 f   ui_shared.obj
 0002:00058a20       _ItemParse_isCharacter     400bca20 f   ui_shared.obj
 0002:00058b00       _ItemParse_textalign       400bcb00 f   ui_shared.obj
 0002:00058b80       _ItemParse_textalignx      400bcb80 f   ui_shared.obj
 0002:00058bf0       _ItemParse_textaligny      400bcbf0 f   ui_shared.obj
 0002:00058c60       _ItemParse_textscale       400bcc60 f   ui_shared.obj
 0002:00058cd0       _ItemParse_textstyle       400bccd0 f   ui_shared.obj
 0002:00058d40       _ItemParse_invertyesno     400bcd40 f   ui_shared.obj
 0002:00058db0       _ItemParse_xoffset         400bcdb0 f   ui_shared.obj
 0002:00058e20       _ItemParse_backcolor       400bce20 f   ui_shared.obj
 0002:00058ef0       _ItemParse_forecolor       400bcef0 f   ui_shared.obj
 0002:00059000       _ItemParse_bordercolor     400bd000 f   ui_shared.obj
 0002:000590d0       _ItemParse_outlinecolor    400bd0d0 f   ui_shared.obj
 0002:00059140       _ItemParse_background      400bd140 f   ui_shared.obj
 0002:00059230       _ItemParse_cinematic       400bd230 f   ui_shared.obj
 0002:000592a0       _ItemParse_doubleClick     400bd2a0 f   ui_shared.obj
 0002:00059340       _ItemParse_onFocus         400bd340 f   ui_shared.obj
 0002:000593b0       _ItemParse_leaveFocus      400bd3b0 f   ui_shared.obj
 0002:00059420       _ItemParse_mouseEnter      400bd420 f   ui_shared.obj
 0002:00059490       _ItemParse_mouseExit       400bd490 f   ui_shared.obj
 0002:00059500       _ItemParse_mouseEnterText  400bd500 f   ui_shared.obj
 0002:00059570       _ItemParse_mouseExitText   400bd570 f   ui_shared.obj
 0002:000595e0       _ItemParse_action          400bd5e0 f   ui_shared.obj
 0002:00059650       _ItemParse_special         400bd650 f   ui_shared.obj
 0002:000596c0       _ItemParse_cvarTest        400bd6c0 f   ui_shared.obj
 0002:00059730       _ItemParse_cvar            400bd730 f   ui_shared.obj
 0002:00059850       _ItemParse_font            400bd850 f   ui_shared.obj
 0002:000598d0       _ItemParse_maxChars        400bd8d0 f   ui_shared.obj
 0002:000599b0       _ItemParse_maxPaintChars   400bd9b0 f   ui_shared.obj
 0002:00059a90       _ItemParse_maxLineChars    400bda90 f   ui_shared.obj
 0002:00059b70       _ItemParse_lineHeight      400bdb70 f   ui_shared.obj
 0002:00059c50       _ItemParse_cvarFloat       400bdc50 f   ui_shared.obj
 0002:00059d40       _ItemParse_cvarStrList     400bdd40 f   ui_shared.obj
 0002:0005a270       _ItemParse_cvarFloatList   400be270 f   ui_shared.obj
 0002:0005a4f0       _ItemParse_addColorRange   400be4f0 f   ui_shared.obj
 0002:0005a620       _ItemParse_ownerdrawFlag   400be620 f   ui_shared.obj
 0002:0005a6d0       _ItemParse_enableCvar      400be6d0 f   ui_shared.obj
 0002:0005a750       _ItemParse_disableCvar     400be750 f   ui_shared.obj
 0002:0005a7d0       _ItemParse_showCvar        400be7d0 f   ui_shared.obj
 0002:0005a850       _ItemParse_hideCvar        400be850 f   ui_shared.obj
 0002:0005a8d0       _ItemParse_Appearance_slot 400be8d0 f   ui_shared.obj
 0002:0005a940       _ItemParse_isSaber         400be940 f   ui_shared.obj
 0002:0005aa30       _ItemParse_isSaber2        400bea30 f   ui_shared.obj
 0002:0005ab20       _Item_SetupKeywordHash     400beb20 f   ui_shared.obj
 0002:0005abd0       _Item_Parse                400bebd0 f   ui_shared.obj
 0002:0005b360       _Item_InitControls         400bf360 f   ui_shared.obj
 0002:0005b410       _MenuParse_font            400bf410 f   ui_shared.obj
 0002:0005b4e0       _MenuParse_name            400bf4e0 f   ui_shared.obj
 0002:0005b570       _MenuParse_fullscreen      400bf570 f   ui_shared.obj
 0002:0005b5e0       _MenuParse_rect            400bf5e0 f   ui_shared.obj
 0002:0005b650       _MenuParse_style           400bf650 f   ui_shared.obj
 0002:0005b6d0       _MenuParse_visible         400bf6d0 f   ui_shared.obj
 0002:0005b790       _MenuParse_onOpen          400bf790 f   ui_shared.obj
 0002:0005b800       _MenuParse_onClose         400bf800 f   ui_shared.obj
 0002:0005b870       _MenuParse_onAccept        400bf870 f   ui_shared.obj
 0002:0005b8e0       _MenuParse_onESC           400bf8e0 f   ui_shared.obj
 0002:0005b950       _MenuParse_border          400bf950 f   ui_shared.obj
 0002:0005b9c0       _MenuParse_borderSize      400bf9c0 f   ui_shared.obj
 0002:0005ba30       _MenuParse_backcolor       400bfa30 f   ui_shared.obj
 0002:0005bb00       _MenuParse_descAlignment   400bfb00 f   ui_shared.obj
 0002:0005bb80       _MenuParse_descX           400bfb80 f   ui_shared.obj
 0002:0005bbf0       _MenuParse_descY           400bfbf0 f   ui_shared.obj
 0002:0005bc60       _MenuParse_descScale       400bfc60 f   ui_shared.obj
 0002:0005bcd0       _MenuParse_descColor       400bfcd0 f   ui_shared.obj
 0002:0005bda0       _MenuParse_forecolor       400bfda0 f   ui_shared.obj
 0002:0005bec0       _MenuParse_bordercolor     400bfec0 f   ui_shared.obj
 0002:0005bf90       _MenuParse_focuscolor      400bff90 f   ui_shared.obj
 0002:0005c060       _MenuParse_disablecolor    400c0060 f   ui_shared.obj
 0002:0005c130       _MenuParse_outlinecolor    400c0130 f   ui_shared.obj
 0002:0005c1a0       _MenuParse_background      400c01a0 f   ui_shared.obj
 0002:0005c2a0       _MenuParse_cinematic       400c02a0 f   ui_shared.obj
 0002:0005c310       _MenuParse_ownerdrawFlag   400c0310 f   ui_shared.obj
 0002:0005c3d0       _MenuParse_ownerdraw       400c03d0 f   ui_shared.obj
 0002:0005c440       _MenuParse_popup           400c0440 f   ui_shared.obj
 0002:0005c4a0       _MenuParse_outOfBounds     400c04a0 f   ui_shared.obj
 0002:0005c500       _MenuParse_soundLoop       400c0500 f   ui_shared.obj
 0002:0005c570       _MenuParse_fadeClamp       400c0570 f   ui_shared.obj
 0002:0005c5e0       _MenuParse_fadeAmount      400c05e0 f   ui_shared.obj
 0002:0005c650       _MenuParse_fadeCycle       400c0650 f   ui_shared.obj
 0002:0005c6c0       _MenuParse_itemDef         400c06c0 f   ui_shared.obj
 0002:0005c810       _MenuParse_appearanceIncrement 400c0810 f   ui_shared.obj
 0002:0005c880       _Menu_SetupKeywordHash     400c0880 f   ui_shared.obj
 0002:0005c930       _Menu_Parse                400c0930 f   ui_shared.obj
 0002:0005cb10       _Menu_New                  400c0b10 f   ui_shared.obj
 0002:0005cbc0       _Menu_Count                400c0bc0 f   ui_shared.obj
 0002:0005cc00       _Menu_PaintAll             400c0c00 f   ui_shared.obj
 0002:0005ce10       _Menu_Reset                400c0e10 f   ui_shared.obj
 0002:0005ce50       _Display_GetContext        400c0e50 f   ui_shared.obj
 0002:0005ce90       _Display_CaptureItem       400c0e90 f   ui_shared.obj
 0002:0005cf40       _Display_MouseMove         400c0f40 f   ui_shared.obj
 0002:0005d070       _Display_CursorType        400c1070 f   ui_shared.obj
 0002:0005d190       _Display_HandleKey         400c1190 f   ui_shared.obj
 0002:0005d220       _Display_CacheAll          400c1220 f   ui_shared.obj
 0002:0005d680       _dllEntry                  400c1680 f   ui_syscalls.obj
 0002:0005d6c0       _PASSFLOAT                 400c16c0 f   ui_syscalls.obj
 0002:0005d700       _trap_Print                400c1700 f   ui_syscalls.obj
 0002:0005d760       _trap_Error                400c1760 f   ui_syscalls.obj
 0002:0005d7c0       _trap_Milliseconds         400c17c0 f   ui_syscalls.obj
 0002:0005d820       _trap_Cvar_Register        400c1820 f   ui_syscalls.obj
 0002:0005d890       _trap_Cvar_Update          400c1890 f   ui_syscalls.obj
 0002:0005d8f0       _trap_Cvar_Set             400c18f0 f   ui_syscalls.obj
 0002:0005d960       _trap_Cvar_VariableValue   400c1960 f   ui_syscalls.obj
 0002:0005d9d0       _trap_Cvar_VariableStringBuffer 400c19d0 f   ui_syscalls.obj
 0002:0005da40       _trap_Cvar_SetValue        400c1a40 f   ui_syscalls.obj
 0002:0005dab0       _trap_Cvar_Reset           400c1ab0 f   ui_syscalls.obj
 0002:0005db10       _trap_Cvar_Create          400c1b10 f   ui_syscalls.obj
 0002:0005db80       _trap_Cvar_InfoStringBuffer 400c1b80 f   ui_syscalls.obj
 0002:0005dbf0       _trap_Argc                 400c1bf0 f   ui_syscalls.obj
 0002:0005dc50       _trap_Argv                 400c1c50 f   ui_syscalls.obj
 0002:0005dcc0       _trap_Cmd_ExecuteText      400c1cc0 f   ui_syscalls.obj
 0002:0005dd30       _trap_FS_FOpenFile         400c1d30 f   ui_syscalls.obj
 0002:0005dda0       _trap_FS_Read              400c1da0 f   ui_syscalls.obj
 0002:0005de10       _trap_FS_Write             400c1e10 f   ui_syscalls.obj
 0002:0005de80       _trap_FS_FCloseFile        400c1e80 f   ui_syscalls.obj
 0002:0005dee0       _trap_FS_GetFileList       400c1ee0 f   ui_syscalls.obj
 0002:0005df50       _trap_R_RegisterModel      400c1f50 f   ui_syscalls.obj
 0002:0005dfb0       _trap_R_RegisterSkin       400c1fb0 f   ui_syscalls.obj
 0002:0005e010       _trap_R_RegisterFont       400c2010 f   ui_syscalls.obj
 0002:0005e070       _trap_R_Font_StrLenPixels  400c2070 f   ui_syscalls.obj
 0002:0005e0f0       _trap_R_Font_StrLenChars   400c20f0 f   ui_syscalls.obj
 0002:0005e150       _trap_R_Font_HeightPixels  400c2150 f   ui_syscalls.obj
 0002:0005e1c0       _trap_R_Font_DrawString    400c21c0 f   ui_syscalls.obj
 0002:0005e250       _trap_Language_IsAsian     400c2250 f   ui_syscalls.obj
 0002:0005e2b0       _trap_Language_UsesSpaces  400c22b0 f   ui_syscalls.obj
 0002:0005e310       _trap_AnyLanguage_ReadCharFromString 400c2310 f   ui_syscalls.obj
 0002:0005e380       _trap_R_RegisterShaderNoMip 400c2380 f   ui_syscalls.obj
 0002:0005e490       _trap_R_ShaderNameFromIndex 400c2490 f   ui_syscalls.obj
 0002:0005e500       _trap_R_ClearScene         400c2500 f   ui_syscalls.obj
 0002:0005e560       _trap_R_AddRefEntityToScene 400c2560 f   ui_syscalls.obj
 0002:0005e5c0       _trap_R_AddPolyToScene     400c25c0 f   ui_syscalls.obj
 0002:0005e630       _trap_R_AddLightToScene    400c2630 f   ui_syscalls.obj
 0002:0005e6e0       _trap_R_RenderScene        400c26e0 f   ui_syscalls.obj
 0002:0005e740       _trap_R_SetColor           400c2740 f   ui_syscalls.obj
 0002:0005e7a0       _trap_R_DrawStretchPic     400c27a0 f   ui_syscalls.obj
 0002:0005e8a0       _trap_R_ModelBounds        400c28a0 f   ui_syscalls.obj
 0002:0005e910       _trap_UpdateScreen         400c2910 f   ui_syscalls.obj
 0002:0005e970       _trap_CM_LerpTag           400c2970 f   ui_syscalls.obj
 0002:0005ea00       _trap_S_StartLocalSound    400c2a00 f   ui_syscalls.obj
 0002:0005ea70       _trap_S_RegisterSound      400c2a70 f   ui_syscalls.obj
 0002:0005ead0       _trap_Key_KeynumToStringBuf 400c2ad0 f   ui_syscalls.obj
 0002:0005eb40       _trap_Key_GetBindingBuf    400c2b40 f   ui_syscalls.obj
 0002:0005ebb0       _trap_Key_SetBinding       400c2bb0 f   ui_syscalls.obj
 0002:0005ec20       _trap_Key_IsDown           400c2c20 f   ui_syscalls.obj
 0002:0005ec80       _trap_Key_GetOverstrikeMode 400c2c80 f   ui_syscalls.obj
 0002:0005ece0       _trap_Key_SetOverstrikeMode 400c2ce0 f   ui_syscalls.obj
 0002:0005ed40       _trap_Key_ClearStates      400c2d40 f   ui_syscalls.obj
 0002:0005eda0       _trap_Key_GetCatcher       400c2da0 f   ui_syscalls.obj
 0002:0005ee00       _trap_Key_SetCatcher       400c2e00 f   ui_syscalls.obj
 0002:0005ee60       _trap_GetClipboardData     400c2e60 f   ui_syscalls.obj
 0002:0005eed0       _trap_GetClientState       400c2ed0 f   ui_syscalls.obj
 0002:0005ef30       _trap_GetGlconfig          400c2f30 f   ui_syscalls.obj
 0002:0005ef90       _trap_GetConfigString      400c2f90 f   ui_syscalls.obj
 0002:0005f000       _trap_LAN_GetServerCount   400c3000 f   ui_syscalls.obj
 0002:0005f060       _trap_LAN_GetServerAddressString 400c3060 f   ui_syscalls.obj
 0002:0005f0d0       _trap_LAN_GetServerInfo    400c30d0 f   ui_syscalls.obj
 0002:0005f140       _trap_LAN_GetServerPing    400c3140 f   ui_syscalls.obj
 0002:0005f1b0       _trap_LAN_GetPingQueueCount 400c31b0 f   ui_syscalls.obj
 0002:0005f210       _trap_LAN_ServerStatus     400c3210 f   ui_syscalls.obj
 0002:0005f280       _trap_LAN_SaveCachedServers 400c3280 f   ui_syscalls.obj
 0002:0005f2e0       _trap_LAN_LoadCachedServers 400c32e0 f   ui_syscalls.obj
 0002:0005f340       _trap_LAN_ResetPings       400c3340 f   ui_syscalls.obj
 0002:0005f3a0       _trap_LAN_ClearPing        400c33a0 f   ui_syscalls.obj
 0002:0005f400       _trap_LAN_GetPing          400c3400 f   ui_syscalls.obj
 0002:0005f470       _trap_LAN_GetPingInfo      400c3470 f   ui_syscalls.obj
 0002:0005f4e0       _trap_LAN_MarkServerVisible 400c34e0 f   ui_syscalls.obj
 0002:0005f550       _trap_LAN_ServerIsVisible  400c3550 f   ui_syscalls.obj
 0002:0005f5c0       _trap_LAN_UpdateVisiblePings 400c35c0 f   ui_syscalls.obj
 0002:0005f620       _trap_LAN_AddServer        400c3620 f   ui_syscalls.obj
 0002:0005f690       _trap_LAN_RemoveServer     400c3690 f   ui_syscalls.obj
 0002:0005f700       _trap_LAN_CompareServers   400c3700 f   ui_syscalls.obj
 0002:0005f770       _trap_MemoryRemaining      400c3770 f   ui_syscalls.obj
 0002:0005f7d0       _trap_PC_AddGlobalDefine   400c37d0 f   ui_syscalls.obj
 0002:0005f830       _trap_PC_LoadSource        400c3830 f   ui_syscalls.obj
 0002:0005f890       _trap_PC_FreeSource        400c3890 f   ui_syscalls.obj
 0002:0005f8f0       _trap_PC_ReadToken         400c38f0 f   ui_syscalls.obj
 0002:0005f960       _trap_PC_SourceFileAndLine 400c3960 f   ui_syscalls.obj
 0002:0005f9d0       _trap_PC_LoadGlobalDefines 400c39d0 f   ui_syscalls.obj
 0002:0005fa30       _trap_PC_RemoveAllGlobalDefines 400c3a30 f   ui_syscalls.obj
 0002:0005fa90       _trap_S_StopBackgroundTrack 400c3a90 f   ui_syscalls.obj
 0002:0005faf0       _trap_S_StartBackgroundTrack 400c3af0 f   ui_syscalls.obj
 0002:0005fb60       _trap_RealTime             400c3b60 f   ui_syscalls.obj
 0002:0005fbc0       _trap_CIN_PlayCinematic    400c3bc0 f   ui_syscalls.obj
 0002:0005fc40       _trap_CIN_StopCinematic    400c3c40 f   ui_syscalls.obj
 0002:0005fca0       _trap_CIN_RunCinematic     400c3ca0 f   ui_syscalls.obj
 0002:0005fd00       _trap_CIN_DrawCinematic    400c3d00 f   ui_syscalls.obj
 0002:0005fd60       _trap_CIN_SetExtents       400c3d60 f   ui_syscalls.obj
 0002:0005fdd0       _trap_R_RemapShader        400c3dd0 f   ui_syscalls.obj
 0002:0005fe40       _trap_SP_GetNumLanguages   400c3e40 f   ui_syscalls.obj
 0002:0005fea0       _trap_GetLanguageName      400c3ea0 f   ui_syscalls.obj
 0002:0005ff10       _trap_SP_GetStringTextString 400c3f10 f   ui_syscalls.obj
 0002:0005ff80       _trap_G2_ListModelSurfaces 400c3f80 f   ui_syscalls.obj
 0002:0005ffe0       _trap_G2_ListModelBones    400c3fe0 f   ui_syscalls.obj
 0002:00060050       _trap_G2_SetGhoul2ModelIndexes 400c4050 f   ui_syscalls.obj
 0002:000600c0       _trap_G2_HaveWeGhoul2Models 400c40c0 f   ui_syscalls.obj
 0002:00060120       _trap_G2API_GetBoltMatrix  400c4120 f   ui_syscalls.obj
 0002:000601b0       _trap_G2API_GetBoltMatrix_NoReconstruct 400c41b0 f   ui_syscalls.obj
 0002:00060240       _trap_G2API_GetBoltMatrix_NoRecNoRot 400c4240 f   ui_syscalls.obj
 0002:000602d0       _trap_G2API_InitGhoul2Model 400c42d0 f   ui_syscalls.obj
 0002:00060350       _trap_G2API_SetSkin        400c4350 f   ui_syscalls.obj
 0002:000603c0       _trap_G2API_CollisionDetect 400c43c0 f   ui_syscalls.obj
 0002:00060470       _trap_G2API_CollisionDetectCache 400c4470 f   ui_syscalls.obj
 0002:00060520       _trap_G2API_CleanGhoul2Models 400c4520 f   ui_syscalls.obj
 0002:00060580       _trap_G2API_SetBoneAngles  400c4580 f   ui_syscalls.obj
 0002:00060620       _trap_G2API_SetBoneAnim    400c4620 f   ui_syscalls.obj
 0002:000606d0       _trap_G2API_GetBoneAnim    400c46d0 f   ui_syscalls.obj
 0002:00060760       _trap_G2API_GetBoneFrame   400c4760 f   ui_syscalls.obj
 0002:000607e0       _trap_G2API_GetGLAName     400c47e0 f   ui_syscalls.obj
 0002:00060850       _trap_G2API_CopyGhoul2Instance 400c4850 f   ui_syscalls.obj
 0002:000608c0       _trap_G2API_CopySpecificGhoul2Model 400c48c0 f   ui_syscalls.obj
 0002:00060930       _trap_G2API_DuplicateGhoul2Instance 400c4930 f   ui_syscalls.obj
 0002:000609a0       _trap_G2API_HasGhoul2ModelOnIndex 400c49a0 f   ui_syscalls.obj
 0002:00060a10       _trap_G2API_RemoveGhoul2Model 400c4a10 f   ui_syscalls.obj
 0002:00060a80       _trap_G2API_AddBolt        400c4a80 f   ui_syscalls.obj
 0002:00060af0       _trap_G2API_SetBoltInfo    400c4af0 f   ui_syscalls.obj
 0002:00060b60       _trap_G2API_SetRootSurface 400c4b60 f   ui_syscalls.obj
 0002:00060bd0       _trap_G2API_SetSurfaceOnOff 400c4bd0 f   ui_syscalls.obj
 0002:00060c40       _trap_G2API_SetNewOrigin   400c4c40 f   ui_syscalls.obj
 0002:00060cb0       _trap_G2API_GetTime        400c4cb0 f   ui_syscalls.obj
 0002:00060d10       _trap_G2API_SetTime        400c4d10 f   ui_syscalls.obj
 0002:00060d80       _trap_G2API_SetRagDoll     400c4d80 f   ui_syscalls.obj
 0002:00060df0       _trap_G2API_AnimateG2Models 400c4df0 f   ui_syscalls.obj
 0002:00060e60       _trap_G2API_SetBoneIKState 400c4e60 f   ui_syscalls.obj
 0002:00060ee0       _trap_G2API_IKMove         400c4ee0 f   ui_syscalls.obj
 0002:00060f50       _trap_G2API_GetSurfaceName 400c4f50 f   ui_syscalls.obj
 0002:00060fc0       _trap_G2API_AttachG2Model  400c4fc0 f   ui_syscalls.obj
 0002:00061040       __RTC_CheckEsp             400c5040 f   LIBCMTD:_stack_.obj
 0002:00061070       @_RTC_CheckStackVars@8     400c5070 f   LIBCMTD:_stack_.obj
 0002:000610f0       @_RTC_AllocaHelper@12      400c50f0 f   LIBCMTD:_stack_.obj
 0002:00061130       @_RTC_CheckStackVars2@12   400c5130 f   LIBCMTD:_stack_.obj
 0002:00061240       __RTC_InitBase             400c5240 f   LIBCMTD:_init_.obj
 0002:00061280       __RTC_Shutdown             400c5280 f   LIBCMTD:_init_.obj
 0002:000612a0       _atol                      400c52a0 f   LIBCMTD:atox.obj
 0002:000612c0       __atol_l                   400c52c0 f   LIBCMTD:atox.obj
 0002:000612f0       _atoi                      400c52f0 f   LIBCMTD:atox.obj
 0002:00061310       __atoi_l                   400c5310 f   LIBCMTD:atox.obj
 0002:00061330       __atoi64                   400c5330 f   LIBCMTD:atox.obj
 0002:00061350       __atoi64_l                 400c5350 f   LIBCMTD:atox.obj
 0002:00061380       _strcpy                    400c5380 f   LIBCMTD:strcat.obj
 0002:00061390       _strcat                    400c5390 f   LIBCMTD:strcat.obj
 0002:000614c0       _strlen                    400c54c0 f   LIBCMTD:strlen.obj
 0002:00061570       @__security_check_cookie@4 400c5570 f   LIBCMTD:secchk.obj
 0002:00061590       _atan2                     400c5590 f   LIBCMTD:_87ctriga_.obj
 0002:0006159a       __CIatan2                  400c559a f   LIBCMTD:_87ctriga_.obj
 0002:000615b0       __fpmath                   400c55b0 f   LIBCMTD:_fpinit_.obj
 0002:000615e0       __fpclear                  400c55e0 f   LIBCMTD:_fpinit_.obj
 0002:000615f0       __cfltcvt_init             400c55f0 f   LIBCMTD:_fpinit_.obj
 0002:00061680       ___setfflag                400c5680 f   LIBCMTD:_fpinit_.obj
 0002:000616b0       _cos                       400c56b0 f   LIBCMTD:_cos_.obj
 0002:000616f0       __CIcos                    400c56f0 f   LIBCMTD:_cos_.obj
 0002:0006172b       __CIcos_default            400c572b f   LIBCMTD:_cos_.obj
 0002:0006173f       __cos_default              400c573f     LIBCMTD:_cos_.obj
 0002:00061830       _sin                       400c5830 f   LIBCMTD:_sin_.obj
 0002:00061870       __CIsin                    400c5870 f   LIBCMTD:_sin_.obj
 0002:000618ab       __CIsin_default            400c58ab f   LIBCMTD:_sin_.obj
 0002:000618bf       __sin_default              400c58bf     LIBCMTD:_sin_.obj
 0002:000619b0       _fabs                      400c59b0 f   LIBCMTD:_fabs_.obj
 0002:00061b00       _strchr                    400c5b00 f   LIBCMTD:strchr.obj
 0002:00061b06       ___from_strstr_to_strchr   400c5b06     LIBCMTD:strchr.obj
 0002:00061c00       __alloca_probe             400c5c00     LIBCMTD:chkstk.obj
 0002:00061c00       __chkstk                   400c5c00 f   LIBCMTD:chkstk.obj
 0002:00061c40       _strcmp                    400c5c40 f   LIBCMTD:strcmp.obj
 0002:00061cf0       _memcpy                    400c5cf0 f   LIBCMTD:memcpy.obj
 0002:00062130       __atof_l                   400c6130 f   LIBCMTD:atof.obj
 0002:000622b0       ??0_LocaleUpdate@@QAE@PAUlocaleinfo_struct@@@Z 400c62b0 f i LIBCMTD:atof.obj
 0002:000623c0       ??1_LocaleUpdate@@QAE@XZ   400c63c0 f i LIBCMTD:atof.obj
 0002:00062400       ?GetLocaleT@_LocaleUpdate@@QAEPAUlocaleinfo_struct@@XZ 400c6400 f i LIBCMTD:atof.obj
 0002:00062420       _atof                      400c6420 f   LIBCMTD:atof.obj
 0002:00062440       ___strgtold12              400c6440 f   LIBCMTD:atof.obj
 0002:000624b0       ___STRINGTOLD              400c64b0 f   LIBCMTD:atof.obj
 0002:00062510       __wassert                  400c6510 f   LIBCMTD:wassert.obj
 0002:00063380       __invoke_watson_if_error   400c7380 f i LIBCMTD:wassert.obj
 0002:00063410       _sscanf                    400c7410 f   LIBCMTD:sscanf.obj
 0002:000635e0       __sscanf_l                 400c75e0 f   LIBCMTD:sscanf.obj
 0002:00063620       _sscanf_s                  400c7620 f   LIBCMTD:sscanf.obj
 0002:00063660       __sscanf_s_l               400c7660 f   LIBCMTD:sscanf.obj
 0002:000636a0       _memset                    400c76a0 f   LIBCMTD:memset.obj
 0002:00063740       __CIsqrt                   400c7740 f   LIBCMTD:_sqrt_.obj
 0002:00063754       _sqrt                      400c7754     LIBCMTD:_sqrt_.obj
 0002:00063830       _fmod                      400c7830 f   LIBCMTD:_87fmod_.obj
 0002:0006383a       __CIfmod                   400c783a f   LIBCMTD:_87fmod_.obj
 0002:00063870       __ftol2_sse                400c7870 f   LIBCMTD:ftol2.obj
 0002:00063879       __ftol2_pentium4           400c7879 f   LIBCMTD:ftol2.obj
 0002:0006388c       __ftol2_sse_excpt          400c788c f   LIBCMTD:ftol2.obj
 0002:000638a6       __ftol2                    400c78a6 f   LIBCMTD:ftol2.obj
 0002:00063950       _acos                      400c7950 f   LIBCMTD:_acos_.obj
 0002:00063990       __CIacos                   400c7990 f   LIBCMTD:_acos_.obj
 0002:000639cb       __CIacos_default           400c79cb f   LIBCMTD:_acos_.obj
 0002:000639df       __acos_default             400c79df     LIBCMTD:_acos_.obj
 0002:00063af0       __vsprintf_l               400c7af0 f   LIBCMTD:vsprintf.obj
 0002:00063cc0       _vsprintf                  400c7cc0 f   LIBCMTD:vsprintf.obj
 0002:00063cf0       __vscprintf_helper         400c7cf0 f   LIBCMTD:vsprintf.obj
 0002:00063de0       __vscprintf                400c7de0 f   LIBCMTD:vsprintf.obj
 0002:00063e10       __vscprintf_l              400c7e10 f   LIBCMTD:vsprintf.obj
 0002:00063e40       __vscprintf_p              400c7e40 f   LIBCMTD:vsprintf.obj
 0002:00063e70       __vscprintf_p_l            400c7e70 f   LIBCMTD:vsprintf.obj
 0002:00063ea0       _strncpy                   400c7ea0 f   LIBCMTD:strncpy.obj
 0002:00064010       __tolower                  400c8010 f   LIBCMTD:tolower.obj
 0002:00064020       __tolower_l                400c8020 f   LIBCMTD:tolower.obj
 0002:00064270       _tolower                   400c8270 f   LIBCMTD:tolower.obj
 0002:000642d0       __toupper                  400c82d0 f   LIBCMTD:toupper.obj
 0002:000642e0       __toupper_l                400c82e0 f   LIBCMTD:toupper.obj
 0002:00064530       _toupper                   400c8530 f   LIBCMTD:toupper.obj
 0002:00064590       _strstr                    400c8590 f   LIBCMTD:strstr.obj
 0002:00064640       _ceil                      400c8640 f   LIBCMTD:_ceil_pentium4_.obj
 0002:00064680       __ceil_pentium4            400c8680 f   LIBCMTD:_ceil_pentium4_.obj
 0002:000647b0       _floor                     400c87b0 f   LIBCMTD:_floor_pentium4_.obj
 0002:000647f0       __floor_pentium4           400c87f0 f   LIBCMTD:_floor_pentium4_.obj
 0002:00064920       _qsort                     400c8920 f   LIBCMTD:qsort.obj
 0002:00065040       _sprintf                   400c9040 f   LIBCMTD:sprintf.obj
 0002:00065220       __sprintf_l                400c9220 f   LIBCMTD:sprintf.obj
 0002:00065260       _sprintf_s                 400c9260 f   LIBCMTD:sprintf.obj
 0002:000652a0       __sprintf_s_l              400c92a0 f   LIBCMTD:sprintf.obj
 0002:000652e0       __snprintf_s               400c92e0 f   LIBCMTD:sprintf.obj
 0002:00065320       __snprintf_s_l             400c9320 f   LIBCMTD:sprintf.obj
 0002:00065360       __sprintf_p                400c9360 f   LIBCMTD:sprintf.obj
 0002:000653a0       __sprintf_p_l              400c93a0 f   LIBCMTD:sprintf.obj
 0002:000653e0       __scprintf                 400c93e0 f   LIBCMTD:sprintf.obj
 0002:00065410       __scprintf_p               400c9410 f   LIBCMTD:sprintf.obj
 0002:00065440       __scprintf_l               400c9440 f   LIBCMTD:sprintf.obj
 0002:00065470       __scprintf_p_l             400c9470 f   LIBCMTD:sprintf.obj
 0002:000654a0       _strrchr                   400c94a0 f   LIBCMTD:strrchr.obj
 0002:000654e0       _abs                       400c94e0 f   LIBCMTD:abs.obj
 0002:00065510       __abs64                    400c9510 f   LIBCMTD:abs.obj
 0002:00065570       _srand                     400c9570 f   LIBCMTD:rand.obj
 0002:00065590       _rand                      400c9590 f   LIBCMTD:rand.obj
 0002:000655e0       _DebuggerKnownHandle       400c95e0 f   LIBCMTD:_error_.obj
 0002:000656c0       ?_RTC_Failure@@YAXPAXH@Z   400c96c0 f   LIBCMTD:_error_.obj
 0002:00065a90       ?_RTC_StackFailure@@YAXPAXPBD@Z 400c9a90 f   LIBCMTD:_error_.obj
 0002:00065bd0       ?_RTC_AllocaFailure@@YAXPAXPAU_RTC_ALLOCA_NODE@@H@Z 400c9bd0 f   LIBCMTD:_error_.obj
 0002:00065de0       __RTC_UninitUse            400c9de0 f   LIBCMTD:_error_.obj
 0002:00065f10       _memmove                   400c9f10 f   LIBCMTD:memmove.obj
 0002:00066350       _tan                       400ca350 f   LIBCMTD:_tan_.obj
 0002:00066390       __CItan                    400ca390 f   LIBCMTD:_tan_.obj
 0002:000663cb       __CItan_default            400ca3cb f   LIBCMTD:_tan_.obj
 0002:000663df       __tan_default              400ca3df     LIBCMTD:_tan_.obj
 0002:000664d0       __CRT_INIT@12              400ca4d0 f   LIBCMTD:dllcrt0.obj
 0002:00066710       __DllMainCRTStartup@12     400ca710 f   LIBCMTD:dllcrt0.obj
 0002:00066970       __RTC_NumErrors            400ca970 f   LIBCMTD:_userapi_.obj
 0002:00066980       __RTC_GetErrDesc           400ca980 f   LIBCMTD:_userapi_.obj
 0002:000669a0       __RTC_SetErrorType         400ca9a0 f   LIBCMTD:_userapi_.obj
 0002:000669d0       __RTC_SetErrorFunc         400ca9d0 f   LIBCMTD:_userapi_.obj
 0002:00066a00       __RTC_SetErrorFuncW        400caa00 f   LIBCMTD:_userapi_.obj
 0002:00066a30       ?_RTC_GetErrorFunc@@YAP6AHHPBDH00ZZPBX@Z 400caa30 f   LIBCMTD:_userapi_.obj
 0002:00066a40       ?_RTC_GetErrorFuncW@@YAP6AHHPB_WH00ZZPBX@Z 400caa40 f   LIBCMTD:_userapi_.obj
 0002:00066a50       __chkesp                   400caa50 f   LIBCMTD:chkesp.obj
 0002:00066aa0       __CRT_RTC_INIT             400caaa0 f   LIBCMTD:chkesp.obj
 0002:00066ab0       __CRT_RTC_INITW            400caab0 f   LIBCMTD:chkesp.obj
 0002:00066ac0       _strtol                    400caac0 f   LIBCMTD:strtol.obj
 0002:00067140       __strtol_l                 400cb140 f   LIBCMTD:strtol.obj
 0002:00067170       _strtoul                   400cb170 f   LIBCMTD:strtol.obj
 0002:000671d0       __strtoul_l                400cb1d0 f   LIBCMTD:strtol.obj
 0002:00067200       __strtoi64                 400cb200 f   LIBCMTD:strtoq.obj
 0002:000678d0       __strtoi64_l               400cb8d0 f   LIBCMTD:strtoq.obj
 0002:00067900       __strtoui64                400cb900 f   LIBCMTD:strtoq.obj
 0002:00067960       __strtoui64_l              400cb960 f   LIBCMTD:strtoq.obj
 0002:00067990       ___report_gsfailure        400cb990 f   LIBCMTD:gs_report.obj
 0002:00067b0c       __fFATN2                   400cbb0c     LIBCMTD:_87triga_.obj
 0002:00067b5c       __rtpiby2                  400cbb5c     LIBCMTD:_87triga_.obj
 0002:00067bd0       __cintrindisp2             400cbbd0 f   LIBCMTD:_87cdisp_.obj
 0002:00067c0e       __cintrindisp1             400cbc0e f   LIBCMTD:_87cdisp_.obj
 0002:00067c4b       __ctrandisp2               400cbc4b f   LIBCMTD:_87cdisp_.obj
 0002:00067de1       __ctrandisp1               400cbde1 f   LIBCMTD:_87cdisp_.obj
 0002:00067e14       __fload                    400cbe14 f   LIBCMTD:_87cdisp_.obj
 0002:00067ef0       __setdefaultprecision      400cbef0 f   LIBCMTD:fp8.obj
 0002:00067f40       __ms_p5_test_fdiv          400cbf40 f   LIBCMTD:_testfdiv_.obj
 0002:00067fa0       __ms_p5_mp_test_fdiv       400cbfa0 f   LIBCMTD:_testfdiv_.obj
 0002:00068000       __forcdecpt                400cc000 f   LIBCMTD:cvt.obj
 0002:00068020       __forcdecpt_l              400cc020 f   LIBCMTD:cvt.obj
 0002:00068110       __cropzeros                400cc110 f   LIBCMTD:cvt.obj
 0002:00068130       __cropzeros_l              400cc130 f   LIBCMTD:cvt.obj
 0002:00068280       __positive                 400cc280 f   LIBCMTD:cvt.obj
 0002:000682c0       __fassign_l                400cc2c0 f   LIBCMTD:cvt.obj
 0002:00068330       __fassign                  400cc330 f   LIBCMTD:cvt.obj
 0002:00068360       __cftoe_l                  400cc360 f   LIBCMTD:cvt.obj
 0002:00068a00       __cftoe                    400cca00 f   LIBCMTD:cvt.obj
 0002:00068a30       __cftoa_l                  400cca30 f   LIBCMTD:cvt.obj
 0002:000693f0       ?strrchr@@YAPADPADH@Z      400cd3f0 f i LIBCMTD:cvt.obj
 0002:00069410       __cftoa                    400cd410 f   LIBCMTD:cvt.obj
 0002:00069440       __cftof_l                  400cd440 f   LIBCMTD:cvt.obj
 0002:00069940       __cftof                    400cd940 f   LIBCMTD:cvt.obj
 0002:00069970       __cftog_l                  400cd970 f   LIBCMTD:cvt.obj
 0002:00069c30       __cftog                    400cdc30 f   LIBCMTD:cvt.obj
 0002:00069c60       __cfltcvt_l                400cdc60 f   LIBCMTD:cvt.obj
 0002:00069d50       __cfltcvt                  400cdd50 f   LIBCMTD:cvt.obj
 0002:00069dd0       __initp_misc_cfltcvt_tab   400cddd0 f   LIBCMTD:cmiscdat.obj
 0002:00069e30       __sse2_mathfcns_init       400cde30 f   LIBCMTD:_mathfcns_.obj
 0002:00069e60       __set_SSE2_enable          400cde60 f   LIBCMTD:_mathfcns_.obj
 0002:00069e90       __CIcos_pentium4           400cde90 f   LIBCMTD:_cos_pentium4_.obj
 0002:00069ea8       __cos_pentium4             400cdea8     LIBCMTD:_cos_pentium4_.obj
 0002:0006a0b0       __trandisp1                400ce0b0 f   LIBCMTD:_87disp_.obj
 0002:0006a117       __trandisp2                400ce117 f   LIBCMTD:_87disp_.obj
 0002:0006a1a3       __rttospopde               400ce1a3     LIBCMTD:_87disp_.obj
 0002:0006a1a8       __rttospop                 400ce1a8     LIBCMTD:_87disp_.obj
 0002:0006a1aa       __rtnospop                 400ce1aa     LIBCMTD:_87disp_.obj
 0002:0006a1ac       __rttosnpop                400ce1ac     LIBCMTD:_87disp_.obj
 0002:0006a1ad       __rtnospopde               400ce1ad     LIBCMTD:_87disp_.obj
 0002:0006a1b4       __rtzeropop                400ce1b4     LIBCMTD:_87disp_.obj
 0002:0006a1b6       __rtzeronpop               400ce1b6     LIBCMTD:_87disp_.obj
 0002:0006a1bb       __rtonepop                 400ce1bb     LIBCMTD:_87disp_.obj
 0002:0006a1bd       __rtonenpop                400ce1bd     LIBCMTD:_87disp_.obj
 0002:0006a1c2       __tosnan1                  400ce1c2     LIBCMTD:_87disp_.obj
 0002:0006a1ed       __nosnan2                  400ce1ed     LIBCMTD:_87disp_.obj
 0002:0006a1ef       __tosnan2                  400ce1ef     LIBCMTD:_87disp_.obj
 0002:0006a217       __nan2                     400ce217     LIBCMTD:_87disp_.obj
 0002:0006a256       __rtindfpop                400ce256     LIBCMTD:_87disp_.obj
 0002:0006a258       __rtindfnpop               400ce258     LIBCMTD:_87disp_.obj
 0002:0006a269       __rttosnpopde              400ce269     LIBCMTD:_87disp_.obj
 0002:0006a273       __rtchsifneg               400ce273     LIBCMTD:_87disp_.obj
 0002:0006a2f0       __twoToTOS                 400ce2f0 f   LIBCMTD:_common_.obj
 0002:0006a305       __load_CW                  400ce305 f   LIBCMTD:_common_.obj
 0002:0006a31c       __convertTOStoQNaN         400ce31c f   LIBCMTD:_common_.obj
 0002:0006a335       __fload_withFB             400ce335 f   LIBCMTD:_common_.obj
 0002:0006a378       __checkTOS_withFB          400ce378 f   LIBCMTD:_common_.obj
 0002:0006a38e       __fast_exit                400ce38e f   LIBCMTD:_common_.obj
 0002:0006a39b       __math_exit                400ce39b f   LIBCMTD:_common_.obj
 0002:0006a3c5       __check_overflow_exit      400ce3c5 f   LIBCMTD:_common_.obj
 0002:0006a3d9       __check_range_exit         400ce3d9 f   LIBCMTD:_common_.obj
 0002:0006a4e0       __startTwoArgErrorHandling 400ce4e0 f   LIBCMTD:_genexcep_.obj
 0002:0006a4f7       __startOneArgErrorHandling 400ce4f7 f   LIBCMTD:_genexcep_.obj
 0002:0006a550       __CIsin_pentium4           400ce550 f   LIBCMTD:_sin_pentium4_.obj
 0002:0006a568       __sin_pentium4             400ce568     LIBCMTD:_sin_pentium4_.obj
 0002:0006a790       __handle_qnan1             400ce790 f   LIBCMTD:_fpexcept_.obj
 0002:0006a810       __handle_qnan2             400ce810 f   LIBCMTD:_fpexcept_.obj
 0002:0006a8a0       __except1                  400ce8a0 f   LIBCMTD:_fpexcept_.obj
 0002:0006a9e0       __except2                  400ce9e0 f   LIBCMTD:_fpexcept_.obj
 0002:0006ab30       __raise_exc_ex             400ceb30 f   LIBCMTD:_fpexcept_.obj
 0002:0006b1b0       __raise_exc                400cf1b0 f   LIBCMTD:_fpexcept_.obj
 0002:0006b1f0       __raise_excf               400cf1f0 f   LIBCMTD:_fpexcept_.obj
 0002:0006b230       __handle_exc               400cf230 f   LIBCMTD:_fpexcept_.obj
 0002:0006b600       __umatherr                 400cf600 f   LIBCMTD:_fpexcept_.obj
 0002:0006b6d0       __set_errno_from_matherr   400cf6d0 f   LIBCMTD:_fpexcept_.obj
 0002:0006b780       __errcode                  400cf780 f   LIBCMTD:_fpexcept_.obj
 0002:0006b810       __set_exp                  400cf810 f   LIBCMTD:_util_.obj
 0002:0006b860       __get_exp                  400cf860 f   LIBCMTD:_util_.obj
 0002:0006b8a0       __add_exp                  400cf8a0 f   LIBCMTD:_util_.obj
 0002:0006b8e0       __set_bexp                 400cf8e0 f   LIBCMTD:_util_.obj
 0002:0006b920       __sptype                   400cf920 f   LIBCMTD:_util_.obj
 0002:0006b9c0       __decomp                   400cf9c0 f   LIBCMTD:_util_.obj
 0002:0006bb30       __statfp                   400cfb30 f   LIBCMTD:_fpctrl_.obj
 0002:0006bb50       __clrfp                    400cfb50 f   LIBCMTD:_fpctrl_.obj
 0002:0006bb70       __ctrlfp                   400cfb70 f   LIBCMTD:_fpctrl_.obj
 0002:0006bbb0       __set_statfp               400cfbb0 f   LIBCMTD:_fpctrl_.obj
 0002:0006bc30       ___get_fpsr_sse2           400cfc30 f   LIBCMTD:_fpctrl_.obj
 0002:0006bc60       ___set_fpsr_sse2           400cfc60 f   LIBCMTD:_fpctrl_.obj
 0002:0006bd70       ___fclrf_sse2              400cfd70 f   LIBCMTD:_fpctrl_.obj
 0002:0006bda0       ___statfp_sse2             400cfda0 f   LIBCMTD:_fpctrl_.obj
 0002:0006bde0       ___clrfp_sse2              400cfde0 f   LIBCMTD:_fpctrl_.obj
 0002:0006be30       ___ctrlfp_sse2             400cfe30 f   LIBCMTD:_fpctrl_.obj
 0002:0006bea0       ___set_statfp_sse2         400cfea0 f   LIBCMTD:_fpctrl_.obj
 0002:0006bee0       __VEC_memcpy               400cfee0 f   LIBCMTD:p4_memcpy.obj
 0002:0006c0b0       __fltin2                   400d00b0 f   LIBCMTD:_cfin_.obj
 0002:0006c1c0       __chvalidator              400d01c0 f   LIBCMTD:isctype.obj
 0002:0006c220       __chvalidator_l            400d0220 f   LIBCMTD:isctype.obj
 0002:0006c300       __isctype_l                400d0300 f   LIBCMTD:isctype.obj
 0002:0006c460       __isctype                  400d0460 f   LIBCMTD:isctype.obj
 0002:0006c4b0       __initp_misc_invarg        400d04b0 f   LIBCMTD:invarg.obj
 0002:0006c4d0       __invalid_parameter        400d04d0 f   LIBCMTD:invarg.obj
 0002:0006c560       __invoke_watson            400d0560 f   LIBCMTD:invarg.obj
 0002:0006c700       __set_invalid_parameter_handler 400d0700 f   LIBCMTD:invarg.obj
 0002:0006c760       __get_invalid_parameter_handler 400d0760 f   LIBCMTD:invarg.obj
 0002:0006c7a0       ?_invalid_parameter@@YAXPBG00II@Z 400d07a0 f   LIBCMTD:invarg.obj
 0002:0006c7d0       ?_invoke_watson@@YAXPBG00II@Z 400d07d0 f   LIBCMTD:invarg.obj
 0002:0006c800       __dosmaperr                400d0800 f   LIBCMTD:dosmap.obj
 0002:0006c840       __get_errno_from_oserr     400d0840 f   LIBCMTD:dosmap.obj
 0002:0006c8e0       __set_errno                400d08e0 f   LIBCMTD:dosmap.obj
 0002:0006c920       __get_errno                400d0920 f   LIBCMTD:dosmap.obj
 0002:0006c9c0       __set_doserrno             400d09c0 f   LIBCMTD:dosmap.obj
 0002:0006ca00       __get_doserrno             400d0a00 f   LIBCMTD:dosmap.obj
 0002:0006caa0       __errno                    400d0aa0 f   LIBCMTD:dosmap.obj
 0002:0006cad0       ___doserrno                400d0ad0 f   LIBCMTD:dosmap.obj
 0002:0006cb00       __CrtSetReportHookW2       400d0b00 f   LIBCMTD:dbgrptw.obj
 0002:0006cef0       __CrtDbgReportW            400d0ef0 f   LIBCMTD:dbgrptw.obj
 0002:0006cf40       __CrtDbgReportWV           400d0f40 f i LIBCMTD:dbgrptw.obj
 0002:0006cf70       ___crtMessageWindowW       400d0f70 f   LIBCMTD:dbgrptw.obj
 0002:0006d470       __invoke_watson_if_oneof   400d1470 f i LIBCMTD:dbgrptw.obj
 0002:0006d4d0       ?_CrtDbgReportW@@YAHHPBGH00ZZ 400d14d0 f   LIBCMTD:dbgrptw.obj
 0002:0006d520       ___updatetmbcinfo          400d1520 f   LIBCMTD:mbctype.obj
 0002:0006d670       __setmbcp                  400d1670 f   LIBCMTD:mbctype.obj
 0002:0006db00       __setmbcp_nolock           400d1b00 f   LIBCMTD:mbctype.obj
 0002:0006e4e0       __getmbcp                  400d24e0 f   LIBCMTD:mbctype.obj
 0002:0006e570       ___initmbctable            400d2570 f   LIBCMTD:mbctype.obj
 0002:0006e5a0       ____setlc_active_func      400d25a0 f   LIBCMTD:setlocal.obj
 0002:0006e5b0       ____unguarded_readlc_active_add_func 400d25b0 f   LIBCMTD:setlocal.obj
 0002:0006e5c0       ___freetlocinfo            400d25c0 f   LIBCMTD:setlocal.obj
 0002:0006e960       ___addlocaleref            400d2960 f   LIBCMTD:setlocal.obj
 0002:0006ead0       ___removelocaleref         400d2ad0 f   LIBCMTD:setlocal.obj
 0002:0006ec50       ___updatetlocinfo          400d2c50 f   LIBCMTD:setlocal.obj
 0002:0006edf0       __configthreadlocale       400d2df0 f   LIBCMTD:setlocal.obj
 0002:0006ef40       __locterm                  400d2f40 f   LIBCMTD:setlocal.obj
 0002:0006f000       __free_locale              400d3000 f   LIBCMTD:setlocal.obj
 0002:0006f190       ___free_locale             400d3190 f   LIBCMTD:setlocal.obj
 0002:0006f1b0       __create_locale            400d31b0 f   LIBCMTD:setlocal.obj
 0002:0006f460       ___create_locale           400d3460 f   LIBCMTD:setlocal.obj
 0002:0006f480       __get_current_locale       400d3480 f   LIBCMTD:setlocal.obj
 0002:0006f5e0       ___get_current_locale      400d35e0 f   LIBCMTD:setlocal.obj
 0002:0006f5f0       _setlocale                 400d35f0 f   LIBCMTD:setlocal.obj
 0002:000708c0       __expandlocale             400d48c0 f   LIBCMTD:setlocal.obj
 0002:00070c10       ___init_dummy              400d4c10 f   LIBCMTD:setlocal.obj
 0002:00070c20       __strcats                  400d4c20 f   LIBCMTD:setlocal.obj
[...]
 0004:004565e4       ?fExplicitTemplateParams@UnDecorator@@0_NA 405b25e4     LIBCMTD:undname.obj
 0004:004565e5       ?fGetTemplateArgumentList@UnDecorator@@0_NA 405b25e5     LIBCMTD:undname.obj
 0004:00456658       ?nodes@?1??make@DNameStatusNode@@SAPAV2@W4DNameStatus@@@Z@4PAV2@A 405b2658     LIBCMTD:undname.obj
 0004:00456694       ??_B?1??make@DNameStatusNode@@SAPAV1@W4DNameStatus@@@Z@51 405b2694     LIBCMTD:undname.obj
 0004:004566a0       _itemParseKeywordHash      405b26a0     <common>
 0004:0045b960       _Menus                     405b7960     <common>
 0004:00470660       _g_nameBind1               405cc660     <common>
 0004:00470680       _currLanguage              405cc680     <common>
 0004:00471680       _g_nameBind2               405cd680     <common>
 0004:004716a0       _menuParseKeywordHash      405cd6a0     <common>
 0004:00471ea0       _menuStack                 405cdea0     <common>
 0004:00471ee0       _ui_deferredScript         405cdee0     <common>
 0004:004726e0       _ui_ctf_capturelimit       405ce6e0     <common>
 0004:004a3000       _ui_redteam4               405ff000     <common>
 0004:004a3120       _ui_blueteam8              405ff120     <common>
 0004:004a3240       _ui_char_skin_head         405ff240     <common>
 0004:004a3360       _ui_redteam                405ff360     <common>
 0004:004a3480       _ui_saber_color            405ff480     <common>
 0004:004a35a0       _ui_serverFilterType       405ff5a0     <common>
 0004:004a36c0       _ui_spSkill                405ff6c0     <common>
 0004:004a37e0       _ui_ffa_timelimit          405ff7e0     <common>
 0004:004a3900       _ui_opponentName           405ff900     <common>
 0004:004a3a20       _ui_blueteam6              405ffa20     <common>
 0004:004a3b40       _ui_browserGameType        405ffb40     <common>
 0004:004a3c60       _ui_selectedPlayerName     405ffc60     <common>
 0004:004a3d80       _ui_saber2_color           405ffd80     <common>
 0004:004a3ea0       _g_UIClassDescriptions     405ffea0     <common>
 0004:00523ea0       _ui_char_color_green       4067fea0     <common>
 0004:00523fc0       _ui_initialized            4067ffc0     <common>
 0004:005240e0       _ui_netSource              406800e0     <common>
 0004:00524200       _ui_lastServerRefresh_3    40680200     <common>
 0004:00524320       _ui_marks                  40680320     <common>
 0004:00524440       _ui_currentOpponent        40680440     <common>
 0004:00524560       _ui_scoreDefends           40680560     <common>
 0004:00524680       _ui_blueteam               40680680     <common>
 0004:005247a0       _ui_gameType               406807a0     <common>
 0004:005248c0       _ui_teamName               406808c0     <common>
 0004:005249e0       _saberSingleHiltInfo       406809e0     <common>
 0004:00524ae0       _ui_blueteam2              40680ae0     <common>
 0004:00524c00       _ui_blueteam4              40680c00     <common>
 0004:00524d20       _ui_scoreAccuracy          40680d20     <common>
 0004:00524e40       _ui_selectedPlayer         40680e40     <common>
 0004:00524f60       _ui_debug                  40680f60     <common>
 0004:00525080       _uiHumanoidAnimations      40681080     <common>
 0004:00527ac0       _ui_drawCrosshair          40683ac0     <common>
 0004:00527be0       _bgAllAnims                40683be0     <common>
 0004:00528020       _ui_currentNetMap          40684020     <common>
 0004:00528140       _ui_char_color_blue        40684140     <common>
 0004:00528260       _ui_char_skin_legs         40684260     <common>
 0004:00528380       _ui_mapIndex               40684380     <common>
 0004:005284a0       _ui_redteam2               406844a0     <common>
 0004:005285c0       _ui_scoreExcellents        406845c0     <common>
 0004:005286e0       _ui_arenasFile             406846e0     <common>
 0004:00528800       _ui_lastServerRefresh_0    40684800     <common>
 0004:00528920       _ui_redteam5               40684920     <common>
 0004:00528a40       _ui_scoreTimeBonus         40684a40     <common>
 0004:00528b60       _ui_blueteam5              40684b60     <common>
 0004:00528c80       _ui_char_color_red         40684c80     <common>
 0004:00528da0       _ui_scoreBase              40684da0     <common>
 0004:00528ec0       _ui_browserSortKey         40684ec0     <common>
 0004:00528fe0       _sharedBuffer              40684fe0     <common>
 0004:0053cfe0       _ui_team_timelimit         40698fe0     <common>
 0004:0053d100       _ui_redteam7               40699100     <common>
 0004:0053d220       _ui_bypassMainMenuLoad     40699220     <common>
 0004:0053d340       _ui_browserMaster          40699340     <common>
 0004:0053d460       _ui_scoreCaptures          40699460     <common>
 0004:0053d580       _ui_ffa_fraglimit          40699580     <common>
 0004:0053d6a0       _ui_realWarmUp             406996a0     <common>
 0004:0053d7c0       _ui_scoreShutoutBonus      406997c0     <common>
 0004:0053d8e0       _ui_currentMap             406998e0     <common>
 0004:0053da00       _ui_PrecacheModels         40699a00     <common>
 0004:0053db20       _saberStaffHiltInfo        40699b20     <common>
 0004:0053dc20       _ui_scoreAssists           40699c20     <common>
 0004:0053dd40       _ui_netGameType            40699d40     <common>
 0004:0053de60       _ui_blueteam1              40699e60     <common>
 0004:0053df80       _ui_saber_type             40699f80     <common>
 0004:0053e0a0       _ui_redteam6               4069a0a0     <common>
 0004:0053e1c0       _ui_blueteam3              4069a1c0     <common>
 0004:0053e2e0       _ui_saber2                 4069a2e0     <common>
 0004:0053e400       _ui_rankChange             4069a400     <common>
 0004:0053e520       _ui_captureLimit           4069a520     <common>
 0004:0053e640       _ui_findPlayer             4069a640     <common>
 0004:0053e760       _ui_joinGameType           4069a760     <common>
 0004:0053e880       _ui_browserShowEmpty       4069a880     <common>
 0004:0053e9a0       _ui_team_friendly          4069a9a0     <common>
 0004:0053eac0       _ui_ctf_friendly           4069aac0     <common>
 0004:0053ebe0       _ui_blueteam7              4069abe0     <common>
 0004:0053ed00       _ui_redteam8               4069ad00     <common>
 0004:0053ee20       _ui_scoreGauntlets         4069ae20     <common>
 0004:0053ef40       _uiInfo                    4069af40     <common>
 0004:00593780       _ui_lastServerRefresh_2    406ef780     <common>
 0004:005938a0       _ui_recordSPDemo           406ef8a0     <common>
 0004:005939c0       _ui_dedicated              406ef9c0     <common>
 0004:00593ae0       _ui_char_anim              406efae0     <common>
 0004:00593c00       _ui_scoreSkillBonus        406efc00     <common>
 0004:00593d20       _ui_selectedModelIndex     406efd20     <common>
 0004:00593e40       _ui_actualNetGameType      406efe40     <common>
 0004:00593f60       _ui_char_skin_torso        406eff60     <common>
 0004:00594080       _ui_fragLimit              406f0080     <common>
 0004:005941a0       _ui_serverStatusTimeOut    406f01a0     <common>
 0004:005942c0       _ui_redteam1               406f02c0     <common>
 0004:005943d0       _startTime                 406f03d0     <common>
 0004:005943e0       _se_language               406f03e0     <common>
 0004:00594500       _ui_browserShowFull        406f0500     <common>
 0004:00594620       _ui_singlePlayerActive     406f0620     <common>
 0004:00594740       _ui_saber                  406f0740     <common>
 0004:00594860       _ui_scoreTeam              406f0860     <common>
 0004:00594980       _ui_menuFiles              406f0980     <common>
 0004:00594aa0       _ui_realCaptureLimit       406f0aa0     <common>
 0004:00594bc0       _ui_botsFile               406f0bc0     <common>
 0004:00594ce0       _ui_lastServerRefresh_1    406f0ce0     <common>
 0004:00594e00       _ui_hudFiles               406f0e00     <common>
 0004:00594f20       _parsedFPMessage           406f0f20     <common>
 0004:00595320       _ui_scoreScore             406f1320     <common>
 0004:00595440       _ui_scoreImpressives       406f1440     <common>
 0004:00595560       _ui_char_model             406f1560     <common>
 0004:00595680       _ui_drawCrosshairNames     406f1680     <common>
 0004:005957a0       _ui_team_fraglimit         406f17a0     <common>
 0004:005958c0       _ui_scorePerfect           406f18c0     <common>
 0004:005959e0       _ui_redteam3               406f19e0     <common>
 0004:00595b00       _ui_scoreTime              406f1b00     <common>
 0004:00595c20       _ui_ctf_timelimit          406f1c20     <common>
 0004:00595d30       _ui_numBots                406f1d30     <common>
 0004:00595d40       _ui_forcePowerDisable      406f1d40     <common>
 0004:00595ee0       _ui_freeSaber              406f1ee0     <common>
 0004:00596000       _uiForceStarShaders        406f2000     <common>
 0004:00596060       _uiSaberColorShaders       406f2060     <common>
 0004:00596078       _m_entersound              406f2078     <common>
 0004:005960a0       _VehicleParms              406f20a0     <common>
 0004:005aac20       _VehWeaponParms            40706c20     <common>
 0004:005aec20       _g_vehicleInfo             4070ac20     <common>
 0004:005b1ea0       _g_vehWeaponInfo           4070dea0     <common>
 0004:005b24e0       _bgSiegeClasses            4070e4e0     <common>
 0004:005ed9e0       _bgSiegeTeams              407499e0     <common>
 0004:005efe60       _siege_info                4074be60     <common>
 0004:005f3e60       ___sbh_initialized         4074fe60     <common>
 0004:005f3e74       ___sbh_cntHeaderList       4074fe74     <common>
 0004:005f3e78       ___sbh_pHeaderList         4074fe78     <common>
 0004:005f3e7c       ___sbh_threshold           4074fe7c     <common>
 0004:005f3e80       ___sbh_pHeaderScan         4074fe80     <common>
 0004:005f3e84       ___sbh_sizeHeaderList      4074fe84     <common>
 0004:005f3e88       ___sbh_indGroupDefer       4074fe88     <common>
 0004:005f3e8c       __pfnReportHook            4074fe8c     <common>
 0004:005f3e9c       __pReportHookListW         4074fe9c     <common>
 0004:005f3ea0       __pReportHookList          4074fea0     <common>
 0004:005f3ea4       __debugger_hook_dummy      4074fea4     <common>
 0004:005f3eb0       ___active_heap             4074feb0     <common>
 0004:005f3ebc       __nhandle                  4074febc     <common>
 0004:005f3f00       ___pioinfo                 4074ff00     <common>
 0004:005f4000       __pmatherr                 40750000     <common>
 0004:005f400c       ___piob                    4075000c     <common>
 0004:005f4360       __bufin                    40750360     <common>
 0004:005f5360       __nstream                  40751360     <common>
 0004:005f5364       ___env_initialized         40751364     <common>
 0004:005f5374       ___onexitend               40751374     <common>
 0004:005f5378       ___onexitbegin             40751378     <common>
 0004:005f537c       ___mbctype_initialized     4075137c     <common>
 0004:005f5380       ___dyn_tls_init_callback   40751380     <common>
 0004:005f5384       ___setlc_active            40751384     <common>
 0004:005f5394       ___unguarded_readlc_active 40751394     <common>
 0004:005f5398       ___use_sse2_mathfcns       40751398     <common>
 0004:005f53a8       ___sse2_available          407513a8     <common>
 0004:005f53ac       __acmdln                   407513ac     <common>
 0005:00000000       __IMPORT_DESCRIPTOR_KERNEL32 40752000     kernel32:KERNEL32.dll
 0005:00000014       __NULL_IMPORT_DESCRIPTOR   40752014     kernel32:KERNEL32.dll
 0005:00000220       __imp__GetModuleFileNameW@12 40752220     kernel32:KERNEL32.dll
 0005:00000224       __imp__WriteConsoleW@20    40752224     kernel32:KERNEL32.dll
 0005:00000228       __imp__GetFileType@4       40752228     kernel32:KERNEL32.dll
 0005:0000022c       __imp__GetStdHandle@4      4075222c     kernel32:KERNEL32.dll
 0005:00000230       __imp__IsDebuggerPresent@0 40752230     kernel32:KERNEL32.dll
 0005:00000234       __imp__RaiseException@16   40752234     kernel32:KERNEL32.dll
 0005:00000238       __imp__DebugBreak@0        40752238     kernel32:KERNEL32.dll
 0005:0000023c       __imp__WideCharToMultiByte@32 4075223c     kernel32:KERNEL32.dll
 0005:00000240       __imp__MultiByteToWideChar@24 40752240     kernel32:KERNEL32.dll
 0005:00000244       __imp__lstrlenA@4          40752244     kernel32:KERNEL32.dll
 0005:00000248       __imp__GetProcAddress@8    40752248     kernel32:KERNEL32.dll
 0005:0000024c       __imp__LoadLibraryA@4      4075224c     kernel32:KERNEL32.dll
 0005:00000250       __imp__GetCurrentThreadId@0 40752250     kernel32:KERNEL32.dll
 0005:00000254       __imp__GetCommandLineA@0   40752254     kernel32:KERNEL32.dll
 0005:00000258       __imp__TerminateProcess@8  40752258     kernel32:KERNEL32.dll
 0005:0000025c       __imp__GetCurrentProcess@0 4075225c     kernel32:KERNEL32.dll
 0005:00000260       __imp__UnhandledExceptionFilter@4 40752260     kernel32:KERNEL32.dll
 0005:00000264       __imp__SetUnhandledExceptionFilter@4 40752264     kernel32:KERNEL32.dll
 0005:00000268       __imp__GetModuleHandleA@4  40752268     kernel32:KERNEL32.dll
 0005:0000026c       __imp__InterlockedIncrement@4 4075226c     kernel32:KERNEL32.dll
 0005:00000270       __imp__InterlockedDecrement@4 40752270     kernel32:KERNEL32.dll
 0005:00000274       __imp__GetACP@0            40752274     kernel32:KERNEL32.dll
 0005:00000278       __imp__GetOEMCP@0          40752278     kernel32:KERNEL32.dll
 0005:0000027c       __imp__GetCPInfo@8         4075227c     kernel32:KERNEL32.dll
 0005:00000280       __imp__IsValidCodePage@4   40752280     kernel32:KERNEL32.dll
 0005:00000284       __imp__TlsGetValue@4       40752284     kernel32:KERNEL32.dll
 0005:00000288       __imp__GetModuleHandleW@4  40752288     kernel32:KERNEL32.dll
 0005:0000028c       __imp__TlsAlloc@0          4075228c     kernel32:KERNEL32.dll
 0005:00000290       __imp__TlsSetValue@8       40752290     kernel32:KERNEL32.dll
 0005:00000294       __imp__TlsFree@4           40752294     kernel32:KERNEL32.dll
 0005:00000298       __imp__SetLastError@4      40752298     kernel32:KERNEL32.dll
 0005:0000029c       __imp__GetLastError@0      4075229c     kernel32:KERNEL32.dll
 0005:000002a0       __imp__GetCurrentThread@0  407522a0     kernel32:KERNEL32.dll
 0005:000002a4       __imp__Sleep@4             407522a4     kernel32:KERNEL32.dll
 0005:000002a8       __imp__ExitProcess@4       407522a8     kernel32:KERNEL32.dll
 0005:000002ac       __imp__SetConsoleCtrlHandler@8 407522ac     kernel32:KERNEL32.dll
 0005:000002b0       __imp__LoadLibraryW@4      407522b0     kernel32:KERNEL32.dll
 0005:000002b4       __imp__EnterCriticalSection@4 407522b4     kernel32:KERNEL32.dll
 0005:000002b8       __imp__LeaveCriticalSection@4 407522b8     kernel32:KERNEL32.dll
 0005:000002bc       __imp__LCMapStringA@24     407522bc     kernel32:KERNEL32.dll
 0005:000002c0       __imp__LCMapStringW@24     407522c0     kernel32:KERNEL32.dll
 0005:000002c4       __imp__HeapFree@12         407522c4     kernel32:KERNEL32.dll
 0005:000002c8       __imp__HeapAlloc@12        407522c8     kernel32:KERNEL32.dll
 0005:000002cc       __imp__GetProcessHeap@0    407522cc     kernel32:KERNEL32.dll
 0005:000002d0       __imp__VirtualQuery@12     407522d0     kernel32:KERNEL32.dll
 0005:000002d4       __imp__FreeLibrary@4       407522d4     kernel32:KERNEL32.dll
 0005:000002d8       __imp__HeapValidate@12     407522d8     kernel32:KERNEL32.dll
 0005:000002dc       __imp__IsBadReadPtr@8      407522dc     kernel32:KERNEL32.dll
 0005:000002e0       __imp__SetHandleCount@4    407522e0     kernel32:KERNEL32.dll
 0005:000002e4       __imp__GetStartupInfoA@4   407522e4     kernel32:KERNEL32.dll
 0005:000002e8       __imp__DeleteCriticalSection@4 407522e8     kernel32:KERNEL32.dll
 0005:000002ec       __imp__GetModuleFileNameA@12 407522ec     kernel32:KERNEL32.dll
 0005:000002f0       __imp__FreeEnvironmentStringsA@4 407522f0     kernel32:KERNEL32.dll
 0005:000002f4       __imp__GetEnvironmentStrings@0 407522f4     kernel32:KERNEL32.dll
 0005:000002f8       __imp__FreeEnvironmentStringsW@4 407522f8     kernel32:KERNEL32.dll
 0005:000002fc       __imp__GetEnvironmentStringsW@0 407522fc     kernel32:KERNEL32.dll
 0005:00000300       __imp__HeapDestroy@4       40752300     kernel32:KERNEL32.dll
 0005:00000304       __imp__HeapCreate@12       40752304     kernel32:KERNEL32.dll
 0005:00000308       __imp__VirtualFree@12      40752308     kernel32:KERNEL32.dll
 0005:0000030c       __imp__QueryPerformanceCounter@4 4075230c     kernel32:KERNEL32.dll
 0005:00000310       __imp__GetTickCount@0      40752310     kernel32:KERNEL32.dll
 0005:00000314       __imp__GetCurrentProcessId@0 40752314     kernel32:KERNEL32.dll
 0005:00000318       __imp__GetSystemTimeAsFileTime@4 40752318     kernel32:KERNEL32.dll
 0005:0000031c       __imp__RtlUnwind@16        4075231c     kernel32:KERNEL32.dll
 0005:00000320       __imp__GetStringTypeA@20   40752320     kernel32:KERNEL32.dll
 0005:00000324       __imp__GetStringTypeW@16   40752324     kernel32:KERNEL32.dll
 0005:00000328       __imp__FatalAppExitA@8     40752328     kernel32:KERNEL32.dll
 0005:0000032c       __imp__WriteFile@20        4075232c     kernel32:KERNEL32.dll
 0005:00000330       __imp__OutputDebugStringA@4 40752330     kernel32:KERNEL32.dll
 0005:00000334       __imp__OutputDebugStringW@4 40752334     kernel32:KERNEL32.dll
 0005:00000338       __imp__GetTimeFormatA@24   40752338     kernel32:KERNEL32.dll
 0005:0000033c       __imp__GetDateFormatA@24   4075233c     kernel32:KERNEL32.dll
 0005:00000340       __imp__GetLocaleInfoA@16   40752340     kernel32:KERNEL32.dll
 0005:00000344       __imp__IsValidLocale@8     40752344     kernel32:KERNEL32.dll
 0005:00000348       __imp__EnumSystemLocalesA@8 40752348     kernel32:KERNEL32.dll
 0005:0000034c       __imp__GetUserDefaultLCID@0 4075234c     kernel32:KERNEL32.dll
 0005:00000350       __imp__InterlockedExchange@8 40752350     kernel32:KERNEL32.dll
 0005:00000354       __imp__InitializeCriticalSectionAndSpinCount@8 40752354     kernel32:KERNEL32.dll
 0005:00000358       __imp__FlushFileBuffers@4  40752358     kernel32:KERNEL32.dll
 0005:0000035c       __imp__GetConsoleCP@0      4075235c     kernel32:KERNEL32.dll
 0005:00000360       __imp__GetConsoleMode@8    40752360     kernel32:KERNEL32.dll
 0005:00000364       __imp__SetFilePointer@16   40752364     kernel32:KERNEL32.dll
 0005:00000368       __imp__HeapSize@12         40752368     kernel32:KERNEL32.dll
 0005:0000036c       __imp__HeapReAlloc@16      4075236c     kernel32:KERNEL32.dll
 0005:00000370       __imp__VirtualAlloc@16     40752370     kernel32:KERNEL32.dll
 0005:00000374       __imp__GetTimeZoneInformation@4 40752374     kernel32:KERNEL32.dll
 0005:00000378       __imp__GetLocaleInfoW@16   40752378     kernel32:KERNEL32.dll
 0005:0000037c       __imp__SetStdHandle@8      4075237c     kernel32:KERNEL32.dll
 0005:00000380       __imp__WriteConsoleA@20    40752380     kernel32:KERNEL32.dll
 0005:00000384       __imp__GetConsoleOutputCP@0 40752384     kernel32:KERNEL32.dll
 0005:00000388       __imp__ReadFile@20         40752388     kernel32:KERNEL32.dll
 0005:0000038c       __imp__CreateFileA@28      4075238c     kernel32:KERNEL32.dll
 0005:00000390       __imp__CloseHandle@4       40752390     kernel32:KERNEL32.dll
 0005:00000394       __imp__CompareStringA@24   40752394     kernel32:KERNEL32.dll
 0005:00000398       __imp__CompareStringW@24   40752398     kernel32:KERNEL32.dll
 0005:0000039c       __imp__SetEnvironmentVariableA@8 4075239c     kernel32:KERNEL32.dll
 0005:000003a0       \177KERNEL32_NULL_THUNK_DATA 407523a0     kernel32:KERNEL32.dll

 entry point at        0002:0000069a

